{
  "schema_version": "kyuubiki.headless-execution-run/v1",
  "workflow_id": "template.material_dielectric_screening",
  "mode": "execute:service",
  "status": "ok",
  "executed_step_count": 9,
  "warning_count": 0,
  "blocked_by_confirmation": null,
  "validation": {
    "ok": true,
    "issue_count": 0,
    "issues": [],
    "warning_count": 0,
    "warnings": [],
    "summary": {
      "schema_version": "kyuubiki.headless-execution-batch/v1",
      "workflow_id": "template.material_dielectric_screening",
      "template_id": "material_dielectric_screening",
      "exported_at": "1970-01-01T00:00:00.000Z",
      "language": "en",
      "step_count": 9,
      "warning_count": 0,
      "actions": [
        "solve_electrostatic_plane_quad_2d",
        "job_wait",
        "result_fetch",
        "solve_electrostatic_plane_quad_2d",
        "job_wait",
        "result_fetch",
        "solve_electrostatic_plane_quad_2d",
        "job_wait",
        "result_fetch"
      ]
    },
    "policy": {
      "required_engines": [
        "service"
      ],
      "engine_counts": {
        "browser": 0,
        "service": 9
      },
      "risk_counts": {
        "destructive": 0,
        "normal": 9,
        "sensitive": 0
      },
      "recommended_runtime": "service_only",
      "needs_desktop_browser": false,
      "safe_for_service_only": true,
      "notes": []
    }
  },
  "execution_summary": {
    "schema_version": "kyuubiki.headless-execution-summary/v1",
    "job_count": 3,
    "job_ids": [
      "88e61cae2265087d",
      "461fe97daa9b7c7f",
      "f8dad6f046ba9864"
    ],
    "jobs": [
      {
        "job_id": "88e61cae2265087d",
        "status": "completed",
        "worker_id": "rust-agent-rpc@127.0.0.1:5001",
        "phase": "execution",
        "created_at": "2026-08-13T10:35:55.863169Z",
        "execution_started_at": "2026-08-13T10:35:55.873443Z",
        "updated_at": "2026-08-13T10:35:56.919571Z",
        "queue_wait_ms": 10,
        "execution_elapsed_ms": 1046,
        "total_elapsed_ms": 1056,
        "effective_timeout_ms": 120000,
        "effective_deadline": "2026-08-13T10:37:55.873443Z"
      },
      {
        "job_id": "461fe97daa9b7c7f",
        "status": "completed",
        "worker_id": "rust-agent-rpc@127.0.0.1:5002",
        "phase": "execution",
        "created_at": "2026-08-13T10:35:57.944788Z",
        "execution_started_at": "2026-08-13T10:35:57.947499Z",
        "updated_at": "2026-08-13T10:35:58.972815Z",
        "queue_wait_ms": 2,
        "execution_elapsed_ms": 1025,
        "total_elapsed_ms": 1028,
        "effective_timeout_ms": 120000,
        "effective_deadline": "2026-08-13T10:37:57.947499Z"
      },
      {
        "job_id": "f8dad6f046ba9864",
        "status": "completed",
        "worker_id": "rust-agent-rpc@127.0.0.1:5001",
        "phase": "execution",
        "created_at": "2026-08-13T10:36:00.095464Z",
        "execution_started_at": "2026-08-13T10:36:00.099256Z",
        "updated_at": "2026-08-13T10:36:01.162798Z",
        "queue_wait_ms": 3,
        "execution_elapsed_ms": 1063,
        "total_elapsed_ms": 1067,
        "effective_timeout_ms": 120000,
        "effective_deadline": "2026-08-13T10:38:00.099256Z"
      }
    ],
    "failure": null
  },
  "steps": [
    {
      "index": 1,
      "action": "solve_electrostatic_plane_quad_2d",
      "risk": "normal",
      "status": "executed",
      "payload": {
        "model": {
          "elements": [
            {
              "id": "dielectric_polyimide_film",
              "node_i": 0,
              "node_j": 1,
              "node_k": 2,
              "node_l": 3,
              "permittivity": 3.010423856352e-11,
              "thickness": 0.001
            }
          ],
          "nodes": [
            {
              "charge_density": 0.0,
              "fix_potential": true,
              "id": "ground_left_bottom",
              "potential": 0.0,
              "x": 0.0,
              "y": 0.0
            },
            {
              "charge_density": 0.0,
              "fix_potential": true,
              "id": "drive_right_bottom",
              "potential": 1035,
              "x": 0.04,
              "y": 0.0
            },
            {
              "charge_density": 0.0,
              "fix_potential": true,
              "id": "drive_right_top",
              "potential": 1035,
              "x": 0.04,
              "y": 0.02
            },
            {
              "charge_density": 0.0,
              "fix_potential": true,
              "id": "ground_left_top",
              "potential": 0.0,
              "x": 0.0,
              "y": 0.02
            }
          ]
        },
        "research": {
          "breakdown_field_v_m": 300000000.0,
          "candidate_id": "polyimide_film",
          "candidate_label": "Polyimide film",
          "dissipation_factor": 0.002,
          "family": "polymer",
          "note": "flexible high-breakdown film baseline",
          "objective": "maximize electric breakdown margin with low loss and low mass",
          "relative_permittivity": 3.4,
          "study": "material.dielectric_screening.v1"
        }
      },
      "result_preview": {
        "job": {
          "created_at": "2026-08-13T10:35:55.863169Z",
          "execution_started_at": null,
          "execution_timeout_ms": 120000,
          "has_result": false,
          "iteration": null,
          "job_id": "88e61cae2265087d",
          "message": null,
          "model_version_id": null,
          "progress": 0.0,
          "project_id": "bcdf85d3c162691a",
          "queue_timeout_ms": 1800000,
          "residual": null,
          "simulation_case_id": "a2c0a12961a58748",
          "status": "queued",
          "status_detail": {
            "active": true,
            "failure_class": null,
            "lifecycle": "active",
            "recoverable": false,
            "terminal": false,
            "timing": {
              "effective_deadline": "2026-08-13T11:05:55.863169Z",
              "effective_timeout_ms": 1800000,
              "execution_elapsed_ms": null,
              "execution_started_at": null,
              "execution_timeout_ms": 120000,
              "job_submission_deadline": "2026-08-13T11:05:55.863169Z",
              "phase": "queue",
              "queue_timeout_ms": 1800000,
              "queue_wait_ms": 0,
              "total_elapsed_ms": 0
            }
          },
          "updated_at": "2026-08-13T10:35:55.863169Z",
          "worker_id": null
        },
        "job_id": "88e61cae2265087d",
        "progress": 0.0,
        "raw": {
          "job": {
            "created_at": "2026-08-13T10:35:55.863169Z",
            "execution_started_at": null,
            "execution_timeout_ms": 120000,
            "has_result": false,
            "iteration": null,
            "job_id": "88e61cae2265087d",
            "message": null,
            "model_version_id": null,
            "progress": 0.0,
            "project_id": "bcdf85d3c162691a",
            "queue_timeout_ms": 1800000,
            "residual": null,
            "simulation_case_id": "a2c0a12961a58748",
            "status": "queued",
            "status_detail": {
              "active": true,
              "failure_class": null,
              "lifecycle": "active",
              "recoverable": false,
              "terminal": false,
              "timing": {
                "effective_deadline": "2026-08-13T11:05:55.863169Z",
                "effective_timeout_ms": 1800000,
                "execution_elapsed_ms": null,
                "execution_started_at": null,
                "execution_timeout_ms": 120000,
                "job_submission_deadline": "2026-08-13T11:05:55.863169Z",
                "phase": "queue",
                "queue_timeout_ms": 1800000,
                "queue_wait_ms": 0,
                "total_elapsed_ms": 0
              }
            },
            "updated_at": "2026-08-13T10:35:55.863169Z",
            "worker_id": null
          }
        },
        "status": "queued"
      },
      "requires_confirmation": false
    },
    {
      "index": 2,
      "action": "job_wait",
      "risk": "normal",
      "status": "executed",
      "payload": {
        "interval_ms": 1000,
        "job_id": "88e61cae2265087d",
        "max_total_timeout_ms": 3600000,
        "resume_policy": "server_deadline",
        "timeout_ms": 60000
      },
      "result_preview": {
        "job": {
          "created_at": "2026-08-13T10:35:55.863169Z",
          "execution_started_at": "2026-08-13T10:35:55.873443Z",
          "execution_timeout_ms": 120000,
          "iteration": 4,
          "job_id": "88e61cae2265087d",
          "message": "collecting nodal and elemental responses",
          "model_version_id": null,
          "progress": 1.0,
          "project_id": "bcdf85d3c162691a",
          "queue_timeout_ms": 1800000,
          "residual": 0.2,
          "simulation_case_id": "a2c0a12961a58748",
          "status": "completed",
          "status_detail": {
            "active": false,
            "failure_class": null,
            "lifecycle": "terminal",
            "recoverable": false,
            "terminal": true,
            "timing": {
              "effective_deadline": "2026-08-13T10:37:55.873443Z",
              "effective_timeout_ms": 120000,
              "execution_elapsed_ms": 1046,
              "execution_started_at": "2026-08-13T10:35:55.873443Z",
              "execution_timeout_ms": 120000,
              "job_submission_deadline": "2026-08-13T11:05:55.863169Z",
              "phase": "execution",
              "queue_timeout_ms": 1800000,
              "queue_wait_ms": 10,
              "total_elapsed_ms": 1056
            }
          },
          "updated_at": "2026-08-13T10:35:56.919571Z",
          "worker_id": "rust-agent-rpc@127.0.0.1:5001"
        },
        "job_id": "88e61cae2265087d",
        "progress": 1.0,
        "raw": {
          "job": {
            "created_at": "2026-08-13T10:35:55.863169Z",
            "execution_started_at": "2026-08-13T10:35:55.873443Z",
            "execution_timeout_ms": 120000,
            "iteration": 4,
            "job_id": "88e61cae2265087d",
            "message": "collecting nodal and elemental responses",
            "model_version_id": null,
            "progress": 1.0,
            "project_id": "bcdf85d3c162691a",
            "queue_timeout_ms": 1800000,
            "residual": 0.2,
            "simulation_case_id": "a2c0a12961a58748",
            "status": "completed",
            "status_detail": {
              "active": false,
              "failure_class": null,
              "lifecycle": "terminal",
              "recoverable": false,
              "terminal": true,
              "timing": {
                "effective_deadline": "2026-08-13T10:37:55.873443Z",
                "effective_timeout_ms": 120000,
                "execution_elapsed_ms": 1046,
                "execution_started_at": "2026-08-13T10:35:55.873443Z",
                "execution_timeout_ms": 120000,
                "job_submission_deadline": "2026-08-13T11:05:55.863169Z",
                "phase": "execution",
                "queue_timeout_ms": 1800000,
                "queue_wait_ms": 10,
                "total_elapsed_ms": 1056
              }
            },
            "updated_at": "2026-08-13T10:35:56.919571Z",
            "worker_id": "rust-agent-rpc@127.0.0.1:5001"
          }
        },
        "result": null,
        "status": "completed",
        "wait": {
          "elapsed_ms": 2056,
          "policy": "server_deadline",
          "poll_attempts": 3,
          "resume_count": 0
        }
      },
      "requires_confirmation": false
    },
    {
      "index": 3,
      "action": "result_fetch",
      "risk": "normal",
      "status": "executed",
      "payload": {
        "job_id": "88e61cae2265087d"
      },
      "result_preview": {
        "job": {
          "created_at": "2026-08-13T10:35:55.863169Z",
          "execution_started_at": "2026-08-13T10:35:55.873443Z",
          "execution_timeout_ms": 120000,
          "has_result": true,
          "iteration": 4,
          "job_id": "88e61cae2265087d",
          "message": "collecting nodal and elemental responses",
          "model_version_id": null,
          "progress": 1.0,
          "project_id": "bcdf85d3c162691a",
          "queue_timeout_ms": 1800000,
          "residual": 0.2,
          "simulation_case_id": "a2c0a12961a58748",
          "status": "completed",
          "status_detail": {
            "active": false,
            "failure_class": null,
            "lifecycle": "terminal",
            "recoverable": false,
            "terminal": true,
            "timing": {
              "effective_deadline": "2026-08-13T10:37:55.873443Z",
              "effective_timeout_ms": 120000,
              "execution_elapsed_ms": 1046,
              "execution_started_at": "2026-08-13T10:35:55.873443Z",
              "execution_timeout_ms": 120000,
              "job_submission_deadline": "2026-08-13T11:05:55.863169Z",
              "phase": "execution",
              "queue_timeout_ms": 1800000,
              "queue_wait_ms": 10,
              "total_elapsed_ms": 1056
            }
          },
          "updated_at": "2026-08-13T10:35:56.919571Z",
          "worker_id": "rust-agent-rpc@127.0.0.1:5001"
        },
        "job_id": "88e61cae2265087d",
        "result": {
          "elements": [
            {
              "area": 0.0008,
              "average_potential": 517.5,
              "electric_energy_density": 0.010077629048502094,
              "electric_field_magnitude": 25874.999999999996,
              "electric_field_x": -25874.999999999996,
              "electric_field_y": -0.0,
              "electric_flux_density_magnitude": 7.789471728310799e-7,
              "electric_flux_density_x": -7.789471728310799e-7,
              "electric_flux_density_y": -0.0,
              "id": "dielectric_polyimide_film",
              "index": 0,
              "node_i": 0,
              "node_j": 1,
              "node_k": 2,
              "node_l": 3,
              "potential_gradient_x": 25874.999999999996,
              "potential_gradient_y": 0.0,
              "stored_energy": 8.062103238801677e-9
            }
          ],
          "input": {
            "elements": [
              {
                "id": "dielectric_polyimide_film",
                "node_i": 0,
                "node_j": 1,
                "node_k": 2,
                "node_l": 3,
                "permittivity": 3.010423856352e-11,
                "thickness": 0.001
              }
            ],
            "nodes": [
              {
                "charge_density": 0.0,
                "fix_potential": true,
                "id": "ground_left_bottom",
                "potential": 0.0,
                "x": 0.0,
                "y": 0.0
              },
              {
                "charge_density": 0.0,
                "fix_potential": true,
                "id": "drive_right_bottom",
                "potential": 1035.0,
                "x": 0.04,
                "y": 0.0
              },
              {
                "charge_density": 0.0,
                "fix_potential": true,
                "id": "drive_right_top",
                "potential": 1035.0,
                "x": 0.04,
                "y": 0.02
              },
              {
                "charge_density": 0.0,
                "fix_potential": true,
                "id": "ground_left_top",
                "potential": 0.0,
                "x": 0.0,
                "y": 0.02
              }
            ]
          },
          "max_electric_energy_density": 0.010077629048502094,
          "max_electric_field": 25874.999999999996,
          "max_flux_density": 7.789471728310799e-7,
          "max_potential": 1035.0,
          "nodes": [
            {
              "charge_density": 0.0,
              "id": "ground_left_bottom",
              "index": 0,
              "potential": 0.0,
              "x": 0.0,
              "y": 0.0
            },
            {
              "charge_density": 0.0,
              "id": "drive_right_bottom",
              "index": 1,
              "potential": 1035.0,
              "x": 0.04,
              "y": 0.0
            },
            {
              "charge_density": 0.0,
              "id": "drive_right_top",
              "index": 2,
              "potential": 1035.0,
              "x": 0.04,
              "y": 0.02
            },
            {
              "charge_density": 0.0,
              "id": "ground_left_top",
              "index": 3,
              "potential": 0.0,
              "x": 0.0,
              "y": 0.02
            }
          ],
          "total_stored_energy": 8.062103238801677e-9
        },
        "status": "completed"
      },
      "requires_confirmation": false
    },
    {
      "index": 4,
      "action": "solve_electrostatic_plane_quad_2d",
      "risk": "normal",
      "status": "executed",
      "payload": {
        "model": {
          "elements": [
            {
              "id": "dielectric_alumina_96",
              "node_i": 0,
              "node_j": 1,
              "node_k": 2,
              "node_l": 3,
              "permittivity": 8.677104056544001e-11,
              "thickness": 0.001
            }
          ],
          "nodes": [
            {
              "charge_density": 0.0,
              "fix_potential": true,
              "id": "ground_left_bottom",
              "potential": 0.0,
              "x": 0.0,
              "y": 0.0
            },
            {
              "charge_density": 0.0,
              "fix_potential": true,
              "id": "drive_right_bottom",
              "potential": 1035,
              "x": 0.04,
              "y": 0.0
            },
            {
              "charge_density": 0.0,
              "fix_potential": true,
              "id": "drive_right_top",
              "potential": 1035,
              "x": 0.04,
              "y": 0.02
            },
            {
              "charge_density": 0.0,
              "fix_potential": true,
              "id": "ground_left_top",
              "potential": 0.0,
              "x": 0.0,
              "y": 0.02
            }
          ]
        },
        "research": {
          "breakdown_field_v_m": 130000000.0,
          "candidate_id": "alumina_96",
          "candidate_label": "Alumina 96%",
          "dissipation_factor": 0.0002,
          "family": "ceramic",
          "note": "ceramic substrate candidate with low loss but high mass",
          "objective": "maximize electric breakdown margin with low loss and low mass",
          "relative_permittivity": 9.8,
          "study": "material.dielectric_screening.v1"
        }
      },
      "result_preview": {
        "job": {
          "created_at": "2026-08-13T10:35:57.944788Z",
          "execution_started_at": null,
          "execution_timeout_ms": 120000,
          "has_result": false,
          "iteration": null,
          "job_id": "461fe97daa9b7c7f",
          "message": null,
          "model_version_id": null,
          "progress": 0.0,
          "project_id": "fd26bd05ecb671d9",
          "queue_timeout_ms": 1800000,
          "residual": null,
          "simulation_case_id": "bba0af5921d3cd87",
          "status": "queued",
          "status_detail": {
            "active": true,
            "failure_class": null,
            "lifecycle": "active",
            "recoverable": false,
            "terminal": false,
            "timing": {
              "effective_deadline": "2026-08-13T11:05:57.944788Z",
              "effective_timeout_ms": 1800000,
              "execution_elapsed_ms": null,
              "execution_started_at": null,
              "execution_timeout_ms": 120000,
              "job_submission_deadline": "2026-08-13T11:05:57.944788Z",
              "phase": "queue",
              "queue_timeout_ms": 1800000,
              "queue_wait_ms": 0,
              "total_elapsed_ms": 0
            }
          },
          "updated_at": "2026-08-13T10:35:57.944788Z",
          "worker_id": null
        },
        "job_id": "461fe97daa9b7c7f",
        "progress": 0.0,
        "raw": {
          "job": {
            "created_at": "2026-08-13T10:35:57.944788Z",
            "execution_started_at": null,
            "execution_timeout_ms": 120000,
            "has_result": false,
            "iteration": null,
            "job_id": "461fe97daa9b7c7f",
            "message": null,
            "model_version_id": null,
            "progress": 0.0,
            "project_id": "fd26bd05ecb671d9",
            "queue_timeout_ms": 1800000,
            "residual": null,
            "simulation_case_id": "bba0af5921d3cd87",
            "status": "queued",
            "status_detail": {
              "active": true,
              "failure_class": null,
              "lifecycle": "active",
              "recoverable": false,
              "terminal": false,
              "timing": {
                "effective_deadline": "2026-08-13T11:05:57.944788Z",
                "effective_timeout_ms": 1800000,
                "execution_elapsed_ms": null,
                "execution_started_at": null,
                "execution_timeout_ms": 120000,
                "job_submission_deadline": "2026-08-13T11:05:57.944788Z",
                "phase": "queue",
                "queue_timeout_ms": 1800000,
                "queue_wait_ms": 0,
                "total_elapsed_ms": 0
              }
            },
            "updated_at": "2026-08-13T10:35:57.944788Z",
            "worker_id": null
          }
        },
        "status": "queued"
      },
      "requires_confirmation": false
    },
    {
      "index": 5,
      "action": "job_wait",
      "risk": "normal",
      "status": "executed",
      "payload": {
        "interval_ms": 1000,
        "job_id": "461fe97daa9b7c7f",
        "max_total_timeout_ms": 3600000,
        "resume_policy": "server_deadline",
        "timeout_ms": 60000
      },
      "result_preview": {
        "job": {
          "created_at": "2026-08-13T10:35:57.944788Z",
          "execution_started_at": "2026-08-13T10:35:57.947499Z",
          "execution_timeout_ms": 120000,
          "iteration": 4,
          "job_id": "461fe97daa9b7c7f",
          "message": "collecting nodal and elemental responses",
          "model_version_id": null,
          "progress": 1.0,
          "project_id": "fd26bd05ecb671d9",
          "queue_timeout_ms": 1800000,
          "residual": 0.2,
          "simulation_case_id": "bba0af5921d3cd87",
          "status": "completed",
          "status_detail": {
            "active": false,
            "failure_class": null,
            "lifecycle": "terminal",
            "recoverable": false,
            "terminal": true,
            "timing": {
              "effective_deadline": "2026-08-13T10:37:57.947499Z",
              "effective_timeout_ms": 120000,
              "execution_elapsed_ms": 1025,
              "execution_started_at": "2026-08-13T10:35:57.947499Z",
              "execution_timeout_ms": 120000,
              "job_submission_deadline": "2026-08-13T11:05:57.944788Z",
              "phase": "execution",
              "queue_timeout_ms": 1800000,
              "queue_wait_ms": 2,
              "total_elapsed_ms": 1028
            }
          },
          "updated_at": "2026-08-13T10:35:58.972815Z",
          "worker_id": "rust-agent-rpc@127.0.0.1:5002"
        },
        "job_id": "461fe97daa9b7c7f",
        "progress": 1.0,
        "raw": {
          "job": {
            "created_at": "2026-08-13T10:35:57.944788Z",
            "execution_started_at": "2026-08-13T10:35:57.947499Z",
            "execution_timeout_ms": 120000,
            "iteration": 4,
            "job_id": "461fe97daa9b7c7f",
            "message": "collecting nodal and elemental responses",
            "model_version_id": null,
            "progress": 1.0,
            "project_id": "fd26bd05ecb671d9",
            "queue_timeout_ms": 1800000,
            "residual": 0.2,
            "simulation_case_id": "bba0af5921d3cd87",
            "status": "completed",
            "status_detail": {
              "active": false,
              "failure_class": null,
              "lifecycle": "terminal",
              "recoverable": false,
              "terminal": true,
              "timing": {
                "effective_deadline": "2026-08-13T10:37:57.947499Z",
                "effective_timeout_ms": 120000,
                "execution_elapsed_ms": 1025,
                "execution_started_at": "2026-08-13T10:35:57.947499Z",
                "execution_timeout_ms": 120000,
                "job_submission_deadline": "2026-08-13T11:05:57.944788Z",
                "phase": "execution",
                "queue_timeout_ms": 1800000,
                "queue_wait_ms": 2,
                "total_elapsed_ms": 1028
              }
            },
            "updated_at": "2026-08-13T10:35:58.972815Z",
            "worker_id": "rust-agent-rpc@127.0.0.1:5002"
          }
        },
        "result": null,
        "status": "completed",
        "wait": {
          "elapsed_ms": 2110,
          "policy": "server_deadline",
          "poll_attempts": 3,
          "resume_count": 0
        }
      },
      "requires_confirmation": false
    },
    {
      "index": 6,
      "action": "result_fetch",
      "risk": "normal",
      "status": "executed",
      "payload": {
        "job_id": "461fe97daa9b7c7f"
      },
      "result_preview": {
        "job": {
          "created_at": "2026-08-13T10:35:57.944788Z",
          "execution_started_at": "2026-08-13T10:35:57.947499Z",
          "execution_timeout_ms": 120000,
          "has_result": true,
          "iteration": 4,
          "job_id": "461fe97daa9b7c7f",
          "message": "collecting nodal and elemental responses",
          "model_version_id": null,
          "progress": 1.0,
          "project_id": "fd26bd05ecb671d9",
          "queue_timeout_ms": 1800000,
          "residual": 0.2,
          "simulation_case_id": "bba0af5921d3cd87",
          "status": "completed",
          "status_detail": {
            "active": false,
            "failure_class": null,
            "lifecycle": "terminal",
            "recoverable": false,
            "terminal": true,
            "timing": {
              "effective_deadline": "2026-08-13T10:37:57.947499Z",
              "effective_timeout_ms": 120000,
              "execution_elapsed_ms": 1025,
              "execution_started_at": "2026-08-13T10:35:57.947499Z",
              "execution_timeout_ms": 120000,
              "job_submission_deadline": "2026-08-13T11:05:57.944788Z",
              "phase": "execution",
              "queue_timeout_ms": 1800000,
              "queue_wait_ms": 2,
              "total_elapsed_ms": 1028
            }
          },
          "updated_at": "2026-08-13T10:35:58.972815Z",
          "worker_id": "rust-agent-rpc@127.0.0.1:5002"
        },
        "job_id": "461fe97daa9b7c7f",
        "result": {
          "elements": [
            {
              "area": 0.0008,
              "average_potential": 517.5,
              "electric_energy_density": 0.02904728372803545,
              "electric_field_magnitude": 25874.999999999996,
              "electric_field_x": -25874.999999999996,
              "electric_field_y": -0.0,
              "electric_flux_density_magnitude": 2.24520067463076e-6,
              "electric_flux_density_x": -2.24520067463076e-6,
              "electric_flux_density_y": -0.0,
              "id": "dielectric_alumina_96",
              "index": 0,
              "node_i": 0,
              "node_j": 1,
              "node_k": 2,
              "node_l": 3,
              "potential_gradient_x": 25874.999999999996,
              "potential_gradient_y": 0.0,
              "stored_energy": 2.323782698242836e-8
            }
          ],
          "input": {
            "elements": [
              {
                "id": "dielectric_alumina_96",
                "node_i": 0,
                "node_j": 1,
                "node_k": 2,
                "node_l": 3,
                "permittivity": 8.677104056544001e-11,
                "thickness": 0.001
              }
            ],
            "nodes": [
              {
                "charge_density": 0.0,
                "fix_potential": true,
                "id": "ground_left_bottom",
                "potential": 0.0,
                "x": 0.0,
                "y": 0.0
              },
              {
                "charge_density": 0.0,
                "fix_potential": true,
                "id": "drive_right_bottom",
                "potential": 1035.0,
                "x": 0.04,
                "y": 0.0
              },
              {
                "charge_density": 0.0,
                "fix_potential": true,
                "id": "drive_right_top",
                "potential": 1035.0,
                "x": 0.04,
                "y": 0.02
              },
              {
                "charge_density": 0.0,
                "fix_potential": true,
                "id": "ground_left_top",
                "potential": 0.0,
                "x": 0.0,
                "y": 0.02
              }
            ]
          },
          "max_electric_energy_density": 0.02904728372803545,
          "max_electric_field": 25874.999999999996,
          "max_flux_density": 2.24520067463076e-6,
          "max_potential": 1035.0,
          "nodes": [
            {
              "charge_density": 0.0,
              "id": "ground_left_bottom",
              "index": 0,
              "potential": 0.0,
              "x": 0.0,
              "y": 0.0
            },
            {
              "charge_density": 0.0,
              "id": "drive_right_bottom",
              "index": 1,
              "potential": 1035.0,
              "x": 0.04,
              "y": 0.0
            },
            {
              "charge_density": 0.0,
              "id": "drive_right_top",
              "index": 2,
              "potential": 1035.0,
              "x": 0.04,
              "y": 0.02
            },
            {
              "charge_density": 0.0,
              "id": "ground_left_top",
              "index": 3,
              "potential": 0.0,
              "x": 0.0,
              "y": 0.02
            }
          ],
          "total_stored_energy": 2.323782698242836e-8
        },
        "status": "completed"
      },
      "requires_confirmation": false
    },
    {
      "index": 7,
      "action": "solve_electrostatic_plane_quad_2d",
      "risk": "normal",
      "status": "executed",
      "payload": {
        "model": {
          "elements": [
            {
              "id": "dielectric_ptfe",
              "node_i": 0,
              "node_j": 1,
              "node_k": 2,
              "node_l": 3,
              "permittivity": 1.859379440688e-11,
              "thickness": 0.001
            }
          ],
          "nodes": [
            {
              "charge_density": 0.0,
              "fix_potential": true,
              "id": "ground_left_bottom",
              "potential": 0.0,
              "x": 0.0,
              "y": 0.0
            },
            {
              "charge_density": 0.0,
              "fix_potential": true,
              "id": "drive_right_bottom",
              "potential": 1035,
              "x": 0.04,
              "y": 0.0
            },
            {
              "charge_density": 0.0,
              "fix_potential": true,
              "id": "drive_right_top",
              "potential": 1035,
              "x": 0.04,
              "y": 0.02
            },
            {
              "charge_density": 0.0,
              "fix_potential": true,
              "id": "ground_left_top",
              "potential": 0.0,
              "x": 0.0,
              "y": 0.02
            }
          ]
        },
        "research": {
          "breakdown_field_v_m": 60000000.0,
          "candidate_id": "ptfe",
          "candidate_label": "PTFE",
          "dissipation_factor": 0.0002,
          "family": "polymer",
          "note": "low-loss polymer candidate with weaker breakdown margin",
          "objective": "maximize electric breakdown margin with low loss and low mass",
          "relative_permittivity": 2.1,
          "study": "material.dielectric_screening.v1"
        }
      },
      "result_preview": {
        "job": {
          "created_at": "2026-08-13T10:36:00.095464Z",
          "execution_started_at": null,
          "execution_timeout_ms": 120000,
          "has_result": false,
          "iteration": null,
          "job_id": "f8dad6f046ba9864",
          "message": null,
          "model_version_id": null,
          "progress": 0.0,
          "project_id": "21855dc41eead9d3",
          "queue_timeout_ms": 1800000,
          "residual": null,
          "simulation_case_id": "aa32ece3c9a6b0d2",
          "status": "queued",
          "status_detail": {
            "active": true,
            "failure_class": null,
            "lifecycle": "active",
            "recoverable": false,
            "terminal": false,
            "timing": {
              "effective_deadline": "2026-08-13T11:06:00.095464Z",
              "effective_timeout_ms": 1800000,
              "execution_elapsed_ms": null,
              "execution_started_at": null,
              "execution_timeout_ms": 120000,
              "job_submission_deadline": "2026-08-13T11:06:00.095464Z",
              "phase": "queue",
              "queue_timeout_ms": 1800000,
              "queue_wait_ms": 0,
              "total_elapsed_ms": 0
            }
          },
          "updated_at": "2026-08-13T10:36:00.095464Z",
          "worker_id": null
        },
        "job_id": "f8dad6f046ba9864",
        "progress": 0.0,
        "raw": {
          "job": {
            "created_at": "2026-08-13T10:36:00.095464Z",
            "execution_started_at": null,
            "execution_timeout_ms": 120000,
            "has_result": false,
            "iteration": null,
            "job_id": "f8dad6f046ba9864",
            "message": null,
            "model_version_id": null,
            "progress": 0.0,
            "project_id": "21855dc41eead9d3",
            "queue_timeout_ms": 1800000,
            "residual": null,
            "simulation_case_id": "aa32ece3c9a6b0d2",
            "status": "queued",
            "status_detail": {
              "active": true,
              "failure_class": null,
              "lifecycle": "active",
              "recoverable": false,
              "terminal": false,
              "timing": {
                "effective_deadline": "2026-08-13T11:06:00.095464Z",
                "effective_timeout_ms": 1800000,
                "execution_elapsed_ms": null,
                "execution_started_at": null,
                "execution_timeout_ms": 120000,
                "job_submission_deadline": "2026-08-13T11:06:00.095464Z",
                "phase": "queue",
                "queue_timeout_ms": 1800000,
                "queue_wait_ms": 0,
                "total_elapsed_ms": 0
              }
            },
            "updated_at": "2026-08-13T10:36:00.095464Z",
            "worker_id": null
          }
        },
        "status": "queued"
      },
      "requires_confirmation": false
    },
    {
      "index": 8,
      "action": "job_wait",
      "risk": "normal",
      "status": "executed",
      "payload": {
        "interval_ms": 1000,
        "job_id": "f8dad6f046ba9864",
        "max_total_timeout_ms": 3600000,
        "resume_policy": "server_deadline",
        "timeout_ms": 60000
      },
      "result_preview": {
        "job": {
          "created_at": "2026-08-13T10:36:00.095464Z",
          "execution_started_at": "2026-08-13T10:36:00.099256Z",
          "execution_timeout_ms": 120000,
          "iteration": 4,
          "job_id": "f8dad6f046ba9864",
          "message": "collecting nodal and elemental responses",
          "model_version_id": null,
          "progress": 1.0,
          "project_id": "21855dc41eead9d3",
          "queue_timeout_ms": 1800000,
          "residual": 0.2,
          "simulation_case_id": "aa32ece3c9a6b0d2",
          "status": "completed",
          "status_detail": {
            "active": false,
            "failure_class": null,
            "lifecycle": "terminal",
            "recoverable": false,
            "terminal": true,
            "timing": {
              "effective_deadline": "2026-08-13T10:38:00.099256Z",
              "effective_timeout_ms": 120000,
              "execution_elapsed_ms": 1063,
              "execution_started_at": "2026-08-13T10:36:00.099256Z",
              "execution_timeout_ms": 120000,
              "job_submission_deadline": "2026-08-13T11:06:00.095464Z",
              "phase": "execution",
              "queue_timeout_ms": 1800000,
              "queue_wait_ms": 3,
              "total_elapsed_ms": 1067
            }
          },
          "updated_at": "2026-08-13T10:36:01.162798Z",
          "worker_id": "rust-agent-rpc@127.0.0.1:5001"
        },
        "job_id": "f8dad6f046ba9864",
        "progress": 1.0,
        "raw": {
          "job": {
            "created_at": "2026-08-13T10:36:00.095464Z",
            "execution_started_at": "2026-08-13T10:36:00.099256Z",
            "execution_timeout_ms": 120000,
            "iteration": 4,
            "job_id": "f8dad6f046ba9864",
            "message": "collecting nodal and elemental responses",
            "model_version_id": null,
            "progress": 1.0,
            "project_id": "21855dc41eead9d3",
            "queue_timeout_ms": 1800000,
            "residual": 0.2,
            "simulation_case_id": "aa32ece3c9a6b0d2",
            "status": "completed",
            "status_detail": {
              "active": false,
              "failure_class": null,
              "lifecycle": "terminal",
              "recoverable": false,
              "terminal": true,
              "timing": {
                "effective_deadline": "2026-08-13T10:38:00.099256Z",
                "effective_timeout_ms": 120000,
                "execution_elapsed_ms": 1063,
                "execution_started_at": "2026-08-13T10:36:00.099256Z",
                "execution_timeout_ms": 120000,
                "job_submission_deadline": "2026-08-13T11:06:00.095464Z",
                "phase": "execution",
                "queue_timeout_ms": 1800000,
                "queue_wait_ms": 3,
                "total_elapsed_ms": 1067
              }
            },
            "updated_at": "2026-08-13T10:36:01.162798Z",
            "worker_id": "rust-agent-rpc@127.0.0.1:5001"
          }
        },
        "result": null,
        "status": "completed",
        "wait": {
          "elapsed_ms": 2073,
          "policy": "server_deadline",
          "poll_attempts": 3,
          "resume_count": 0
        }
      },
      "requires_confirmation": false
    },
    {
      "index": 9,
      "action": "result_fetch",
      "risk": "normal",
      "status": "executed",
      "payload": {
        "job_id": "f8dad6f046ba9864"
      },
      "result_preview": {
        "job": {
          "created_at": "2026-08-13T10:36:00.095464Z",
          "execution_started_at": "2026-08-13T10:36:00.099256Z",
          "execution_timeout_ms": 120000,
          "has_result": true,
          "iteration": 4,
          "job_id": "f8dad6f046ba9864",
          "message": "collecting nodal and elemental responses",
          "model_version_id": null,
          "progress": 1.0,
          "project_id": "21855dc41eead9d3",
          "queue_timeout_ms": 1800000,
          "residual": 0.2,
          "simulation_case_id": "aa32ece3c9a6b0d2",
          "status": "completed",
          "status_detail": {
            "active": false,
            "failure_class": null,
            "lifecycle": "terminal",
            "recoverable": false,
            "terminal": true,
            "timing": {
              "effective_deadline": "2026-08-13T10:38:00.099256Z",
              "effective_timeout_ms": 120000,
              "execution_elapsed_ms": 1063,
              "execution_started_at": "2026-08-13T10:36:00.099256Z",
              "execution_timeout_ms": 120000,
              "job_submission_deadline": "2026-08-13T11:06:00.095464Z",
              "phase": "execution",
              "queue_timeout_ms": 1800000,
              "queue_wait_ms": 3,
              "total_elapsed_ms": 1067
            }
          },
          "updated_at": "2026-08-13T10:36:01.162798Z",
          "worker_id": "rust-agent-rpc@127.0.0.1:5001"
        },
        "job_id": "f8dad6f046ba9864",
        "result": {
          "elements": [
            {
              "area": 0.0008,
              "average_potential": 517.5,
              "electric_energy_density": 0.006224417941721881,
              "electric_field_magnitude": 25874.999999999996,
              "electric_field_x": -25874.999999999996,
              "electric_field_y": -0.0,
              "electric_flux_density_magnitude": 4.811144302780199e-7,
              "electric_flux_density_x": -4.811144302780199e-7,
              "electric_flux_density_y": -0.0,
              "id": "dielectric_ptfe",
              "index": 0,
              "node_i": 0,
              "node_j": 1,
              "node_k": 2,
              "node_l": 3,
              "potential_gradient_x": 25874.999999999996,
              "potential_gradient_y": 0.0,
              "stored_energy": 4.979534353377506e-9
            }
          ],
          "input": {
            "elements": [
              {
                "id": "dielectric_ptfe",
                "node_i": 0,
                "node_j": 1,
                "node_k": 2,
                "node_l": 3,
                "permittivity": 1.859379440688e-11,
                "thickness": 0.001
              }
            ],
            "nodes": [
              {
                "charge_density": 0.0,
                "fix_potential": true,
                "id": "ground_left_bottom",
                "potential": 0.0,
                "x": 0.0,
                "y": 0.0
              },
              {
                "charge_density": 0.0,
                "fix_potential": true,
                "id": "drive_right_bottom",
                "potential": 1035.0,
                "x": 0.04,
                "y": 0.0
              },
              {
                "charge_density": 0.0,
                "fix_potential": true,
                "id": "drive_right_top",
                "potential": 1035.0,
                "x": 0.04,
                "y": 0.02
              },
              {
                "charge_density": 0.0,
                "fix_potential": true,
                "id": "ground_left_top",
                "potential": 0.0,
                "x": 0.0,
                "y": 0.02
              }
            ]
          },
          "max_electric_energy_density": 0.006224417941721881,
          "max_electric_field": 25874.999999999996,
          "max_flux_density": 4.811144302780199e-7,
          "max_potential": 1035.0,
          "nodes": [
            {
              "charge_density": 0.0,
              "id": "ground_left_bottom",
              "index": 0,
              "potential": 0.0,
              "x": 0.0,
              "y": 0.0
            },
            {
              "charge_density": 0.0,
              "id": "drive_right_bottom",
              "index": 1,
              "potential": 1035.0,
              "x": 0.04,
              "y": 0.0
            },
            {
              "charge_density": 0.0,
              "id": "drive_right_top",
              "index": 2,
              "potential": 1035.0,
              "x": 0.04,
              "y": 0.02
            },
            {
              "charge_density": 0.0,
              "id": "ground_left_top",
              "index": 3,
              "potential": 0.0,
              "x": 0.0,
              "y": 0.02
            }
          ],
          "total_stored_energy": 4.979534353377506e-9
        },
        "status": "completed"
      },
      "requires_confirmation": false
    }
  ]
}
