{
  "schema_version": "kyuubiki.headless-execution-run/v1",
  "workflow_id": "template.material_dielectric_screening",
  "mode": "execute:service",
  "status": "ok",
  "executed_step_count": 9,
  "warning_count": 0,
  "blocked_by_confirmation": null,
  "validation": {
    "ok": true,
    "issue_count": 0,
    "issues": [],
    "warning_count": 0,
    "warnings": [],
    "summary": {
      "schema_version": "kyuubiki.headless-execution-batch/v1",
      "workflow_id": "template.material_dielectric_screening",
      "template_id": "material_dielectric_screening",
      "exported_at": "1970-01-01T00:00:00.000Z",
      "language": "en",
      "step_count": 9,
      "warning_count": 0,
      "actions": [
        "solve_electrostatic_plane_quad_2d",
        "job_wait",
        "result_fetch",
        "solve_electrostatic_plane_quad_2d",
        "job_wait",
        "result_fetch",
        "solve_electrostatic_plane_quad_2d",
        "job_wait",
        "result_fetch"
      ]
    },
    "policy": {
      "required_engines": [
        "service"
      ],
      "engine_counts": {
        "service": 9,
        "browser": 0
      },
      "risk_counts": {
        "destructive": 0,
        "normal": 9,
        "sensitive": 0
      },
      "recommended_runtime": "service_only",
      "needs_desktop_browser": false,
      "safe_for_service_only": true,
      "notes": []
    }
  },
  "execution_summary": {
    "schema_version": "kyuubiki.headless-execution-summary/v1",
    "job_count": 3,
    "job_ids": [
      "b3d33919ff973a84",
      "ae9f124427348697",
      "ccfd62aa21f1cee3"
    ],
    "jobs": [
      {
        "job_id": "b3d33919ff973a84",
        "status": "completed",
        "worker_id": "rust-agent-rpc@127.0.0.1:5001",
        "phase": "execution",
        "created_at": "2026-08-13T10:36:50.076302Z",
        "execution_started_at": "2026-08-13T10:36:50.189357Z",
        "updated_at": "2026-08-13T10:36:51.312874Z",
        "queue_wait_ms": 113,
        "execution_elapsed_ms": 1123,
        "total_elapsed_ms": 1236,
        "effective_timeout_ms": 120000,
        "effective_deadline": "2026-08-13T10:38:50.189357Z"
      },
      {
        "job_id": "ae9f124427348697",
        "status": "completed",
        "worker_id": "rust-agent-rpc@127.0.0.1:5002",
        "phase": "execution",
        "created_at": "2026-08-13T10:36:52.179950Z",
        "execution_started_at": "2026-08-13T10:36:52.246891Z",
        "updated_at": "2026-08-13T10:36:53.948002Z",
        "queue_wait_ms": 66,
        "execution_elapsed_ms": 1701,
        "total_elapsed_ms": 1768,
        "effective_timeout_ms": 120000,
        "effective_deadline": "2026-08-13T10:38:52.246891Z"
      },
      {
        "job_id": "ccfd62aa21f1cee3",
        "status": "completed",
        "worker_id": "rust-agent-rpc@127.0.0.1:5001",
        "phase": "execution",
        "created_at": "2026-08-13T10:36:54.346366Z",
        "execution_started_at": "2026-08-13T10:36:54.423913Z",
        "updated_at": "2026-08-13T10:36:56.213725Z",
        "queue_wait_ms": 77,
        "execution_elapsed_ms": 1789,
        "total_elapsed_ms": 1867,
        "effective_timeout_ms": 120000,
        "effective_deadline": "2026-08-13T10:38:54.423913Z"
      }
    ],
    "failure": null
  },
  "steps": [
    {
      "index": 1,
      "action": "solve_electrostatic_plane_quad_2d",
      "risk": "normal",
      "status": "executed",
      "payload": {
        "model": {
          "elements": [
            {
              "id": "dielectric_polyimide_film",
              "node_i": 0,
              "node_j": 1,
              "node_k": 2,
              "node_l": 3,
              "permittivity": 3.010423856352e-11,
              "thickness": 0.001
            }
          ],
          "nodes": [
            {
              "charge_density": 0.0,
              "fix_potential": true,
              "id": "ground_left_bottom",
              "potential": 0.0,
              "x": 0.0,
              "y": 0.0
            },
            {
              "charge_density": 0.0,
              "fix_potential": true,
              "id": "drive_right_bottom",
              "potential": 3321,
              "x": 0.04,
              "y": 0.0
            },
            {
              "charge_density": 0.0,
              "fix_potential": true,
              "id": "drive_right_top",
              "potential": 3321,
              "x": 0.04,
              "y": 0.02
            },
            {
              "charge_density": 0.0,
              "fix_potential": true,
              "id": "ground_left_top",
              "potential": 0.0,
              "x": 0.0,
              "y": 0.02
            }
          ]
        },
        "research": {
          "breakdown_field_v_m": 300000000.0,
          "candidate_id": "polyimide_film",
          "candidate_label": "Polyimide film",
          "dissipation_factor": 0.002,
          "family": "polymer",
          "note": "flexible high-breakdown film baseline",
          "objective": "maximize electric breakdown margin with low loss and low mass",
          "relative_permittivity": 3.4,
          "study": "material.dielectric_screening.v1"
        }
      },
      "result_preview": {
        "job": {
          "created_at": "2026-08-13T10:36:50.076302Z",
          "execution_started_at": null,
          "execution_timeout_ms": 120000,
          "has_result": false,
          "iteration": null,
          "job_id": "b3d33919ff973a84",
          "message": null,
          "model_version_id": null,
          "progress": 0.0,
          "project_id": "fd42ea41645aa0cd",
          "queue_timeout_ms": 1800000,
          "residual": null,
          "simulation_case_id": "5d40f9b0b6c3541b",
          "status": "queued",
          "status_detail": {
            "active": true,
            "failure_class": null,
            "lifecycle": "active",
            "recoverable": false,
            "terminal": false,
            "timing": {
              "effective_deadline": "2026-08-13T11:06:50.076302Z",
              "effective_timeout_ms": 1800000,
              "execution_elapsed_ms": null,
              "execution_started_at": null,
              "execution_timeout_ms": 120000,
              "job_submission_deadline": "2026-08-13T11:06:50.076302Z",
              "phase": "queue",
              "queue_timeout_ms": 1800000,
              "queue_wait_ms": 0,
              "total_elapsed_ms": 0
            }
          },
          "updated_at": "2026-08-13T10:36:50.076302Z",
          "worker_id": null
        },
        "job_id": "b3d33919ff973a84",
        "progress": 0.0,
        "raw": {
          "job": {
            "created_at": "2026-08-13T10:36:50.076302Z",
            "execution_started_at": null,
            "execution_timeout_ms": 120000,
            "has_result": false,
            "iteration": null,
            "job_id": "b3d33919ff973a84",
            "message": null,
            "model_version_id": null,
            "progress": 0.0,
            "project_id": "fd42ea41645aa0cd",
            "queue_timeout_ms": 1800000,
            "residual": null,
            "simulation_case_id": "5d40f9b0b6c3541b",
            "status": "queued",
            "status_detail": {
              "active": true,
              "failure_class": null,
              "lifecycle": "active",
              "recoverable": false,
              "terminal": false,
              "timing": {
                "effective_deadline": "2026-08-13T11:06:50.076302Z",
                "effective_timeout_ms": 1800000,
                "execution_elapsed_ms": null,
                "execution_started_at": null,
                "execution_timeout_ms": 120000,
                "job_submission_deadline": "2026-08-13T11:06:50.076302Z",
                "phase": "queue",
                "queue_timeout_ms": 1800000,
                "queue_wait_ms": 0,
                "total_elapsed_ms": 0
              }
            },
            "updated_at": "2026-08-13T10:36:50.076302Z",
            "worker_id": null
          }
        },
        "status": "queued"
      },
      "requires_confirmation": false
    },
    {
      "index": 2,
      "action": "job_wait",
      "risk": "normal",
      "status": "executed",
      "payload": {
        "interval_ms": 1000,
        "job_id": "b3d33919ff973a84",
        "max_total_timeout_ms": 3600000,
        "resume_policy": "server_deadline",
        "timeout_ms": 60000
      },
      "result_preview": {
        "job": {
          "created_at": "2026-08-13T10:36:50.076302Z",
          "execution_started_at": "2026-08-13T10:36:50.189357Z",
          "execution_timeout_ms": 120000,
          "iteration": 4,
          "job_id": "b3d33919ff973a84",
          "message": "collecting nodal and elemental responses",
          "model_version_id": null,
          "progress": 1.0,
          "project_id": "fd42ea41645aa0cd",
          "queue_timeout_ms": 1800000,
          "residual": 0.2,
          "simulation_case_id": "5d40f9b0b6c3541b",
          "status": "completed",
          "status_detail": {
            "active": false,
            "failure_class": null,
            "lifecycle": "terminal",
            "recoverable": false,
            "terminal": true,
            "timing": {
              "effective_deadline": "2026-08-13T10:38:50.189357Z",
              "effective_timeout_ms": 120000,
              "execution_elapsed_ms": 1123,
              "execution_started_at": "2026-08-13T10:36:50.189357Z",
              "execution_timeout_ms": 120000,
              "job_submission_deadline": "2026-08-13T11:06:50.076302Z",
              "phase": "execution",
              "queue_timeout_ms": 1800000,
              "queue_wait_ms": 113,
              "total_elapsed_ms": 1236
            }
          },
          "updated_at": "2026-08-13T10:36:51.312874Z",
          "worker_id": "rust-agent-rpc@127.0.0.1:5001"
        },
        "job_id": "b3d33919ff973a84",
        "progress": 1.0,
        "raw": {
          "job": {
            "created_at": "2026-08-13T10:36:50.076302Z",
            "execution_started_at": "2026-08-13T10:36:50.189357Z",
            "execution_timeout_ms": 120000,
            "iteration": 4,
            "job_id": "b3d33919ff973a84",
            "message": "collecting nodal and elemental responses",
            "model_version_id": null,
            "progress": 1.0,
            "project_id": "fd42ea41645aa0cd",
            "queue_timeout_ms": 1800000,
            "residual": 0.2,
            "simulation_case_id": "5d40f9b0b6c3541b",
            "status": "completed",
            "status_detail": {
              "active": false,
              "failure_class": null,
              "lifecycle": "terminal",
              "recoverable": false,
              "terminal": true,
              "timing": {
                "effective_deadline": "2026-08-13T10:38:50.189357Z",
                "effective_timeout_ms": 120000,
                "execution_elapsed_ms": 1123,
                "execution_started_at": "2026-08-13T10:36:50.189357Z",
                "execution_timeout_ms": 120000,
                "job_submission_deadline": "2026-08-13T11:06:50.076302Z",
                "phase": "execution",
                "queue_timeout_ms": 1800000,
                "queue_wait_ms": 113,
                "total_elapsed_ms": 1236
              }
            },
            "updated_at": "2026-08-13T10:36:51.312874Z",
            "worker_id": "rust-agent-rpc@127.0.0.1:5001"
          }
        },
        "result": null,
        "status": "completed",
        "wait": {
          "elapsed_ms": 2055,
          "policy": "server_deadline",
          "poll_attempts": 3,
          "resume_count": 0
        }
      },
      "requires_confirmation": false
    },
    {
      "index": 3,
      "action": "result_fetch",
      "risk": "normal",
      "status": "executed",
      "payload": {
        "job_id": "b3d33919ff973a84"
      },
      "result_preview": {
        "job": {
          "created_at": "2026-08-13T10:36:50.076302Z",
          "execution_started_at": "2026-08-13T10:36:50.189357Z",
          "execution_timeout_ms": 120000,
          "has_result": true,
          "iteration": 4,
          "job_id": "b3d33919ff973a84",
          "message": "collecting nodal and elemental responses",
          "model_version_id": null,
          "progress": 1.0,
          "project_id": "fd42ea41645aa0cd",
          "queue_timeout_ms": 1800000,
          "residual": 0.2,
          "simulation_case_id": "5d40f9b0b6c3541b",
          "status": "completed",
          "status_detail": {
            "active": false,
            "failure_class": null,
            "lifecycle": "terminal",
            "recoverable": false,
            "terminal": true,
            "timing": {
              "effective_deadline": "2026-08-13T10:38:50.189357Z",
              "effective_timeout_ms": 120000,
              "execution_elapsed_ms": 1123,
              "execution_started_at": "2026-08-13T10:36:50.189357Z",
              "execution_timeout_ms": 120000,
              "job_submission_deadline": "2026-08-13T11:06:50.076302Z",
              "phase": "execution",
              "queue_timeout_ms": 1800000,
              "queue_wait_ms": 113,
              "total_elapsed_ms": 1236
            }
          },
          "updated_at": "2026-08-13T10:36:51.312874Z",
          "worker_id": "rust-agent-rpc@127.0.0.1:5001"
        },
        "job_id": "b3d33919ff973a84",
        "result": {
          "elements": [
            {
              "area": 0.0008,
              "average_potential": 1660.5,
              "electric_energy_density": 0.1037565254346385,
              "electric_field_magnitude": 83025.0,
              "electric_field_x": -83025.0,
              "electric_field_y": -0.0,
              "electric_flux_density_magnitude": 2.499404406736248e-6,
              "electric_flux_density_x": -2.499404406736248e-6,
              "electric_flux_density_y": -0.0,
              "id": "dielectric_polyimide_film",
              "index": 0,
              "node_i": 0,
              "node_j": 1,
              "node_k": 2,
              "node_l": 3,
              "potential_gradient_x": 83025.0,
              "potential_gradient_y": 0.0,
              "stored_energy": 8.300522034771082e-8
            }
          ],
          "input": {
            "elements": [
              {
                "id": "dielectric_polyimide_film",
                "node_i": 0,
                "node_j": 1,
                "node_k": 2,
                "node_l": 3,
                "permittivity": 3.010423856352e-11,
                "thickness": 0.001
              }
            ],
            "nodes": [
              {
                "charge_density": 0.0,
                "fix_potential": true,
                "id": "ground_left_bottom",
                "potential": 0.0,
                "x": 0.0,
                "y": 0.0
              },
              {
                "charge_density": 0.0,
                "fix_potential": true,
                "id": "drive_right_bottom",
                "potential": 3321.0,
                "x": 0.04,
                "y": 0.0
              },
              {
                "charge_density": 0.0,
                "fix_potential": true,
                "id": "drive_right_top",
                "potential": 3321.0,
                "x": 0.04,
                "y": 0.02
              },
              {
                "charge_density": 0.0,
                "fix_potential": true,
                "id": "ground_left_top",
                "potential": 0.0,
                "x": 0.0,
                "y": 0.02
              }
            ]
          },
          "max_electric_energy_density": 0.1037565254346385,
          "max_electric_field": 83025.0,
          "max_flux_density": 2.499404406736248e-6,
          "max_potential": 3321.0,
          "nodes": [
            {
              "charge_density": 0.0,
              "id": "ground_left_bottom",
              "index": 0,
              "potential": 0.0,
              "x": 0.0,
              "y": 0.0
            },
            {
              "charge_density": 0.0,
              "id": "drive_right_bottom",
              "index": 1,
              "potential": 3321.0,
              "x": 0.04,
              "y": 0.0
            },
            {
              "charge_density": 0.0,
              "id": "drive_right_top",
              "index": 2,
              "potential": 3321.0,
              "x": 0.04,
              "y": 0.02
            },
            {
              "charge_density": 0.0,
              "id": "ground_left_top",
              "index": 3,
              "potential": 0.0,
              "x": 0.0,
              "y": 0.02
            }
          ],
          "total_stored_energy": 8.300522034771082e-8
        },
        "status": "completed"
      },
      "requires_confirmation": false
    },
    {
      "index": 4,
      "action": "solve_electrostatic_plane_quad_2d",
      "risk": "normal",
      "status": "executed",
      "payload": {
        "model": {
          "elements": [
            {
              "id": "dielectric_alumina_96",
              "node_i": 0,
              "node_j": 1,
              "node_k": 2,
              "node_l": 3,
              "permittivity": 8.677104056544001e-11,
              "thickness": 0.001
            }
          ],
          "nodes": [
            {
              "charge_density": 0.0,
              "fix_potential": true,
              "id": "ground_left_bottom",
              "potential": 0.0,
              "x": 0.0,
              "y": 0.0
            },
            {
              "charge_density": 0.0,
              "fix_potential": true,
              "id": "drive_right_bottom",
              "potential": 3321,
              "x": 0.04,
              "y": 0.0
            },
            {
              "charge_density": 0.0,
              "fix_potential": true,
              "id": "drive_right_top",
              "potential": 3321,
              "x": 0.04,
              "y": 0.02
            },
            {
              "charge_density": 0.0,
              "fix_potential": true,
              "id": "ground_left_top",
              "potential": 0.0,
              "x": 0.0,
              "y": 0.02
            }
          ]
        },
        "research": {
          "breakdown_field_v_m": 130000000.0,
          "candidate_id": "alumina_96",
          "candidate_label": "Alumina 96%",
          "dissipation_factor": 0.0002,
          "family": "ceramic",
          "note": "ceramic substrate candidate with low loss but high mass",
          "objective": "maximize electric breakdown margin with low loss and low mass",
          "relative_permittivity": 9.8,
          "study": "material.dielectric_screening.v1"
        }
      },
      "result_preview": {
        "job": {
          "created_at": "2026-08-13T10:36:52.179950Z",
          "execution_started_at": null,
          "execution_timeout_ms": 120000,
          "has_result": false,
          "iteration": null,
          "job_id": "ae9f124427348697",
          "message": null,
          "model_version_id": null,
          "progress": 0.0,
          "project_id": "ce77192262464785",
          "queue_timeout_ms": 1800000,
          "residual": null,
          "simulation_case_id": "285a3328a927711d",
          "status": "queued",
          "status_detail": {
            "active": true,
            "failure_class": null,
            "lifecycle": "active",
            "recoverable": false,
            "terminal": false,
            "timing": {
              "effective_deadline": "2026-08-13T11:06:52.179950Z",
              "effective_timeout_ms": 1800000,
              "execution_elapsed_ms": null,
              "execution_started_at": null,
              "execution_timeout_ms": 120000,
              "job_submission_deadline": "2026-08-13T11:06:52.179950Z",
              "phase": "queue",
              "queue_timeout_ms": 1800000,
              "queue_wait_ms": 0,
              "total_elapsed_ms": 0
            }
          },
          "updated_at": "2026-08-13T10:36:52.179950Z",
          "worker_id": null
        },
        "job_id": "ae9f124427348697",
        "progress": 0.0,
        "raw": {
          "job": {
            "created_at": "2026-08-13T10:36:52.179950Z",
            "execution_started_at": null,
            "execution_timeout_ms": 120000,
            "has_result": false,
            "iteration": null,
            "job_id": "ae9f124427348697",
            "message": null,
            "model_version_id": null,
            "progress": 0.0,
            "project_id": "ce77192262464785",
            "queue_timeout_ms": 1800000,
            "residual": null,
            "simulation_case_id": "285a3328a927711d",
            "status": "queued",
            "status_detail": {
              "active": true,
              "failure_class": null,
              "lifecycle": "active",
              "recoverable": false,
              "terminal": false,
              "timing": {
                "effective_deadline": "2026-08-13T11:06:52.179950Z",
                "effective_timeout_ms": 1800000,
                "execution_elapsed_ms": null,
                "execution_started_at": null,
                "execution_timeout_ms": 120000,
                "job_submission_deadline": "2026-08-13T11:06:52.179950Z",
                "phase": "queue",
                "queue_timeout_ms": 1800000,
                "queue_wait_ms": 0,
                "total_elapsed_ms": 0
              }
            },
            "updated_at": "2026-08-13T10:36:52.179950Z",
            "worker_id": null
          }
        },
        "status": "queued"
      },
      "requires_confirmation": false
    },
    {
      "index": 5,
      "action": "job_wait",
      "risk": "normal",
      "status": "executed",
      "payload": {
        "interval_ms": 1000,
        "job_id": "ae9f124427348697",
        "max_total_timeout_ms": 3600000,
        "resume_policy": "server_deadline",
        "timeout_ms": 60000
      },
      "result_preview": {
        "job": {
          "created_at": "2026-08-13T10:36:52.179950Z",
          "execution_started_at": "2026-08-13T10:36:52.246891Z",
          "execution_timeout_ms": 120000,
          "iteration": 4,
          "job_id": "ae9f124427348697",
          "message": "collecting nodal and elemental responses",
          "model_version_id": null,
          "progress": 1.0,
          "project_id": "ce77192262464785",
          "queue_timeout_ms": 1800000,
          "residual": 0.2,
          "simulation_case_id": "285a3328a927711d",
          "status": "completed",
          "status_detail": {
            "active": false,
            "failure_class": null,
            "lifecycle": "terminal",
            "recoverable": false,
            "terminal": true,
            "timing": {
              "effective_deadline": "2026-08-13T10:38:52.246891Z",
              "effective_timeout_ms": 120000,
              "execution_elapsed_ms": 1701,
              "execution_started_at": "2026-08-13T10:36:52.246891Z",
              "execution_timeout_ms": 120000,
              "job_submission_deadline": "2026-08-13T11:06:52.179950Z",
              "phase": "execution",
              "queue_timeout_ms": 1800000,
              "queue_wait_ms": 66,
              "total_elapsed_ms": 1768
            }
          },
          "updated_at": "2026-08-13T10:36:53.948002Z",
          "worker_id": "rust-agent-rpc@127.0.0.1:5002"
        },
        "job_id": "ae9f124427348697",
        "progress": 1.0,
        "raw": {
          "job": {
            "created_at": "2026-08-13T10:36:52.179950Z",
            "execution_started_at": "2026-08-13T10:36:52.246891Z",
            "execution_timeout_ms": 120000,
            "iteration": 4,
            "job_id": "ae9f124427348697",
            "message": "collecting nodal and elemental responses",
            "model_version_id": null,
            "progress": 1.0,
            "project_id": "ce77192262464785",
            "queue_timeout_ms": 1800000,
            "residual": 0.2,
            "simulation_case_id": "285a3328a927711d",
            "status": "completed",
            "status_detail": {
              "active": false,
              "failure_class": null,
              "lifecycle": "terminal",
              "recoverable": false,
              "terminal": true,
              "timing": {
                "effective_deadline": "2026-08-13T10:38:52.246891Z",
                "effective_timeout_ms": 120000,
                "execution_elapsed_ms": 1701,
                "execution_started_at": "2026-08-13T10:36:52.246891Z",
                "execution_timeout_ms": 120000,
                "job_submission_deadline": "2026-08-13T11:06:52.179950Z",
                "phase": "execution",
                "queue_timeout_ms": 1800000,
                "queue_wait_ms": 66,
                "total_elapsed_ms": 1768
              }
            },
            "updated_at": "2026-08-13T10:36:53.948002Z",
            "worker_id": "rust-agent-rpc@127.0.0.1:5002"
          }
        },
        "result": null,
        "status": "completed",
        "wait": {
          "elapsed_ms": 2110,
          "policy": "server_deadline",
          "poll_attempts": 3,
          "resume_count": 0
        }
      },
      "requires_confirmation": false
    },
    {
      "index": 6,
      "action": "result_fetch",
      "risk": "normal",
      "status": "executed",
      "payload": {
        "job_id": "ae9f124427348697"
      },
      "result_preview": {
        "job": {
          "created_at": "2026-08-13T10:36:52.179950Z",
          "execution_started_at": "2026-08-13T10:36:52.246891Z",
          "execution_timeout_ms": 120000,
          "has_result": true,
          "iteration": 4,
          "job_id": "ae9f124427348697",
          "message": "collecting nodal and elemental responses",
          "model_version_id": null,
          "progress": 1.0,
          "project_id": "ce77192262464785",
          "queue_timeout_ms": 1800000,
          "residual": 0.2,
          "simulation_case_id": "285a3328a927711d",
          "status": "completed",
          "status_detail": {
            "active": false,
            "failure_class": null,
            "lifecycle": "terminal",
            "recoverable": false,
            "terminal": true,
            "timing": {
              "effective_deadline": "2026-08-13T10:38:52.246891Z",
              "effective_timeout_ms": 120000,
              "execution_elapsed_ms": 1701,
              "execution_started_at": "2026-08-13T10:36:52.246891Z",
              "execution_timeout_ms": 120000,
              "job_submission_deadline": "2026-08-13T11:06:52.179950Z",
              "phase": "execution",
              "queue_timeout_ms": 1800000,
              "queue_wait_ms": 66,
              "total_elapsed_ms": 1768
            }
          },
          "updated_at": "2026-08-13T10:36:53.948002Z",
          "worker_id": "rust-agent-rpc@127.0.0.1:5002"
        },
        "job_id": "ae9f124427348697",
        "result": {
          "elements": [
            {
              "area": 0.0008,
              "average_potential": 1660.5,
              "electric_energy_density": 0.2990629262527816,
              "electric_field_magnitude": 83025.0,
              "electric_field_x": -83025.0,
              "electric_field_y": -0.0,
              "electric_flux_density_magnitude": 7.2041656429456565e-6,
              "electric_flux_density_x": -7.2041656429456565e-6,
              "electric_flux_density_y": -0.0,
              "id": "dielectric_alumina_96",
              "index": 0,
              "node_i": 0,
              "node_j": 1,
              "node_k": 2,
              "node_l": 3,
              "potential_gradient_x": 83025.0,
              "potential_gradient_y": 0.0,
              "stored_energy": 2.392503410022253e-7
            }
          ],
          "input": {
            "elements": [
              {
                "id": "dielectric_alumina_96",
                "node_i": 0,
                "node_j": 1,
                "node_k": 2,
                "node_l": 3,
                "permittivity": 8.677104056544001e-11,
                "thickness": 0.001
              }
            ],
            "nodes": [
              {
                "charge_density": 0.0,
                "fix_potential": true,
                "id": "ground_left_bottom",
                "potential": 0.0,
                "x": 0.0,
                "y": 0.0
              },
              {
                "charge_density": 0.0,
                "fix_potential": true,
                "id": "drive_right_bottom",
                "potential": 3321.0,
                "x": 0.04,
                "y": 0.0
              },
              {
                "charge_density": 0.0,
                "fix_potential": true,
                "id": "drive_right_top",
                "potential": 3321.0,
                "x": 0.04,
                "y": 0.02
              },
              {
                "charge_density": 0.0,
                "fix_potential": true,
                "id": "ground_left_top",
                "potential": 0.0,
                "x": 0.0,
                "y": 0.02
              }
            ]
          },
          "max_electric_energy_density": 0.2990629262527816,
          "max_electric_field": 83025.0,
          "max_flux_density": 7.2041656429456565e-6,
          "max_potential": 3321.0,
          "nodes": [
            {
              "charge_density": 0.0,
              "id": "ground_left_bottom",
              "index": 0,
              "potential": 0.0,
              "x": 0.0,
              "y": 0.0
            },
            {
              "charge_density": 0.0,
              "id": "drive_right_bottom",
              "index": 1,
              "potential": 3321.0,
              "x": 0.04,
              "y": 0.0
            },
            {
              "charge_density": 0.0,
              "id": "drive_right_top",
              "index": 2,
              "potential": 3321.0,
              "x": 0.04,
              "y": 0.02
            },
            {
              "charge_density": 0.0,
              "id": "ground_left_top",
              "index": 3,
              "potential": 0.0,
              "x": 0.0,
              "y": 0.02
            }
          ],
          "total_stored_energy": 2.392503410022253e-7
        },
        "status": "completed"
      },
      "requires_confirmation": false
    },
    {
      "index": 7,
      "action": "solve_electrostatic_plane_quad_2d",
      "risk": "normal",
      "status": "executed",
      "payload": {
        "model": {
          "elements": [
            {
              "id": "dielectric_ptfe",
              "node_i": 0,
              "node_j": 1,
              "node_k": 2,
              "node_l": 3,
              "permittivity": 1.859379440688e-11,
              "thickness": 0.001
            }
          ],
          "nodes": [
            {
              "charge_density": 0.0,
              "fix_potential": true,
              "id": "ground_left_bottom",
              "potential": 0.0,
              "x": 0.0,
              "y": 0.0
            },
            {
              "charge_density": 0.0,
              "fix_potential": true,
              "id": "drive_right_bottom",
              "potential": 3321,
              "x": 0.04,
              "y": 0.0
            },
            {
              "charge_density": 0.0,
              "fix_potential": true,
              "id": "drive_right_top",
              "potential": 3321,
              "x": 0.04,
              "y": 0.02
            },
            {
              "charge_density": 0.0,
              "fix_potential": true,
              "id": "ground_left_top",
              "potential": 0.0,
              "x": 0.0,
              "y": 0.02
            }
          ]
        },
        "research": {
          "breakdown_field_v_m": 60000000.0,
          "candidate_id": "ptfe",
          "candidate_label": "PTFE",
          "dissipation_factor": 0.0002,
          "family": "polymer",
          "note": "low-loss polymer candidate with weaker breakdown margin",
          "objective": "maximize electric breakdown margin with low loss and low mass",
          "relative_permittivity": 2.1,
          "study": "material.dielectric_screening.v1"
        }
      },
      "result_preview": {
        "job": {
          "created_at": "2026-08-13T10:36:54.346366Z",
          "execution_started_at": null,
          "execution_timeout_ms": 120000,
          "has_result": false,
          "iteration": null,
          "job_id": "ccfd62aa21f1cee3",
          "message": null,
          "model_version_id": null,
          "progress": 0.0,
          "project_id": "f43e629273643aad",
          "queue_timeout_ms": 1800000,
          "residual": null,
          "simulation_case_id": "9cd95ec24734e5b5",
          "status": "queued",
          "status_detail": {
            "active": true,
            "failure_class": null,
            "lifecycle": "active",
            "recoverable": false,
            "terminal": false,
            "timing": {
              "effective_deadline": "2026-08-13T11:06:54.346366Z",
              "effective_timeout_ms": 1800000,
              "execution_elapsed_ms": null,
              "execution_started_at": null,
              "execution_timeout_ms": 120000,
              "job_submission_deadline": "2026-08-13T11:06:54.346366Z",
              "phase": "queue",
              "queue_timeout_ms": 1800000,
              "queue_wait_ms": 0,
              "total_elapsed_ms": 0
            }
          },
          "updated_at": "2026-08-13T10:36:54.346366Z",
          "worker_id": null
        },
        "job_id": "ccfd62aa21f1cee3",
        "progress": 0.0,
        "raw": {
          "job": {
            "created_at": "2026-08-13T10:36:54.346366Z",
            "execution_started_at": null,
            "execution_timeout_ms": 120000,
            "has_result": false,
            "iteration": null,
            "job_id": "ccfd62aa21f1cee3",
            "message": null,
            "model_version_id": null,
            "progress": 0.0,
            "project_id": "f43e629273643aad",
            "queue_timeout_ms": 1800000,
            "residual": null,
            "simulation_case_id": "9cd95ec24734e5b5",
            "status": "queued",
            "status_detail": {
              "active": true,
              "failure_class": null,
              "lifecycle": "active",
              "recoverable": false,
              "terminal": false,
              "timing": {
                "effective_deadline": "2026-08-13T11:06:54.346366Z",
                "effective_timeout_ms": 1800000,
                "execution_elapsed_ms": null,
                "execution_started_at": null,
                "execution_timeout_ms": 120000,
                "job_submission_deadline": "2026-08-13T11:06:54.346366Z",
                "phase": "queue",
                "queue_timeout_ms": 1800000,
                "queue_wait_ms": 0,
                "total_elapsed_ms": 0
              }
            },
            "updated_at": "2026-08-13T10:36:54.346366Z",
            "worker_id": null
          }
        },
        "status": "queued"
      },
      "requires_confirmation": false
    },
    {
      "index": 8,
      "action": "job_wait",
      "risk": "normal",
      "status": "executed",
      "payload": {
        "interval_ms": 1000,
        "job_id": "ccfd62aa21f1cee3",
        "max_total_timeout_ms": 3600000,
        "resume_policy": "server_deadline",
        "timeout_ms": 60000
      },
      "result_preview": {
        "job": {
          "created_at": "2026-08-13T10:36:54.346366Z",
          "execution_started_at": "2026-08-13T10:36:54.423913Z",
          "execution_timeout_ms": 120000,
          "iteration": 4,
          "job_id": "ccfd62aa21f1cee3",
          "message": "collecting nodal and elemental responses",
          "model_version_id": null,
          "progress": 1.0,
          "project_id": "f43e629273643aad",
          "queue_timeout_ms": 1800000,
          "residual": 0.2,
          "simulation_case_id": "9cd95ec24734e5b5",
          "status": "completed",
          "status_detail": {
            "active": false,
            "failure_class": null,
            "lifecycle": "terminal",
            "recoverable": false,
            "terminal": true,
            "timing": {
              "effective_deadline": "2026-08-13T10:38:54.423913Z",
              "effective_timeout_ms": 120000,
              "execution_elapsed_ms": 1789,
              "execution_started_at": "2026-08-13T10:36:54.423913Z",
              "execution_timeout_ms": 120000,
              "job_submission_deadline": "2026-08-13T11:06:54.346366Z",
              "phase": "execution",
              "queue_timeout_ms": 1800000,
              "queue_wait_ms": 77,
              "total_elapsed_ms": 1867
            }
          },
          "updated_at": "2026-08-13T10:36:56.213725Z",
          "worker_id": "rust-agent-rpc@127.0.0.1:5001"
        },
        "job_id": "ccfd62aa21f1cee3",
        "progress": 1.0,
        "raw": {
          "job": {
            "created_at": "2026-08-13T10:36:54.346366Z",
            "execution_started_at": "2026-08-13T10:36:54.423913Z",
            "execution_timeout_ms": 120000,
            "iteration": 4,
            "job_id": "ccfd62aa21f1cee3",
            "message": "collecting nodal and elemental responses",
            "model_version_id": null,
            "progress": 1.0,
            "project_id": "f43e629273643aad",
            "queue_timeout_ms": 1800000,
            "residual": 0.2,
            "simulation_case_id": "9cd95ec24734e5b5",
            "status": "completed",
            "status_detail": {
              "active": false,
              "failure_class": null,
              "lifecycle": "terminal",
              "recoverable": false,
              "terminal": true,
              "timing": {
                "effective_deadline": "2026-08-13T10:38:54.423913Z",
                "effective_timeout_ms": 120000,
                "execution_elapsed_ms": 1789,
                "execution_started_at": "2026-08-13T10:36:54.423913Z",
                "execution_timeout_ms": 120000,
                "job_submission_deadline": "2026-08-13T11:06:54.346366Z",
                "phase": "execution",
                "queue_timeout_ms": 1800000,
                "queue_wait_ms": 77,
                "total_elapsed_ms": 1867
              }
            },
            "updated_at": "2026-08-13T10:36:56.213725Z",
            "worker_id": "rust-agent-rpc@127.0.0.1:5001"
          }
        },
        "result": null,
        "status": "completed",
        "wait": {
          "elapsed_ms": 2456,
          "policy": "server_deadline",
          "poll_attempts": 3,
          "resume_count": 0
        }
      },
      "requires_confirmation": false
    },
    {
      "index": 9,
      "action": "result_fetch",
      "risk": "normal",
      "status": "executed",
      "payload": {
        "job_id": "ccfd62aa21f1cee3"
      },
      "result_preview": {
        "job": {
          "created_at": "2026-08-13T10:36:54.346366Z",
          "execution_started_at": "2026-08-13T10:36:54.423913Z",
          "execution_timeout_ms": 120000,
          "has_result": true,
          "iteration": 4,
          "job_id": "ccfd62aa21f1cee3",
          "message": "collecting nodal and elemental responses",
          "model_version_id": null,
          "progress": 1.0,
          "project_id": "f43e629273643aad",
          "queue_timeout_ms": 1800000,
          "residual": 0.2,
          "simulation_case_id": "9cd95ec24734e5b5",
          "status": "completed",
          "status_detail": {
            "active": false,
            "failure_class": null,
            "lifecycle": "terminal",
            "recoverable": false,
            "terminal": true,
            "timing": {
              "effective_deadline": "2026-08-13T10:38:54.423913Z",
              "effective_timeout_ms": 120000,
              "execution_elapsed_ms": 1789,
              "execution_started_at": "2026-08-13T10:36:54.423913Z",
              "execution_timeout_ms": 120000,
              "job_submission_deadline": "2026-08-13T11:06:54.346366Z",
              "phase": "execution",
              "queue_timeout_ms": 1800000,
              "queue_wait_ms": 77,
              "total_elapsed_ms": 1867
            }
          },
          "updated_at": "2026-08-13T10:36:56.213725Z",
          "worker_id": "rust-agent-rpc@127.0.0.1:5001"
        },
        "job_id": "ccfd62aa21f1cee3",
        "result": {
          "elements": [
            {
              "area": 0.0008,
              "average_potential": 1660.5,
              "electric_energy_density": 0.06408491276845318,
              "electric_field_magnitude": 83025.0,
              "electric_field_x": -83025.0,
              "electric_field_y": -0.0,
              "electric_flux_density_magnitude": 1.543749780631212e-6,
              "electric_flux_density_x": -1.543749780631212e-6,
              "electric_flux_density_y": -0.0,
              "id": "dielectric_ptfe",
              "index": 0,
              "node_i": 0,
              "node_j": 1,
              "node_k": 2,
              "node_l": 3,
              "potential_gradient_x": 83025.0,
              "potential_gradient_y": 0.0,
              "stored_energy": 5.1267930214762554e-8
            }
          ],
          "input": {
            "elements": [
              {
                "id": "dielectric_ptfe",
                "node_i": 0,
                "node_j": 1,
                "node_k": 2,
                "node_l": 3,
                "permittivity": 1.859379440688e-11,
                "thickness": 0.001
              }
            ],
            "nodes": [
              {
                "charge_density": 0.0,
                "fix_potential": true,
                "id": "ground_left_bottom",
                "potential": 0.0,
                "x": 0.0,
                "y": 0.0
              },
              {
                "charge_density": 0.0,
                "fix_potential": true,
                "id": "drive_right_bottom",
                "potential": 3321.0,
                "x": 0.04,
                "y": 0.0
              },
              {
                "charge_density": 0.0,
                "fix_potential": true,
                "id": "drive_right_top",
                "potential": 3321.0,
                "x": 0.04,
                "y": 0.02
              },
              {
                "charge_density": 0.0,
                "fix_potential": true,
                "id": "ground_left_top",
                "potential": 0.0,
                "x": 0.0,
                "y": 0.02
              }
            ]
          },
          "max_electric_energy_density": 0.06408491276845318,
          "max_electric_field": 83025.0,
          "max_flux_density": 1.543749780631212e-6,
          "max_potential": 3321.0,
          "nodes": [
            {
              "charge_density": 0.0,
              "id": "ground_left_bottom",
              "index": 0,
              "potential": 0.0,
              "x": 0.0,
              "y": 0.0
            },
            {
              "charge_density": 0.0,
              "id": "drive_right_bottom",
              "index": 1,
              "potential": 3321.0,
              "x": 0.04,
              "y": 0.0
            },
            {
              "charge_density": 0.0,
              "id": "drive_right_top",
              "index": 2,
              "potential": 3321.0,
              "x": 0.04,
              "y": 0.02
            },
            {
              "charge_density": 0.0,
              "id": "ground_left_top",
              "index": 3,
              "potential": 0.0,
              "x": 0.0,
              "y": 0.02
            }
          ],
          "total_stored_energy": 5.1267930214762554e-8
        },
        "status": "completed"
      },
      "requires_confirmation": false
    }
  ]
}
