{
  "schema_version": "kyuubiki.headless-execution-run/v1",
  "workflow_id": "template.material_dielectric_screening",
  "mode": "execute:service",
  "status": "ok",
  "executed_step_count": 9,
  "warning_count": 0,
  "blocked_by_confirmation": null,
  "validation": {
    "ok": true,
    "issue_count": 0,
    "issues": [],
    "warning_count": 0,
    "warnings": [],
    "summary": {
      "schema_version": "kyuubiki.headless-execution-batch/v1",
      "workflow_id": "template.material_dielectric_screening",
      "template_id": "material_dielectric_screening",
      "exported_at": "1970-01-01T00:00:00.000Z",
      "language": "en",
      "step_count": 9,
      "warning_count": 0,
      "actions": [
        "solve_electrostatic_plane_quad_2d",
        "job_wait",
        "result_fetch",
        "solve_electrostatic_plane_quad_2d",
        "job_wait",
        "result_fetch",
        "solve_electrostatic_plane_quad_2d",
        "job_wait",
        "result_fetch"
      ]
    },
    "policy": {
      "required_engines": [
        "service"
      ],
      "engine_counts": {
        "service": 9,
        "browser": 0
      },
      "risk_counts": {
        "normal": 9,
        "sensitive": 0,
        "destructive": 0
      },
      "recommended_runtime": "service_only",
      "needs_desktop_browser": false,
      "safe_for_service_only": true,
      "notes": []
    }
  },
  "execution_summary": {
    "schema_version": "kyuubiki.headless-execution-summary/v1",
    "job_count": 3,
    "job_ids": [
      "0c7029f5cf6a2d32",
      "87dd64316e5fc189",
      "4a7d13543f439634"
    ],
    "jobs": [
      {
        "job_id": "0c7029f5cf6a2d32",
        "status": "completed",
        "worker_id": "rust-agent-rpc@127.0.0.1:5002",
        "phase": "execution",
        "created_at": "2026-08-13T10:35:47.893643Z",
        "execution_started_at": "2026-08-13T10:35:47.900866Z",
        "updated_at": "2026-08-13T10:35:48.974680Z",
        "queue_wait_ms": 7,
        "execution_elapsed_ms": 1073,
        "total_elapsed_ms": 1081,
        "effective_timeout_ms": 120000,
        "effective_deadline": "2026-08-13T10:37:47.900866Z"
      },
      {
        "job_id": "87dd64316e5fc189",
        "status": "completed",
        "worker_id": "rust-agent-rpc@127.0.0.1:5001",
        "phase": "execution",
        "created_at": "2026-08-13T10:35:49.957493Z",
        "execution_started_at": "2026-08-13T10:35:49.966376Z",
        "updated_at": "2026-08-13T10:35:51.026153Z",
        "queue_wait_ms": 8,
        "execution_elapsed_ms": 1059,
        "total_elapsed_ms": 1068,
        "effective_timeout_ms": 120000,
        "effective_deadline": "2026-08-13T10:37:49.966376Z"
      },
      {
        "job_id": "4a7d13543f439634",
        "status": "completed",
        "worker_id": "rust-agent-rpc@127.0.0.1:5002",
        "phase": "execution",
        "created_at": "2026-08-13T10:35:52.021892Z",
        "execution_started_at": "2026-08-13T10:35:52.032967Z",
        "updated_at": "2026-08-13T10:35:53.045912Z",
        "queue_wait_ms": 11,
        "execution_elapsed_ms": 1012,
        "total_elapsed_ms": 1024,
        "effective_timeout_ms": 120000,
        "effective_deadline": "2026-08-13T10:37:52.032967Z"
      }
    ],
    "failure": null
  },
  "steps": [
    {
      "index": 1,
      "action": "solve_electrostatic_plane_quad_2d",
      "risk": "normal",
      "status": "executed",
      "payload": {
        "model": {
          "elements": [
            {
              "id": "dielectric_polyimide_film",
              "node_i": 0,
              "node_j": 1,
              "node_k": 2,
              "node_l": 3,
              "permittivity": 3.010423856352e-11,
              "thickness": 0.001
            }
          ],
          "nodes": [
            {
              "charge_density": 0.0,
              "fix_potential": true,
              "id": "ground_left_bottom",
              "potential": 0.0,
              "x": 0.0,
              "y": 0.0
            },
            {
              "charge_density": 0.0,
              "fix_potential": true,
              "id": "drive_right_bottom",
              "potential": 900,
              "x": 0.04,
              "y": 0.0
            },
            {
              "charge_density": 0.0,
              "fix_potential": true,
              "id": "drive_right_top",
              "potential": 900,
              "x": 0.04,
              "y": 0.02
            },
            {
              "charge_density": 0.0,
              "fix_potential": true,
              "id": "ground_left_top",
              "potential": 0.0,
              "x": 0.0,
              "y": 0.02
            }
          ]
        },
        "research": {
          "breakdown_field_v_m": 300000000.0,
          "candidate_id": "polyimide_film",
          "candidate_label": "Polyimide film",
          "dissipation_factor": 0.002,
          "family": "polymer",
          "note": "flexible high-breakdown film baseline",
          "objective": "maximize electric breakdown margin with low loss and low mass",
          "relative_permittivity": 3.4,
          "study": "material.dielectric_screening.v1"
        }
      },
      "result_preview": {
        "job": {
          "created_at": "2026-08-13T10:35:47.893643Z",
          "execution_started_at": null,
          "execution_timeout_ms": 120000,
          "has_result": false,
          "iteration": null,
          "job_id": "0c7029f5cf6a2d32",
          "message": null,
          "model_version_id": null,
          "progress": 0.0,
          "project_id": "019dfe748d7b4ad3",
          "queue_timeout_ms": 1800000,
          "residual": null,
          "simulation_case_id": "995d43fc5df1f596",
          "status": "queued",
          "status_detail": {
            "active": true,
            "failure_class": null,
            "lifecycle": "active",
            "recoverable": false,
            "terminal": false,
            "timing": {
              "effective_deadline": "2026-08-13T11:05:47.893643Z",
              "effective_timeout_ms": 1800000,
              "execution_elapsed_ms": null,
              "execution_started_at": null,
              "execution_timeout_ms": 120000,
              "job_submission_deadline": "2026-08-13T11:05:47.893643Z",
              "phase": "queue",
              "queue_timeout_ms": 1800000,
              "queue_wait_ms": 0,
              "total_elapsed_ms": 0
            }
          },
          "updated_at": "2026-08-13T10:35:47.893643Z",
          "worker_id": null
        },
        "job_id": "0c7029f5cf6a2d32",
        "progress": 0.0,
        "raw": {
          "job": {
            "created_at": "2026-08-13T10:35:47.893643Z",
            "execution_started_at": null,
            "execution_timeout_ms": 120000,
            "has_result": false,
            "iteration": null,
            "job_id": "0c7029f5cf6a2d32",
            "message": null,
            "model_version_id": null,
            "progress": 0.0,
            "project_id": "019dfe748d7b4ad3",
            "queue_timeout_ms": 1800000,
            "residual": null,
            "simulation_case_id": "995d43fc5df1f596",
            "status": "queued",
            "status_detail": {
              "active": true,
              "failure_class": null,
              "lifecycle": "active",
              "recoverable": false,
              "terminal": false,
              "timing": {
                "effective_deadline": "2026-08-13T11:05:47.893643Z",
                "effective_timeout_ms": 1800000,
                "execution_elapsed_ms": null,
                "execution_started_at": null,
                "execution_timeout_ms": 120000,
                "job_submission_deadline": "2026-08-13T11:05:47.893643Z",
                "phase": "queue",
                "queue_timeout_ms": 1800000,
                "queue_wait_ms": 0,
                "total_elapsed_ms": 0
              }
            },
            "updated_at": "2026-08-13T10:35:47.893643Z",
            "worker_id": null
          }
        },
        "status": "queued"
      },
      "requires_confirmation": false
    },
    {
      "index": 2,
      "action": "job_wait",
      "risk": "normal",
      "status": "executed",
      "payload": {
        "interval_ms": 1000,
        "job_id": "0c7029f5cf6a2d32",
        "max_total_timeout_ms": 3600000,
        "resume_policy": "server_deadline",
        "timeout_ms": 60000
      },
      "result_preview": {
        "job": {
          "created_at": "2026-08-13T10:35:47.893643Z",
          "execution_started_at": "2026-08-13T10:35:47.900866Z",
          "execution_timeout_ms": 120000,
          "iteration": 4,
          "job_id": "0c7029f5cf6a2d32",
          "message": "collecting nodal and elemental responses",
          "model_version_id": null,
          "progress": 1.0,
          "project_id": "019dfe748d7b4ad3",
          "queue_timeout_ms": 1800000,
          "residual": 0.2,
          "simulation_case_id": "995d43fc5df1f596",
          "status": "completed",
          "status_detail": {
            "active": false,
            "failure_class": null,
            "lifecycle": "terminal",
            "recoverable": false,
            "terminal": true,
            "timing": {
              "effective_deadline": "2026-08-13T10:37:47.900866Z",
              "effective_timeout_ms": 120000,
              "execution_elapsed_ms": 1073,
              "execution_started_at": "2026-08-13T10:35:47.900866Z",
              "execution_timeout_ms": 120000,
              "job_submission_deadline": "2026-08-13T11:05:47.893643Z",
              "phase": "execution",
              "queue_timeout_ms": 1800000,
              "queue_wait_ms": 7,
              "total_elapsed_ms": 1081
            }
          },
          "updated_at": "2026-08-13T10:35:48.974680Z",
          "worker_id": "rust-agent-rpc@127.0.0.1:5002"
        },
        "job_id": "0c7029f5cf6a2d32",
        "progress": 1.0,
        "raw": {
          "job": {
            "created_at": "2026-08-13T10:35:47.893643Z",
            "execution_started_at": "2026-08-13T10:35:47.900866Z",
            "execution_timeout_ms": 120000,
            "iteration": 4,
            "job_id": "0c7029f5cf6a2d32",
            "message": "collecting nodal and elemental responses",
            "model_version_id": null,
            "progress": 1.0,
            "project_id": "019dfe748d7b4ad3",
            "queue_timeout_ms": 1800000,
            "residual": 0.2,
            "simulation_case_id": "995d43fc5df1f596",
            "status": "completed",
            "status_detail": {
              "active": false,
              "failure_class": null,
              "lifecycle": "terminal",
              "recoverable": false,
              "terminal": true,
              "timing": {
                "effective_deadline": "2026-08-13T10:37:47.900866Z",
                "effective_timeout_ms": 120000,
                "execution_elapsed_ms": 1073,
                "execution_started_at": "2026-08-13T10:35:47.900866Z",
                "execution_timeout_ms": 120000,
                "job_submission_deadline": "2026-08-13T11:05:47.893643Z",
                "phase": "execution",
                "queue_timeout_ms": 1800000,
                "queue_wait_ms": 7,
                "total_elapsed_ms": 1081
              }
            },
            "updated_at": "2026-08-13T10:35:48.974680Z",
            "worker_id": "rust-agent-rpc@127.0.0.1:5002"
          }
        },
        "result": null,
        "status": "completed",
        "wait": {
          "elapsed_ms": 2041,
          "policy": "server_deadline",
          "poll_attempts": 3,
          "resume_count": 0
        }
      },
      "requires_confirmation": false
    },
    {
      "index": 3,
      "action": "result_fetch",
      "risk": "normal",
      "status": "executed",
      "payload": {
        "job_id": "0c7029f5cf6a2d32"
      },
      "result_preview": {
        "job": {
          "created_at": "2026-08-13T10:35:47.893643Z",
          "execution_started_at": "2026-08-13T10:35:47.900866Z",
          "execution_timeout_ms": 120000,
          "has_result": true,
          "iteration": 4,
          "job_id": "0c7029f5cf6a2d32",
          "message": "collecting nodal and elemental responses",
          "model_version_id": null,
          "progress": 1.0,
          "project_id": "019dfe748d7b4ad3",
          "queue_timeout_ms": 1800000,
          "residual": 0.2,
          "simulation_case_id": "995d43fc5df1f596",
          "status": "completed",
          "status_detail": {
            "active": false,
            "failure_class": null,
            "lifecycle": "terminal",
            "recoverable": false,
            "terminal": true,
            "timing": {
              "effective_deadline": "2026-08-13T10:37:47.900866Z",
              "effective_timeout_ms": 120000,
              "execution_elapsed_ms": 1073,
              "execution_started_at": "2026-08-13T10:35:47.900866Z",
              "execution_timeout_ms": 120000,
              "job_submission_deadline": "2026-08-13T11:05:47.893643Z",
              "phase": "execution",
              "queue_timeout_ms": 1800000,
              "queue_wait_ms": 7,
              "total_elapsed_ms": 1081
            }
          },
          "updated_at": "2026-08-13T10:35:48.974680Z",
          "worker_id": "rust-agent-rpc@127.0.0.1:5002"
        },
        "job_id": "0c7029f5cf6a2d32",
        "result": {
          "elements": [
            {
              "area": 0.0008,
              "average_potential": 450.0,
              "electric_energy_density": 0.007620135386391,
              "electric_field_magnitude": 22500.0,
              "electric_field_x": -22500.0,
              "electric_field_y": -0.0,
              "electric_flux_density_magnitude": 6.773453676792e-7,
              "electric_flux_density_x": -6.773453676792e-7,
              "electric_flux_density_y": -0.0,
              "id": "dielectric_polyimide_film",
              "index": 0,
              "node_i": 0,
              "node_j": 1,
              "node_k": 2,
              "node_l": 3,
              "potential_gradient_x": 22500.0,
              "potential_gradient_y": 0.0,
              "stored_energy": 6.096108309112801e-9
            }
          ],
          "input": {
            "elements": [
              {
                "id": "dielectric_polyimide_film",
                "node_i": 0,
                "node_j": 1,
                "node_k": 2,
                "node_l": 3,
                "permittivity": 3.010423856352e-11,
                "thickness": 0.001
              }
            ],
            "nodes": [
              {
                "charge_density": 0.0,
                "fix_potential": true,
                "id": "ground_left_bottom",
                "potential": 0.0,
                "x": 0.0,
                "y": 0.0
              },
              {
                "charge_density": 0.0,
                "fix_potential": true,
                "id": "drive_right_bottom",
                "potential": 900.0,
                "x": 0.04,
                "y": 0.0
              },
              {
                "charge_density": 0.0,
                "fix_potential": true,
                "id": "drive_right_top",
                "potential": 900.0,
                "x": 0.04,
                "y": 0.02
              },
              {
                "charge_density": 0.0,
                "fix_potential": true,
                "id": "ground_left_top",
                "potential": 0.0,
                "x": 0.0,
                "y": 0.02
              }
            ]
          },
          "max_electric_energy_density": 0.007620135386391,
          "max_electric_field": 22500.0,
          "max_flux_density": 6.773453676792e-7,
          "max_potential": 900.0,
          "nodes": [
            {
              "charge_density": 0.0,
              "id": "ground_left_bottom",
              "index": 0,
              "potential": 0.0,
              "x": 0.0,
              "y": 0.0
            },
            {
              "charge_density": 0.0,
              "id": "drive_right_bottom",
              "index": 1,
              "potential": 900.0,
              "x": 0.04,
              "y": 0.0
            },
            {
              "charge_density": 0.0,
              "id": "drive_right_top",
              "index": 2,
              "potential": 900.0,
              "x": 0.04,
              "y": 0.02
            },
            {
              "charge_density": 0.0,
              "id": "ground_left_top",
              "index": 3,
              "potential": 0.0,
              "x": 0.0,
              "y": 0.02
            }
          ],
          "total_stored_energy": 6.096108309112801e-9
        },
        "status": "completed"
      },
      "requires_confirmation": false
    },
    {
      "index": 4,
      "action": "solve_electrostatic_plane_quad_2d",
      "risk": "normal",
      "status": "executed",
      "payload": {
        "model": {
          "elements": [
            {
              "id": "dielectric_alumina_96",
              "node_i": 0,
              "node_j": 1,
              "node_k": 2,
              "node_l": 3,
              "permittivity": 8.677104056544001e-11,
              "thickness": 0.001
            }
          ],
          "nodes": [
            {
              "charge_density": 0.0,
              "fix_potential": true,
              "id": "ground_left_bottom",
              "potential": 0.0,
              "x": 0.0,
              "y": 0.0
            },
            {
              "charge_density": 0.0,
              "fix_potential": true,
              "id": "drive_right_bottom",
              "potential": 900,
              "x": 0.04,
              "y": 0.0
            },
            {
              "charge_density": 0.0,
              "fix_potential": true,
              "id": "drive_right_top",
              "potential": 900,
              "x": 0.04,
              "y": 0.02
            },
            {
              "charge_density": 0.0,
              "fix_potential": true,
              "id": "ground_left_top",
              "potential": 0.0,
              "x": 0.0,
              "y": 0.02
            }
          ]
        },
        "research": {
          "breakdown_field_v_m": 130000000.0,
          "candidate_id": "alumina_96",
          "candidate_label": "Alumina 96%",
          "dissipation_factor": 0.0002,
          "family": "ceramic",
          "note": "ceramic substrate candidate with low loss but high mass",
          "objective": "maximize electric breakdown margin with low loss and low mass",
          "relative_permittivity": 9.8,
          "study": "material.dielectric_screening.v1"
        }
      },
      "result_preview": {
        "job": {
          "created_at": "2026-08-13T10:35:49.957493Z",
          "execution_started_at": null,
          "execution_timeout_ms": 120000,
          "has_result": false,
          "iteration": null,
          "job_id": "87dd64316e5fc189",
          "message": null,
          "model_version_id": null,
          "progress": 0.0,
          "project_id": "00b5d329d4f8d722",
          "queue_timeout_ms": 1800000,
          "residual": null,
          "simulation_case_id": "b407aad1d8f4e07e",
          "status": "queued",
          "status_detail": {
            "active": true,
            "failure_class": null,
            "lifecycle": "active",
            "recoverable": false,
            "terminal": false,
            "timing": {
              "effective_deadline": "2026-08-13T11:05:49.957493Z",
              "effective_timeout_ms": 1800000,
              "execution_elapsed_ms": null,
              "execution_started_at": null,
              "execution_timeout_ms": 120000,
              "job_submission_deadline": "2026-08-13T11:05:49.957493Z",
              "phase": "queue",
              "queue_timeout_ms": 1800000,
              "queue_wait_ms": 0,
              "total_elapsed_ms": 0
            }
          },
          "updated_at": "2026-08-13T10:35:49.957493Z",
          "worker_id": null
        },
        "job_id": "87dd64316e5fc189",
        "progress": 0.0,
        "raw": {
          "job": {
            "created_at": "2026-08-13T10:35:49.957493Z",
            "execution_started_at": null,
            "execution_timeout_ms": 120000,
            "has_result": false,
            "iteration": null,
            "job_id": "87dd64316e5fc189",
            "message": null,
            "model_version_id": null,
            "progress": 0.0,
            "project_id": "00b5d329d4f8d722",
            "queue_timeout_ms": 1800000,
            "residual": null,
            "simulation_case_id": "b407aad1d8f4e07e",
            "status": "queued",
            "status_detail": {
              "active": true,
              "failure_class": null,
              "lifecycle": "active",
              "recoverable": false,
              "terminal": false,
              "timing": {
                "effective_deadline": "2026-08-13T11:05:49.957493Z",
                "effective_timeout_ms": 1800000,
                "execution_elapsed_ms": null,
                "execution_started_at": null,
                "execution_timeout_ms": 120000,
                "job_submission_deadline": "2026-08-13T11:05:49.957493Z",
                "phase": "queue",
                "queue_timeout_ms": 1800000,
                "queue_wait_ms": 0,
                "total_elapsed_ms": 0
              }
            },
            "updated_at": "2026-08-13T10:35:49.957493Z",
            "worker_id": null
          }
        },
        "status": "queued"
      },
      "requires_confirmation": false
    },
    {
      "index": 5,
      "action": "job_wait",
      "risk": "normal",
      "status": "executed",
      "payload": {
        "interval_ms": 1000,
        "job_id": "87dd64316e5fc189",
        "max_total_timeout_ms": 3600000,
        "resume_policy": "server_deadline",
        "timeout_ms": 60000
      },
      "result_preview": {
        "job": {
          "created_at": "2026-08-13T10:35:49.957493Z",
          "execution_started_at": "2026-08-13T10:35:49.966376Z",
          "execution_timeout_ms": 120000,
          "iteration": 4,
          "job_id": "87dd64316e5fc189",
          "message": "collecting nodal and elemental responses",
          "model_version_id": null,
          "progress": 1.0,
          "project_id": "00b5d329d4f8d722",
          "queue_timeout_ms": 1800000,
          "residual": 0.2,
          "simulation_case_id": "b407aad1d8f4e07e",
          "status": "completed",
          "status_detail": {
            "active": false,
            "failure_class": null,
            "lifecycle": "terminal",
            "recoverable": false,
            "terminal": true,
            "timing": {
              "effective_deadline": "2026-08-13T10:37:49.966376Z",
              "effective_timeout_ms": 120000,
              "execution_elapsed_ms": 1059,
              "execution_started_at": "2026-08-13T10:35:49.966376Z",
              "execution_timeout_ms": 120000,
              "job_submission_deadline": "2026-08-13T11:05:49.957493Z",
              "phase": "execution",
              "queue_timeout_ms": 1800000,
              "queue_wait_ms": 8,
              "total_elapsed_ms": 1068
            }
          },
          "updated_at": "2026-08-13T10:35:51.026153Z",
          "worker_id": "rust-agent-rpc@127.0.0.1:5001"
        },
        "job_id": "87dd64316e5fc189",
        "progress": 1.0,
        "raw": {
          "job": {
            "created_at": "2026-08-13T10:35:49.957493Z",
            "execution_started_at": "2026-08-13T10:35:49.966376Z",
            "execution_timeout_ms": 120000,
            "iteration": 4,
            "job_id": "87dd64316e5fc189",
            "message": "collecting nodal and elemental responses",
            "model_version_id": null,
            "progress": 1.0,
            "project_id": "00b5d329d4f8d722",
            "queue_timeout_ms": 1800000,
            "residual": 0.2,
            "simulation_case_id": "b407aad1d8f4e07e",
            "status": "completed",
            "status_detail": {
              "active": false,
              "failure_class": null,
              "lifecycle": "terminal",
              "recoverable": false,
              "terminal": true,
              "timing": {
                "effective_deadline": "2026-08-13T10:37:49.966376Z",
                "effective_timeout_ms": 120000,
                "execution_elapsed_ms": 1059,
                "execution_started_at": "2026-08-13T10:35:49.966376Z",
                "execution_timeout_ms": 120000,
                "job_submission_deadline": "2026-08-13T11:05:49.957493Z",
                "phase": "execution",
                "queue_timeout_ms": 1800000,
                "queue_wait_ms": 8,
                "total_elapsed_ms": 1068
              }
            },
            "updated_at": "2026-08-13T10:35:51.026153Z",
            "worker_id": "rust-agent-rpc@127.0.0.1:5001"
          }
        },
        "result": null,
        "status": "completed",
        "wait": {
          "elapsed_ms": 2040,
          "policy": "server_deadline",
          "poll_attempts": 3,
          "resume_count": 0
        }
      },
      "requires_confirmation": false
    },
    {
      "index": 6,
      "action": "result_fetch",
      "risk": "normal",
      "status": "executed",
      "payload": {
        "job_id": "87dd64316e5fc189"
      },
      "result_preview": {
        "job": {
          "created_at": "2026-08-13T10:35:49.957493Z",
          "execution_started_at": "2026-08-13T10:35:49.966376Z",
          "execution_timeout_ms": 120000,
          "has_result": true,
          "iteration": 4,
          "job_id": "87dd64316e5fc189",
          "message": "collecting nodal and elemental responses",
          "model_version_id": null,
          "progress": 1.0,
          "project_id": "00b5d329d4f8d722",
          "queue_timeout_ms": 1800000,
          "residual": 0.2,
          "simulation_case_id": "b407aad1d8f4e07e",
          "status": "completed",
          "status_detail": {
            "active": false,
            "failure_class": null,
            "lifecycle": "terminal",
            "recoverable": false,
            "terminal": true,
            "timing": {
              "effective_deadline": "2026-08-13T10:37:49.966376Z",
              "effective_timeout_ms": 120000,
              "execution_elapsed_ms": 1059,
              "execution_started_at": "2026-08-13T10:35:49.966376Z",
              "execution_timeout_ms": 120000,
              "job_submission_deadline": "2026-08-13T11:05:49.957493Z",
              "phase": "execution",
              "queue_timeout_ms": 1800000,
              "queue_wait_ms": 8,
              "total_elapsed_ms": 1068
            }
          },
          "updated_at": "2026-08-13T10:35:51.026153Z",
          "worker_id": "rust-agent-rpc@127.0.0.1:5001"
        },
        "job_id": "87dd64316e5fc189",
        "result": {
          "elements": [
            {
              "area": 0.0008,
              "average_potential": 450.0,
              "electric_energy_density": 0.021963919643127005,
              "electric_field_magnitude": 22500.0,
              "electric_field_x": -22500.0,
              "electric_field_y": -0.0,
              "electric_flux_density_magnitude": 1.9523484127224003e-6,
              "electric_flux_density_x": -1.9523484127224003e-6,
              "electric_flux_density_y": -0.0,
              "id": "dielectric_alumina_96",
              "index": 0,
              "node_i": 0,
              "node_j": 1,
              "node_k": 2,
              "node_l": 3,
              "potential_gradient_x": 22500.0,
              "potential_gradient_y": 0.0,
              "stored_energy": 1.7571135714501605e-8
            }
          ],
          "input": {
            "elements": [
              {
                "id": "dielectric_alumina_96",
                "node_i": 0,
                "node_j": 1,
                "node_k": 2,
                "node_l": 3,
                "permittivity": 8.677104056544001e-11,
                "thickness": 0.001
              }
            ],
            "nodes": [
              {
                "charge_density": 0.0,
                "fix_potential": true,
                "id": "ground_left_bottom",
                "potential": 0.0,
                "x": 0.0,
                "y": 0.0
              },
              {
                "charge_density": 0.0,
                "fix_potential": true,
                "id": "drive_right_bottom",
                "potential": 900.0,
                "x": 0.04,
                "y": 0.0
              },
              {
                "charge_density": 0.0,
                "fix_potential": true,
                "id": "drive_right_top",
                "potential": 900.0,
                "x": 0.04,
                "y": 0.02
              },
              {
                "charge_density": 0.0,
                "fix_potential": true,
                "id": "ground_left_top",
                "potential": 0.0,
                "x": 0.0,
                "y": 0.02
              }
            ]
          },
          "max_electric_energy_density": 0.021963919643127005,
          "max_electric_field": 22500.0,
          "max_flux_density": 1.9523484127224003e-6,
          "max_potential": 900.0,
          "nodes": [
            {
              "charge_density": 0.0,
              "id": "ground_left_bottom",
              "index": 0,
              "potential": 0.0,
              "x": 0.0,
              "y": 0.0
            },
            {
              "charge_density": 0.0,
              "id": "drive_right_bottom",
              "index": 1,
              "potential": 900.0,
              "x": 0.04,
              "y": 0.0
            },
            {
              "charge_density": 0.0,
              "id": "drive_right_top",
              "index": 2,
              "potential": 900.0,
              "x": 0.04,
              "y": 0.02
            },
            {
              "charge_density": 0.0,
              "id": "ground_left_top",
              "index": 3,
              "potential": 0.0,
              "x": 0.0,
              "y": 0.02
            }
          ],
          "total_stored_energy": 1.7571135714501605e-8
        },
        "status": "completed"
      },
      "requires_confirmation": false
    },
    {
      "index": 7,
      "action": "solve_electrostatic_plane_quad_2d",
      "risk": "normal",
      "status": "executed",
      "payload": {
        "model": {
          "elements": [
            {
              "id": "dielectric_ptfe",
              "node_i": 0,
              "node_j": 1,
              "node_k": 2,
              "node_l": 3,
              "permittivity": 1.859379440688e-11,
              "thickness": 0.001
            }
          ],
          "nodes": [
            {
              "charge_density": 0.0,
              "fix_potential": true,
              "id": "ground_left_bottom",
              "potential": 0.0,
              "x": 0.0,
              "y": 0.0
            },
            {
              "charge_density": 0.0,
              "fix_potential": true,
              "id": "drive_right_bottom",
              "potential": 900,
              "x": 0.04,
              "y": 0.0
            },
            {
              "charge_density": 0.0,
              "fix_potential": true,
              "id": "drive_right_top",
              "potential": 900,
              "x": 0.04,
              "y": 0.02
            },
            {
              "charge_density": 0.0,
              "fix_potential": true,
              "id": "ground_left_top",
              "potential": 0.0,
              "x": 0.0,
              "y": 0.02
            }
          ]
        },
        "research": {
          "breakdown_field_v_m": 60000000.0,
          "candidate_id": "ptfe",
          "candidate_label": "PTFE",
          "dissipation_factor": 0.0002,
          "family": "polymer",
          "note": "low-loss polymer candidate with weaker breakdown margin",
          "objective": "maximize electric breakdown margin with low loss and low mass",
          "relative_permittivity": 2.1,
          "study": "material.dielectric_screening.v1"
        }
      },
      "result_preview": {
        "job": {
          "created_at": "2026-08-13T10:35:52.021892Z",
          "execution_started_at": null,
          "execution_timeout_ms": 120000,
          "has_result": false,
          "iteration": null,
          "job_id": "4a7d13543f439634",
          "message": null,
          "model_version_id": null,
          "progress": 0.0,
          "project_id": "799a12a35eb042b5",
          "queue_timeout_ms": 1800000,
          "residual": null,
          "simulation_case_id": "23772ba562d3e98f",
          "status": "queued",
          "status_detail": {
            "active": true,
            "failure_class": null,
            "lifecycle": "active",
            "recoverable": false,
            "terminal": false,
            "timing": {
              "effective_deadline": "2026-08-13T11:05:52.021892Z",
              "effective_timeout_ms": 1800000,
              "execution_elapsed_ms": null,
              "execution_started_at": null,
              "execution_timeout_ms": 120000,
              "job_submission_deadline": "2026-08-13T11:05:52.021892Z",
              "phase": "queue",
              "queue_timeout_ms": 1800000,
              "queue_wait_ms": 0,
              "total_elapsed_ms": 0
            }
          },
          "updated_at": "2026-08-13T10:35:52.021892Z",
          "worker_id": null
        },
        "job_id": "4a7d13543f439634",
        "progress": 0.0,
        "raw": {
          "job": {
            "created_at": "2026-08-13T10:35:52.021892Z",
            "execution_started_at": null,
            "execution_timeout_ms": 120000,
            "has_result": false,
            "iteration": null,
            "job_id": "4a7d13543f439634",
            "message": null,
            "model_version_id": null,
            "progress": 0.0,
            "project_id": "799a12a35eb042b5",
            "queue_timeout_ms": 1800000,
            "residual": null,
            "simulation_case_id": "23772ba562d3e98f",
            "status": "queued",
            "status_detail": {
              "active": true,
              "failure_class": null,
              "lifecycle": "active",
              "recoverable": false,
              "terminal": false,
              "timing": {
                "effective_deadline": "2026-08-13T11:05:52.021892Z",
                "effective_timeout_ms": 1800000,
                "execution_elapsed_ms": null,
                "execution_started_at": null,
                "execution_timeout_ms": 120000,
                "job_submission_deadline": "2026-08-13T11:05:52.021892Z",
                "phase": "queue",
                "queue_timeout_ms": 1800000,
                "queue_wait_ms": 0,
                "total_elapsed_ms": 0
              }
            },
            "updated_at": "2026-08-13T10:35:52.021892Z",
            "worker_id": null
          }
        },
        "status": "queued"
      },
      "requires_confirmation": false
    },
    {
      "index": 8,
      "action": "job_wait",
      "risk": "normal",
      "status": "executed",
      "payload": {
        "interval_ms": 1000,
        "job_id": "4a7d13543f439634",
        "max_total_timeout_ms": 3600000,
        "resume_policy": "server_deadline",
        "timeout_ms": 60000
      },
      "result_preview": {
        "job": {
          "created_at": "2026-08-13T10:35:52.021892Z",
          "execution_started_at": "2026-08-13T10:35:52.032967Z",
          "execution_timeout_ms": 120000,
          "iteration": 4,
          "job_id": "4a7d13543f439634",
          "message": "collecting nodal and elemental responses",
          "model_version_id": null,
          "progress": 1.0,
          "project_id": "799a12a35eb042b5",
          "queue_timeout_ms": 1800000,
          "residual": 0.2,
          "simulation_case_id": "23772ba562d3e98f",
          "status": "completed",
          "status_detail": {
            "active": false,
            "failure_class": null,
            "lifecycle": "terminal",
            "recoverable": false,
            "terminal": true,
            "timing": {
              "effective_deadline": "2026-08-13T10:37:52.032967Z",
              "effective_timeout_ms": 120000,
              "execution_elapsed_ms": 1012,
              "execution_started_at": "2026-08-13T10:35:52.032967Z",
              "execution_timeout_ms": 120000,
              "job_submission_deadline": "2026-08-13T11:05:52.021892Z",
              "phase": "execution",
              "queue_timeout_ms": 1800000,
              "queue_wait_ms": 11,
              "total_elapsed_ms": 1024
            }
          },
          "updated_at": "2026-08-13T10:35:53.045912Z",
          "worker_id": "rust-agent-rpc@127.0.0.1:5002"
        },
        "job_id": "4a7d13543f439634",
        "progress": 1.0,
        "raw": {
          "job": {
            "created_at": "2026-08-13T10:35:52.021892Z",
            "execution_started_at": "2026-08-13T10:35:52.032967Z",
            "execution_timeout_ms": 120000,
            "iteration": 4,
            "job_id": "4a7d13543f439634",
            "message": "collecting nodal and elemental responses",
            "model_version_id": null,
            "progress": 1.0,
            "project_id": "799a12a35eb042b5",
            "queue_timeout_ms": 1800000,
            "residual": 0.2,
            "simulation_case_id": "23772ba562d3e98f",
            "status": "completed",
            "status_detail": {
              "active": false,
              "failure_class": null,
              "lifecycle": "terminal",
              "recoverable": false,
              "terminal": true,
              "timing": {
                "effective_deadline": "2026-08-13T10:37:52.032967Z",
                "effective_timeout_ms": 120000,
                "execution_elapsed_ms": 1012,
                "execution_started_at": "2026-08-13T10:35:52.032967Z",
                "execution_timeout_ms": 120000,
                "job_submission_deadline": "2026-08-13T11:05:52.021892Z",
                "phase": "execution",
                "queue_timeout_ms": 1800000,
                "queue_wait_ms": 11,
                "total_elapsed_ms": 1024
              }
            },
            "updated_at": "2026-08-13T10:35:53.045912Z",
            "worker_id": "rust-agent-rpc@127.0.0.1:5002"
          }
        },
        "result": null,
        "status": "completed",
        "wait": {
          "elapsed_ms": 2027,
          "policy": "server_deadline",
          "poll_attempts": 3,
          "resume_count": 0
        }
      },
      "requires_confirmation": false
    },
    {
      "index": 9,
      "action": "result_fetch",
      "risk": "normal",
      "status": "executed",
      "payload": {
        "job_id": "4a7d13543f439634"
      },
      "result_preview": {
        "job": {
          "created_at": "2026-08-13T10:35:52.021892Z",
          "execution_started_at": "2026-08-13T10:35:52.032967Z",
          "execution_timeout_ms": 120000,
          "has_result": true,
          "iteration": 4,
          "job_id": "4a7d13543f439634",
          "message": "collecting nodal and elemental responses",
          "model_version_id": null,
          "progress": 1.0,
          "project_id": "799a12a35eb042b5",
          "queue_timeout_ms": 1800000,
          "residual": 0.2,
          "simulation_case_id": "23772ba562d3e98f",
          "status": "completed",
          "status_detail": {
            "active": false,
            "failure_class": null,
            "lifecycle": "terminal",
            "recoverable": false,
            "terminal": true,
            "timing": {
              "effective_deadline": "2026-08-13T10:37:52.032967Z",
              "effective_timeout_ms": 120000,
              "execution_elapsed_ms": 1012,
              "execution_started_at": "2026-08-13T10:35:52.032967Z",
              "execution_timeout_ms": 120000,
              "job_submission_deadline": "2026-08-13T11:05:52.021892Z",
              "phase": "execution",
              "queue_timeout_ms": 1800000,
              "queue_wait_ms": 11,
              "total_elapsed_ms": 1024
            }
          },
          "updated_at": "2026-08-13T10:35:53.045912Z",
          "worker_id": "rust-agent-rpc@127.0.0.1:5002"
        },
        "job_id": "4a7d13543f439634",
        "result": {
          "elements": [
            {
              "area": 0.0008,
              "average_potential": 450.0,
              "electric_energy_density": 0.0047065542092415,
              "electric_field_magnitude": 22500.0,
              "electric_field_x": -22500.0,
              "electric_field_y": -0.0,
              "electric_flux_density_magnitude": 4.183603741548e-7,
              "electric_flux_density_x": -4.183603741548e-7,
              "electric_flux_density_y": -0.0,
              "id": "dielectric_ptfe",
              "index": 0,
              "node_i": 0,
              "node_j": 1,
              "node_k": 2,
              "node_l": 3,
              "potential_gradient_x": 22500.0,
              "potential_gradient_y": 0.0,
              "stored_energy": 3.7652433673932e-9
            }
          ],
          "input": {
            "elements": [
              {
                "id": "dielectric_ptfe",
                "node_i": 0,
                "node_j": 1,
                "node_k": 2,
                "node_l": 3,
                "permittivity": 1.859379440688e-11,
                "thickness": 0.001
              }
            ],
            "nodes": [
              {
                "charge_density": 0.0,
                "fix_potential": true,
                "id": "ground_left_bottom",
                "potential": 0.0,
                "x": 0.0,
                "y": 0.0
              },
              {
                "charge_density": 0.0,
                "fix_potential": true,
                "id": "drive_right_bottom",
                "potential": 900.0,
                "x": 0.04,
                "y": 0.0
              },
              {
                "charge_density": 0.0,
                "fix_potential": true,
                "id": "drive_right_top",
                "potential": 900.0,
                "x": 0.04,
                "y": 0.02
              },
              {
                "charge_density": 0.0,
                "fix_potential": true,
                "id": "ground_left_top",
                "potential": 0.0,
                "x": 0.0,
                "y": 0.02
              }
            ]
          },
          "max_electric_energy_density": 0.0047065542092415,
          "max_electric_field": 22500.0,
          "max_flux_density": 4.183603741548e-7,
          "max_potential": 900.0,
          "nodes": [
            {
              "charge_density": 0.0,
              "id": "ground_left_bottom",
              "index": 0,
              "potential": 0.0,
              "x": 0.0,
              "y": 0.0
            },
            {
              "charge_density": 0.0,
              "id": "drive_right_bottom",
              "index": 1,
              "potential": 900.0,
              "x": 0.04,
              "y": 0.0
            },
            {
              "charge_density": 0.0,
              "id": "drive_right_top",
              "index": 2,
              "potential": 900.0,
              "x": 0.04,
              "y": 0.02
            },
            {
              "charge_density": 0.0,
              "id": "ground_left_top",
              "index": 3,
              "potential": 0.0,
              "x": 0.0,
              "y": 0.02
            }
          ],
          "total_stored_energy": 3.7652433673932e-9
        },
        "status": "completed"
      },
      "requires_confirmation": false
    }
  ]
}
