{
  "candidate_count": 3,
  "candidate_input_fingerprint": "4644bd29ec6c100be1e436c9ec12d666cd2d44be778ec79524bc9015b1045cc7",
  "candidate_input_manifest": {
    "entries": [
      {
        "candidate_id": "polyimide_film",
        "model_fingerprint": "fa8c3e24ca62a6ff5f775dcc5a01b14aaf1de57ac4a67b34d31c1fe607b6931d"
      },
      {
        "candidate_id": "alumina_96",
        "model_fingerprint": "d577132811586e2bbdb1281f0ccb20f55f01c5556f3479180121f102c1c398f7"
      },
      {
        "candidate_id": "ptfe",
        "model_fingerprint": "4c3b20e39e35803c9be93756c0f2dcfebd18f6642505dcce1c788d31d9ae130b"
      }
    ],
    "schema_version": "kyuubiki.material-candidate-input-manifest/v1",
    "study": "material_dielectric_screening"
  },
  "execution_authority": {
    "evidence_statement": "result payloads were computed by linked Rust solver kernels without mock fallback",
    "execution_class": "real_solver",
    "executor_id": "kyuubiki.rust.local-solver",
    "fallback_used": false,
    "mock_execution": false,
    "production_eligible": true,
    "result_origin": "computed_in_process",
    "runtime": "rust_native",
    "schema_version": "kyuubiki.execution-authority/v1"
  },
  "iteration": 1,
  "material_card_refs": [
    {
      "candidate_id": "polyimide_film",
      "confidence": "medium",
      "material_card_id": "kyuubiki.material_card.polyimide_film.v1",
      "parameter_scope": "room-temperature scalar dielectric screening values",
      "schema_version": "kyuubiki.material-card/v1",
      "source": "kyuubiki built-in dielectric screening fixture",
      "unit_system": "si"
    },
    {
      "candidate_id": "alumina_96",
      "confidence": "medium",
      "material_card_id": "kyuubiki.material_card.alumina_96.v1",
      "parameter_scope": "room-temperature scalar dielectric screening values",
      "schema_version": "kyuubiki.material-card/v1",
      "source": "kyuubiki built-in dielectric screening fixture",
      "unit_system": "si"
    },
    {
      "candidate_id": "ptfe",
      "confidence": "low",
      "material_card_id": "kyuubiki.material_card.ptfe.v1",
      "parameter_scope": "room-temperature scalar dielectric screening values",
      "schema_version": "kyuubiki.material-card/v1",
      "source": "kyuubiki built-in dielectric screening fixture",
      "unit_system": "si"
    }
  ],
  "mode": "local_solver",
  "next_round": {
    "actions": [
      "generate_neighbor_candidates",
      "run_next_quality_batch",
      "compare_against_incumbent_winner"
    ],
    "decision": "expand_around_winner",
    "focus_candidate_ids": [
      "polyimide_film",
      "ptfe"
    ],
    "iteration": 2,
    "rationale": [
      "polyimide_film is the current incumbent with complete screening data",
      "focus next candidates around: polyimide_film, ptfe"
    ],
    "schema_version": "kyuubiki.material-exploration-next-round/v1"
  },
  "report": {
    "candidates": [
      {
        "areal_mass_kg_m2": 1.42,
        "breakdown_safety_factor": 10000.0,
        "candidate_id": "polyimide_film",
        "candidate_label": "Polyimide film",
        "dielectric_loss_proxy": 0.0068,
        "max_electric_field_v_m": 30000.0,
        "max_flux_density_c_m2": 9.031271569056e-7,
        "missing_metrics": [],
        "optimization_terms": [
          {
            "constraint_status": "pass",
            "direction": "minimize",
            "metric_id": "max_electric_field_v_m",
            "normalized_score": 1.0,
            "raw_value": 30000.0,
            "weighted_score": 0.25
          },
          {
            "constraint_status": "pass",
            "direction": "maximize",
            "metric_id": "breakdown_safety_factor",
            "normalized_score": 1.0,
            "raw_value": 10000.0,
            "weighted_score": 0.4
          },
          {
            "constraint_status": "pass",
            "direction": "minimize",
            "metric_id": "dielectric_loss_proxy",
            "normalized_score": 0.0,
            "raw_value": 0.0068,
            "weighted_score": 0.0
          },
          {
            "constraint_status": "pass",
            "direction": "minimize",
            "metric_id": "areal_mass_kg_m2",
            "normalized_score": 1.0,
            "raw_value": 1.42,
            "weighted_score": 0.15
          }
        ],
        "rank": 1,
        "score": 0.8
      },
      {
        "areal_mass_kg_m2": 2.2,
        "breakdown_safety_factor": 2000.0,
        "candidate_id": "ptfe",
        "candidate_label": "PTFE",
        "dielectric_loss_proxy": 0.00042,
        "max_electric_field_v_m": 30000.0,
        "max_flux_density_c_m2": 5.578138322064e-7,
        "missing_metrics": [],
        "optimization_terms": [
          {
            "constraint_status": "pass",
            "direction": "minimize",
            "metric_id": "max_electric_field_v_m",
            "normalized_score": 1.0,
            "raw_value": 30000.0,
            "weighted_score": 0.25
          },
          {
            "constraint_status": "pass",
            "direction": "maximize",
            "metric_id": "breakdown_safety_factor",
            "normalized_score": 0.0,
            "raw_value": 2000.0,
            "weighted_score": 0.0
          },
          {
            "constraint_status": "pass",
            "direction": "minimize",
            "metric_id": "dielectric_loss_proxy",
            "normalized_score": 1.0,
            "raw_value": 0.00042,
            "weighted_score": 0.2
          },
          {
            "constraint_status": "pass",
            "direction": "minimize",
            "metric_id": "areal_mass_kg_m2",
            "normalized_score": 0.661,
            "raw_value": 2.2,
            "weighted_score": 0.099
          }
        ],
        "rank": 2,
        "score": 0.549
      },
      {
        "areal_mass_kg_m2": 3.72,
        "breakdown_safety_factor": 4333.333333333333,
        "candidate_id": "alumina_96",
        "candidate_label": "Alumina 96%",
        "dielectric_loss_proxy": 0.0019600000000000004,
        "max_electric_field_v_m": 30000.0,
        "max_flux_density_c_m2": 2.6031312169632004e-6,
        "missing_metrics": [],
        "optimization_terms": [
          {
            "constraint_status": "pass",
            "direction": "minimize",
            "metric_id": "max_electric_field_v_m",
            "normalized_score": 1.0,
            "raw_value": 30000.0,
            "weighted_score": 0.25
          },
          {
            "constraint_status": "pass",
            "direction": "maximize",
            "metric_id": "breakdown_safety_factor",
            "normalized_score": 0.292,
            "raw_value": 4333.333333333333,
            "weighted_score": 0.117
          },
          {
            "constraint_status": "pass",
            "direction": "minimize",
            "metric_id": "dielectric_loss_proxy",
            "normalized_score": 0.759,
            "raw_value": 0.0019600000000000004,
            "weighted_score": 0.152
          },
          {
            "constraint_status": "pass",
            "direction": "minimize",
            "metric_id": "areal_mass_kg_m2",
            "normalized_score": 0.0,
            "raw_value": 3.72,
            "weighted_score": 0.0
          }
        ],
        "rank": 3,
        "score": 0.518
      }
    ],
    "material_card_refs": [
      {
        "candidate_id": "polyimide_film",
        "confidence": "medium",
        "material_card_id": "kyuubiki.material_card.polyimide_film.v1",
        "parameter_scope": "room-temperature scalar dielectric screening values",
        "schema_version": "kyuubiki.material-card/v1",
        "source": "kyuubiki built-in dielectric screening fixture",
        "unit_system": "si"
      },
      {
        "candidate_id": "alumina_96",
        "confidence": "medium",
        "material_card_id": "kyuubiki.material_card.alumina_96.v1",
        "parameter_scope": "room-temperature scalar dielectric screening values",
        "schema_version": "kyuubiki.material-card/v1",
        "source": "kyuubiki built-in dielectric screening fixture",
        "unit_system": "si"
      },
      {
        "candidate_id": "ptfe",
        "confidence": "low",
        "material_card_id": "kyuubiki.material_card.ptfe.v1",
        "parameter_scope": "room-temperature scalar dielectric screening values",
        "schema_version": "kyuubiki.material-card/v1",
        "source": "kyuubiki built-in dielectric screening fixture",
        "unit_system": "si"
      }
    ],
    "metric_specs": [
      {
        "id": "max_electric_field_v_m",
        "label": "Max electric field",
        "objective": "minimize",
        "source": "solver.result.max_electric_field",
        "unit": "V/m",
        "weight": 0.25
      },
      {
        "id": "breakdown_safety_factor",
        "label": "Breakdown safety factor",
        "objective": "maximize",
        "source": "candidate.breakdown_field_v_m / solver.result.max_electric_field",
        "unit": "ratio",
        "weight": 0.4
      },
      {
        "id": "dielectric_loss_proxy",
        "label": "Dielectric loss proxy",
        "objective": "minimize",
        "source": "candidate.relative_permittivity * candidate.dissipation_factor",
        "unit": "relative",
        "weight": 0.2
      },
      {
        "id": "areal_mass_kg_m2",
        "label": "Areal mass",
        "objective": "minimize",
        "source": "candidate.density_kg_m3 * model.thickness",
        "unit": "kg/m^2",
        "weight": 0.15
      },
      {
        "id": "max_flux_density_c_m2",
        "label": "Max electric flux density",
        "objective": "observe",
        "source": "solver.result.max_flux_density",
        "unit": "C/m^2",
        "weight": 0.0
      }
    ],
    "objective": "rank dielectric candidates by electric-field margin, low loss, and low mass",
    "optimization": {
      "constraints": [
        {
          "limit": 55000000.0,
          "metric_id": "max_electric_field_v_m",
          "operator": "<=",
          "severity": "warning"
        },
        {
          "limit": 2.0,
          "metric_id": "breakdown_safety_factor",
          "operator": ">=",
          "severity": "warning"
        },
        {
          "limit": 0.01,
          "metric_id": "dielectric_loss_proxy",
          "operator": "<=",
          "severity": "warning"
        }
      ],
      "goal": "Maximize dielectric breakdown margin while minimizing electric field, loss proxy, and mass.",
      "id": "material.dielectric_screening.optimization.v1",
      "score_formula": "0.25*max_electric_field_v_m:min + 0.40*breakdown_safety_factor:max + 0.20*dielectric_loss_proxy:min + 0.15*areal_mass_kg_m2:min",
      "score_range": "0.0..1.0 higher_is_better",
      "weights": [
        {
          "direction": "minimize",
          "metric_id": "max_electric_field_v_m",
          "weight": 0.25
        },
        {
          "direction": "maximize",
          "metric_id": "breakdown_safety_factor",
          "weight": 0.4
        },
        {
          "direction": "minimize",
          "metric_id": "dielectric_loss_proxy",
          "weight": 0.2
        },
        {
          "direction": "minimize",
          "metric_id": "areal_mass_kg_m2",
          "weight": 0.15
        }
      ]
    },
    "schema_version": "kyuubiki.dielectric-material-report/v1",
    "study": "material.dielectric_screening.v1",
    "warnings": [],
    "winner_candidate_id": "polyimide_film"
  },
  "result_payloads": [
    {
      "elements": [
        {
          "area": 0.0008,
          "average_potential": 600.0,
          "electric_energy_density": 0.013546907353584,
          "electric_field_magnitude": 30000.0,
          "electric_field_x": -30000.0,
          "electric_field_y": -0.0,
          "electric_flux_density_magnitude": 9.031271569056e-7,
          "electric_flux_density_x": -9.031271569056e-7,
          "electric_flux_density_y": -0.0,
          "id": "dielectric_polyimide_film",
          "index": 0,
          "node_i": 0,
          "node_j": 1,
          "node_k": 2,
          "node_l": 3,
          "potential_gradient_x": 30000.0,
          "potential_gradient_y": 0.0,
          "stored_energy": 1.08375258828672e-8
        }
      ],
      "input": {
        "elements": [
          {
            "id": "dielectric_polyimide_film",
            "node_i": 0,
            "node_j": 1,
            "node_k": 2,
            "node_l": 3,
            "permittivity": 3.010423856352e-11,
            "thickness": 0.001
          }
        ],
        "nodes": [
          {
            "charge_density": 0.0,
            "fix_potential": true,
            "id": "ground_left_bottom",
            "potential": 0.0,
            "x": 0.0,
            "y": 0.0
          },
          {
            "charge_density": 0.0,
            "fix_potential": true,
            "id": "drive_right_bottom",
            "potential": 1200.0,
            "x": 0.04,
            "y": 0.0
          },
          {
            "charge_density": 0.0,
            "fix_potential": true,
            "id": "drive_right_top",
            "potential": 1200.0,
            "x": 0.04,
            "y": 0.02
          },
          {
            "charge_density": 0.0,
            "fix_potential": true,
            "id": "ground_left_top",
            "potential": 0.0,
            "x": 0.0,
            "y": 0.02
          }
        ]
      },
      "max_electric_energy_density": 0.013546907353584,
      "max_electric_field": 30000.0,
      "max_flux_density": 9.031271569056e-7,
      "max_potential": 1200.0,
      "nodes": [
        {
          "charge_density": 0.0,
          "id": "ground_left_bottom",
          "index": 0,
          "potential": 0.0,
          "x": 0.0,
          "y": 0.0
        },
        {
          "charge_density": 0.0,
          "id": "drive_right_bottom",
          "index": 1,
          "potential": 1200.0,
          "x": 0.04,
          "y": 0.0
        },
        {
          "charge_density": 0.0,
          "id": "drive_right_top",
          "index": 2,
          "potential": 1200.0,
          "x": 0.04,
          "y": 0.02
        },
        {
          "charge_density": 0.0,
          "id": "ground_left_top",
          "index": 3,
          "potential": 0.0,
          "x": 0.0,
          "y": 0.02
        }
      ],
      "total_stored_energy": 1.08375258828672e-8
    },
    {
      "elements": [
        {
          "area": 0.0008,
          "average_potential": 600.0,
          "electric_energy_density": 0.039046968254448006,
          "electric_field_magnitude": 30000.0,
          "electric_field_x": -30000.0,
          "electric_field_y": -0.0,
          "electric_flux_density_magnitude": 2.6031312169632004e-6,
          "electric_flux_density_x": -2.6031312169632004e-6,
          "electric_flux_density_y": -0.0,
          "id": "dielectric_alumina_96",
          "index": 0,
          "node_i": 0,
          "node_j": 1,
          "node_k": 2,
          "node_l": 3,
          "potential_gradient_x": 30000.0,
          "potential_gradient_y": 0.0,
          "stored_energy": 3.1237574603558404e-8
        }
      ],
      "input": {
        "elements": [
          {
            "id": "dielectric_alumina_96",
            "node_i": 0,
            "node_j": 1,
            "node_k": 2,
            "node_l": 3,
            "permittivity": 8.677104056544001e-11,
            "thickness": 0.001
          }
        ],
        "nodes": [
          {
            "charge_density": 0.0,
            "fix_potential": true,
            "id": "ground_left_bottom",
            "potential": 0.0,
            "x": 0.0,
            "y": 0.0
          },
          {
            "charge_density": 0.0,
            "fix_potential": true,
            "id": "drive_right_bottom",
            "potential": 1200.0,
            "x": 0.04,
            "y": 0.0
          },
          {
            "charge_density": 0.0,
            "fix_potential": true,
            "id": "drive_right_top",
            "potential": 1200.0,
            "x": 0.04,
            "y": 0.02
          },
          {
            "charge_density": 0.0,
            "fix_potential": true,
            "id": "ground_left_top",
            "potential": 0.0,
            "x": 0.0,
            "y": 0.02
          }
        ]
      },
      "max_electric_energy_density": 0.039046968254448006,
      "max_electric_field": 30000.0,
      "max_flux_density": 2.6031312169632004e-6,
      "max_potential": 1200.0,
      "nodes": [
        {
          "charge_density": 0.0,
          "id": "ground_left_bottom",
          "index": 0,
          "potential": 0.0,
          "x": 0.0,
          "y": 0.0
        },
        {
          "charge_density": 0.0,
          "id": "drive_right_bottom",
          "index": 1,
          "potential": 1200.0,
          "x": 0.04,
          "y": 0.0
        },
        {
          "charge_density": 0.0,
          "id": "drive_right_top",
          "index": 2,
          "potential": 1200.0,
          "x": 0.04,
          "y": 0.02
        },
        {
          "charge_density": 0.0,
          "id": "ground_left_top",
          "index": 3,
          "potential": 0.0,
          "x": 0.0,
          "y": 0.02
        }
      ],
      "total_stored_energy": 3.1237574603558404e-8
    },
    {
      "elements": [
        {
          "area": 0.0008,
          "average_potential": 600.0,
          "electric_energy_density": 0.008367207483096,
          "electric_field_magnitude": 30000.0,
          "electric_field_x": -30000.0,
          "electric_field_y": -0.0,
          "electric_flux_density_magnitude": 5.578138322064e-7,
          "electric_flux_density_x": -5.578138322064e-7,
          "electric_flux_density_y": -0.0,
          "id": "dielectric_ptfe",
          "index": 0,
          "node_i": 0,
          "node_j": 1,
          "node_k": 2,
          "node_l": 3,
          "potential_gradient_x": 30000.0,
          "potential_gradient_y": 0.0,
          "stored_energy": 6.6937659864768015e-9
        }
      ],
      "input": {
        "elements": [
          {
            "id": "dielectric_ptfe",
            "node_i": 0,
            "node_j": 1,
            "node_k": 2,
            "node_l": 3,
            "permittivity": 1.859379440688e-11,
            "thickness": 0.001
          }
        ],
        "nodes": [
          {
            "charge_density": 0.0,
            "fix_potential": true,
            "id": "ground_left_bottom",
            "potential": 0.0,
            "x": 0.0,
            "y": 0.0
          },
          {
            "charge_density": 0.0,
            "fix_potential": true,
            "id": "drive_right_bottom",
            "potential": 1200.0,
            "x": 0.04,
            "y": 0.0
          },
          {
            "charge_density": 0.0,
            "fix_potential": true,
            "id": "drive_right_top",
            "potential": 1200.0,
            "x": 0.04,
            "y": 0.02
          },
          {
            "charge_density": 0.0,
            "fix_potential": true,
            "id": "ground_left_top",
            "potential": 0.0,
            "x": 0.0,
            "y": 0.02
          }
        ]
      },
      "max_electric_energy_density": 0.008367207483096,
      "max_electric_field": 30000.0,
      "max_flux_density": 5.578138322064e-7,
      "max_potential": 1200.0,
      "nodes": [
        {
          "charge_density": 0.0,
          "id": "ground_left_bottom",
          "index": 0,
          "potential": 0.0,
          "x": 0.0,
          "y": 0.0
        },
        {
          "charge_density": 0.0,
          "id": "drive_right_bottom",
          "index": 1,
          "potential": 1200.0,
          "x": 0.04,
          "y": 0.0
        },
        {
          "charge_density": 0.0,
          "id": "drive_right_top",
          "index": 2,
          "potential": 1200.0,
          "x": 0.04,
          "y": 0.02
        },
        {
          "charge_density": 0.0,
          "id": "ground_left_top",
          "index": 3,
          "potential": 0.0,
          "x": 0.0,
          "y": 0.02
        }
      ],
      "total_stored_energy": 6.6937659864768015e-9
    }
  ],
  "schema_version": "kyuubiki.material-exploration-run/v1",
  "study": "material_dielectric_screening",
  "template_id": "material_dielectric_screening"
}
