{
  "actions": [
    "solve_electrostatic_plane_quad_2d",
    "job_wait",
    "result_fetch",
    "solve_electrostatic_plane_quad_2d",
    "job_wait",
    "result_fetch",
    "solve_electrostatic_plane_quad_2d",
    "job_wait",
    "result_fetch"
  ],
  "candidate_count": 3,
  "candidate_ids": [
    "polyimide_film",
    "alumina_96",
    "ptfe"
  ],
  "dispatch_notes": [
    "this plan does not execute solver kernels",
    "material-card contract metadata is copied from the material study catalog",
    "service/headless dispatchers may schedule solve_* steps before job_wait/result_fetch steps",
    "candidate ids are extracted from step.payload.research.candidate_id"
  ],
  "material_card_contract_required": true,
  "material_card_ref_count": 3,
  "material_card_schema_version": "kyuubiki.material-card/v1",
  "recommended_command": "kyuubiki-material-explore dielectric-screening",
  "schema_version": "kyuubiki.material-study-execution-plan/v1",
  "solve_step_count": 3,
  "step_count": 9,
  "steps": [
    {
      "action": "solve_electrostatic_plane_quad_2d",
      "payload": {
        "model": {
          "elements": [
            {
              "id": "dielectric_polyimide_film",
              "node_i": 0,
              "node_j": 1,
              "node_k": 2,
              "node_l": 3,
              "permittivity": 3.010423856352e-11,
              "thickness": 0.001
            }
          ],
          "nodes": [
            {
              "charge_density": 0.0,
              "fix_potential": true,
              "id": "ground_left_bottom",
              "potential": 0.0,
              "x": 0.0,
              "y": 0.0
            },
            {
              "charge_density": 0.0,
              "fix_potential": true,
              "id": "drive_right_bottom",
              "potential": 1200.0,
              "x": 0.04,
              "y": 0.0
            },
            {
              "charge_density": 0.0,
              "fix_potential": true,
              "id": "drive_right_top",
              "potential": 1200.0,
              "x": 0.04,
              "y": 0.02
            },
            {
              "charge_density": 0.0,
              "fix_potential": true,
              "id": "ground_left_top",
              "potential": 0.0,
              "x": 0.0,
              "y": 0.02
            }
          ]
        },
        "research": {
          "breakdown_field_v_m": 300000000.0,
          "candidate_id": "polyimide_film",
          "candidate_label": "Polyimide film",
          "dissipation_factor": 0.002,
          "family": "polymer",
          "note": "flexible high-breakdown film baseline",
          "objective": "maximize electric breakdown margin with low loss and low mass",
          "relative_permittivity": 3.4,
          "study": "material.dielectric_screening.v1"
        }
      }
    },
    {
      "action": "job_wait",
      "payload": {
        "interval_ms": 1000,
        "job_id": "{{steps.1.result.job_id}}",
        "max_total_timeout_ms": 3600000,
        "resume_policy": "server_deadline",
        "timeout_ms": 60000
      }
    },
    {
      "action": "result_fetch",
      "payload": {
        "job_id": "{{steps.1.result.job_id}}"
      }
    },
    {
      "action": "solve_electrostatic_plane_quad_2d",
      "payload": {
        "model": {
          "elements": [
            {
              "id": "dielectric_alumina_96",
              "node_i": 0,
              "node_j": 1,
              "node_k": 2,
              "node_l": 3,
              "permittivity": 8.677104056544001e-11,
              "thickness": 0.001
            }
          ],
          "nodes": [
            {
              "charge_density": 0.0,
              "fix_potential": true,
              "id": "ground_left_bottom",
              "potential": 0.0,
              "x": 0.0,
              "y": 0.0
            },
            {
              "charge_density": 0.0,
              "fix_potential": true,
              "id": "drive_right_bottom",
              "potential": 1200.0,
              "x": 0.04,
              "y": 0.0
            },
            {
              "charge_density": 0.0,
              "fix_potential": true,
              "id": "drive_right_top",
              "potential": 1200.0,
              "x": 0.04,
              "y": 0.02
            },
            {
              "charge_density": 0.0,
              "fix_potential": true,
              "id": "ground_left_top",
              "potential": 0.0,
              "x": 0.0,
              "y": 0.02
            }
          ]
        },
        "research": {
          "breakdown_field_v_m": 130000000.0,
          "candidate_id": "alumina_96",
          "candidate_label": "Alumina 96%",
          "dissipation_factor": 0.0002,
          "family": "ceramic",
          "note": "ceramic substrate candidate with low loss but high mass",
          "objective": "maximize electric breakdown margin with low loss and low mass",
          "relative_permittivity": 9.8,
          "study": "material.dielectric_screening.v1"
        }
      }
    },
    {
      "action": "job_wait",
      "payload": {
        "interval_ms": 1000,
        "job_id": "{{steps.4.result.job_id}}",
        "max_total_timeout_ms": 3600000,
        "resume_policy": "server_deadline",
        "timeout_ms": 60000
      }
    },
    {
      "action": "result_fetch",
      "payload": {
        "job_id": "{{steps.4.result.job_id}}"
      }
    },
    {
      "action": "solve_electrostatic_plane_quad_2d",
      "payload": {
        "model": {
          "elements": [
            {
              "id": "dielectric_ptfe",
              "node_i": 0,
              "node_j": 1,
              "node_k": 2,
              "node_l": 3,
              "permittivity": 1.859379440688e-11,
              "thickness": 0.001
            }
          ],
          "nodes": [
            {
              "charge_density": 0.0,
              "fix_potential": true,
              "id": "ground_left_bottom",
              "potential": 0.0,
              "x": 0.0,
              "y": 0.0
            },
            {
              "charge_density": 0.0,
              "fix_potential": true,
              "id": "drive_right_bottom",
              "potential": 1200.0,
              "x": 0.04,
              "y": 0.0
            },
            {
              "charge_density": 0.0,
              "fix_potential": true,
              "id": "drive_right_top",
              "potential": 1200.0,
              "x": 0.04,
              "y": 0.02
            },
            {
              "charge_density": 0.0,
              "fix_potential": true,
              "id": "ground_left_top",
              "potential": 0.0,
              "x": 0.0,
              "y": 0.02
            }
          ]
        },
        "research": {
          "breakdown_field_v_m": 60000000.0,
          "candidate_id": "ptfe",
          "candidate_label": "PTFE",
          "dissipation_factor": 0.0002,
          "family": "polymer",
          "note": "low-loss polymer candidate with weaker breakdown margin",
          "objective": "maximize electric breakdown margin with low loss and low mass",
          "relative_permittivity": 2.1,
          "study": "material.dielectric_screening.v1"
        }
      }
    },
    {
      "action": "job_wait",
      "payload": {
        "interval_ms": 1000,
        "job_id": "{{steps.7.result.job_id}}",
        "max_total_timeout_ms": 3600000,
        "resume_policy": "server_deadline",
        "timeout_ms": 60000
      }
    },
    {
      "action": "result_fetch",
      "payload": {
        "job_id": "{{steps.7.result.job_id}}"
      }
    }
  ],
  "study_id": "material_dielectric_screening"
}
