{
  "schema_version": "kyuubiki.headless-execution-run/v1",
  "workflow_id": "template.material_structural_panel_screening",
  "mode": "dry_run",
  "status": "ok",
  "executed_step_count": 9,
  "warning_count": 0,
  "blocked_by_confirmation": null,
  "validation": {
    "ok": true,
    "issue_count": 0,
    "issues": [],
    "warning_count": 0,
    "warnings": [],
    "summary": {
      "schema_version": "kyuubiki.headless-execution-batch/v1",
      "workflow_id": "template.material_structural_panel_screening",
      "template_id": "material_structural_panel_screening",
      "exported_at": "1970-01-01T00:00:00.000Z",
      "language": "en",
      "step_count": 9,
      "warning_count": 0,
      "actions": [
        "solve_plane_quad_2d",
        "job_wait",
        "result_fetch",
        "solve_plane_quad_2d",
        "job_wait",
        "result_fetch",
        "solve_plane_quad_2d",
        "job_wait",
        "result_fetch"
      ]
    },
    "policy": {
      "required_engines": [
        "service"
      ],
      "engine_counts": {
        "browser": 0,
        "service": 9
      },
      "risk_counts": {
        "normal": 9,
        "sensitive": 0,
        "destructive": 0
      },
      "recommended_runtime": "service_only",
      "needs_desktop_browser": false,
      "safe_for_service_only": true,
      "notes": []
    }
  },
  "execution_summary": {
    "schema_version": "kyuubiki.headless-execution-summary/v1",
    "job_count": 3,
    "job_ids": [
      "{{steps.1.result.job_id}}",
      "{{steps.4.result.job_id}}",
      "{{steps.7.result.job_id}}"
    ],
    "jobs": [
      {
        "job_id": "{{steps.1.result.job_id}}",
        "status": null,
        "worker_id": null,
        "phase": null,
        "created_at": null,
        "execution_started_at": null,
        "updated_at": null,
        "queue_wait_ms": null,
        "execution_elapsed_ms": null,
        "total_elapsed_ms": null,
        "effective_timeout_ms": null,
        "effective_deadline": null
      },
      {
        "job_id": "{{steps.4.result.job_id}}",
        "status": null,
        "worker_id": null,
        "phase": null,
        "created_at": null,
        "execution_started_at": null,
        "updated_at": null,
        "queue_wait_ms": null,
        "execution_elapsed_ms": null,
        "total_elapsed_ms": null,
        "effective_timeout_ms": null,
        "effective_deadline": null
      },
      {
        "job_id": "{{steps.7.result.job_id}}",
        "status": null,
        "worker_id": null,
        "phase": null,
        "created_at": null,
        "execution_started_at": null,
        "updated_at": null,
        "queue_wait_ms": null,
        "execution_elapsed_ms": null,
        "total_elapsed_ms": null,
        "effective_timeout_ms": null,
        "effective_deadline": null
      }
    ],
    "failure": null
  },
  "steps": [
    {
      "index": 1,
      "action": "solve_plane_quad_2d",
      "risk": "normal",
      "status": "dry_run",
      "payload": {
        "model": {
          "elements": [
            {
              "id": "panel_aluminum_7075_t6",
              "node_i": 0,
              "node_j": 1,
              "node_k": 2,
              "node_l": 3,
              "poisson_ratio": 0.33,
              "thickness": 0.002,
              "youngs_modulus": 71700000000.0
            }
          ],
          "nodes": [
            {
              "fix_x": true,
              "fix_y": true,
              "id": "fixed_left_bottom",
              "load_x": 0.0,
              "load_y": 0.0,
              "x": 0.0,
              "y": 0.0
            },
            {
              "fix_x": false,
              "fix_y": false,
              "id": "free_right_bottom",
              "load_x": 0.0,
              "load_y": -450.0,
              "x": 0.12,
              "y": 0.0
            },
            {
              "fix_x": false,
              "fix_y": false,
              "id": "free_right_top",
              "load_x": 0.0,
              "load_y": -450.0,
              "x": 0.12,
              "y": 0.05
            },
            {
              "fix_x": true,
              "fix_y": true,
              "id": "fixed_left_top",
              "load_x": 0.0,
              "load_y": 0.0,
              "x": 0.0,
              "y": 0.05
            }
          ]
        },
        "research": {
          "candidate_id": "aluminum_7075_t6",
          "candidate_label": "Aluminum 7075-T6",
          "density_kg_m3": 2810.0,
          "family": "metal",
          "note": "light aerospace baseline with strong yield margin",
          "objective": "minimize panel stress, deflection, and mass while retaining yield margin",
          "study": "material.structural_panel_screening.v1",
          "yield_strength_pa": 503000000.0,
          "youngs_modulus_pa": 71700000000.0
        }
      },
      "result_preview": {
        "action": "solve_plane_quad_2d",
        "step_index": 1
      },
      "requires_confirmation": false
    },
    {
      "index": 2,
      "action": "job_wait",
      "risk": "normal",
      "status": "dry_run",
      "payload": {
        "interval_ms": 1000,
        "job_id": "{{steps.1.result.job_id}}",
        "max_total_timeout_ms": 3600000,
        "resume_policy": "server_deadline",
        "timeout_ms": 60000
      },
      "result_preview": {
        "action": "job_wait",
        "job_id": "{{steps.1.result.job_id}}",
        "progress": 1.0,
        "status": "completed",
        "step_index": 2
      },
      "requires_confirmation": false
    },
    {
      "index": 3,
      "action": "result_fetch",
      "risk": "normal",
      "status": "dry_run",
      "payload": {
        "job_id": "{{steps.1.result.job_id}}"
      },
      "result_preview": {
        "action": "result_fetch",
        "job_id": "{{steps.1.result.job_id}}",
        "result": {
          "kind": "simulated_result"
        },
        "step_index": 3
      },
      "requires_confirmation": false
    },
    {
      "index": 4,
      "action": "solve_plane_quad_2d",
      "risk": "normal",
      "status": "dry_run",
      "payload": {
        "model": {
          "elements": [
            {
              "id": "panel_steel_4130_normalized",
              "node_i": 0,
              "node_j": 1,
              "node_k": 2,
              "node_l": 3,
              "poisson_ratio": 0.29,
              "thickness": 0.002,
              "youngs_modulus": 205000000000.0
            }
          ],
          "nodes": [
            {
              "fix_x": true,
              "fix_y": true,
              "id": "fixed_left_bottom",
              "load_x": 0.0,
              "load_y": 0.0,
              "x": 0.0,
              "y": 0.0
            },
            {
              "fix_x": false,
              "fix_y": false,
              "id": "free_right_bottom",
              "load_x": 0.0,
              "load_y": -450.0,
              "x": 0.12,
              "y": 0.0
            },
            {
              "fix_x": false,
              "fix_y": false,
              "id": "free_right_top",
              "load_x": 0.0,
              "load_y": -450.0,
              "x": 0.12,
              "y": 0.05
            },
            {
              "fix_x": true,
              "fix_y": true,
              "id": "fixed_left_top",
              "load_x": 0.0,
              "load_y": 0.0,
              "x": 0.0,
              "y": 0.05
            }
          ]
        },
        "research": {
          "candidate_id": "steel_4130_normalized",
          "candidate_label": "Steel 4130 normalized",
          "density_kg_m3": 7850.0,
          "family": "steel",
          "note": "stiff durable baseline with mass penalty",
          "objective": "minimize panel stress, deflection, and mass while retaining yield margin",
          "study": "material.structural_panel_screening.v1",
          "yield_strength_pa": 435000000.0,
          "youngs_modulus_pa": 205000000000.0
        }
      },
      "result_preview": {
        "action": "solve_plane_quad_2d",
        "step_index": 4
      },
      "requires_confirmation": false
    },
    {
      "index": 5,
      "action": "job_wait",
      "risk": "normal",
      "status": "dry_run",
      "payload": {
        "interval_ms": 1000,
        "job_id": "{{steps.4.result.job_id}}",
        "max_total_timeout_ms": 3600000,
        "resume_policy": "server_deadline",
        "timeout_ms": 60000
      },
      "result_preview": {
        "action": "job_wait",
        "job_id": "{{steps.4.result.job_id}}",
        "progress": 1.0,
        "status": "completed",
        "step_index": 5
      },
      "requires_confirmation": false
    },
    {
      "index": 6,
      "action": "result_fetch",
      "risk": "normal",
      "status": "dry_run",
      "payload": {
        "job_id": "{{steps.4.result.job_id}}"
      },
      "result_preview": {
        "action": "result_fetch",
        "job_id": "{{steps.4.result.job_id}}",
        "result": {
          "kind": "simulated_result"
        },
        "step_index": 6
      },
      "requires_confirmation": false
    },
    {
      "index": 7,
      "action": "solve_plane_quad_2d",
      "risk": "normal",
      "status": "dry_run",
      "payload": {
        "model": {
          "elements": [
            {
              "id": "panel_carbon_fiber_quasi_iso",
              "node_i": 0,
              "node_j": 1,
              "node_k": 2,
              "node_l": 3,
              "poisson_ratio": 0.28,
              "thickness": 0.002,
              "youngs_modulus": 70000000000.0
            }
          ],
          "nodes": [
            {
              "fix_x": true,
              "fix_y": true,
              "id": "fixed_left_bottom",
              "load_x": 0.0,
              "load_y": 0.0,
              "x": 0.0,
              "y": 0.0
            },
            {
              "fix_x": false,
              "fix_y": false,
              "id": "free_right_bottom",
              "load_x": 0.0,
              "load_y": -450.0,
              "x": 0.12,
              "y": 0.0
            },
            {
              "fix_x": false,
              "fix_y": false,
              "id": "free_right_top",
              "load_x": 0.0,
              "load_y": -450.0,
              "x": 0.12,
              "y": 0.05
            },
            {
              "fix_x": true,
              "fix_y": true,
              "id": "fixed_left_top",
              "load_x": 0.0,
              "load_y": 0.0,
              "x": 0.0,
              "y": 0.05
            }
          ]
        },
        "research": {
          "candidate_id": "carbon_fiber_quasi_iso",
          "candidate_label": "Carbon fiber quasi-isotropic",
          "density_kg_m3": 1600.0,
          "family": "composite",
          "note": "low-mass composite candidate for stiffness-per-mass studies",
          "objective": "minimize panel stress, deflection, and mass while retaining yield margin",
          "study": "material.structural_panel_screening.v1",
          "yield_strength_pa": 600000000.0,
          "youngs_modulus_pa": 70000000000.0
        }
      },
      "result_preview": {
        "action": "solve_plane_quad_2d",
        "step_index": 7
      },
      "requires_confirmation": false
    },
    {
      "index": 8,
      "action": "job_wait",
      "risk": "normal",
      "status": "dry_run",
      "payload": {
        "interval_ms": 1000,
        "job_id": "{{steps.7.result.job_id}}",
        "max_total_timeout_ms": 3600000,
        "resume_policy": "server_deadline",
        "timeout_ms": 60000
      },
      "result_preview": {
        "action": "job_wait",
        "job_id": "{{steps.7.result.job_id}}",
        "progress": 1.0,
        "status": "completed",
        "step_index": 8
      },
      "requires_confirmation": false
    },
    {
      "index": 9,
      "action": "result_fetch",
      "risk": "normal",
      "status": "dry_run",
      "payload": {
        "job_id": "{{steps.7.result.job_id}}"
      },
      "result_preview": {
        "action": "result_fetch",
        "job_id": "{{steps.7.result.job_id}}",
        "result": {
          "kind": "simulated_result"
        },
        "step_index": 9
      },
      "requires_confirmation": false
    }
  ]
}
