{
  "schema_version": "kyuubiki.headless-execution-run/v1",
  "workflow_id": "template.material_study_envelope_ranking",
  "mode": "dry_run",
  "status": "blocked",
  "executed_step_count": 2,
  "warning_count": 0,
  "blocked_by_confirmation": {
    "index": 1,
    "risk": "sensitive"
  },
  "validation": {
    "ok": true,
    "issue_count": 0,
    "issues": [],
    "warning_count": 0,
    "warnings": [],
    "summary": {
      "schema_version": "kyuubiki.headless-execution-batch/v1",
      "workflow_id": "template.material_study_envelope_ranking",
      "template_id": "material_study_envelope_ranking",
      "exported_at": "1970-01-01T00:00:00.000Z",
      "language": "en",
      "step_count": 3,
      "warning_count": 0,
      "actions": [
        "workflow_submit_graph",
        "job_wait",
        "result_fetch"
      ]
    },
    "policy": {
      "required_engines": [
        "service"
      ],
      "engine_counts": {
        "browser": 0,
        "service": 3
      },
      "risk_counts": {
        "destructive": 0,
        "normal": 2,
        "sensitive": 1
      },
      "recommended_runtime": "service_only",
      "needs_desktop_browser": false,
      "safe_for_service_only": true,
      "notes": [
        "Includes sensitive steps; live execution should pass --allow-sensitive after review."
      ]
    }
  },
  "execution_summary": {
    "schema_version": "kyuubiki.headless-execution-summary/v1",
    "job_count": 2,
    "job_ids": [
      "job_001",
      "{{steps.1.result.job_id}}"
    ],
    "jobs": [
      {
        "job_id": "job_001",
        "status": "submitted",
        "worker_id": null,
        "phase": null,
        "created_at": null,
        "execution_started_at": null,
        "updated_at": null,
        "queue_wait_ms": null,
        "execution_elapsed_ms": null,
        "total_elapsed_ms": null,
        "effective_timeout_ms": null,
        "effective_deadline": null
      },
      {
        "job_id": "{{steps.1.result.job_id}}",
        "status": null,
        "worker_id": null,
        "phase": null,
        "created_at": null,
        "execution_started_at": null,
        "updated_at": null,
        "queue_wait_ms": null,
        "execution_elapsed_ms": null,
        "total_elapsed_ms": null,
        "effective_timeout_ms": null,
        "effective_deadline": null
      }
    ],
    "failure": null
  },
  "steps": [
    {
      "index": 1,
      "action": "workflow_submit_graph",
      "risk": "sensitive",
      "status": "blocked",
      "payload": {
        "graph": {
          "dataset_contract": {
            "id": "dataset.material_study_envelope/v1",
            "schema_version": "kyuubiki.workflow-dataset/v1",
            "values": [
              {
                "data_class": "table",
                "element_type": "json_object",
                "encoding": "json",
                "id": "material_study",
                "schema_ref": {
                  "schema": "kyuubiki.material.study.envelope.row",
                  "version": "1"
                },
                "semantic_type": "artifact/result_summary",
                "shape": {
                  "axes": [
                    {
                      "id": "candidate",
                      "semantic": "material_candidate"
                    }
                  ]
                }
              }
            ],
            "version": "1.0.0"
          },
          "defaults": {},
          "description": "Compose material study envelopes, rank candidates, and extract Pareto frontier.",
          "edges": [
            {
              "artifact_type": "artifact/result_summary",
              "dataset_value": "material_study",
              "from": {
                "node": "material_rows",
                "port": "rows"
              },
              "id": "edge-rows-envelope",
              "to": {
                "node": "compose_envelopes",
                "port": "rows"
              }
            },
            {
              "artifact_type": "artifact/result_summary",
              "dataset_value": "material_study",
              "from": {
                "node": "compose_envelopes",
                "port": "envelopes"
              },
              "id": "edge-envelope-rank",
              "to": {
                "node": "rank_envelopes",
                "port": "envelopes"
              }
            },
            {
              "artifact_type": "artifact/result_summary",
              "dataset_value": "material_study",
              "from": {
                "node": "compose_envelopes",
                "port": "envelopes"
              },
              "id": "edge-envelope-pareto",
              "to": {
                "node": "pareto_envelopes",
                "port": "envelopes"
              }
            },
            {
              "artifact_type": "artifact/result_summary",
              "dataset_value": "material_study",
              "from": {
                "node": "rank_envelopes",
                "port": "ranking"
              },
              "id": "edge-rank-output",
              "to": {
                "node": "ranking_output",
                "port": "ranking"
              }
            },
            {
              "artifact_type": "artifact/result_summary",
              "dataset_value": "material_study",
              "from": {
                "node": "pareto_envelopes",
                "port": "pareto"
              },
              "id": "edge-pareto-output",
              "to": {
                "node": "pareto_output",
                "port": "pareto"
              }
            }
          ],
          "entry_nodes": [
            "material_rows"
          ],
          "id": "workflow.material-study-envelope",
          "name": "Material study envelope ranking",
          "nodes": [
            {
              "id": "material_rows",
              "inputs": [],
              "kind": "input",
              "outputs": [
                {
                  "artifact_type": "artifact/result_summary",
                  "dataset_value": "material_study",
                  "id": "rows"
                }
              ]
            },
            {
              "config": {},
              "id": "compose_envelopes",
              "inputs": [
                {
                  "artifact_type": "artifact/result_summary",
                  "dataset_value": "material_study",
                  "id": "rows"
                }
              ],
              "kind": "transform",
              "operator_id": "transform.compose_material_study_envelope",
              "outputs": [
                {
                  "artifact_type": "artifact/result_summary",
                  "dataset_value": "material_study",
                  "id": "envelopes"
                }
              ]
            },
            {
              "config": {
                "include_best_summary": false,
                "margin_prefix": "material_envelope"
              },
              "id": "rank_envelopes",
              "inputs": [
                {
                  "artifact_type": "artifact/result_summary",
                  "dataset_value": "material_study",
                  "id": "envelopes"
                }
              ],
              "kind": "transform",
              "operator_id": "transform.rank_material_candidates",
              "outputs": [
                {
                  "artifact_type": "artifact/result_summary",
                  "dataset_value": "material_study",
                  "id": "ranking"
                }
              ]
            },
            {
              "config": {
                "feasible_field": "material_envelope_status",
                "objectives": [
                  {
                    "field": "material_envelope_score",
                    "goal": "min"
                  },
                  {
                    "field": "material_envelope_safety_factor",
                    "goal": "max"
                  }
                ]
              },
              "id": "pareto_envelopes",
              "inputs": [
                {
                  "artifact_type": "artifact/result_summary",
                  "dataset_value": "material_study",
                  "id": "envelopes"
                }
              ],
              "kind": "transform",
              "operator_id": "transform.extract_material_pareto_frontier",
              "outputs": [
                {
                  "artifact_type": "artifact/result_summary",
                  "dataset_value": "material_study",
                  "id": "pareto"
                }
              ]
            },
            {
              "id": "ranking_output",
              "inputs": [
                {
                  "artifact_type": "artifact/result_summary",
                  "dataset_value": "material_study",
                  "id": "ranking"
                }
              ],
              "kind": "output",
              "outputs": []
            },
            {
              "id": "pareto_output",
              "inputs": [
                {
                  "artifact_type": "artifact/result_summary",
                  "dataset_value": "material_study",
                  "id": "pareto"
                }
              ],
              "kind": "output",
              "outputs": []
            }
          ],
          "output_nodes": [
            "ranking_output",
            "pareto_output"
          ],
          "schema_version": "kyuubiki.workflow-graph/v1",
          "version": "1.0.0"
        },
        "input_artifacts": {
          "material_rows": {
            "rows": [
              {
                "case_id": "cool_stiff",
                "summaries": {
                  "structural": {
                    "max_stress": 100.0
                  },
                  "thermal": {
                    "max_temperature": 82.0
                  }
                }
              },
              {
                "case_id": "warm_safe",
                "summaries": {
                  "structural": {
                    "max_stress": 120.0
                  },
                  "thermal": {
                    "max_temperature": 90.0
                  }
                }
              },
              {
                "case_id": "hot_light",
                "summaries": {
                  "structural": {
                    "max_stress": 110.0
                  },
                  "thermal": {
                    "max_temperature": 140.0
                  }
                }
              }
            ]
          }
        }
      },
      "result_preview": {
        "action": "workflow_submit_graph",
        "job_id": "job_001",
        "status": "submitted",
        "step_index": 1
      },
      "requires_confirmation": true
    },
    {
      "index": 2,
      "action": "job_wait",
      "risk": "normal",
      "status": "dry_run",
      "payload": {
        "interval_ms": 1000,
        "job_id": "{{steps.1.result.job_id}}",
        "max_total_timeout_ms": 3600000,
        "resume_policy": "server_deadline",
        "timeout_ms": 60000
      },
      "result_preview": {
        "action": "job_wait",
        "job_id": "{{steps.1.result.job_id}}",
        "progress": 1.0,
        "status": "completed",
        "step_index": 2
      },
      "requires_confirmation": false
    },
    {
      "index": 3,
      "action": "result_fetch",
      "risk": "normal",
      "status": "dry_run",
      "payload": {
        "job_id": "{{steps.1.result.job_id}}"
      },
      "result_preview": {
        "action": "result_fetch",
        "job_id": "{{steps.1.result.job_id}}",
        "result": {
          "kind": "simulated_result"
        },
        "step_index": 3
      },
      "requires_confirmation": false
    }
  ]
}
