{
  "schema_version": "kyuubiki.headless-execution-run/v1",
  "workflow_id": "template.direct_electrostatic_quad",
  "mode": "execute:service",
  "status": "ok",
  "executed_step_count": 3,
  "warning_count": 0,
  "blocked_by_confirmation": null,
  "validation": {
    "ok": true,
    "issue_count": 0,
    "issues": [],
    "warning_count": 0,
    "warnings": [],
    "summary": {
      "schema_version": "kyuubiki.headless-execution-batch/v1",
      "workflow_id": "template.direct_electrostatic_quad",
      "template_id": "direct_electrostatic_quad",
      "exported_at": "1970-01-01T00:00:00.000Z",
      "language": "en",
      "step_count": 3,
      "warning_count": 0,
      "actions": [
        "solve_electrostatic_plane_quad_2d",
        "job_wait",
        "result_fetch"
      ]
    },
    "policy": {
      "required_engines": [
        "service"
      ],
      "engine_counts": {
        "browser": 0,
        "service": 3
      },
      "risk_counts": {
        "normal": 3,
        "sensitive": 0,
        "destructive": 0
      },
      "recommended_runtime": "service_only",
      "needs_desktop_browser": false,
      "safe_for_service_only": true,
      "notes": []
    }
  },
  "execution_summary": {
    "schema_version": "kyuubiki.headless-execution-summary/v1",
    "job_count": 1,
    "job_ids": [
      "0ebf7f1a1eead5e9"
    ],
    "jobs": [
      {
        "job_id": "0ebf7f1a1eead5e9",
        "status": "completed",
        "worker_id": "rust-agent-rpc@127.0.0.1:5001",
        "phase": "execution",
        "created_at": "2026-08-13T10:11:25.105695Z",
        "execution_started_at": "2026-08-13T10:11:25.112971Z",
        "updated_at": "2026-08-13T10:11:26.191709Z",
        "queue_wait_ms": 7,
        "execution_elapsed_ms": 1078,
        "total_elapsed_ms": 1086,
        "effective_timeout_ms": 120000,
        "effective_deadline": "2026-08-13T10:13:25.112971Z"
      }
    ],
    "failure": null
  },
  "steps": [
    {
      "index": 1,
      "action": "solve_electrostatic_plane_quad_2d",
      "risk": "normal",
      "status": "executed",
      "payload": {
        "model": {
          "elements": [
            {
              "id": "eq0",
              "node_i": 0,
              "node_j": 1,
              "node_k": 2,
              "node_l": 3,
              "permittivity": 2.5,
              "thickness": 0.05
            }
          ],
          "nodes": [
            {
              "charge_density": 0.0,
              "fix_potential": true,
              "id": "e0",
              "potential": 1000,
              "x": 0.0,
              "y": 0.0
            },
            {
              "charge_density": 0.0,
              "fix_potential": false,
              "id": "e1",
              "potential": 0.0,
              "x": 1.0,
              "y": 0.0
            },
            {
              "charge_density": 0.0,
              "fix_potential": true,
              "id": "e2",
              "potential": 0.0,
              "x": 1.0,
              "y": 1.0
            },
            {
              "charge_density": 0.0,
              "fix_potential": true,
              "id": "e3",
              "potential": 0.0,
              "x": 0.0,
              "y": 1.0
            }
          ]
        }
      },
      "result_preview": {
        "job": {
          "created_at": "2026-08-13T10:11:25.105695Z",
          "execution_started_at": null,
          "execution_timeout_ms": 120000,
          "has_result": false,
          "iteration": null,
          "job_id": "0ebf7f1a1eead5e9",
          "message": null,
          "model_version_id": null,
          "progress": 0.0,
          "project_id": "d758e9bf037f7209",
          "queue_timeout_ms": 1800000,
          "residual": null,
          "simulation_case_id": "68430e570a45141f",
          "status": "queued",
          "status_detail": {
            "active": true,
            "failure_class": null,
            "lifecycle": "active",
            "recoverable": false,
            "terminal": false,
            "timing": {
              "effective_deadline": "2026-08-13T10:41:25.105695Z",
              "effective_timeout_ms": 1800000,
              "execution_elapsed_ms": null,
              "execution_started_at": null,
              "execution_timeout_ms": 120000,
              "job_submission_deadline": "2026-08-13T10:41:25.105695Z",
              "phase": "queue",
              "queue_timeout_ms": 1800000,
              "queue_wait_ms": 0,
              "total_elapsed_ms": 0
            }
          },
          "updated_at": "2026-08-13T10:11:25.105695Z",
          "worker_id": null
        },
        "job_id": "0ebf7f1a1eead5e9",
        "progress": 0.0,
        "raw": {
          "job": {
            "created_at": "2026-08-13T10:11:25.105695Z",
            "execution_started_at": null,
            "execution_timeout_ms": 120000,
            "has_result": false,
            "iteration": null,
            "job_id": "0ebf7f1a1eead5e9",
            "message": null,
            "model_version_id": null,
            "progress": 0.0,
            "project_id": "d758e9bf037f7209",
            "queue_timeout_ms": 1800000,
            "residual": null,
            "simulation_case_id": "68430e570a45141f",
            "status": "queued",
            "status_detail": {
              "active": true,
              "failure_class": null,
              "lifecycle": "active",
              "recoverable": false,
              "terminal": false,
              "timing": {
                "effective_deadline": "2026-08-13T10:41:25.105695Z",
                "effective_timeout_ms": 1800000,
                "execution_elapsed_ms": null,
                "execution_started_at": null,
                "execution_timeout_ms": 120000,
                "job_submission_deadline": "2026-08-13T10:41:25.105695Z",
                "phase": "queue",
                "queue_timeout_ms": 1800000,
                "queue_wait_ms": 0,
                "total_elapsed_ms": 0
              }
            },
            "updated_at": "2026-08-13T10:11:25.105695Z",
            "worker_id": null
          }
        },
        "status": "queued"
      },
      "requires_confirmation": false
    },
    {
      "index": 2,
      "action": "job_wait",
      "risk": "normal",
      "status": "executed",
      "payload": {
        "interval_ms": 1000,
        "job_id": "0ebf7f1a1eead5e9",
        "timeout_ms": 60000
      },
      "result_preview": {
        "job": {
          "created_at": "2026-08-13T10:11:25.105695Z",
          "execution_started_at": "2026-08-13T10:11:25.112971Z",
          "execution_timeout_ms": 120000,
          "iteration": 4,
          "job_id": "0ebf7f1a1eead5e9",
          "message": "collecting nodal and elemental responses",
          "model_version_id": null,
          "progress": 1.0,
          "project_id": "d758e9bf037f7209",
          "queue_timeout_ms": 1800000,
          "residual": 0.2,
          "simulation_case_id": "68430e570a45141f",
          "status": "completed",
          "status_detail": {
            "active": false,
            "failure_class": null,
            "lifecycle": "terminal",
            "recoverable": false,
            "terminal": true,
            "timing": {
              "effective_deadline": "2026-08-13T10:13:25.112971Z",
              "effective_timeout_ms": 120000,
              "execution_elapsed_ms": 1078,
              "execution_started_at": "2026-08-13T10:11:25.112971Z",
              "execution_timeout_ms": 120000,
              "job_submission_deadline": "2026-08-13T10:41:25.105695Z",
              "phase": "execution",
              "queue_timeout_ms": 1800000,
              "queue_wait_ms": 7,
              "total_elapsed_ms": 1086
            }
          },
          "updated_at": "2026-08-13T10:11:26.191709Z",
          "worker_id": "rust-agent-rpc@127.0.0.1:5001"
        },
        "job_id": "0ebf7f1a1eead5e9",
        "progress": 1.0,
        "raw": {
          "job": {
            "created_at": "2026-08-13T10:11:25.105695Z",
            "execution_started_at": "2026-08-13T10:11:25.112971Z",
            "execution_timeout_ms": 120000,
            "iteration": 4,
            "job_id": "0ebf7f1a1eead5e9",
            "message": "collecting nodal and elemental responses",
            "model_version_id": null,
            "progress": 1.0,
            "project_id": "d758e9bf037f7209",
            "queue_timeout_ms": 1800000,
            "residual": 0.2,
            "simulation_case_id": "68430e570a45141f",
            "status": "completed",
            "status_detail": {
              "active": false,
              "failure_class": null,
              "lifecycle": "terminal",
              "recoverable": false,
              "terminal": true,
              "timing": {
                "effective_deadline": "2026-08-13T10:13:25.112971Z",
                "effective_timeout_ms": 120000,
                "execution_elapsed_ms": 1078,
                "execution_started_at": "2026-08-13T10:11:25.112971Z",
                "execution_timeout_ms": 120000,
                "job_submission_deadline": "2026-08-13T10:41:25.105695Z",
                "phase": "execution",
                "queue_timeout_ms": 1800000,
                "queue_wait_ms": 7,
                "total_elapsed_ms": 1086
              }
            },
            "updated_at": "2026-08-13T10:11:26.191709Z",
            "worker_id": "rust-agent-rpc@127.0.0.1:5001"
          }
        },
        "result": null,
        "status": "completed",
        "wait": {
          "elapsed_ms": 2074,
          "policy": "fixed",
          "poll_attempts": 3,
          "resume_count": 0
        }
      },
      "requires_confirmation": false
    },
    {
      "index": 3,
      "action": "result_fetch",
      "risk": "normal",
      "status": "executed",
      "payload": {
        "job_id": "0ebf7f1a1eead5e9"
      },
      "result_preview": {
        "job": {
          "created_at": "2026-08-13T10:11:25.105695Z",
          "execution_started_at": "2026-08-13T10:11:25.112971Z",
          "execution_timeout_ms": 120000,
          "has_result": true,
          "iteration": 4,
          "job_id": "0ebf7f1a1eead5e9",
          "message": "collecting nodal and elemental responses",
          "model_version_id": null,
          "progress": 1.0,
          "project_id": "d758e9bf037f7209",
          "queue_timeout_ms": 1800000,
          "residual": 0.2,
          "simulation_case_id": "68430e570a45141f",
          "status": "completed",
          "status_detail": {
            "active": false,
            "failure_class": null,
            "lifecycle": "terminal",
            "recoverable": false,
            "terminal": true,
            "timing": {
              "effective_deadline": "2026-08-13T10:13:25.112971Z",
              "effective_timeout_ms": 120000,
              "execution_elapsed_ms": 1078,
              "execution_started_at": "2026-08-13T10:11:25.112971Z",
              "execution_timeout_ms": 120000,
              "job_submission_deadline": "2026-08-13T10:41:25.105695Z",
              "phase": "execution",
              "queue_timeout_ms": 1800000,
              "queue_wait_ms": 7,
              "total_elapsed_ms": 1086
            }
          },
          "updated_at": "2026-08-13T10:11:26.191709Z",
          "worker_id": "rust-agent-rpc@127.0.0.1:5001"
        },
        "job_id": "0ebf7f1a1eead5e9",
        "result": {
          "elements": [
            {
              "area": 1.0,
              "average_potential": 375.0,
              "electric_energy_density": 781250.0000000001,
              "electric_field_magnitude": 790.5694150420949,
              "electric_field_x": 250.0,
              "electric_field_y": 750.0,
              "electric_flux_density_magnitude": 1976.423537605237,
              "electric_flux_density_x": 625.0,
              "electric_flux_density_y": 1875.0,
              "id": "eq0",
              "index": 0,
              "node_i": 0,
              "node_j": 1,
              "node_k": 2,
              "node_l": 3,
              "potential_gradient_x": -250.0,
              "potential_gradient_y": -750.0,
              "stored_energy": 39062.50000000001
            }
          ],
          "input": {
            "elements": [
              {
                "id": "eq0",
                "node_i": 0,
                "node_j": 1,
                "node_k": 2,
                "node_l": 3,
                "permittivity": 2.5,
                "thickness": 0.05
              }
            ],
            "nodes": [
              {
                "charge_density": 0.0,
                "fix_potential": true,
                "id": "e0",
                "potential": 1000.0,
                "x": 0.0,
                "y": 0.0
              },
              {
                "charge_density": 0.0,
                "fix_potential": false,
                "id": "e1",
                "potential": 0.0,
                "x": 1.0,
                "y": 0.0
              },
              {
                "charge_density": 0.0,
                "fix_potential": true,
                "id": "e2",
                "potential": 0.0,
                "x": 1.0,
                "y": 1.0
              },
              {
                "charge_density": 0.0,
                "fix_potential": true,
                "id": "e3",
                "potential": 0.0,
                "x": 0.0,
                "y": 1.0
              }
            ]
          },
          "max_electric_energy_density": 781250.0000000001,
          "max_electric_field": 790.5694150420949,
          "max_flux_density": 1976.423537605237,
          "max_potential": 1000.0,
          "nodes": [
            {
              "charge_density": 0.0,
              "id": "e0",
              "index": 0,
              "potential": 1000.0,
              "x": 0.0,
              "y": 0.0
            },
            {
              "charge_density": 0.0,
              "id": "e1",
              "index": 1,
              "potential": 500.0,
              "x": 1.0,
              "y": 0.0
            },
            {
              "charge_density": 0.0,
              "id": "e2",
              "index": 2,
              "potential": 0.0,
              "x": 1.0,
              "y": 1.0
            },
            {
              "charge_density": 0.0,
              "id": "e3",
              "index": 3,
              "potential": 0.0,
              "x": 0.0,
              "y": 1.0
            }
          ],
          "total_stored_energy": 39062.50000000001
        },
        "status": "completed"
      },
      "requires_confirmation": false
    }
  ]
}
