{
  "schema_version": "kyuubiki.headless-execution-run/v1",
  "workflow_id": "template.direct_frame_3d",
  "mode": "execute:service",
  "status": "ok",
  "executed_step_count": 3,
  "warning_count": 0,
  "blocked_by_confirmation": null,
  "validation": {
    "ok": true,
    "issue_count": 0,
    "issues": [],
    "warning_count": 0,
    "warnings": [],
    "summary": {
      "schema_version": "kyuubiki.headless-execution-batch/v1",
      "workflow_id": "template.direct_frame_3d",
      "template_id": "direct_frame_3d",
      "exported_at": "1970-01-01T00:00:00.000Z",
      "language": "en",
      "step_count": 3,
      "warning_count": 0,
      "actions": [
        "solve_frame_3d",
        "job_wait",
        "result_fetch"
      ]
    },
    "policy": {
      "required_engines": [
        "service"
      ],
      "engine_counts": {
        "browser": 0,
        "service": 3
      },
      "risk_counts": {
        "sensitive": 0,
        "destructive": 0,
        "normal": 3
      },
      "recommended_runtime": "service_only",
      "needs_desktop_browser": false,
      "safe_for_service_only": true,
      "notes": []
    }
  },
  "execution_summary": {
    "schema_version": "kyuubiki.headless-execution-summary/v1",
    "job_count": 1,
    "job_ids": [
      "611af84ec0626d6c"
    ],
    "jobs": [
      {
        "job_id": "611af84ec0626d6c",
        "status": "completed",
        "worker_id": "rust-agent-rpc@127.0.0.1:5002",
        "phase": "execution",
        "created_at": "2026-08-13T10:16:20.627084Z",
        "execution_started_at": "2026-08-13T10:16:20.633343Z",
        "updated_at": "2026-08-13T10:16:21.657067Z",
        "queue_wait_ms": 6,
        "execution_elapsed_ms": 1023,
        "total_elapsed_ms": 1029,
        "effective_timeout_ms": 120000,
        "effective_deadline": "2026-08-13T10:18:20.633343Z"
      }
    ],
    "failure": null
  },
  "steps": [
    {
      "index": 1,
      "action": "solve_frame_3d",
      "risk": "normal",
      "status": "executed",
      "payload": {
        "model": {
          "elements": [
            {
              "area": 0.02,
              "id": "f0",
              "moment_of_inertia_y": 8e-6,
              "moment_of_inertia_z": 8e-6,
              "node_i": 0,
              "node_j": 1,
              "section_modulus_y": 0.00016,
              "section_modulus_z": 0.00016,
              "shear_modulus": 80000000000.0,
              "torsion_constant": 5e-6,
              "youngs_modulus": 210000000000.0
            }
          ],
          "nodes": [
            {
              "fix_rx": true,
              "fix_ry": true,
              "fix_rz": true,
              "fix_x": true,
              "fix_y": true,
              "fix_z": true,
              "id": "n0",
              "load_x": 0.0,
              "load_y": 0.0,
              "load_z": 0.0,
              "moment_x": 0.0,
              "moment_y": 0.0,
              "moment_z": 0.0,
              "x": 0.0,
              "y": 0.0,
              "z": 0.0
            },
            {
              "fix_rx": false,
              "fix_ry": false,
              "fix_rz": false,
              "fix_x": false,
              "fix_y": false,
              "fix_z": false,
              "id": "n1",
              "load_x": 0.0,
              "load_y": -1000.0,
              "load_z": 0.0,
              "moment_x": 0.0,
              "moment_y": 0.0,
              "moment_z": 0.0,
              "x": 2.0,
              "y": 0.0,
              "z": 0.0
            }
          ]
        }
      },
      "result_preview": {
        "job": {
          "created_at": "2026-08-13T10:16:20.627084Z",
          "execution_started_at": null,
          "execution_timeout_ms": 120000,
          "has_result": false,
          "iteration": null,
          "job_id": "611af84ec0626d6c",
          "message": null,
          "model_version_id": null,
          "progress": 0.0,
          "project_id": "e72b6f02dd1eef80",
          "queue_timeout_ms": 1800000,
          "residual": null,
          "simulation_case_id": "3b392e91d4b03d2c",
          "status": "queued",
          "status_detail": {
            "active": true,
            "failure_class": null,
            "lifecycle": "active",
            "recoverable": false,
            "terminal": false,
            "timing": {
              "effective_deadline": "2026-08-13T10:46:20.627084Z",
              "effective_timeout_ms": 1800000,
              "execution_elapsed_ms": null,
              "execution_started_at": null,
              "execution_timeout_ms": 120000,
              "job_submission_deadline": "2026-08-13T10:46:20.627084Z",
              "phase": "queue",
              "queue_timeout_ms": 1800000,
              "queue_wait_ms": 0,
              "total_elapsed_ms": 0
            }
          },
          "updated_at": "2026-08-13T10:16:20.627084Z",
          "worker_id": null
        },
        "job_id": "611af84ec0626d6c",
        "progress": 0.0,
        "raw": {
          "job": {
            "created_at": "2026-08-13T10:16:20.627084Z",
            "execution_started_at": null,
            "execution_timeout_ms": 120000,
            "has_result": false,
            "iteration": null,
            "job_id": "611af84ec0626d6c",
            "message": null,
            "model_version_id": null,
            "progress": 0.0,
            "project_id": "e72b6f02dd1eef80",
            "queue_timeout_ms": 1800000,
            "residual": null,
            "simulation_case_id": "3b392e91d4b03d2c",
            "status": "queued",
            "status_detail": {
              "active": true,
              "failure_class": null,
              "lifecycle": "active",
              "recoverable": false,
              "terminal": false,
              "timing": {
                "effective_deadline": "2026-08-13T10:46:20.627084Z",
                "effective_timeout_ms": 1800000,
                "execution_elapsed_ms": null,
                "execution_started_at": null,
                "execution_timeout_ms": 120000,
                "job_submission_deadline": "2026-08-13T10:46:20.627084Z",
                "phase": "queue",
                "queue_timeout_ms": 1800000,
                "queue_wait_ms": 0,
                "total_elapsed_ms": 0
              }
            },
            "updated_at": "2026-08-13T10:16:20.627084Z",
            "worker_id": null
          }
        },
        "status": "queued"
      },
      "requires_confirmation": false
    },
    {
      "index": 2,
      "action": "job_wait",
      "risk": "normal",
      "status": "executed",
      "payload": {
        "interval_ms": 1000,
        "job_id": "611af84ec0626d6c",
        "timeout_ms": 60000
      },
      "result_preview": {
        "job": {
          "created_at": "2026-08-13T10:16:20.627084Z",
          "execution_started_at": "2026-08-13T10:16:20.633343Z",
          "execution_timeout_ms": 120000,
          "iteration": 4,
          "job_id": "611af84ec0626d6c",
          "message": "collecting nodal and elemental responses",
          "model_version_id": null,
          "progress": 1.0,
          "project_id": "e72b6f02dd1eef80",
          "queue_timeout_ms": 1800000,
          "residual": 0.2,
          "simulation_case_id": "3b392e91d4b03d2c",
          "status": "completed",
          "status_detail": {
            "active": false,
            "failure_class": null,
            "lifecycle": "terminal",
            "recoverable": false,
            "terminal": true,
            "timing": {
              "effective_deadline": "2026-08-13T10:18:20.633343Z",
              "effective_timeout_ms": 120000,
              "execution_elapsed_ms": 1023,
              "execution_started_at": "2026-08-13T10:16:20.633343Z",
              "execution_timeout_ms": 120000,
              "job_submission_deadline": "2026-08-13T10:46:20.627084Z",
              "phase": "execution",
              "queue_timeout_ms": 1800000,
              "queue_wait_ms": 6,
              "total_elapsed_ms": 1029
            }
          },
          "updated_at": "2026-08-13T10:16:21.657067Z",
          "worker_id": "rust-agent-rpc@127.0.0.1:5002"
        },
        "job_id": "611af84ec0626d6c",
        "progress": 1.0,
        "raw": {
          "job": {
            "created_at": "2026-08-13T10:16:20.627084Z",
            "execution_started_at": "2026-08-13T10:16:20.633343Z",
            "execution_timeout_ms": 120000,
            "iteration": 4,
            "job_id": "611af84ec0626d6c",
            "message": "collecting nodal and elemental responses",
            "model_version_id": null,
            "progress": 1.0,
            "project_id": "e72b6f02dd1eef80",
            "queue_timeout_ms": 1800000,
            "residual": 0.2,
            "simulation_case_id": "3b392e91d4b03d2c",
            "status": "completed",
            "status_detail": {
              "active": false,
              "failure_class": null,
              "lifecycle": "terminal",
              "recoverable": false,
              "terminal": true,
              "timing": {
                "effective_deadline": "2026-08-13T10:18:20.633343Z",
                "effective_timeout_ms": 120000,
                "execution_elapsed_ms": 1023,
                "execution_started_at": "2026-08-13T10:16:20.633343Z",
                "execution_timeout_ms": 120000,
                "job_submission_deadline": "2026-08-13T10:46:20.627084Z",
                "phase": "execution",
                "queue_timeout_ms": 1800000,
                "queue_wait_ms": 6,
                "total_elapsed_ms": 1029
              }
            },
            "updated_at": "2026-08-13T10:16:21.657067Z",
            "worker_id": "rust-agent-rpc@127.0.0.1:5002"
          }
        },
        "result": null,
        "status": "completed",
        "wait": {
          "elapsed_ms": 1061,
          "policy": "fixed",
          "poll_attempts": 2,
          "resume_count": 0
        }
      },
      "requires_confirmation": false
    },
    {
      "index": 3,
      "action": "result_fetch",
      "risk": "normal",
      "status": "executed",
      "payload": {
        "job_id": "611af84ec0626d6c"
      },
      "result_preview": {
        "job": {
          "created_at": "2026-08-13T10:16:20.627084Z",
          "execution_started_at": "2026-08-13T10:16:20.633343Z",
          "execution_timeout_ms": 120000,
          "has_result": true,
          "iteration": 4,
          "job_id": "611af84ec0626d6c",
          "message": "collecting nodal and elemental responses",
          "model_version_id": null,
          "progress": 1.0,
          "project_id": "e72b6f02dd1eef80",
          "queue_timeout_ms": 1800000,
          "residual": 0.2,
          "simulation_case_id": "3b392e91d4b03d2c",
          "status": "completed",
          "status_detail": {
            "active": false,
            "failure_class": null,
            "lifecycle": "terminal",
            "recoverable": false,
            "terminal": true,
            "timing": {
              "effective_deadline": "2026-08-13T10:18:20.633343Z",
              "effective_timeout_ms": 120000,
              "execution_elapsed_ms": 1023,
              "execution_started_at": "2026-08-13T10:16:20.633343Z",
              "execution_timeout_ms": 120000,
              "job_submission_deadline": "2026-08-13T10:46:20.627084Z",
              "phase": "execution",
              "queue_timeout_ms": 1800000,
              "queue_wait_ms": 6,
              "total_elapsed_ms": 1029
            }
          },
          "updated_at": "2026-08-13T10:16:21.657067Z",
          "worker_id": "rust-agent-rpc@127.0.0.1:5002"
        },
        "job_id": "611af84ec0626d6c",
        "result": {
          "elements": [
            {
              "axial_force_i": 0.0,
              "axial_force_j": 0.0,
              "axial_stress": 0.0,
              "id": "f0",
              "index": 0,
              "length": 2.0,
              "max_bending_stress": 12499999.999999998,
              "max_combined_stress": 12499999.999999998,
              "moment_y_i": 0.0,
              "moment_y_j": 0.0,
              "moment_z_i": 2000.0,
              "moment_z_j": -4.547473508864641e-13,
              "node_i": 0,
              "node_j": 1,
              "shear_force_y_i": 999.9999999999995,
              "shear_force_y_j": -999.9999999999995,
              "shear_force_z_i": 0.0,
              "shear_force_z_j": 0.0,
              "strain_energy": 0.7936507936507935,
              "torsion_i": 0.0,
              "torsion_j": 0.0
            }
          ],
          "input": {
            "elements": [
              {
                "area": 0.02,
                "id": "f0",
                "moment_of_inertia_y": 8e-6,
                "moment_of_inertia_z": 8e-6,
                "node_i": 0,
                "node_j": 1,
                "section_modulus_y": 0.00016,
                "section_modulus_z": 0.00016,
                "shear_modulus": 80000000000.0,
                "torsion_constant": 5e-6,
                "youngs_modulus": 210000000000.0
              }
            ],
            "nodes": [
              {
                "fix_rx": true,
                "fix_ry": true,
                "fix_rz": true,
                "fix_x": true,
                "fix_y": true,
                "fix_z": true,
                "id": "n0",
                "load_x": 0.0,
                "load_y": 0.0,
                "load_z": 0.0,
                "moment_x": 0.0,
                "moment_y": 0.0,
                "moment_z": 0.0,
                "x": 0.0,
                "y": 0.0,
                "z": 0.0
              },
              {
                "fix_rx": false,
                "fix_ry": false,
                "fix_rz": false,
                "fix_x": false,
                "fix_y": false,
                "fix_z": false,
                "id": "n1",
                "load_x": 0.0,
                "load_y": -1000.0,
                "load_z": 0.0,
                "moment_x": 0.0,
                "moment_y": 0.0,
                "moment_z": 0.0,
                "x": 2.0,
                "y": 0.0,
                "z": 0.0
              }
            ]
          },
          "max_displacement": 0.0015873015873015873,
          "max_moment": 2000.0,
          "max_rotation": 0.0011904761904761906,
          "max_stress": 12499999.999999998,
          "nodes": [
            {
              "displacement_magnitude": 0.0,
              "id": "n0",
              "index": 0,
              "rotation_magnitude": 0.0,
              "rx": 0.0,
              "ry": 0.0,
              "rz": 0.0,
              "ux": 0.0,
              "uy": 0.0,
              "uz": 0.0,
              "x": 0.0,
              "y": 0.0,
              "z": 0.0
            },
            {
              "displacement_magnitude": 0.0015873015873015873,
              "id": "n1",
              "index": 1,
              "rotation_magnitude": 0.0011904761904761906,
              "rx": 0.0,
              "ry": -0.0,
              "rz": -0.0011904761904761906,
              "ux": 0.0,
              "uy": -0.0015873015873015873,
              "uz": 0.0,
              "x": 2.0,
              "y": 0.0,
              "z": 0.0
            }
          ],
          "total_strain_energy": 0.7936507936507935
        },
        "status": "completed"
      },
      "requires_confirmation": false
    }
  ]
}
