{
  "schema_version": "kyuubiki.headless-execution-run/v1",
  "workflow_id": "template.direct_spring_3d",
  "mode": "execute:service",
  "status": "ok",
  "executed_step_count": 3,
  "warning_count": 0,
  "blocked_by_confirmation": null,
  "validation": {
    "ok": true,
    "issue_count": 0,
    "issues": [],
    "warning_count": 0,
    "warnings": [],
    "summary": {
      "schema_version": "kyuubiki.headless-execution-batch/v1",
      "workflow_id": "template.direct_spring_3d",
      "template_id": "direct_spring_3d",
      "exported_at": "1970-01-01T00:00:00.000Z",
      "language": "en",
      "step_count": 3,
      "warning_count": 0,
      "actions": [
        "solve_spring_3d",
        "job_wait",
        "result_fetch"
      ]
    },
    "policy": {
      "required_engines": [
        "service"
      ],
      "engine_counts": {
        "service": 3,
        "browser": 0
      },
      "risk_counts": {
        "destructive": 0,
        "sensitive": 0,
        "normal": 3
      },
      "recommended_runtime": "service_only",
      "needs_desktop_browser": false,
      "safe_for_service_only": true,
      "notes": []
    }
  },
  "execution_summary": {
    "schema_version": "kyuubiki.headless-execution-summary/v1",
    "job_count": 1,
    "job_ids": [
      "f1566679f5d96226"
    ],
    "jobs": [
      {
        "job_id": "f1566679f5d96226",
        "status": "completed",
        "worker_id": "rust-agent-rpc@127.0.0.1:5001",
        "phase": "execution",
        "created_at": "2026-08-13T10:17:00.042652Z",
        "execution_started_at": "2026-08-13T10:17:00.054041Z",
        "updated_at": "2026-08-13T10:17:01.095794Z",
        "queue_wait_ms": 11,
        "execution_elapsed_ms": 1041,
        "total_elapsed_ms": 1053,
        "effective_timeout_ms": 120000,
        "effective_deadline": "2026-08-13T10:19:00.054041Z"
      }
    ],
    "failure": null
  },
  "steps": [
    {
      "index": 1,
      "action": "solve_spring_3d",
      "risk": "normal",
      "status": "executed",
      "payload": {
        "model": {
          "elements": [
            {
              "id": "k0",
              "node_i": 0,
              "node_j": 3,
              "stiffness": 18000.0
            },
            {
              "id": "k1",
              "node_i": 1,
              "node_j": 3,
              "stiffness": 22000.0
            },
            {
              "id": "k2",
              "node_i": 2,
              "node_j": 3,
              "stiffness": 16000.0
            },
            {
              "id": "k3",
              "node_i": 0,
              "node_j": 1,
              "stiffness": 9000.0
            },
            {
              "id": "k4",
              "node_i": 1,
              "node_j": 2,
              "stiffness": 7000.0
            },
            {
              "id": "k5",
              "node_i": 2,
              "node_j": 0,
              "stiffness": 8000.0
            }
          ],
          "nodes": [
            {
              "fix_x": true,
              "fix_y": true,
              "fix_z": true,
              "id": "s0",
              "load_x": 0.0,
              "load_y": 0.0,
              "load_z": 0.0,
              "x": 0.0,
              "y": 0.0,
              "z": 0.0
            },
            {
              "fix_x": true,
              "fix_y": true,
              "fix_z": true,
              "id": "s1",
              "load_x": 0.0,
              "load_y": 0.0,
              "load_z": 0.0,
              "x": 1.2,
              "y": 0.0,
              "z": 0.0
            },
            {
              "fix_x": true,
              "fix_y": true,
              "fix_z": true,
              "id": "s2",
              "load_x": 0.0,
              "load_y": 0.0,
              "load_z": 0.0,
              "x": 0.0,
              "y": 1.0,
              "z": 0.0
            },
            {
              "fix_x": false,
              "fix_y": false,
              "fix_z": false,
              "id": "top",
              "load_x": 250.0,
              "load_y": 0.0,
              "load_z": -1100.0,
              "x": 0.45,
              "y": 0.35,
              "z": 1.1
            }
          ]
        }
      },
      "result_preview": {
        "job": {
          "created_at": "2026-08-13T10:17:00.042652Z",
          "execution_started_at": null,
          "execution_timeout_ms": 120000,
          "has_result": false,
          "iteration": null,
          "job_id": "f1566679f5d96226",
          "message": null,
          "model_version_id": null,
          "progress": 0.0,
          "project_id": "819498a0963c9c72",
          "queue_timeout_ms": 1800000,
          "residual": null,
          "simulation_case_id": "1eb2cf1295db6a12",
          "status": "queued",
          "status_detail": {
            "active": true,
            "failure_class": null,
            "lifecycle": "active",
            "recoverable": false,
            "terminal": false,
            "timing": {
              "effective_deadline": "2026-08-13T10:47:00.042652Z",
              "effective_timeout_ms": 1800000,
              "execution_elapsed_ms": null,
              "execution_started_at": null,
              "execution_timeout_ms": 120000,
              "job_submission_deadline": "2026-08-13T10:47:00.042652Z",
              "phase": "queue",
              "queue_timeout_ms": 1800000,
              "queue_wait_ms": 0,
              "total_elapsed_ms": 0
            }
          },
          "updated_at": "2026-08-13T10:17:00.042652Z",
          "worker_id": null
        },
        "job_id": "f1566679f5d96226",
        "progress": 0.0,
        "raw": {
          "job": {
            "created_at": "2026-08-13T10:17:00.042652Z",
            "execution_started_at": null,
            "execution_timeout_ms": 120000,
            "has_result": false,
            "iteration": null,
            "job_id": "f1566679f5d96226",
            "message": null,
            "model_version_id": null,
            "progress": 0.0,
            "project_id": "819498a0963c9c72",
            "queue_timeout_ms": 1800000,
            "residual": null,
            "simulation_case_id": "1eb2cf1295db6a12",
            "status": "queued",
            "status_detail": {
              "active": true,
              "failure_class": null,
              "lifecycle": "active",
              "recoverable": false,
              "terminal": false,
              "timing": {
                "effective_deadline": "2026-08-13T10:47:00.042652Z",
                "effective_timeout_ms": 1800000,
                "execution_elapsed_ms": null,
                "execution_started_at": null,
                "execution_timeout_ms": 120000,
                "job_submission_deadline": "2026-08-13T10:47:00.042652Z",
                "phase": "queue",
                "queue_timeout_ms": 1800000,
                "queue_wait_ms": 0,
                "total_elapsed_ms": 0
              }
            },
            "updated_at": "2026-08-13T10:17:00.042652Z",
            "worker_id": null
          }
        },
        "status": "queued"
      },
      "requires_confirmation": false
    },
    {
      "index": 2,
      "action": "job_wait",
      "risk": "normal",
      "status": "executed",
      "payload": {
        "interval_ms": 1000,
        "job_id": "f1566679f5d96226",
        "timeout_ms": 60000
      },
      "result_preview": {
        "job": {
          "created_at": "2026-08-13T10:17:00.042652Z",
          "execution_started_at": "2026-08-13T10:17:00.054041Z",
          "execution_timeout_ms": 120000,
          "iteration": 4,
          "job_id": "f1566679f5d96226",
          "message": "collecting nodal and elemental responses",
          "model_version_id": null,
          "progress": 1.0,
          "project_id": "819498a0963c9c72",
          "queue_timeout_ms": 1800000,
          "residual": 0.2,
          "simulation_case_id": "1eb2cf1295db6a12",
          "status": "completed",
          "status_detail": {
            "active": false,
            "failure_class": null,
            "lifecycle": "terminal",
            "recoverable": false,
            "terminal": true,
            "timing": {
              "effective_deadline": "2026-08-13T10:19:00.054041Z",
              "effective_timeout_ms": 120000,
              "execution_elapsed_ms": 1041,
              "execution_started_at": "2026-08-13T10:17:00.054041Z",
              "execution_timeout_ms": 120000,
              "job_submission_deadline": "2026-08-13T10:47:00.042652Z",
              "phase": "execution",
              "queue_timeout_ms": 1800000,
              "queue_wait_ms": 11,
              "total_elapsed_ms": 1053
            }
          },
          "updated_at": "2026-08-13T10:17:01.095794Z",
          "worker_id": "rust-agent-rpc@127.0.0.1:5001"
        },
        "job_id": "f1566679f5d96226",
        "progress": 1.0,
        "raw": {
          "job": {
            "created_at": "2026-08-13T10:17:00.042652Z",
            "execution_started_at": "2026-08-13T10:17:00.054041Z",
            "execution_timeout_ms": 120000,
            "iteration": 4,
            "job_id": "f1566679f5d96226",
            "message": "collecting nodal and elemental responses",
            "model_version_id": null,
            "progress": 1.0,
            "project_id": "819498a0963c9c72",
            "queue_timeout_ms": 1800000,
            "residual": 0.2,
            "simulation_case_id": "1eb2cf1295db6a12",
            "status": "completed",
            "status_detail": {
              "active": false,
              "failure_class": null,
              "lifecycle": "terminal",
              "recoverable": false,
              "terminal": true,
              "timing": {
                "effective_deadline": "2026-08-13T10:19:00.054041Z",
                "effective_timeout_ms": 120000,
                "execution_elapsed_ms": 1041,
                "execution_started_at": "2026-08-13T10:17:00.054041Z",
                "execution_timeout_ms": 120000,
                "job_submission_deadline": "2026-08-13T10:47:00.042652Z",
                "phase": "execution",
                "queue_timeout_ms": 1800000,
                "queue_wait_ms": 11,
                "total_elapsed_ms": 1053
              }
            },
            "updated_at": "2026-08-13T10:17:01.095794Z",
            "worker_id": "rust-agent-rpc@127.0.0.1:5001"
          }
        },
        "result": null,
        "status": "completed",
        "wait": {
          "elapsed_ms": 1096,
          "policy": "fixed",
          "poll_attempts": 2,
          "resume_count": 0
        }
      },
      "requires_confirmation": false
    },
    {
      "index": 3,
      "action": "result_fetch",
      "risk": "normal",
      "status": "executed",
      "payload": {
        "job_id": "f1566679f5d96226"
      },
      "result_preview": {
        "job": {
          "created_at": "2026-08-13T10:17:00.042652Z",
          "execution_started_at": "2026-08-13T10:17:00.054041Z",
          "execution_timeout_ms": 120000,
          "has_result": true,
          "iteration": 4,
          "job_id": "f1566679f5d96226",
          "message": "collecting nodal and elemental responses",
          "model_version_id": null,
          "progress": 1.0,
          "project_id": "819498a0963c9c72",
          "queue_timeout_ms": 1800000,
          "residual": 0.2,
          "simulation_case_id": "1eb2cf1295db6a12",
          "status": "completed",
          "status_detail": {
            "active": false,
            "failure_class": null,
            "lifecycle": "terminal",
            "recoverable": false,
            "terminal": true,
            "timing": {
              "effective_deadline": "2026-08-13T10:19:00.054041Z",
              "effective_timeout_ms": 120000,
              "execution_elapsed_ms": 1041,
              "execution_started_at": "2026-08-13T10:17:00.054041Z",
              "execution_timeout_ms": 120000,
              "job_submission_deadline": "2026-08-13T10:47:00.042652Z",
              "phase": "execution",
              "queue_timeout_ms": 1800000,
              "queue_wait_ms": 11,
              "total_elapsed_ms": 1053
            }
          },
          "updated_at": "2026-08-13T10:17:01.095794Z",
          "worker_id": "rust-agent-rpc@127.0.0.1:5001"
        },
        "job_id": "f1566679f5d96226",
        "result": {
          "elements": [
            {
              "extension": -0.0045887080345792045,
              "force": -82.59674462242567,
              "id": "k0",
              "index": 0,
              "length": 1.2389511693363868,
              "node_i": 0,
              "node_j": 3,
              "strain_energy": 0.1895061728395057
            },
            {
              "extension": -0.03650049215361872,
              "force": -803.0108273796119,
              "id": "k1",
              "index": 1,
              "length": 1.3765899897936205,
              "node_i": 1,
              "node_j": 3,
              "strain_energy": 14.655145202020202
            },
            {
              "extension": -0.029632350090315143,
              "force": -474.11760144504234,
              "id": "k2",
              "index": 2,
              "length": 1.3546217184144067,
              "node_i": 2,
              "node_j": 3,
              "strain_energy": 7.024609375000001
            },
            {
              "extension": 0.0,
              "force": 0.0,
              "id": "k3",
              "index": 3,
              "length": 1.2,
              "node_i": 0,
              "node_j": 1,
              "strain_energy": 0.0
            },
            {
              "extension": 0.0,
              "force": 0.0,
              "id": "k4",
              "index": 4,
              "length": 1.5620499351813308,
              "node_i": 1,
              "node_j": 2,
              "strain_energy": 0.0
            },
            {
              "extension": 0.0,
              "force": 0.0,
              "id": "k5",
              "index": 5,
              "length": 1.0,
              "node_i": 2,
              "node_j": 0,
              "strain_energy": 0.0
            }
          ],
          "input": {
            "elements": [
              {
                "id": "k0",
                "node_i": 0,
                "node_j": 3,
                "stiffness": 18000.0
              },
              {
                "id": "k1",
                "node_i": 1,
                "node_j": 3,
                "stiffness": 22000.0
              },
              {
                "id": "k2",
                "node_i": 2,
                "node_j": 3,
                "stiffness": 16000.0
              },
              {
                "id": "k3",
                "node_i": 0,
                "node_j": 1,
                "stiffness": 9000.0
              },
              {
                "id": "k4",
                "node_i": 1,
                "node_j": 2,
                "stiffness": 7000.0
              },
              {
                "id": "k5",
                "node_i": 2,
                "node_j": 0,
                "stiffness": 8000.0
              }
            ],
            "nodes": [
              {
                "fix_x": true,
                "fix_y": true,
                "fix_z": true,
                "id": "s0",
                "load_x": 0.0,
                "load_y": 0.0,
                "load_z": 0.0,
                "x": 0.0,
                "y": 0.0,
                "z": 0.0
              },
              {
                "fix_x": true,
                "fix_y": true,
                "fix_z": true,
                "id": "s1",
                "load_x": 0.0,
                "load_y": 0.0,
                "load_z": 0.0,
                "x": 1.2,
                "y": 0.0,
                "z": 0.0
              },
              {
                "fix_x": true,
                "fix_y": true,
                "fix_z": true,
                "id": "s2",
                "load_x": 0.0,
                "load_y": 0.0,
                "load_z": 0.0,
                "x": 0.0,
                "y": 1.0,
                "z": 0.0
              },
              {
                "fix_x": false,
                "fix_y": false,
                "fix_z": false,
                "id": "top",
                "load_x": 250.0,
                "load_y": 0.0,
                "load_z": -1100.0,
                "x": 0.45,
                "y": 0.35,
                "z": 1.1
              }
            ]
          },
          "max_displacement": 0.05955868626521211,
          "max_force": 803.0108273796119,
          "nodes": [
            {
              "id": "s0",
              "index": 0,
              "ux": 0.0,
              "uy": 0.0,
              "uz": 0.0,
              "x": 0.0,
              "y": 0.0,
              "z": 0.0
            },
            {
              "id": "s1",
              "index": 1,
              "ux": 0.0,
              "uy": 0.0,
              "uz": 0.0,
              "x": 1.2,
              "y": 0.0,
              "z": 0.0
            },
            {
              "id": "s2",
              "index": 2,
              "ux": 0.0,
              "uy": 0.0,
              "uz": 0.0,
              "x": 0.0,
              "y": 1.0,
              "z": 0.0
            },
            {
              "id": "top",
              "index": 3,
              "ux": 0.037134189113355795,
              "uy": 0.03445543981481482,
              "uz": -0.03132270383761861,
              "x": 0.45,
              "y": 0.35,
              "z": 1.1
            }
          ],
          "total_strain_energy": 21.86926074985971
        },
        "status": "completed"
      },
      "requires_confirmation": false
    }
  ]
}
