{
  "schema_version": "kyuubiki.headless-execution-run/v1",
  "workflow_id": "template.direct_beam_1d",
  "mode": "execute:service",
  "status": "ok",
  "executed_step_count": 3,
  "warning_count": 0,
  "blocked_by_confirmation": null,
  "validation": {
    "ok": true,
    "issue_count": 0,
    "issues": [],
    "warning_count": 0,
    "warnings": [],
    "summary": {
      "schema_version": "kyuubiki.headless-execution-batch/v1",
      "workflow_id": "template.direct_beam_1d",
      "template_id": "direct_beam_1d",
      "exported_at": "1970-01-01T00:00:00.000Z",
      "language": "en",
      "step_count": 3,
      "warning_count": 0,
      "actions": [
        "solve_beam_1d",
        "job_wait",
        "result_fetch"
      ]
    },
    "policy": {
      "required_engines": [
        "service"
      ],
      "engine_counts": {
        "service": 3,
        "browser": 0
      },
      "risk_counts": {
        "sensitive": 0,
        "destructive": 0,
        "normal": 3
      },
      "recommended_runtime": "service_only",
      "needs_desktop_browser": false,
      "safe_for_service_only": true,
      "notes": []
    }
  },
  "execution_summary": {
    "schema_version": "kyuubiki.headless-execution-summary/v1",
    "job_count": 1,
    "job_ids": [
      "e3277fe157747cf3"
    ],
    "jobs": [
      {
        "job_id": "e3277fe157747cf3",
        "status": "completed",
        "worker_id": "rust-agent-rpc@127.0.0.1:5001",
        "phase": "execution",
        "created_at": "2026-08-13T11:01:35.237265Z",
        "execution_started_at": "2026-08-13T11:01:35.246153Z",
        "updated_at": "2026-08-13T11:01:36.278607Z",
        "queue_wait_ms": 8,
        "execution_elapsed_ms": 1032,
        "total_elapsed_ms": 1041,
        "effective_timeout_ms": 120000,
        "effective_deadline": "2026-08-13T11:03:35.246153Z"
      }
    ],
    "failure": null
  },
  "steps": [
    {
      "index": 1,
      "action": "solve_beam_1d",
      "risk": "normal",
      "status": "executed",
      "payload": {
        "model": {
          "elements": [
            {
              "distributed_load_y": 0.0,
              "id": "b0",
              "moment_of_inertia": 8e-6,
              "node_i": 0,
              "node_j": 1,
              "section_modulus": 0.00016,
              "youngs_modulus": 210000000000.0
            }
          ],
          "nodes": [
            {
              "fix_rz": true,
              "fix_y": true,
              "id": "n0",
              "load_y": 0.0,
              "moment_z": 0.0,
              "x": 0.0
            },
            {
              "fix_rz": false,
              "fix_y": false,
              "id": "n1",
              "load_y": -1000.0,
              "moment_z": 0.0,
              "x": 2.0
            }
          ]
        }
      },
      "result_preview": {
        "job": {
          "created_at": "2026-08-13T11:01:35.237265Z",
          "execution_started_at": null,
          "execution_timeout_ms": 120000,
          "has_result": false,
          "iteration": null,
          "job_id": "e3277fe157747cf3",
          "message": null,
          "model_version_id": null,
          "progress": 0.0,
          "project_id": "3d14902cba066712",
          "queue_timeout_ms": 1800000,
          "residual": null,
          "simulation_case_id": "99b1fcd11cb5a7c6",
          "status": "queued",
          "status_detail": {
            "active": true,
            "failure_class": null,
            "lifecycle": "active",
            "recoverable": false,
            "terminal": false,
            "timing": {
              "effective_deadline": "2026-08-13T11:31:35.237265Z",
              "effective_timeout_ms": 1800000,
              "execution_elapsed_ms": null,
              "execution_started_at": null,
              "execution_timeout_ms": 120000,
              "job_submission_deadline": "2026-08-13T11:31:35.237265Z",
              "phase": "queue",
              "queue_timeout_ms": 1800000,
              "queue_wait_ms": 0,
              "total_elapsed_ms": 0
            }
          },
          "updated_at": "2026-08-13T11:01:35.237265Z",
          "worker_id": null
        },
        "job_id": "e3277fe157747cf3",
        "progress": 0.0,
        "raw": {
          "job": {
            "created_at": "2026-08-13T11:01:35.237265Z",
            "execution_started_at": null,
            "execution_timeout_ms": 120000,
            "has_result": false,
            "iteration": null,
            "job_id": "e3277fe157747cf3",
            "message": null,
            "model_version_id": null,
            "progress": 0.0,
            "project_id": "3d14902cba066712",
            "queue_timeout_ms": 1800000,
            "residual": null,
            "simulation_case_id": "99b1fcd11cb5a7c6",
            "status": "queued",
            "status_detail": {
              "active": true,
              "failure_class": null,
              "lifecycle": "active",
              "recoverable": false,
              "terminal": false,
              "timing": {
                "effective_deadline": "2026-08-13T11:31:35.237265Z",
                "effective_timeout_ms": 1800000,
                "execution_elapsed_ms": null,
                "execution_started_at": null,
                "execution_timeout_ms": 120000,
                "job_submission_deadline": "2026-08-13T11:31:35.237265Z",
                "phase": "queue",
                "queue_timeout_ms": 1800000,
                "queue_wait_ms": 0,
                "total_elapsed_ms": 0
              }
            },
            "updated_at": "2026-08-13T11:01:35.237265Z",
            "worker_id": null
          }
        },
        "status": "queued"
      },
      "requires_confirmation": false
    },
    {
      "index": 2,
      "action": "job_wait",
      "risk": "normal",
      "status": "executed",
      "payload": {
        "interval_ms": 1000,
        "job_id": "e3277fe157747cf3",
        "timeout_ms": 60000
      },
      "result_preview": {
        "job": {
          "created_at": "2026-08-13T11:01:35.237265Z",
          "execution_started_at": "2026-08-13T11:01:35.246153Z",
          "execution_timeout_ms": 120000,
          "iteration": 4,
          "job_id": "e3277fe157747cf3",
          "message": "collecting nodal and elemental responses",
          "model_version_id": null,
          "progress": 1.0,
          "project_id": "3d14902cba066712",
          "queue_timeout_ms": 1800000,
          "residual": 0.2,
          "simulation_case_id": "99b1fcd11cb5a7c6",
          "status": "completed",
          "status_detail": {
            "active": false,
            "failure_class": null,
            "lifecycle": "terminal",
            "recoverable": false,
            "terminal": true,
            "timing": {
              "effective_deadline": "2026-08-13T11:03:35.246153Z",
              "effective_timeout_ms": 120000,
              "execution_elapsed_ms": 1032,
              "execution_started_at": "2026-08-13T11:01:35.246153Z",
              "execution_timeout_ms": 120000,
              "job_submission_deadline": "2026-08-13T11:31:35.237265Z",
              "phase": "execution",
              "queue_timeout_ms": 1800000,
              "queue_wait_ms": 8,
              "total_elapsed_ms": 1041
            }
          },
          "updated_at": "2026-08-13T11:01:36.278607Z",
          "worker_id": "rust-agent-rpc@127.0.0.1:5001"
        },
        "job_id": "e3277fe157747cf3",
        "progress": 1.0,
        "raw": {
          "job": {
            "created_at": "2026-08-13T11:01:35.237265Z",
            "execution_started_at": "2026-08-13T11:01:35.246153Z",
            "execution_timeout_ms": 120000,
            "iteration": 4,
            "job_id": "e3277fe157747cf3",
            "message": "collecting nodal and elemental responses",
            "model_version_id": null,
            "progress": 1.0,
            "project_id": "3d14902cba066712",
            "queue_timeout_ms": 1800000,
            "residual": 0.2,
            "simulation_case_id": "99b1fcd11cb5a7c6",
            "status": "completed",
            "status_detail": {
              "active": false,
              "failure_class": null,
              "lifecycle": "terminal",
              "recoverable": false,
              "terminal": true,
              "timing": {
                "effective_deadline": "2026-08-13T11:03:35.246153Z",
                "effective_timeout_ms": 120000,
                "execution_elapsed_ms": 1032,
                "execution_started_at": "2026-08-13T11:01:35.246153Z",
                "execution_timeout_ms": 120000,
                "job_submission_deadline": "2026-08-13T11:31:35.237265Z",
                "phase": "execution",
                "queue_timeout_ms": 1800000,
                "queue_wait_ms": 8,
                "total_elapsed_ms": 1041
              }
            },
            "updated_at": "2026-08-13T11:01:36.278607Z",
            "worker_id": "rust-agent-rpc@127.0.0.1:5001"
          }
        },
        "result": null,
        "status": "completed",
        "wait": {
          "elapsed_ms": 2020,
          "policy": "fixed",
          "poll_attempts": 3,
          "resume_count": 0
        }
      },
      "requires_confirmation": false
    },
    {
      "index": 3,
      "action": "result_fetch",
      "risk": "normal",
      "status": "executed",
      "payload": {
        "job_id": "e3277fe157747cf3"
      },
      "result_preview": {
        "job": {
          "created_at": "2026-08-13T11:01:35.237265Z",
          "execution_started_at": "2026-08-13T11:01:35.246153Z",
          "execution_timeout_ms": 120000,
          "has_result": true,
          "iteration": 4,
          "job_id": "e3277fe157747cf3",
          "message": "collecting nodal and elemental responses",
          "model_version_id": null,
          "progress": 1.0,
          "project_id": "3d14902cba066712",
          "queue_timeout_ms": 1800000,
          "residual": 0.2,
          "simulation_case_id": "99b1fcd11cb5a7c6",
          "status": "completed",
          "status_detail": {
            "active": false,
            "failure_class": null,
            "lifecycle": "terminal",
            "recoverable": false,
            "terminal": true,
            "timing": {
              "effective_deadline": "2026-08-13T11:03:35.246153Z",
              "effective_timeout_ms": 120000,
              "execution_elapsed_ms": 1032,
              "execution_started_at": "2026-08-13T11:01:35.246153Z",
              "execution_timeout_ms": 120000,
              "job_submission_deadline": "2026-08-13T11:31:35.237265Z",
              "phase": "execution",
              "queue_timeout_ms": 1800000,
              "queue_wait_ms": 8,
              "total_elapsed_ms": 1041
            }
          },
          "updated_at": "2026-08-13T11:01:36.278607Z",
          "worker_id": "rust-agent-rpc@127.0.0.1:5001"
        },
        "job_id": "e3277fe157747cf3",
        "result": {
          "elements": [
            {
              "id": "b0",
              "index": 0,
              "length": 2.0,
              "max_bending_stress": 12499999.999999998,
              "moment_i": 2000.0,
              "moment_j": -4.547473508864641e-13,
              "node_i": 0,
              "node_j": 1,
              "shear_force_i": 999.9999999999995,
              "shear_force_j": -999.9999999999995,
              "strain_energy": 0.7936507936507935
            }
          ],
          "input": {
            "elements": [
              {
                "distributed_load_y": 0.0,
                "id": "b0",
                "moment_of_inertia": 8e-6,
                "node_i": 0,
                "node_j": 1,
                "section_modulus": 0.00016,
                "youngs_modulus": 210000000000.0
              }
            ],
            "nodes": [
              {
                "fix_rz": true,
                "fix_y": true,
                "id": "n0",
                "load_y": 0.0,
                "moment_z": 0.0,
                "x": 0.0
              },
              {
                "fix_rz": false,
                "fix_y": false,
                "id": "n1",
                "load_y": -1000.0,
                "moment_z": 0.0,
                "x": 2.0
              }
            ]
          },
          "max_displacement": 0.0015873015873015873,
          "max_moment": 2000.0,
          "max_rotation": 0.0011904761904761906,
          "max_stress": 12499999.999999998,
          "nodes": [
            {
              "displacement_magnitude": 0.0,
              "id": "n0",
              "index": 0,
              "rz": 0.0,
              "uy": 0.0,
              "x": 0.0
            },
            {
              "displacement_magnitude": 0.0015873015873015873,
              "id": "n1",
              "index": 1,
              "rz": -0.0011904761904761906,
              "uy": -0.0015873015873015873,
              "x": 2.0
            }
          ],
          "total_strain_energy": 0.7936507936507935
        },
        "status": "completed"
      },
      "requires_confirmation": false
    }
  ]
}
