{
  "schema_version": "kyuubiki.headless-execution-run/v1",
  "workflow_id": "template.direct_electrostatic_triangle",
  "mode": "execute:service",
  "status": "ok",
  "executed_step_count": 3,
  "warning_count": 0,
  "blocked_by_confirmation": null,
  "validation": {
    "ok": true,
    "issue_count": 0,
    "issues": [],
    "warning_count": 0,
    "warnings": [],
    "summary": {
      "schema_version": "kyuubiki.headless-execution-batch/v1",
      "workflow_id": "template.direct_electrostatic_triangle",
      "template_id": "direct_electrostatic_triangle",
      "exported_at": "1970-01-01T00:00:00.000Z",
      "language": "en",
      "step_count": 3,
      "warning_count": 0,
      "actions": [
        "solve_electrostatic_plane_triangle_2d",
        "job_wait",
        "result_fetch"
      ]
    },
    "policy": {
      "required_engines": [
        "service"
      ],
      "engine_counts": {
        "browser": 0,
        "service": 3
      },
      "risk_counts": {
        "sensitive": 0,
        "normal": 3,
        "destructive": 0
      },
      "recommended_runtime": "service_only",
      "needs_desktop_browser": false,
      "safe_for_service_only": true,
      "notes": []
    }
  },
  "execution_summary": {
    "schema_version": "kyuubiki.headless-execution-summary/v1",
    "job_count": 1,
    "job_ids": [
      "9d095731e25b1927"
    ],
    "jobs": [
      {
        "job_id": "9d095731e25b1927",
        "status": "completed",
        "worker_id": "rust-agent-rpc@127.0.0.1:5002",
        "phase": "execution",
        "created_at": "2026-08-13T10:11:18.192362Z",
        "execution_started_at": "2026-08-13T10:11:18.202772Z",
        "updated_at": "2026-08-13T10:11:19.227527Z",
        "queue_wait_ms": 10,
        "execution_elapsed_ms": 1024,
        "total_elapsed_ms": 1035,
        "effective_timeout_ms": 120000,
        "effective_deadline": "2026-08-13T10:13:18.202772Z"
      }
    ],
    "failure": null
  },
  "steps": [
    {
      "index": 1,
      "action": "solve_electrostatic_plane_triangle_2d",
      "risk": "normal",
      "status": "executed",
      "payload": {
        "model": {
          "elements": [
            {
              "id": "et0",
              "node_i": 0,
              "node_j": 1,
              "node_k": 2,
              "permittivity": 2.5,
              "thickness": 0.01
            }
          ],
          "nodes": [
            {
              "charge_density": 0.0,
              "fix_potential": true,
              "id": "n0",
              "potential": 1102,
              "x": 0.0,
              "y": 0.0
            },
            {
              "charge_density": 0.0,
              "fix_potential": true,
              "id": "n1",
              "potential": 0.0,
              "x": 1.0,
              "y": 0.0
            },
            {
              "charge_density": 0.0,
              "fix_potential": true,
              "id": "n2",
              "potential": 0.0,
              "x": 0.0,
              "y": 1.0
            }
          ]
        }
      },
      "result_preview": {
        "job": {
          "created_at": "2026-08-13T10:11:18.192362Z",
          "execution_started_at": null,
          "execution_timeout_ms": 120000,
          "has_result": false,
          "iteration": null,
          "job_id": "9d095731e25b1927",
          "message": null,
          "model_version_id": null,
          "progress": 0.0,
          "project_id": "adcab56f2f23e02a",
          "queue_timeout_ms": 1800000,
          "residual": null,
          "simulation_case_id": "209035bbab9467a6",
          "status": "queued",
          "status_detail": {
            "active": true,
            "failure_class": null,
            "lifecycle": "active",
            "recoverable": false,
            "terminal": false,
            "timing": {
              "effective_deadline": "2026-08-13T10:41:18.192362Z",
              "effective_timeout_ms": 1800000,
              "execution_elapsed_ms": null,
              "execution_started_at": null,
              "execution_timeout_ms": 120000,
              "job_submission_deadline": "2026-08-13T10:41:18.192362Z",
              "phase": "queue",
              "queue_timeout_ms": 1800000,
              "queue_wait_ms": 0,
              "total_elapsed_ms": 0
            }
          },
          "updated_at": "2026-08-13T10:11:18.192362Z",
          "worker_id": null
        },
        "job_id": "9d095731e25b1927",
        "progress": 0.0,
        "raw": {
          "job": {
            "created_at": "2026-08-13T10:11:18.192362Z",
            "execution_started_at": null,
            "execution_timeout_ms": 120000,
            "has_result": false,
            "iteration": null,
            "job_id": "9d095731e25b1927",
            "message": null,
            "model_version_id": null,
            "progress": 0.0,
            "project_id": "adcab56f2f23e02a",
            "queue_timeout_ms": 1800000,
            "residual": null,
            "simulation_case_id": "209035bbab9467a6",
            "status": "queued",
            "status_detail": {
              "active": true,
              "failure_class": null,
              "lifecycle": "active",
              "recoverable": false,
              "terminal": false,
              "timing": {
                "effective_deadline": "2026-08-13T10:41:18.192362Z",
                "effective_timeout_ms": 1800000,
                "execution_elapsed_ms": null,
                "execution_started_at": null,
                "execution_timeout_ms": 120000,
                "job_submission_deadline": "2026-08-13T10:41:18.192362Z",
                "phase": "queue",
                "queue_timeout_ms": 1800000,
                "queue_wait_ms": 0,
                "total_elapsed_ms": 0
              }
            },
            "updated_at": "2026-08-13T10:11:18.192362Z",
            "worker_id": null
          }
        },
        "status": "queued"
      },
      "requires_confirmation": false
    },
    {
      "index": 2,
      "action": "job_wait",
      "risk": "normal",
      "status": "executed",
      "payload": {
        "interval_ms": 1000,
        "job_id": "9d095731e25b1927",
        "timeout_ms": 60000
      },
      "result_preview": {
        "job": {
          "created_at": "2026-08-13T10:11:18.192362Z",
          "execution_started_at": "2026-08-13T10:11:18.202772Z",
          "execution_timeout_ms": 120000,
          "iteration": 4,
          "job_id": "9d095731e25b1927",
          "message": "collecting nodal and elemental responses",
          "model_version_id": null,
          "progress": 1.0,
          "project_id": "adcab56f2f23e02a",
          "queue_timeout_ms": 1800000,
          "residual": 0.2,
          "simulation_case_id": "209035bbab9467a6",
          "status": "completed",
          "status_detail": {
            "active": false,
            "failure_class": null,
            "lifecycle": "terminal",
            "recoverable": false,
            "terminal": true,
            "timing": {
              "effective_deadline": "2026-08-13T10:13:18.202772Z",
              "effective_timeout_ms": 120000,
              "execution_elapsed_ms": 1024,
              "execution_started_at": "2026-08-13T10:11:18.202772Z",
              "execution_timeout_ms": 120000,
              "job_submission_deadline": "2026-08-13T10:41:18.192362Z",
              "phase": "execution",
              "queue_timeout_ms": 1800000,
              "queue_wait_ms": 10,
              "total_elapsed_ms": 1035
            }
          },
          "updated_at": "2026-08-13T10:11:19.227527Z",
          "worker_id": "rust-agent-rpc@127.0.0.1:5002"
        },
        "job_id": "9d095731e25b1927",
        "progress": 1.0,
        "raw": {
          "job": {
            "created_at": "2026-08-13T10:11:18.192362Z",
            "execution_started_at": "2026-08-13T10:11:18.202772Z",
            "execution_timeout_ms": 120000,
            "iteration": 4,
            "job_id": "9d095731e25b1927",
            "message": "collecting nodal and elemental responses",
            "model_version_id": null,
            "progress": 1.0,
            "project_id": "adcab56f2f23e02a",
            "queue_timeout_ms": 1800000,
            "residual": 0.2,
            "simulation_case_id": "209035bbab9467a6",
            "status": "completed",
            "status_detail": {
              "active": false,
              "failure_class": null,
              "lifecycle": "terminal",
              "recoverable": false,
              "terminal": true,
              "timing": {
                "effective_deadline": "2026-08-13T10:13:18.202772Z",
                "effective_timeout_ms": 120000,
                "execution_elapsed_ms": 1024,
                "execution_started_at": "2026-08-13T10:11:18.202772Z",
                "execution_timeout_ms": 120000,
                "job_submission_deadline": "2026-08-13T10:41:18.192362Z",
                "phase": "execution",
                "queue_timeout_ms": 1800000,
                "queue_wait_ms": 10,
                "total_elapsed_ms": 1035
              }
            },
            "updated_at": "2026-08-13T10:11:19.227527Z",
            "worker_id": "rust-agent-rpc@127.0.0.1:5002"
          }
        },
        "result": null,
        "status": "completed",
        "wait": {
          "elapsed_ms": 2035,
          "policy": "fixed",
          "poll_attempts": 3,
          "resume_count": 0
        }
      },
      "requires_confirmation": false
    },
    {
      "index": 3,
      "action": "result_fetch",
      "risk": "normal",
      "status": "executed",
      "payload": {
        "job_id": "9d095731e25b1927"
      },
      "result_preview": {
        "job": {
          "created_at": "2026-08-13T10:11:18.192362Z",
          "execution_started_at": "2026-08-13T10:11:18.202772Z",
          "execution_timeout_ms": 120000,
          "has_result": true,
          "iteration": 4,
          "job_id": "9d095731e25b1927",
          "message": "collecting nodal and elemental responses",
          "model_version_id": null,
          "progress": 1.0,
          "project_id": "adcab56f2f23e02a",
          "queue_timeout_ms": 1800000,
          "residual": 0.2,
          "simulation_case_id": "209035bbab9467a6",
          "status": "completed",
          "status_detail": {
            "active": false,
            "failure_class": null,
            "lifecycle": "terminal",
            "recoverable": false,
            "terminal": true,
            "timing": {
              "effective_deadline": "2026-08-13T10:13:18.202772Z",
              "effective_timeout_ms": 120000,
              "execution_elapsed_ms": 1024,
              "execution_started_at": "2026-08-13T10:11:18.202772Z",
              "execution_timeout_ms": 120000,
              "job_submission_deadline": "2026-08-13T10:41:18.192362Z",
              "phase": "execution",
              "queue_timeout_ms": 1800000,
              "queue_wait_ms": 10,
              "total_elapsed_ms": 1035
            }
          },
          "updated_at": "2026-08-13T10:11:19.227527Z",
          "worker_id": "rust-agent-rpc@127.0.0.1:5002"
        },
        "job_id": "9d095731e25b1927",
        "result": {
          "elements": [
            {
              "area": 0.5,
              "average_potential": 367.3333333333333,
              "electric_energy_density": 3036010.0000000005,
              "electric_field_magnitude": 1558.4633457351508,
              "electric_field_x": 1102.0,
              "electric_field_y": 1102.0,
              "electric_flux_density_magnitude": 3896.1583643378767,
              "electric_flux_density_x": 2755.0,
              "electric_flux_density_y": 2755.0,
              "id": "et0",
              "index": 0,
              "node_i": 0,
              "node_j": 1,
              "node_k": 2,
              "potential_gradient_x": -1102.0,
              "potential_gradient_y": -1102.0,
              "stored_energy": 15180.050000000005
            }
          ],
          "input": {
            "elements": [
              {
                "id": "et0",
                "node_i": 0,
                "node_j": 1,
                "node_k": 2,
                "permittivity": 2.5,
                "thickness": 0.01
              }
            ],
            "nodes": [
              {
                "charge_density": 0.0,
                "fix_potential": true,
                "id": "n0",
                "potential": 1102.0,
                "x": 0.0,
                "y": 0.0
              },
              {
                "charge_density": 0.0,
                "fix_potential": true,
                "id": "n1",
                "potential": 0.0,
                "x": 1.0,
                "y": 0.0
              },
              {
                "charge_density": 0.0,
                "fix_potential": true,
                "id": "n2",
                "potential": 0.0,
                "x": 0.0,
                "y": 1.0
              }
            ]
          },
          "max_electric_energy_density": 3036010.0000000005,
          "max_electric_field": 1558.4633457351508,
          "max_flux_density": 3896.1583643378767,
          "max_potential": 1102.0,
          "nodes": [
            {
              "charge_density": 0.0,
              "id": "n0",
              "index": 0,
              "potential": 1102.0,
              "x": 0.0,
              "y": 0.0
            },
            {
              "charge_density": 0.0,
              "id": "n1",
              "index": 1,
              "potential": 0.0,
              "x": 1.0,
              "y": 0.0
            },
            {
              "charge_density": 0.0,
              "id": "n2",
              "index": 2,
              "potential": 0.0,
              "x": 0.0,
              "y": 1.0
            }
          ],
          "total_stored_energy": 15180.050000000005
        },
        "status": "completed"
      },
      "requires_confirmation": false
    }
  ]
}
