{
  "schema_version": "kyuubiki.headless-execution-run/v1",
  "workflow_id": "template.material_composite_thermo_electric_panel_screening",
  "mode": "execute:service",
  "status": "invalid",
  "executed_step_count": 0,
  "warning_count": 0,
  "blocked_by_confirmation": null,
  "validation": {
    "ok": false,
    "issue_count": 1,
    "issues": [
      "--material-report with --json requires --material-report-out"
    ],
    "warning_count": 0,
    "warnings": [],
    "summary": {
      "schema_version": "kyuubiki.headless-execution-batch/v1",
      "workflow_id": "template.material_composite_thermo_electric_panel_screening",
      "template_id": "material_composite_thermo_electric_panel_screening",
      "exported_at": "1970-01-01T00:00:00.000Z",
      "language": "en",
      "step_count": 9,
      "warning_count": 0,
      "actions": [
        "solve_composite_thermo_electric_panel",
        "job_wait",
        "result_fetch",
        "solve_composite_thermo_electric_panel",
        "job_wait",
        "result_fetch",
        "solve_composite_thermo_electric_panel",
        "job_wait",
        "result_fetch"
      ]
    },
    "policy": {
      "required_engines": [
        "service"
      ],
      "engine_counts": {
        "browser": 0,
        "service": 9
      },
      "risk_counts": {
        "normal": 9,
        "sensitive": 0,
        "destructive": 0
      },
      "recommended_runtime": "service_only",
      "needs_desktop_browser": false,
      "safe_for_service_only": true,
      "notes": []
    }
  },
  "execution_summary": {
    "schema_version": "kyuubiki.headless-execution-summary/v1",
    "job_count": 0,
    "job_ids": [],
    "jobs": [],
    "failure": {
      "schema_version": "kyuubiki.headless-failure-receipt/v1",
      "error_code": "kyuubiki.headless.material_report_output_required",
      "category": "contract_failure",
      "stage": "material_report_validation",
      "step_index": 0,
      "action": "run_preflight",
      "message": "--material-report with --json requires --material-report-out",
      "retryable": false,
      "retry_strategy": "none",
      "recommended_action": "Repair the execution document, command options, or executor selection before retrying."
    }
  },
  "steps": []
}
