{
  "schema_version": "kyuubiki.headless-execution-run/v1",
  "workflow_id": "template.material_dielectric_screening",
  "mode": "dry_run",
  "status": "ok",
  "executed_step_count": 9,
  "warning_count": 0,
  "blocked_by_confirmation": null,
  "validation": {
    "ok": true,
    "issue_count": 0,
    "issues": [],
    "warning_count": 0,
    "warnings": [],
    "summary": {
      "schema_version": "kyuubiki.headless-execution-batch/v1",
      "workflow_id": "template.material_dielectric_screening",
      "template_id": "material_dielectric_screening",
      "exported_at": "1970-01-01T00:00:00.000Z",
      "language": "en",
      "step_count": 9,
      "warning_count": 0,
      "actions": [
        "solve_electrostatic_plane_quad_2d",
        "job_wait",
        "result_fetch",
        "solve_electrostatic_plane_quad_2d",
        "job_wait",
        "result_fetch",
        "solve_electrostatic_plane_quad_2d",
        "job_wait",
        "result_fetch"
      ]
    },
    "policy": {
      "required_engines": [
        "service"
      ],
      "engine_counts": {
        "service": 9,
        "browser": 0
      },
      "risk_counts": {
        "normal": 9,
        "sensitive": 0,
        "destructive": 0
      },
      "recommended_runtime": "service_only",
      "needs_desktop_browser": false,
      "safe_for_service_only": true,
      "notes": []
    }
  },
  "execution_summary": {
    "schema_version": "kyuubiki.headless-execution-summary/v1",
    "job_count": 3,
    "job_ids": [
      "{{steps.1.result.job_id}}",
      "{{steps.4.result.job_id}}",
      "{{steps.7.result.job_id}}"
    ],
    "jobs": [
      {
        "job_id": "{{steps.1.result.job_id}}",
        "status": null,
        "worker_id": null,
        "phase": null,
        "created_at": null,
        "execution_started_at": null,
        "updated_at": null,
        "queue_wait_ms": null,
        "execution_elapsed_ms": null,
        "total_elapsed_ms": null,
        "effective_timeout_ms": null,
        "effective_deadline": null
      },
      {
        "job_id": "{{steps.4.result.job_id}}",
        "status": null,
        "worker_id": null,
        "phase": null,
        "created_at": null,
        "execution_started_at": null,
        "updated_at": null,
        "queue_wait_ms": null,
        "execution_elapsed_ms": null,
        "total_elapsed_ms": null,
        "effective_timeout_ms": null,
        "effective_deadline": null
      },
      {
        "job_id": "{{steps.7.result.job_id}}",
        "status": null,
        "worker_id": null,
        "phase": null,
        "created_at": null,
        "execution_started_at": null,
        "updated_at": null,
        "queue_wait_ms": null,
        "execution_elapsed_ms": null,
        "total_elapsed_ms": null,
        "effective_timeout_ms": null,
        "effective_deadline": null
      }
    ],
    "failure": null
  },
  "steps": [
    {
      "index": 1,
      "action": "solve_electrostatic_plane_quad_2d",
      "risk": "normal",
      "status": "dry_run",
      "payload": {
        "model": {
          "elements": [
            {
              "id": "dielectric_polyimide_film",
              "node_i": 0,
              "node_j": 1,
              "node_k": 2,
              "node_l": 3,
              "permittivity": 3.010423856352e-11,
              "thickness": 0.001
            }
          ],
          "nodes": [
            {
              "charge_density": 0.0,
              "fix_potential": true,
              "id": "ground_left_bottom",
              "potential": 0.0,
              "x": 0.0,
              "y": 0.0
            },
            {
              "charge_density": 0.0,
              "fix_potential": true,
              "id": "drive_right_bottom",
              "potential": 1968,
              "x": 0.04,
              "y": 0.0
            },
            {
              "charge_density": 0.0,
              "fix_potential": true,
              "id": "drive_right_top",
              "potential": 1968,
              "x": 0.04,
              "y": 0.02
            },
            {
              "charge_density": 0.0,
              "fix_potential": true,
              "id": "ground_left_top",
              "potential": 0.0,
              "x": 0.0,
              "y": 0.02
            }
          ]
        },
        "research": {
          "breakdown_field_v_m": 300000000.0,
          "candidate_id": "polyimide_film",
          "candidate_label": "Polyimide film",
          "dissipation_factor": 0.002,
          "family": "polymer",
          "note": "flexible high-breakdown film baseline",
          "objective": "maximize electric breakdown margin with low loss and low mass",
          "relative_permittivity": 3.4,
          "study": "material.dielectric_screening.v1"
        }
      },
      "result_preview": {
        "action": "solve_electrostatic_plane_quad_2d",
        "step_index": 1
      },
      "requires_confirmation": false
    },
    {
      "index": 2,
      "action": "job_wait",
      "risk": "normal",
      "status": "dry_run",
      "payload": {
        "interval_ms": 1000,
        "job_id": "{{steps.1.result.job_id}}",
        "max_total_timeout_ms": 3600000,
        "resume_policy": "server_deadline",
        "timeout_ms": 60000
      },
      "result_preview": {
        "action": "job_wait",
        "job_id": "{{steps.1.result.job_id}}",
        "progress": 1.0,
        "status": "completed",
        "step_index": 2
      },
      "requires_confirmation": false
    },
    {
      "index": 3,
      "action": "result_fetch",
      "risk": "normal",
      "status": "dry_run",
      "payload": {
        "job_id": "{{steps.1.result.job_id}}"
      },
      "result_preview": {
        "action": "result_fetch",
        "job_id": "{{steps.1.result.job_id}}",
        "result": {
          "kind": "simulated_result"
        },
        "step_index": 3
      },
      "requires_confirmation": false
    },
    {
      "index": 4,
      "action": "solve_electrostatic_plane_quad_2d",
      "risk": "normal",
      "status": "dry_run",
      "payload": {
        "model": {
          "elements": [
            {
              "id": "dielectric_alumina_96",
              "node_i": 0,
              "node_j": 1,
              "node_k": 2,
              "node_l": 3,
              "permittivity": 8.677104056544001e-11,
              "thickness": 0.001
            }
          ],
          "nodes": [
            {
              "charge_density": 0.0,
              "fix_potential": true,
              "id": "ground_left_bottom",
              "potential": 0.0,
              "x": 0.0,
              "y": 0.0
            },
            {
              "charge_density": 0.0,
              "fix_potential": true,
              "id": "drive_right_bottom",
              "potential": 1968,
              "x": 0.04,
              "y": 0.0
            },
            {
              "charge_density": 0.0,
              "fix_potential": true,
              "id": "drive_right_top",
              "potential": 1968,
              "x": 0.04,
              "y": 0.02
            },
            {
              "charge_density": 0.0,
              "fix_potential": true,
              "id": "ground_left_top",
              "potential": 0.0,
              "x": 0.0,
              "y": 0.02
            }
          ]
        },
        "research": {
          "breakdown_field_v_m": 130000000.0,
          "candidate_id": "alumina_96",
          "candidate_label": "Alumina 96%",
          "dissipation_factor": 0.0002,
          "family": "ceramic",
          "note": "ceramic substrate candidate with low loss but high mass",
          "objective": "maximize electric breakdown margin with low loss and low mass",
          "relative_permittivity": 9.8,
          "study": "material.dielectric_screening.v1"
        }
      },
      "result_preview": {
        "action": "solve_electrostatic_plane_quad_2d",
        "step_index": 4
      },
      "requires_confirmation": false
    },
    {
      "index": 5,
      "action": "job_wait",
      "risk": "normal",
      "status": "dry_run",
      "payload": {
        "interval_ms": 1000,
        "job_id": "{{steps.4.result.job_id}}",
        "max_total_timeout_ms": 3600000,
        "resume_policy": "server_deadline",
        "timeout_ms": 60000
      },
      "result_preview": {
        "action": "job_wait",
        "job_id": "{{steps.4.result.job_id}}",
        "progress": 1.0,
        "status": "completed",
        "step_index": 5
      },
      "requires_confirmation": false
    },
    {
      "index": 6,
      "action": "result_fetch",
      "risk": "normal",
      "status": "dry_run",
      "payload": {
        "job_id": "{{steps.4.result.job_id}}"
      },
      "result_preview": {
        "action": "result_fetch",
        "job_id": "{{steps.4.result.job_id}}",
        "result": {
          "kind": "simulated_result"
        },
        "step_index": 6
      },
      "requires_confirmation": false
    },
    {
      "index": 7,
      "action": "solve_electrostatic_plane_quad_2d",
      "risk": "normal",
      "status": "dry_run",
      "payload": {
        "model": {
          "elements": [
            {
              "id": "dielectric_ptfe",
              "node_i": 0,
              "node_j": 1,
              "node_k": 2,
              "node_l": 3,
              "permittivity": 1.859379440688e-11,
              "thickness": 0.001
            }
          ],
          "nodes": [
            {
              "charge_density": 0.0,
              "fix_potential": true,
              "id": "ground_left_bottom",
              "potential": 0.0,
              "x": 0.0,
              "y": 0.0
            },
            {
              "charge_density": 0.0,
              "fix_potential": true,
              "id": "drive_right_bottom",
              "potential": 1968,
              "x": 0.04,
              "y": 0.0
            },
            {
              "charge_density": 0.0,
              "fix_potential": true,
              "id": "drive_right_top",
              "potential": 1968,
              "x": 0.04,
              "y": 0.02
            },
            {
              "charge_density": 0.0,
              "fix_potential": true,
              "id": "ground_left_top",
              "potential": 0.0,
              "x": 0.0,
              "y": 0.02
            }
          ]
        },
        "research": {
          "breakdown_field_v_m": 60000000.0,
          "candidate_id": "ptfe",
          "candidate_label": "PTFE",
          "dissipation_factor": 0.0002,
          "family": "polymer",
          "note": "low-loss polymer candidate with weaker breakdown margin",
          "objective": "maximize electric breakdown margin with low loss and low mass",
          "relative_permittivity": 2.1,
          "study": "material.dielectric_screening.v1"
        }
      },
      "result_preview": {
        "action": "solve_electrostatic_plane_quad_2d",
        "step_index": 7
      },
      "requires_confirmation": false
    },
    {
      "index": 8,
      "action": "job_wait",
      "risk": "normal",
      "status": "dry_run",
      "payload": {
        "interval_ms": 1000,
        "job_id": "{{steps.7.result.job_id}}",
        "max_total_timeout_ms": 3600000,
        "resume_policy": "server_deadline",
        "timeout_ms": 60000
      },
      "result_preview": {
        "action": "job_wait",
        "job_id": "{{steps.7.result.job_id}}",
        "progress": 1.0,
        "status": "completed",
        "step_index": 8
      },
      "requires_confirmation": false
    },
    {
      "index": 9,
      "action": "result_fetch",
      "risk": "normal",
      "status": "dry_run",
      "payload": {
        "job_id": "{{steps.7.result.job_id}}"
      },
      "result_preview": {
        "action": "result_fetch",
        "job_id": "{{steps.7.result.job_id}}",
        "result": {
          "kind": "simulated_result"
        },
        "step_index": 9
      },
      "requires_confirmation": false
    }
  ]
}
