{
  "schema_version": "kyuubiki.headless-execution-run/v1",
  "workflow_id": "template.material_dielectric_screening",
  "mode": "execute:service",
  "status": "ok",
  "executed_step_count": 9,
  "warning_count": 0,
  "blocked_by_confirmation": null,
  "validation": {
    "ok": true,
    "issue_count": 0,
    "issues": [],
    "warning_count": 0,
    "warnings": [],
    "summary": {
      "schema_version": "kyuubiki.headless-execution-batch/v1",
      "workflow_id": "template.material_dielectric_screening",
      "template_id": "material_dielectric_screening",
      "exported_at": "1970-01-01T00:00:00.000Z",
      "language": "en",
      "step_count": 9,
      "warning_count": 0,
      "actions": [
        "solve_electrostatic_plane_quad_2d",
        "job_wait",
        "result_fetch",
        "solve_electrostatic_plane_quad_2d",
        "job_wait",
        "result_fetch",
        "solve_electrostatic_plane_quad_2d",
        "job_wait",
        "result_fetch"
      ]
    },
    "policy": {
      "required_engines": [
        "service"
      ],
      "engine_counts": {
        "browser": 0,
        "service": 9
      },
      "risk_counts": {
        "sensitive": 0,
        "normal": 9,
        "destructive": 0
      },
      "recommended_runtime": "service_only",
      "needs_desktop_browser": false,
      "safe_for_service_only": true,
      "notes": []
    }
  },
  "execution_summary": {
    "schema_version": "kyuubiki.headless-execution-summary/v1",
    "job_count": 3,
    "job_ids": [
      "c9e7e59a91644616",
      "1db3a20a37915ff6",
      "aff15ec387c9515c"
    ],
    "jobs": [
      {
        "job_id": "c9e7e59a91644616",
        "status": "completed",
        "worker_id": "rust-agent-rpc@127.0.0.1:5001",
        "phase": "execution",
        "created_at": "2026-08-13T11:13:00.129281Z",
        "execution_started_at": "2026-08-13T11:13:00.133951Z",
        "updated_at": "2026-08-13T11:13:01.148458Z",
        "queue_wait_ms": 4,
        "execution_elapsed_ms": 1014,
        "total_elapsed_ms": 1019,
        "effective_timeout_ms": 120000,
        "effective_deadline": "2026-08-13T11:15:00.133951Z"
      },
      {
        "job_id": "1db3a20a37915ff6",
        "status": "completed",
        "worker_id": "rust-agent-rpc@127.0.0.1:5002",
        "phase": "execution",
        "created_at": "2026-08-13T11:13:02.177571Z",
        "execution_started_at": "2026-08-13T11:13:02.181278Z",
        "updated_at": "2026-08-13T11:13:03.200804Z",
        "queue_wait_ms": 3,
        "execution_elapsed_ms": 1019,
        "total_elapsed_ms": 1023,
        "effective_timeout_ms": 120000,
        "effective_deadline": "2026-08-13T11:15:02.181278Z"
      },
      {
        "job_id": "aff15ec387c9515c",
        "status": "completed",
        "worker_id": "rust-agent-rpc@127.0.0.1:5001",
        "phase": "execution",
        "created_at": "2026-08-13T11:13:04.218754Z",
        "execution_started_at": "2026-08-13T11:13:04.221969Z",
        "updated_at": "2026-08-13T11:13:05.236430Z",
        "queue_wait_ms": 3,
        "execution_elapsed_ms": 1014,
        "total_elapsed_ms": 1017,
        "effective_timeout_ms": 120000,
        "effective_deadline": "2026-08-13T11:15:04.221969Z"
      }
    ],
    "failure": null
  },
  "steps": [
    {
      "index": 1,
      "action": "solve_electrostatic_plane_quad_2d",
      "risk": "normal",
      "status": "executed",
      "payload": {
        "model": {
          "elements": [
            {
              "id": "dielectric_polyimide_film",
              "node_i": 0,
              "node_j": 1,
              "node_k": 2,
              "node_l": 3,
              "permittivity": 3.010423856352e-11,
              "thickness": 0.001
            }
          ],
          "nodes": [
            {
              "charge_density": 0.0,
              "fix_potential": true,
              "id": "ground_left_bottom",
              "potential": 0.0,
              "x": 0.0,
              "y": 0.0
            },
            {
              "charge_density": 0.0,
              "fix_potential": true,
              "id": "drive_right_bottom",
              "potential": 1369,
              "x": 0.04,
              "y": 0.0
            },
            {
              "charge_density": 0.0,
              "fix_potential": true,
              "id": "drive_right_top",
              "potential": 1369,
              "x": 0.04,
              "y": 0.02
            },
            {
              "charge_density": 0.0,
              "fix_potential": true,
              "id": "ground_left_top",
              "potential": 0.0,
              "x": 0.0,
              "y": 0.02
            }
          ]
        },
        "research": {
          "breakdown_field_v_m": 300000000.0,
          "candidate_id": "polyimide_film",
          "candidate_label": "Polyimide film",
          "dissipation_factor": 0.002,
          "family": "polymer",
          "note": "flexible high-breakdown film baseline",
          "objective": "maximize electric breakdown margin with low loss and low mass",
          "relative_permittivity": 3.4,
          "study": "material.dielectric_screening.v1"
        }
      },
      "result_preview": {
        "job": {
          "created_at": "2026-08-13T11:13:00.129281Z",
          "execution_started_at": null,
          "execution_timeout_ms": 120000,
          "has_result": false,
          "iteration": null,
          "job_id": "c9e7e59a91644616",
          "message": null,
          "model_version_id": null,
          "progress": 0.0,
          "project_id": "9ce7dca90c03c0ca",
          "queue_timeout_ms": 1800000,
          "residual": null,
          "simulation_case_id": "6689f358a9790943",
          "status": "queued",
          "status_detail": {
            "active": true,
            "failure_class": null,
            "lifecycle": "active",
            "recoverable": false,
            "terminal": false,
            "timing": {
              "effective_deadline": "2026-08-13T11:43:00.129281Z",
              "effective_timeout_ms": 1800000,
              "execution_elapsed_ms": null,
              "execution_started_at": null,
              "execution_timeout_ms": 120000,
              "job_submission_deadline": "2026-08-13T11:43:00.129281Z",
              "phase": "queue",
              "queue_timeout_ms": 1800000,
              "queue_wait_ms": 0,
              "total_elapsed_ms": 0
            }
          },
          "updated_at": "2026-08-13T11:13:00.129281Z",
          "worker_id": null
        },
        "job_id": "c9e7e59a91644616",
        "progress": 0.0,
        "raw": {
          "job": {
            "created_at": "2026-08-13T11:13:00.129281Z",
            "execution_started_at": null,
            "execution_timeout_ms": 120000,
            "has_result": false,
            "iteration": null,
            "job_id": "c9e7e59a91644616",
            "message": null,
            "model_version_id": null,
            "progress": 0.0,
            "project_id": "9ce7dca90c03c0ca",
            "queue_timeout_ms": 1800000,
            "residual": null,
            "simulation_case_id": "6689f358a9790943",
            "status": "queued",
            "status_detail": {
              "active": true,
              "failure_class": null,
              "lifecycle": "active",
              "recoverable": false,
              "terminal": false,
              "timing": {
                "effective_deadline": "2026-08-13T11:43:00.129281Z",
                "effective_timeout_ms": 1800000,
                "execution_elapsed_ms": null,
                "execution_started_at": null,
                "execution_timeout_ms": 120000,
                "job_submission_deadline": "2026-08-13T11:43:00.129281Z",
                "phase": "queue",
                "queue_timeout_ms": 1800000,
                "queue_wait_ms": 0,
                "total_elapsed_ms": 0
              }
            },
            "updated_at": "2026-08-13T11:13:00.129281Z",
            "worker_id": null
          }
        },
        "status": "queued"
      },
      "requires_confirmation": false
    },
    {
      "index": 2,
      "action": "job_wait",
      "risk": "normal",
      "status": "executed",
      "payload": {
        "interval_ms": 1000,
        "job_id": "c9e7e59a91644616",
        "max_total_timeout_ms": 3600000,
        "resume_policy": "server_deadline",
        "timeout_ms": 60000
      },
      "result_preview": {
        "job": {
          "created_at": "2026-08-13T11:13:00.129281Z",
          "execution_started_at": "2026-08-13T11:13:00.133951Z",
          "execution_timeout_ms": 120000,
          "iteration": 4,
          "job_id": "c9e7e59a91644616",
          "message": "collecting nodal and elemental responses",
          "model_version_id": null,
          "progress": 1.0,
          "project_id": "9ce7dca90c03c0ca",
          "queue_timeout_ms": 1800000,
          "residual": 0.2,
          "simulation_case_id": "6689f358a9790943",
          "status": "completed",
          "status_detail": {
            "active": false,
            "failure_class": null,
            "lifecycle": "terminal",
            "recoverable": false,
            "terminal": true,
            "timing": {
              "effective_deadline": "2026-08-13T11:15:00.133951Z",
              "effective_timeout_ms": 120000,
              "execution_elapsed_ms": 1014,
              "execution_started_at": "2026-08-13T11:13:00.133951Z",
              "execution_timeout_ms": 120000,
              "job_submission_deadline": "2026-08-13T11:43:00.129281Z",
              "phase": "execution",
              "queue_timeout_ms": 1800000,
              "queue_wait_ms": 4,
              "total_elapsed_ms": 1019
            }
          },
          "updated_at": "2026-08-13T11:13:01.148458Z",
          "worker_id": "rust-agent-rpc@127.0.0.1:5001"
        },
        "job_id": "c9e7e59a91644616",
        "progress": 1.0,
        "raw": {
          "job": {
            "created_at": "2026-08-13T11:13:00.129281Z",
            "execution_started_at": "2026-08-13T11:13:00.133951Z",
            "execution_timeout_ms": 120000,
            "iteration": 4,
            "job_id": "c9e7e59a91644616",
            "message": "collecting nodal and elemental responses",
            "model_version_id": null,
            "progress": 1.0,
            "project_id": "9ce7dca90c03c0ca",
            "queue_timeout_ms": 1800000,
            "residual": 0.2,
            "simulation_case_id": "6689f358a9790943",
            "status": "completed",
            "status_detail": {
              "active": false,
              "failure_class": null,
              "lifecycle": "terminal",
              "recoverable": false,
              "terminal": true,
              "timing": {
                "effective_deadline": "2026-08-13T11:15:00.133951Z",
                "effective_timeout_ms": 120000,
                "execution_elapsed_ms": 1014,
                "execution_started_at": "2026-08-13T11:13:00.133951Z",
                "execution_timeout_ms": 120000,
                "job_submission_deadline": "2026-08-13T11:43:00.129281Z",
                "phase": "execution",
                "queue_timeout_ms": 1800000,
                "queue_wait_ms": 4,
                "total_elapsed_ms": 1019
              }
            },
            "updated_at": "2026-08-13T11:13:01.148458Z",
            "worker_id": "rust-agent-rpc@127.0.0.1:5001"
          }
        },
        "result": null,
        "status": "completed",
        "wait": {
          "elapsed_ms": 2034,
          "policy": "server_deadline",
          "poll_attempts": 3,
          "resume_count": 0
        }
      },
      "requires_confirmation": false
    },
    {
      "index": 3,
      "action": "result_fetch",
      "risk": "normal",
      "status": "executed",
      "payload": {
        "job_id": "c9e7e59a91644616"
      },
      "result_preview": {
        "job": {
          "created_at": "2026-08-13T11:13:00.129281Z",
          "execution_started_at": "2026-08-13T11:13:00.133951Z",
          "execution_timeout_ms": 120000,
          "has_result": true,
          "iteration": 4,
          "job_id": "c9e7e59a91644616",
          "message": "collecting nodal and elemental responses",
          "model_version_id": null,
          "progress": 1.0,
          "project_id": "9ce7dca90c03c0ca",
          "queue_timeout_ms": 1800000,
          "residual": 0.2,
          "simulation_case_id": "6689f358a9790943",
          "status": "completed",
          "status_detail": {
            "active": false,
            "failure_class": null,
            "lifecycle": "terminal",
            "recoverable": false,
            "terminal": true,
            "timing": {
              "effective_deadline": "2026-08-13T11:15:00.133951Z",
              "effective_timeout_ms": 120000,
              "execution_elapsed_ms": 1014,
              "execution_started_at": "2026-08-13T11:13:00.133951Z",
              "execution_timeout_ms": 120000,
              "job_submission_deadline": "2026-08-13T11:43:00.129281Z",
              "phase": "execution",
              "queue_timeout_ms": 1800000,
              "queue_wait_ms": 4,
              "total_elapsed_ms": 1019
            }
          },
          "updated_at": "2026-08-13T11:13:01.148458Z",
          "worker_id": "rust-agent-rpc@127.0.0.1:5001"
        },
        "job_id": "c9e7e59a91644616",
        "result": {
          "elements": [
            {
              "area": 0.0008,
              "average_potential": 684.5,
              "electric_energy_density": 0.01763130932826413,
              "electric_field_magnitude": 34225.0,
              "electric_field_x": -34225.0,
              "electric_field_y": -0.0,
              "electric_flux_density_magnitude": 1.030317564836472e-6,
              "electric_flux_density_x": -1.030317564836472e-6,
              "electric_flux_density_y": -0.0,
              "id": "dielectric_polyimide_film",
              "index": 0,
              "node_i": 0,
              "node_j": 1,
              "node_k": 2,
              "node_l": 3,
              "potential_gradient_x": 34225.0,
              "potential_gradient_y": 0.0,
              "stored_energy": 1.4105047462611304e-8
            }
          ],
          "input": {
            "elements": [
              {
                "id": "dielectric_polyimide_film",
                "node_i": 0,
                "node_j": 1,
                "node_k": 2,
                "node_l": 3,
                "permittivity": 3.010423856352e-11,
                "thickness": 0.001
              }
            ],
            "nodes": [
              {
                "charge_density": 0.0,
                "fix_potential": true,
                "id": "ground_left_bottom",
                "potential": 0.0,
                "x": 0.0,
                "y": 0.0
              },
              {
                "charge_density": 0.0,
                "fix_potential": true,
                "id": "drive_right_bottom",
                "potential": 1369.0,
                "x": 0.04,
                "y": 0.0
              },
              {
                "charge_density": 0.0,
                "fix_potential": true,
                "id": "drive_right_top",
                "potential": 1369.0,
                "x": 0.04,
                "y": 0.02
              },
              {
                "charge_density": 0.0,
                "fix_potential": true,
                "id": "ground_left_top",
                "potential": 0.0,
                "x": 0.0,
                "y": 0.02
              }
            ]
          },
          "max_electric_energy_density": 0.01763130932826413,
          "max_electric_field": 34225.0,
          "max_flux_density": 1.030317564836472e-6,
          "max_potential": 1369.0,
          "nodes": [
            {
              "charge_density": 0.0,
              "id": "ground_left_bottom",
              "index": 0,
              "potential": 0.0,
              "x": 0.0,
              "y": 0.0
            },
            {
              "charge_density": 0.0,
              "id": "drive_right_bottom",
              "index": 1,
              "potential": 1369.0,
              "x": 0.04,
              "y": 0.0
            },
            {
              "charge_density": 0.0,
              "id": "drive_right_top",
              "index": 2,
              "potential": 1369.0,
              "x": 0.04,
              "y": 0.02
            },
            {
              "charge_density": 0.0,
              "id": "ground_left_top",
              "index": 3,
              "potential": 0.0,
              "x": 0.0,
              "y": 0.02
            }
          ],
          "total_stored_energy": 1.4105047462611304e-8
        },
        "status": "completed"
      },
      "requires_confirmation": false
    },
    {
      "index": 4,
      "action": "solve_electrostatic_plane_quad_2d",
      "risk": "normal",
      "status": "executed",
      "payload": {
        "model": {
          "elements": [
            {
              "id": "dielectric_alumina_96",
              "node_i": 0,
              "node_j": 1,
              "node_k": 2,
              "node_l": 3,
              "permittivity": 8.677104056544001e-11,
              "thickness": 0.001
            }
          ],
          "nodes": [
            {
              "charge_density": 0.0,
              "fix_potential": true,
              "id": "ground_left_bottom",
              "potential": 0.0,
              "x": 0.0,
              "y": 0.0
            },
            {
              "charge_density": 0.0,
              "fix_potential": true,
              "id": "drive_right_bottom",
              "potential": 1369,
              "x": 0.04,
              "y": 0.0
            },
            {
              "charge_density": 0.0,
              "fix_potential": true,
              "id": "drive_right_top",
              "potential": 1369,
              "x": 0.04,
              "y": 0.02
            },
            {
              "charge_density": 0.0,
              "fix_potential": true,
              "id": "ground_left_top",
              "potential": 0.0,
              "x": 0.0,
              "y": 0.02
            }
          ]
        },
        "research": {
          "breakdown_field_v_m": 130000000.0,
          "candidate_id": "alumina_96",
          "candidate_label": "Alumina 96%",
          "dissipation_factor": 0.0002,
          "family": "ceramic",
          "note": "ceramic substrate candidate with low loss but high mass",
          "objective": "maximize electric breakdown margin with low loss and low mass",
          "relative_permittivity": 9.8,
          "study": "material.dielectric_screening.v1"
        }
      },
      "result_preview": {
        "job": {
          "created_at": "2026-08-13T11:13:02.177571Z",
          "execution_started_at": null,
          "execution_timeout_ms": 120000,
          "has_result": false,
          "iteration": null,
          "job_id": "1db3a20a37915ff6",
          "message": null,
          "model_version_id": null,
          "progress": 0.0,
          "project_id": "ac8386e53a1d241a",
          "queue_timeout_ms": 1800000,
          "residual": null,
          "simulation_case_id": "75c0b8a1681741df",
          "status": "queued",
          "status_detail": {
            "active": true,
            "failure_class": null,
            "lifecycle": "active",
            "recoverable": false,
            "terminal": false,
            "timing": {
              "effective_deadline": "2026-08-13T11:43:02.177571Z",
              "effective_timeout_ms": 1800000,
              "execution_elapsed_ms": null,
              "execution_started_at": null,
              "execution_timeout_ms": 120000,
              "job_submission_deadline": "2026-08-13T11:43:02.177571Z",
              "phase": "queue",
              "queue_timeout_ms": 1800000,
              "queue_wait_ms": 0,
              "total_elapsed_ms": 0
            }
          },
          "updated_at": "2026-08-13T11:13:02.177571Z",
          "worker_id": null
        },
        "job_id": "1db3a20a37915ff6",
        "progress": 0.0,
        "raw": {
          "job": {
            "created_at": "2026-08-13T11:13:02.177571Z",
            "execution_started_at": null,
            "execution_timeout_ms": 120000,
            "has_result": false,
            "iteration": null,
            "job_id": "1db3a20a37915ff6",
            "message": null,
            "model_version_id": null,
            "progress": 0.0,
            "project_id": "ac8386e53a1d241a",
            "queue_timeout_ms": 1800000,
            "residual": null,
            "simulation_case_id": "75c0b8a1681741df",
            "status": "queued",
            "status_detail": {
              "active": true,
              "failure_class": null,
              "lifecycle": "active",
              "recoverable": false,
              "terminal": false,
              "timing": {
                "effective_deadline": "2026-08-13T11:43:02.177571Z",
                "effective_timeout_ms": 1800000,
                "execution_elapsed_ms": null,
                "execution_started_at": null,
                "execution_timeout_ms": 120000,
                "job_submission_deadline": "2026-08-13T11:43:02.177571Z",
                "phase": "queue",
                "queue_timeout_ms": 1800000,
                "queue_wait_ms": 0,
                "total_elapsed_ms": 0
              }
            },
            "updated_at": "2026-08-13T11:13:02.177571Z",
            "worker_id": null
          }
        },
        "status": "queued"
      },
      "requires_confirmation": false
    },
    {
      "index": 5,
      "action": "job_wait",
      "risk": "normal",
      "status": "executed",
      "payload": {
        "interval_ms": 1000,
        "job_id": "1db3a20a37915ff6",
        "max_total_timeout_ms": 3600000,
        "resume_policy": "server_deadline",
        "timeout_ms": 60000
      },
      "result_preview": {
        "job": {
          "created_at": "2026-08-13T11:13:02.177571Z",
          "execution_started_at": "2026-08-13T11:13:02.181278Z",
          "execution_timeout_ms": 120000,
          "iteration": 4,
          "job_id": "1db3a20a37915ff6",
          "message": "collecting nodal and elemental responses",
          "model_version_id": null,
          "progress": 1.0,
          "project_id": "ac8386e53a1d241a",
          "queue_timeout_ms": 1800000,
          "residual": 0.2,
          "simulation_case_id": "75c0b8a1681741df",
          "status": "completed",
          "status_detail": {
            "active": false,
            "failure_class": null,
            "lifecycle": "terminal",
            "recoverable": false,
            "terminal": true,
            "timing": {
              "effective_deadline": "2026-08-13T11:15:02.181278Z",
              "effective_timeout_ms": 120000,
              "execution_elapsed_ms": 1019,
              "execution_started_at": "2026-08-13T11:13:02.181278Z",
              "execution_timeout_ms": 120000,
              "job_submission_deadline": "2026-08-13T11:43:02.177571Z",
              "phase": "execution",
              "queue_timeout_ms": 1800000,
              "queue_wait_ms": 3,
              "total_elapsed_ms": 1023
            }
          },
          "updated_at": "2026-08-13T11:13:03.200804Z",
          "worker_id": "rust-agent-rpc@127.0.0.1:5002"
        },
        "job_id": "1db3a20a37915ff6",
        "progress": 1.0,
        "raw": {
          "job": {
            "created_at": "2026-08-13T11:13:02.177571Z",
            "execution_started_at": "2026-08-13T11:13:02.181278Z",
            "execution_timeout_ms": 120000,
            "iteration": 4,
            "job_id": "1db3a20a37915ff6",
            "message": "collecting nodal and elemental responses",
            "model_version_id": null,
            "progress": 1.0,
            "project_id": "ac8386e53a1d241a",
            "queue_timeout_ms": 1800000,
            "residual": 0.2,
            "simulation_case_id": "75c0b8a1681741df",
            "status": "completed",
            "status_detail": {
              "active": false,
              "failure_class": null,
              "lifecycle": "terminal",
              "recoverable": false,
              "terminal": true,
              "timing": {
                "effective_deadline": "2026-08-13T11:15:02.181278Z",
                "effective_timeout_ms": 120000,
                "execution_elapsed_ms": 1019,
                "execution_started_at": "2026-08-13T11:13:02.181278Z",
                "execution_timeout_ms": 120000,
                "job_submission_deadline": "2026-08-13T11:43:02.177571Z",
                "phase": "execution",
                "queue_timeout_ms": 1800000,
                "queue_wait_ms": 3,
                "total_elapsed_ms": 1023
              }
            },
            "updated_at": "2026-08-13T11:13:03.200804Z",
            "worker_id": "rust-agent-rpc@127.0.0.1:5002"
          }
        },
        "result": null,
        "status": "completed",
        "wait": {
          "elapsed_ms": 2029,
          "policy": "server_deadline",
          "poll_attempts": 3,
          "resume_count": 0
        }
      },
      "requires_confirmation": false
    },
    {
      "index": 6,
      "action": "result_fetch",
      "risk": "normal",
      "status": "executed",
      "payload": {
        "job_id": "1db3a20a37915ff6"
      },
      "result_preview": {
        "job": {
          "created_at": "2026-08-13T11:13:02.177571Z",
          "execution_started_at": "2026-08-13T11:13:02.181278Z",
          "execution_timeout_ms": 120000,
          "has_result": true,
          "iteration": 4,
          "job_id": "1db3a20a37915ff6",
          "message": "collecting nodal and elemental responses",
          "model_version_id": null,
          "progress": 1.0,
          "project_id": "ac8386e53a1d241a",
          "queue_timeout_ms": 1800000,
          "residual": 0.2,
          "simulation_case_id": "75c0b8a1681741df",
          "status": "completed",
          "status_detail": {
            "active": false,
            "failure_class": null,
            "lifecycle": "terminal",
            "recoverable": false,
            "terminal": true,
            "timing": {
              "effective_deadline": "2026-08-13T11:15:02.181278Z",
              "effective_timeout_ms": 120000,
              "execution_elapsed_ms": 1019,
              "execution_started_at": "2026-08-13T11:13:02.181278Z",
              "execution_timeout_ms": 120000,
              "job_submission_deadline": "2026-08-13T11:43:02.177571Z",
              "phase": "execution",
              "queue_timeout_ms": 1800000,
              "queue_wait_ms": 3,
              "total_elapsed_ms": 1023
            }
          },
          "updated_at": "2026-08-13T11:13:03.200804Z",
          "worker_id": "rust-agent-rpc@127.0.0.1:5002"
        },
        "job_id": "1db3a20a37915ff6",
        "result": {
          "elements": [
            {
              "area": 0.0008,
              "average_potential": 684.5,
              "electric_energy_density": 0.05081965629911425,
              "electric_field_magnitude": 34225.0,
              "electric_field_x": -34225.0,
              "electric_field_y": -0.0,
              "electric_flux_density_magnitude": 2.969738863352184e-6,
              "electric_flux_density_x": -2.969738863352184e-6,
              "electric_flux_density_y": -0.0,
              "id": "dielectric_alumina_96",
              "index": 0,
              "node_i": 0,
              "node_j": 1,
              "node_k": 2,
              "node_l": 3,
              "potential_gradient_x": 34225.0,
              "potential_gradient_y": 0.0,
              "stored_energy": 4.0655725039291415e-8
            }
          ],
          "input": {
            "elements": [
              {
                "id": "dielectric_alumina_96",
                "node_i": 0,
                "node_j": 1,
                "node_k": 2,
                "node_l": 3,
                "permittivity": 8.677104056544001e-11,
                "thickness": 0.001
              }
            ],
            "nodes": [
              {
                "charge_density": 0.0,
                "fix_potential": true,
                "id": "ground_left_bottom",
                "potential": 0.0,
                "x": 0.0,
                "y": 0.0
              },
              {
                "charge_density": 0.0,
                "fix_potential": true,
                "id": "drive_right_bottom",
                "potential": 1369.0,
                "x": 0.04,
                "y": 0.0
              },
              {
                "charge_density": 0.0,
                "fix_potential": true,
                "id": "drive_right_top",
                "potential": 1369.0,
                "x": 0.04,
                "y": 0.02
              },
              {
                "charge_density": 0.0,
                "fix_potential": true,
                "id": "ground_left_top",
                "potential": 0.0,
                "x": 0.0,
                "y": 0.02
              }
            ]
          },
          "max_electric_energy_density": 0.05081965629911425,
          "max_electric_field": 34225.0,
          "max_flux_density": 2.969738863352184e-6,
          "max_potential": 1369.0,
          "nodes": [
            {
              "charge_density": 0.0,
              "id": "ground_left_bottom",
              "index": 0,
              "potential": 0.0,
              "x": 0.0,
              "y": 0.0
            },
            {
              "charge_density": 0.0,
              "id": "drive_right_bottom",
              "index": 1,
              "potential": 1369.0,
              "x": 0.04,
              "y": 0.0
            },
            {
              "charge_density": 0.0,
              "id": "drive_right_top",
              "index": 2,
              "potential": 1369.0,
              "x": 0.04,
              "y": 0.02
            },
            {
              "charge_density": 0.0,
              "id": "ground_left_top",
              "index": 3,
              "potential": 0.0,
              "x": 0.0,
              "y": 0.02
            }
          ],
          "total_stored_energy": 4.0655725039291415e-8
        },
        "status": "completed"
      },
      "requires_confirmation": false
    },
    {
      "index": 7,
      "action": "solve_electrostatic_plane_quad_2d",
      "risk": "normal",
      "status": "executed",
      "payload": {
        "model": {
          "elements": [
            {
              "id": "dielectric_ptfe",
              "node_i": 0,
              "node_j": 1,
              "node_k": 2,
              "node_l": 3,
              "permittivity": 1.859379440688e-11,
              "thickness": 0.001
            }
          ],
          "nodes": [
            {
              "charge_density": 0.0,
              "fix_potential": true,
              "id": "ground_left_bottom",
              "potential": 0.0,
              "x": 0.0,
              "y": 0.0
            },
            {
              "charge_density": 0.0,
              "fix_potential": true,
              "id": "drive_right_bottom",
              "potential": 1369,
              "x": 0.04,
              "y": 0.0
            },
            {
              "charge_density": 0.0,
              "fix_potential": true,
              "id": "drive_right_top",
              "potential": 1369,
              "x": 0.04,
              "y": 0.02
            },
            {
              "charge_density": 0.0,
              "fix_potential": true,
              "id": "ground_left_top",
              "potential": 0.0,
              "x": 0.0,
              "y": 0.02
            }
          ]
        },
        "research": {
          "breakdown_field_v_m": 60000000.0,
          "candidate_id": "ptfe",
          "candidate_label": "PTFE",
          "dissipation_factor": 0.0002,
          "family": "polymer",
          "note": "low-loss polymer candidate with weaker breakdown margin",
          "objective": "maximize electric breakdown margin with low loss and low mass",
          "relative_permittivity": 2.1,
          "study": "material.dielectric_screening.v1"
        }
      },
      "result_preview": {
        "job": {
          "created_at": "2026-08-13T11:13:04.218754Z",
          "execution_started_at": null,
          "execution_timeout_ms": 120000,
          "has_result": false,
          "iteration": null,
          "job_id": "aff15ec387c9515c",
          "message": null,
          "model_version_id": null,
          "progress": 0.0,
          "project_id": "bdcf741a3632a067",
          "queue_timeout_ms": 1800000,
          "residual": null,
          "simulation_case_id": "0a3a054f4e8af4f9",
          "status": "queued",
          "status_detail": {
            "active": true,
            "failure_class": null,
            "lifecycle": "active",
            "recoverable": false,
            "terminal": false,
            "timing": {
              "effective_deadline": "2026-08-13T11:43:04.218754Z",
              "effective_timeout_ms": 1800000,
              "execution_elapsed_ms": null,
              "execution_started_at": null,
              "execution_timeout_ms": 120000,
              "job_submission_deadline": "2026-08-13T11:43:04.218754Z",
              "phase": "queue",
              "queue_timeout_ms": 1800000,
              "queue_wait_ms": 0,
              "total_elapsed_ms": 0
            }
          },
          "updated_at": "2026-08-13T11:13:04.218754Z",
          "worker_id": null
        },
        "job_id": "aff15ec387c9515c",
        "progress": 0.0,
        "raw": {
          "job": {
            "created_at": "2026-08-13T11:13:04.218754Z",
            "execution_started_at": null,
            "execution_timeout_ms": 120000,
            "has_result": false,
            "iteration": null,
            "job_id": "aff15ec387c9515c",
            "message": null,
            "model_version_id": null,
            "progress": 0.0,
            "project_id": "bdcf741a3632a067",
            "queue_timeout_ms": 1800000,
            "residual": null,
            "simulation_case_id": "0a3a054f4e8af4f9",
            "status": "queued",
            "status_detail": {
              "active": true,
              "failure_class": null,
              "lifecycle": "active",
              "recoverable": false,
              "terminal": false,
              "timing": {
                "effective_deadline": "2026-08-13T11:43:04.218754Z",
                "effective_timeout_ms": 1800000,
                "execution_elapsed_ms": null,
                "execution_started_at": null,
                "execution_timeout_ms": 120000,
                "job_submission_deadline": "2026-08-13T11:43:04.218754Z",
                "phase": "queue",
                "queue_timeout_ms": 1800000,
                "queue_wait_ms": 0,
                "total_elapsed_ms": 0
              }
            },
            "updated_at": "2026-08-13T11:13:04.218754Z",
            "worker_id": null
          }
        },
        "status": "queued"
      },
      "requires_confirmation": false
    },
    {
      "index": 8,
      "action": "job_wait",
      "risk": "normal",
      "status": "executed",
      "payload": {
        "interval_ms": 1000,
        "job_id": "aff15ec387c9515c",
        "max_total_timeout_ms": 3600000,
        "resume_policy": "server_deadline",
        "timeout_ms": 60000
      },
      "result_preview": {
        "job": {
          "created_at": "2026-08-13T11:13:04.218754Z",
          "execution_started_at": "2026-08-13T11:13:04.221969Z",
          "execution_timeout_ms": 120000,
          "iteration": 4,
          "job_id": "aff15ec387c9515c",
          "message": "collecting nodal and elemental responses",
          "model_version_id": null,
          "progress": 1.0,
          "project_id": "bdcf741a3632a067",
          "queue_timeout_ms": 1800000,
          "residual": 0.2,
          "simulation_case_id": "0a3a054f4e8af4f9",
          "status": "completed",
          "status_detail": {
            "active": false,
            "failure_class": null,
            "lifecycle": "terminal",
            "recoverable": false,
            "terminal": true,
            "timing": {
              "effective_deadline": "2026-08-13T11:15:04.221969Z",
              "effective_timeout_ms": 120000,
              "execution_elapsed_ms": 1014,
              "execution_started_at": "2026-08-13T11:13:04.221969Z",
              "execution_timeout_ms": 120000,
              "job_submission_deadline": "2026-08-13T11:43:04.218754Z",
              "phase": "execution",
              "queue_timeout_ms": 1800000,
              "queue_wait_ms": 3,
              "total_elapsed_ms": 1017
            }
          },
          "updated_at": "2026-08-13T11:13:05.236430Z",
          "worker_id": "rust-agent-rpc@127.0.0.1:5001"
        },
        "job_id": "aff15ec387c9515c",
        "progress": 1.0,
        "raw": {
          "job": {
            "created_at": "2026-08-13T11:13:04.218754Z",
            "execution_started_at": "2026-08-13T11:13:04.221969Z",
            "execution_timeout_ms": 120000,
            "iteration": 4,
            "job_id": "aff15ec387c9515c",
            "message": "collecting nodal and elemental responses",
            "model_version_id": null,
            "progress": 1.0,
            "project_id": "bdcf741a3632a067",
            "queue_timeout_ms": 1800000,
            "residual": 0.2,
            "simulation_case_id": "0a3a054f4e8af4f9",
            "status": "completed",
            "status_detail": {
              "active": false,
              "failure_class": null,
              "lifecycle": "terminal",
              "recoverable": false,
              "terminal": true,
              "timing": {
                "effective_deadline": "2026-08-13T11:15:04.221969Z",
                "effective_timeout_ms": 120000,
                "execution_elapsed_ms": 1014,
                "execution_started_at": "2026-08-13T11:13:04.221969Z",
                "execution_timeout_ms": 120000,
                "job_submission_deadline": "2026-08-13T11:43:04.218754Z",
                "phase": "execution",
                "queue_timeout_ms": 1800000,
                "queue_wait_ms": 3,
                "total_elapsed_ms": 1017
              }
            },
            "updated_at": "2026-08-13T11:13:05.236430Z",
            "worker_id": "rust-agent-rpc@127.0.0.1:5001"
          }
        },
        "result": null,
        "status": "completed",
        "wait": {
          "elapsed_ms": 2029,
          "policy": "server_deadline",
          "poll_attempts": 3,
          "resume_count": 0
        }
      },
      "requires_confirmation": false
    },
    {
      "index": 9,
      "action": "result_fetch",
      "risk": "normal",
      "status": "executed",
      "payload": {
        "job_id": "aff15ec387c9515c"
      },
      "result_preview": {
        "job": {
          "created_at": "2026-08-13T11:13:04.218754Z",
          "execution_started_at": "2026-08-13T11:13:04.221969Z",
          "execution_timeout_ms": 120000,
          "has_result": true,
          "iteration": 4,
          "job_id": "aff15ec387c9515c",
          "message": "collecting nodal and elemental responses",
          "model_version_id": null,
          "progress": 1.0,
          "project_id": "bdcf741a3632a067",
          "queue_timeout_ms": 1800000,
          "residual": 0.2,
          "simulation_case_id": "0a3a054f4e8af4f9",
          "status": "completed",
          "status_detail": {
            "active": false,
            "failure_class": null,
            "lifecycle": "terminal",
            "recoverable": false,
            "terminal": true,
            "timing": {
              "effective_deadline": "2026-08-13T11:15:04.221969Z",
              "effective_timeout_ms": 120000,
              "execution_elapsed_ms": 1014,
              "execution_started_at": "2026-08-13T11:13:04.221969Z",
              "execution_timeout_ms": 120000,
              "job_submission_deadline": "2026-08-13T11:43:04.218754Z",
              "phase": "execution",
              "queue_timeout_ms": 1800000,
              "queue_wait_ms": 3,
              "total_elapsed_ms": 1017
            }
          },
          "updated_at": "2026-08-13T11:13:05.236430Z",
          "worker_id": "rust-agent-rpc@127.0.0.1:5001"
        },
        "job_id": "aff15ec387c9515c",
        "result": {
          "elements": [
            {
              "area": 0.0008,
              "average_potential": 684.5,
              "electric_energy_density": 0.010889926349810198,
              "electric_field_magnitude": 34225.0,
              "electric_field_x": -34225.0,
              "electric_field_y": -0.0,
              "electric_flux_density_magnitude": 6.363726135754681e-7,
              "electric_flux_density_x": -6.363726135754681e-7,
              "electric_flux_density_y": -0.0,
              "id": "dielectric_ptfe",
              "index": 0,
              "node_i": 0,
              "node_j": 1,
              "node_k": 2,
              "node_l": 3,
              "potential_gradient_x": 34225.0,
              "potential_gradient_y": 0.0,
              "stored_energy": 8.711941079848158e-9
            }
          ],
          "input": {
            "elements": [
              {
                "id": "dielectric_ptfe",
                "node_i": 0,
                "node_j": 1,
                "node_k": 2,
                "node_l": 3,
                "permittivity": 1.859379440688e-11,
                "thickness": 0.001
              }
            ],
            "nodes": [
              {
                "charge_density": 0.0,
                "fix_potential": true,
                "id": "ground_left_bottom",
                "potential": 0.0,
                "x": 0.0,
                "y": 0.0
              },
              {
                "charge_density": 0.0,
                "fix_potential": true,
                "id": "drive_right_bottom",
                "potential": 1369.0,
                "x": 0.04,
                "y": 0.0
              },
              {
                "charge_density": 0.0,
                "fix_potential": true,
                "id": "drive_right_top",
                "potential": 1369.0,
                "x": 0.04,
                "y": 0.02
              },
              {
                "charge_density": 0.0,
                "fix_potential": true,
                "id": "ground_left_top",
                "potential": 0.0,
                "x": 0.0,
                "y": 0.02
              }
            ]
          },
          "max_electric_energy_density": 0.010889926349810198,
          "max_electric_field": 34225.0,
          "max_flux_density": 6.363726135754681e-7,
          "max_potential": 1369.0,
          "nodes": [
            {
              "charge_density": 0.0,
              "id": "ground_left_bottom",
              "index": 0,
              "potential": 0.0,
              "x": 0.0,
              "y": 0.0
            },
            {
              "charge_density": 0.0,
              "id": "drive_right_bottom",
              "index": 1,
              "potential": 1369.0,
              "x": 0.04,
              "y": 0.0
            },
            {
              "charge_density": 0.0,
              "id": "drive_right_top",
              "index": 2,
              "potential": 1369.0,
              "x": 0.04,
              "y": 0.02
            },
            {
              "charge_density": 0.0,
              "id": "ground_left_top",
              "index": 3,
              "potential": 0.0,
              "x": 0.0,
              "y": 0.02
            }
          ],
          "total_stored_energy": 8.711941079848158e-9
        },
        "status": "completed"
      },
      "requires_confirmation": false
    }
  ]
}
