{
  "schema_version": "kyuubiki.headless-execution-run/v1",
  "workflow_id": "template.material_thermo_shield_screening",
  "mode": "dry_run",
  "status": "ok",
  "executed_step_count": 9,
  "warning_count": 0,
  "blocked_by_confirmation": null,
  "validation": {
    "ok": true,
    "issue_count": 0,
    "issues": [],
    "warning_count": 0,
    "warnings": [],
    "summary": {
      "schema_version": "kyuubiki.headless-execution-batch/v1",
      "workflow_id": "template.material_thermo_shield_screening",
      "template_id": "material_thermo_shield_screening",
      "exported_at": "1970-01-01T00:00:00.000Z",
      "language": "en",
      "step_count": 9,
      "warning_count": 0,
      "actions": [
        "solve_thermal_plane_quad_2d",
        "job_wait",
        "result_fetch",
        "solve_thermal_plane_quad_2d",
        "job_wait",
        "result_fetch",
        "solve_thermal_plane_quad_2d",
        "job_wait",
        "result_fetch"
      ]
    },
    "policy": {
      "required_engines": [
        "service"
      ],
      "engine_counts": {
        "browser": 0,
        "service": 9
      },
      "risk_counts": {
        "destructive": 0,
        "normal": 9,
        "sensitive": 0
      },
      "recommended_runtime": "service_only",
      "needs_desktop_browser": false,
      "safe_for_service_only": true,
      "notes": []
    }
  },
  "execution_summary": {
    "schema_version": "kyuubiki.headless-execution-summary/v1",
    "job_count": 3,
    "job_ids": [
      "{{steps.1.result.job_id}}",
      "{{steps.4.result.job_id}}",
      "{{steps.7.result.job_id}}"
    ],
    "jobs": [
      {
        "job_id": "{{steps.1.result.job_id}}",
        "status": null,
        "worker_id": null,
        "phase": null,
        "created_at": null,
        "execution_started_at": null,
        "updated_at": null,
        "queue_wait_ms": null,
        "execution_elapsed_ms": null,
        "total_elapsed_ms": null,
        "effective_timeout_ms": null,
        "effective_deadline": null
      },
      {
        "job_id": "{{steps.4.result.job_id}}",
        "status": null,
        "worker_id": null,
        "phase": null,
        "created_at": null,
        "execution_started_at": null,
        "updated_at": null,
        "queue_wait_ms": null,
        "execution_elapsed_ms": null,
        "total_elapsed_ms": null,
        "effective_timeout_ms": null,
        "effective_deadline": null
      },
      {
        "job_id": "{{steps.7.result.job_id}}",
        "status": null,
        "worker_id": null,
        "phase": null,
        "created_at": null,
        "execution_started_at": null,
        "updated_at": null,
        "queue_wait_ms": null,
        "execution_elapsed_ms": null,
        "total_elapsed_ms": null,
        "effective_timeout_ms": null,
        "effective_deadline": null
      }
    ],
    "failure": null
  },
  "steps": [
    {
      "index": 1,
      "action": "solve_thermal_plane_quad_2d",
      "risk": "normal",
      "status": "dry_run",
      "payload": {
        "model": {
          "elements": [
            {
              "id": "thermo_aluminum_6061_t6",
              "node_i": 0,
              "node_j": 1,
              "node_k": 2,
              "node_l": 3,
              "poisson_ratio": 0.33,
              "thermal_expansion": 0.0000236,
              "thickness": 0.002,
              "youngs_modulus": 68900000000.0
            }
          ],
          "nodes": [
            {
              "fix_x": true,
              "fix_y": true,
              "id": "fixed_left_bottom",
              "load_x": 0.0,
              "load_y": 0.0,
              "temperature_delta": 70.0,
              "x": 0.0,
              "y": 0.0
            },
            {
              "fix_x": true,
              "fix_y": true,
              "id": "fixed_right_bottom",
              "load_x": 0.0,
              "load_y": 0.0,
              "temperature_delta": 70.0,
              "x": 0.08,
              "y": 0.0
            },
            {
              "fix_x": false,
              "fix_y": false,
              "id": "free_right_top",
              "load_x": 0.0,
              "load_y": 0.0,
              "temperature_delta": 110.0,
              "x": 0.08,
              "y": 0.04
            },
            {
              "fix_x": false,
              "fix_y": false,
              "id": "free_left_top",
              "load_x": 0.0,
              "load_y": 0.0,
              "temperature_delta": 110.0,
              "x": 0.0,
              "y": 0.04
            }
          ]
        },
        "research": {
          "candidate_id": "aluminum_6061_t6",
          "candidate_label": "Aluminum 6061-T6",
          "density_kg_m3": 2700.0,
          "family": "metal",
          "note": "lightweight baseline with high thermal expansion",
          "objective": "minimize constrained thermal stress, displacement, and areal mass",
          "study": "material.thermo_shield_screening.v1",
          "thermal_expansion_1_k": 0.0000236,
          "youngs_modulus_pa": 68900000000.0
        }
      },
      "result_preview": {
        "action": "solve_thermal_plane_quad_2d",
        "step_index": 1
      },
      "requires_confirmation": false
    },
    {
      "index": 2,
      "action": "job_wait",
      "risk": "normal",
      "status": "dry_run",
      "payload": {
        "interval_ms": 1000,
        "job_id": "{{steps.1.result.job_id}}",
        "max_total_timeout_ms": 3600000,
        "resume_policy": "server_deadline",
        "timeout_ms": 60000
      },
      "result_preview": {
        "action": "job_wait",
        "job_id": "{{steps.1.result.job_id}}",
        "progress": 1.0,
        "status": "completed",
        "step_index": 2
      },
      "requires_confirmation": false
    },
    {
      "index": 3,
      "action": "result_fetch",
      "risk": "normal",
      "status": "dry_run",
      "payload": {
        "job_id": "{{steps.1.result.job_id}}"
      },
      "result_preview": {
        "action": "result_fetch",
        "job_id": "{{steps.1.result.job_id}}",
        "result": {
          "kind": "simulated_result"
        },
        "step_index": 3
      },
      "requires_confirmation": false
    },
    {
      "index": 4,
      "action": "solve_thermal_plane_quad_2d",
      "risk": "normal",
      "status": "dry_run",
      "payload": {
        "model": {
          "elements": [
            {
              "id": "thermo_titanium_grade_5",
              "node_i": 0,
              "node_j": 1,
              "node_k": 2,
              "node_l": 3,
              "poisson_ratio": 0.342,
              "thermal_expansion": 8.6e-6,
              "thickness": 0.002,
              "youngs_modulus": 113800000000.0
            }
          ],
          "nodes": [
            {
              "fix_x": true,
              "fix_y": true,
              "id": "fixed_left_bottom",
              "load_x": 0.0,
              "load_y": 0.0,
              "temperature_delta": 70.0,
              "x": 0.0,
              "y": 0.0
            },
            {
              "fix_x": true,
              "fix_y": true,
              "id": "fixed_right_bottom",
              "load_x": 0.0,
              "load_y": 0.0,
              "temperature_delta": 70.0,
              "x": 0.08,
              "y": 0.0
            },
            {
              "fix_x": false,
              "fix_y": false,
              "id": "free_right_top",
              "load_x": 0.0,
              "load_y": 0.0,
              "temperature_delta": 110.0,
              "x": 0.08,
              "y": 0.04
            },
            {
              "fix_x": false,
              "fix_y": false,
              "id": "free_left_top",
              "load_x": 0.0,
              "load_y": 0.0,
              "temperature_delta": 110.0,
              "x": 0.0,
              "y": 0.04
            }
          ]
        },
        "research": {
          "candidate_id": "titanium_grade_5",
          "candidate_label": "Titanium Grade 5",
          "density_kg_m3": 4430.0,
          "family": "metal",
          "note": "lower thermal expansion with moderate mass penalty",
          "objective": "minimize constrained thermal stress, displacement, and areal mass",
          "study": "material.thermo_shield_screening.v1",
          "thermal_expansion_1_k": 8.6e-6,
          "youngs_modulus_pa": 113800000000.0
        }
      },
      "result_preview": {
        "action": "solve_thermal_plane_quad_2d",
        "step_index": 4
      },
      "requires_confirmation": false
    },
    {
      "index": 5,
      "action": "job_wait",
      "risk": "normal",
      "status": "dry_run",
      "payload": {
        "interval_ms": 1000,
        "job_id": "{{steps.4.result.job_id}}",
        "max_total_timeout_ms": 3600000,
        "resume_policy": "server_deadline",
        "timeout_ms": 60000
      },
      "result_preview": {
        "action": "job_wait",
        "job_id": "{{steps.4.result.job_id}}",
        "progress": 1.0,
        "status": "completed",
        "step_index": 5
      },
      "requires_confirmation": false
    },
    {
      "index": 6,
      "action": "result_fetch",
      "risk": "normal",
      "status": "dry_run",
      "payload": {
        "job_id": "{{steps.4.result.job_id}}"
      },
      "result_preview": {
        "action": "result_fetch",
        "job_id": "{{steps.4.result.job_id}}",
        "result": {
          "kind": "simulated_result"
        },
        "step_index": 6
      },
      "requires_confirmation": false
    },
    {
      "index": 7,
      "action": "solve_thermal_plane_quad_2d",
      "risk": "normal",
      "status": "dry_run",
      "payload": {
        "model": {
          "elements": [
            {
              "id": "thermo_invar_36",
              "node_i": 0,
              "node_j": 1,
              "node_k": 2,
              "node_l": 3,
              "poisson_ratio": 0.29,
              "thermal_expansion": 1.2e-6,
              "thickness": 0.002,
              "youngs_modulus": 141000000000.0
            }
          ],
          "nodes": [
            {
              "fix_x": true,
              "fix_y": true,
              "id": "fixed_left_bottom",
              "load_x": 0.0,
              "load_y": 0.0,
              "temperature_delta": 70.0,
              "x": 0.0,
              "y": 0.0
            },
            {
              "fix_x": true,
              "fix_y": true,
              "id": "fixed_right_bottom",
              "load_x": 0.0,
              "load_y": 0.0,
              "temperature_delta": 70.0,
              "x": 0.08,
              "y": 0.0
            },
            {
              "fix_x": false,
              "fix_y": false,
              "id": "free_right_top",
              "load_x": 0.0,
              "load_y": 0.0,
              "temperature_delta": 110.0,
              "x": 0.08,
              "y": 0.04
            },
            {
              "fix_x": false,
              "fix_y": false,
              "id": "free_left_top",
              "load_x": 0.0,
              "load_y": 0.0,
              "temperature_delta": 110.0,
              "x": 0.0,
              "y": 0.04
            }
          ]
        },
        "research": {
          "candidate_id": "invar_36",
          "candidate_label": "Invar 36",
          "density_kg_m3": 8050.0,
          "family": "alloy",
          "note": "very low expansion but heavy",
          "objective": "minimize constrained thermal stress, displacement, and areal mass",
          "study": "material.thermo_shield_screening.v1",
          "thermal_expansion_1_k": 1.2e-6,
          "youngs_modulus_pa": 141000000000.0
        }
      },
      "result_preview": {
        "action": "solve_thermal_plane_quad_2d",
        "step_index": 7
      },
      "requires_confirmation": false
    },
    {
      "index": 8,
      "action": "job_wait",
      "risk": "normal",
      "status": "dry_run",
      "payload": {
        "interval_ms": 1000,
        "job_id": "{{steps.7.result.job_id}}",
        "max_total_timeout_ms": 3600000,
        "resume_policy": "server_deadline",
        "timeout_ms": 60000
      },
      "result_preview": {
        "action": "job_wait",
        "job_id": "{{steps.7.result.job_id}}",
        "progress": 1.0,
        "status": "completed",
        "step_index": 8
      },
      "requires_confirmation": false
    },
    {
      "index": 9,
      "action": "result_fetch",
      "risk": "normal",
      "status": "dry_run",
      "payload": {
        "job_id": "{{steps.7.result.job_id}}"
      },
      "result_preview": {
        "action": "result_fetch",
        "job_id": "{{steps.7.result.job_id}}",
        "result": {
          "kind": "simulated_result"
        },
        "step_index": 9
      },
      "requires_confirmation": false
    }
  ]
}
