{
  "schema_version": "kyuubiki.headless-execution-run/v1",
  "workflow_id": "template.direct_mesh_pipeline",
  "mode": "dry_run",
  "status": "ok",
  "executed_step_count": 3,
  "warning_count": 0,
  "blocked_by_confirmation": null,
  "validation": {
    "ok": true,
    "issue_count": 0,
    "issues": [],
    "warning_count": 0,
    "warnings": [],
    "summary": {
      "schema_version": "kyuubiki.headless-execution-batch/v1",
      "workflow_id": "template.direct_mesh_pipeline",
      "template_id": "direct_mesh_pipeline",
      "exported_at": "1970-01-01T00:00:00.000Z",
      "language": "en",
      "step_count": 3,
      "warning_count": 0,
      "actions": [
        "direct_mesh_solve",
        "job_wait",
        "result_fetch"
      ]
    },
    "policy": {
      "required_engines": [
        "service"
      ],
      "engine_counts": {
        "service": 3,
        "browser": 0
      },
      "risk_counts": {
        "normal": 3,
        "sensitive": 0,
        "destructive": 0
      },
      "recommended_runtime": "service_only",
      "needs_desktop_browser": false,
      "safe_for_service_only": true,
      "notes": []
    }
  },
  "execution_summary": {
    "schema_version": "kyuubiki.headless-execution-summary/v1",
    "job_count": 1,
    "job_ids": [
      "job_001"
    ],
    "jobs": [
      {
        "job_id": "job_001",
        "status": null,
        "worker_id": null,
        "phase": null,
        "created_at": null,
        "execution_started_at": null,
        "updated_at": null,
        "queue_wait_ms": null,
        "execution_elapsed_ms": null,
        "total_elapsed_ms": null,
        "effective_timeout_ms": null,
        "effective_deadline": null
      }
    ],
    "failure": null
  },
  "steps": [
    {
      "index": 1,
      "action": "direct_mesh_solve",
      "risk": "normal",
      "status": "dry_run",
      "payload": {
        "input": {
          "area": 0.01,
          "elements": 4,
          "kind": "axial_bar_1d",
          "length": 1.0,
          "model_schema_version": "kyuubiki.model/v1",
          "tip_force": 1200.0,
          "youngs_modulus_gpa": 210.0
        },
        "study_kind": "axial_bar_1d"
      },
      "result_preview": {
        "action": "direct_mesh_solve",
        "job_id": "job_001",
        "status": "submitted",
        "step_index": 1
      },
      "requires_confirmation": false
    },
    {
      "index": 2,
      "action": "job_wait",
      "risk": "normal",
      "status": "dry_run",
      "payload": {
        "interval_ms": 1000,
        "job_id": "job_001",
        "max_total_timeout_ms": 3600000,
        "resume_policy": "server_deadline",
        "timeout_ms": 60000
      },
      "result_preview": {
        "action": "job_wait",
        "job_id": "job_001",
        "progress": 1.0,
        "status": "completed",
        "step_index": 2
      },
      "requires_confirmation": false
    },
    {
      "index": 3,
      "action": "result_fetch",
      "risk": "normal",
      "status": "dry_run",
      "payload": {
        "job_id": "job_001",
        "prefer_job_result": false
      },
      "result_preview": {
        "action": "result_fetch",
        "job_id": "job_001",
        "result": {
          "kind": "simulated_result"
        },
        "step_index": 3
      },
      "requires_confirmation": false
    }
  ]
}
