{
  "schema_version": "kyuubiki.headless-plan/v1",
  "workflow_id": "template.direct_mesh_pipeline",
  "ok": true,
  "validation": {
    "ok": true,
    "issue_count": 0,
    "issues": [],
    "warning_count": 0,
    "warnings": [],
    "summary": {
      "schema_version": "kyuubiki.headless-execution-batch/v1",
      "workflow_id": "template.direct_mesh_pipeline",
      "template_id": "direct_mesh_pipeline",
      "exported_at": "1970-01-01T00:00:00.000Z",
      "language": "en",
      "step_count": 3,
      "warning_count": 0,
      "actions": [
        "direct_mesh_solve",
        "job_wait",
        "result_fetch"
      ]
    },
    "policy": {
      "required_engines": [
        "service"
      ],
      "engine_counts": {
        "browser": 0,
        "service": 3
      },
      "risk_counts": {
        "destructive": 0,
        "sensitive": 0,
        "normal": 3
      },
      "recommended_runtime": "service_only",
      "needs_desktop_browser": false,
      "safe_for_service_only": true,
      "notes": []
    }
  },
  "policy": {
    "required_engines": [
      "service"
    ],
    "engine_counts": {
      "browser": 0,
      "service": 3
    },
    "risk_counts": {
      "destructive": 0,
      "sensitive": 0,
      "normal": 3
    },
    "recommended_runtime": "service_only",
    "needs_desktop_browser": false,
    "safe_for_service_only": true,
    "notes": []
  },
  "compatibility": {
    "service_only_ok": true,
    "service_only_reason": "all steps are service-backed",
    "browser_session_required": false,
    "hybrid_required": false
  },
  "executor_matrix": [
    {
      "executor": "mock",
      "compatible": true,
      "issue_count": 0,
      "issues": []
    },
    {
      "executor": "service",
      "compatible": true,
      "issue_count": 0,
      "issues": []
    },
    {
      "executor": "hybrid",
      "compatible": true,
      "issue_count": 0,
      "issues": []
    }
  ],
  "confirmation_count": 0,
  "confirmations": [],
  "steps": [
    {
      "index": 1,
      "action": "direct_mesh_solve",
      "engine": "service",
      "category": "solve",
      "risk": "normal",
      "requires_confirmation": false,
      "confirmation_flag": null,
      "confirmation_reason": "normal-risk step",
      "payload": {
        "input": {
          "area": 0.01,
          "elements": 4,
          "kind": "axial_bar_1d",
          "length": 1.0,
          "model_schema_version": "kyuubiki.model/v1",
          "tip_force": 1200.0,
          "youngs_modulus_gpa": 210.0
        },
        "study_kind": "axial_bar_1d"
      },
      "bindings": [],
      "output_keys": [
        "job_id",
        "status",
        "endpoint"
      ]
    },
    {
      "index": 2,
      "action": "job_wait",
      "engine": "service",
      "category": "job",
      "risk": "normal",
      "requires_confirmation": false,
      "confirmation_flag": null,
      "confirmation_reason": "normal-risk step",
      "payload": {
        "interval_ms": 1000,
        "job_id": "{{steps.1.result.job_id}}",
        "max_total_timeout_ms": 3600000,
        "resume_policy": "server_deadline",
        "timeout_ms": 60000
      },
      "bindings": [
        {
          "source_step": 1,
          "output": "job_id"
        }
      ],
      "output_keys": [
        "job_id",
        "status",
        "progress",
        "wait"
      ]
    },
    {
      "index": 3,
      "action": "result_fetch",
      "engine": "service",
      "category": "result",
      "risk": "normal",
      "requires_confirmation": false,
      "confirmation_flag": null,
      "confirmation_reason": "normal-risk step",
      "payload": {
        "job_id": "{{steps.1.result.job_id}}",
        "prefer_job_result": false
      },
      "bindings": [
        {
          "source_step": 1,
          "output": "job_id"
        }
      ],
      "output_keys": [
        "job_id",
        "result"
      ]
    }
  ]
}
