{
  "schema_version": "kyuubiki.headless-execution-run/v1",
  "workflow_id": "template.material_dielectric_screening",
  "mode": "execute:service",
  "status": "ok",
  "executed_step_count": 9,
  "warning_count": 0,
  "blocked_by_confirmation": null,
  "validation": {
    "ok": true,
    "issue_count": 0,
    "issues": [],
    "warning_count": 0,
    "warnings": [],
    "summary": {
      "schema_version": "kyuubiki.headless-execution-batch/v1",
      "workflow_id": "template.material_dielectric_screening",
      "template_id": "material_dielectric_screening",
      "exported_at": "1970-01-01T00:00:00.000Z",
      "language": "en",
      "step_count": 9,
      "warning_count": 0,
      "actions": [
        "solve_electrostatic_plane_quad_2d",
        "job_wait",
        "result_fetch",
        "solve_electrostatic_plane_quad_2d",
        "job_wait",
        "result_fetch",
        "solve_electrostatic_plane_quad_2d",
        "job_wait",
        "result_fetch"
      ]
    },
    "policy": {
      "required_engines": [
        "service"
      ],
      "engine_counts": {
        "browser": 0,
        "service": 9
      },
      "risk_counts": {
        "sensitive": 0,
        "destructive": 0,
        "normal": 9
      },
      "recommended_runtime": "service_only",
      "needs_desktop_browser": false,
      "safe_for_service_only": true,
      "notes": []
    }
  },
  "execution_summary": {
    "schema_version": "kyuubiki.headless-execution-summary/v1",
    "job_count": 3,
    "job_ids": [
      "323a8ad21a26b5eb",
      "dd7c8292ba4bbd09",
      "35830f138503668f"
    ],
    "jobs": [
      {
        "job_id": "323a8ad21a26b5eb",
        "status": "completed",
        "worker_id": "rust-agent-rpc@127.0.0.1:5002",
        "phase": "execution",
        "created_at": "2026-08-13T10:54:40.868872Z",
        "execution_started_at": "2026-08-13T10:54:40.873277Z",
        "updated_at": "2026-08-13T10:54:41.890177Z",
        "queue_wait_ms": 4,
        "execution_elapsed_ms": 1016,
        "total_elapsed_ms": 1021,
        "effective_timeout_ms": 120000,
        "effective_deadline": "2026-08-13T10:56:40.873277Z"
      },
      {
        "job_id": "dd7c8292ba4bbd09",
        "status": "completed",
        "worker_id": "rust-agent-rpc@127.0.0.1:5001",
        "phase": "execution",
        "created_at": "2026-08-13T10:54:42.964353Z",
        "execution_started_at": "2026-08-13T10:54:42.973314Z",
        "updated_at": "2026-08-13T10:54:44.039048Z",
        "queue_wait_ms": 8,
        "execution_elapsed_ms": 1065,
        "total_elapsed_ms": 1074,
        "effective_timeout_ms": 120000,
        "effective_deadline": "2026-08-13T10:56:42.973314Z"
      },
      {
        "job_id": "35830f138503668f",
        "status": "completed",
        "worker_id": "rust-agent-rpc@127.0.0.1:5002",
        "phase": "execution",
        "created_at": "2026-08-13T10:54:45.047139Z",
        "execution_started_at": "2026-08-13T10:54:45.049942Z",
        "updated_at": "2026-08-13T10:54:46.086485Z",
        "queue_wait_ms": 2,
        "execution_elapsed_ms": 1036,
        "total_elapsed_ms": 1039,
        "effective_timeout_ms": 120000,
        "effective_deadline": "2026-08-13T10:56:45.049942Z"
      }
    ],
    "failure": null
  },
  "steps": [
    {
      "index": 1,
      "action": "solve_electrostatic_plane_quad_2d",
      "risk": "normal",
      "status": "executed",
      "payload": {
        "model": {
          "elements": [
            {
              "id": "dielectric_polyimide_film",
              "node_i": 0,
              "node_j": 1,
              "node_k": 2,
              "node_l": 3,
              "permittivity": 3.010423856352e-11,
              "thickness": 0.001
            }
          ],
          "nodes": [
            {
              "charge_density": 0.0,
              "fix_potential": true,
              "id": "ground_left_bottom",
              "potential": 0.0,
              "x": 0.0,
              "y": 0.0
            },
            {
              "charge_density": 0.0,
              "fix_potential": true,
              "id": "drive_right_bottom",
              "potential": 1901,
              "x": 0.04,
              "y": 0.0
            },
            {
              "charge_density": 0.0,
              "fix_potential": true,
              "id": "drive_right_top",
              "potential": 1901,
              "x": 0.04,
              "y": 0.02
            },
            {
              "charge_density": 0.0,
              "fix_potential": true,
              "id": "ground_left_top",
              "potential": 0.0,
              "x": 0.0,
              "y": 0.02
            }
          ]
        },
        "research": {
          "breakdown_field_v_m": 300000000.0,
          "candidate_id": "polyimide_film",
          "candidate_label": "Polyimide film",
          "dissipation_factor": 0.002,
          "family": "polymer",
          "note": "flexible high-breakdown film baseline",
          "objective": "maximize electric breakdown margin with low loss and low mass",
          "relative_permittivity": 3.4,
          "study": "material.dielectric_screening.v1"
        }
      },
      "result_preview": {
        "job": {
          "created_at": "2026-08-13T10:54:40.868872Z",
          "execution_started_at": null,
          "execution_timeout_ms": 120000,
          "has_result": false,
          "iteration": null,
          "job_id": "323a8ad21a26b5eb",
          "message": null,
          "model_version_id": null,
          "progress": 0.0,
          "project_id": "35b13ddd1f79c8d5",
          "queue_timeout_ms": 1800000,
          "residual": null,
          "simulation_case_id": "c925282c991b36ad",
          "status": "queued",
          "status_detail": {
            "active": true,
            "failure_class": null,
            "lifecycle": "active",
            "recoverable": false,
            "terminal": false,
            "timing": {
              "effective_deadline": "2026-08-13T11:24:40.868872Z",
              "effective_timeout_ms": 1800000,
              "execution_elapsed_ms": null,
              "execution_started_at": null,
              "execution_timeout_ms": 120000,
              "job_submission_deadline": "2026-08-13T11:24:40.868872Z",
              "phase": "queue",
              "queue_timeout_ms": 1800000,
              "queue_wait_ms": 0,
              "total_elapsed_ms": 0
            }
          },
          "updated_at": "2026-08-13T10:54:40.868872Z",
          "worker_id": null
        },
        "job_id": "323a8ad21a26b5eb",
        "progress": 0.0,
        "raw": {
          "job": {
            "created_at": "2026-08-13T10:54:40.868872Z",
            "execution_started_at": null,
            "execution_timeout_ms": 120000,
            "has_result": false,
            "iteration": null,
            "job_id": "323a8ad21a26b5eb",
            "message": null,
            "model_version_id": null,
            "progress": 0.0,
            "project_id": "35b13ddd1f79c8d5",
            "queue_timeout_ms": 1800000,
            "residual": null,
            "simulation_case_id": "c925282c991b36ad",
            "status": "queued",
            "status_detail": {
              "active": true,
              "failure_class": null,
              "lifecycle": "active",
              "recoverable": false,
              "terminal": false,
              "timing": {
                "effective_deadline": "2026-08-13T11:24:40.868872Z",
                "effective_timeout_ms": 1800000,
                "execution_elapsed_ms": null,
                "execution_started_at": null,
                "execution_timeout_ms": 120000,
                "job_submission_deadline": "2026-08-13T11:24:40.868872Z",
                "phase": "queue",
                "queue_timeout_ms": 1800000,
                "queue_wait_ms": 0,
                "total_elapsed_ms": 0
              }
            },
            "updated_at": "2026-08-13T10:54:40.868872Z",
            "worker_id": null
          }
        },
        "status": "queued"
      },
      "requires_confirmation": false
    },
    {
      "index": 2,
      "action": "job_wait",
      "risk": "normal",
      "status": "executed",
      "payload": {
        "interval_ms": 1000,
        "job_id": "323a8ad21a26b5eb",
        "max_total_timeout_ms": 3600000,
        "resume_policy": "server_deadline",
        "timeout_ms": 60000
      },
      "result_preview": {
        "job": {
          "created_at": "2026-08-13T10:54:40.868872Z",
          "execution_started_at": "2026-08-13T10:54:40.873277Z",
          "execution_timeout_ms": 120000,
          "iteration": 4,
          "job_id": "323a8ad21a26b5eb",
          "message": "collecting nodal and elemental responses",
          "model_version_id": null,
          "progress": 1.0,
          "project_id": "35b13ddd1f79c8d5",
          "queue_timeout_ms": 1800000,
          "residual": 0.2,
          "simulation_case_id": "c925282c991b36ad",
          "status": "completed",
          "status_detail": {
            "active": false,
            "failure_class": null,
            "lifecycle": "terminal",
            "recoverable": false,
            "terminal": true,
            "timing": {
              "effective_deadline": "2026-08-13T10:56:40.873277Z",
              "effective_timeout_ms": 120000,
              "execution_elapsed_ms": 1016,
              "execution_started_at": "2026-08-13T10:54:40.873277Z",
              "execution_timeout_ms": 120000,
              "job_submission_deadline": "2026-08-13T11:24:40.868872Z",
              "phase": "execution",
              "queue_timeout_ms": 1800000,
              "queue_wait_ms": 4,
              "total_elapsed_ms": 1021
            }
          },
          "updated_at": "2026-08-13T10:54:41.890177Z",
          "worker_id": "rust-agent-rpc@127.0.0.1:5002"
        },
        "job_id": "323a8ad21a26b5eb",
        "progress": 1.0,
        "raw": {
          "job": {
            "created_at": "2026-08-13T10:54:40.868872Z",
            "execution_started_at": "2026-08-13T10:54:40.873277Z",
            "execution_timeout_ms": 120000,
            "iteration": 4,
            "job_id": "323a8ad21a26b5eb",
            "message": "collecting nodal and elemental responses",
            "model_version_id": null,
            "progress": 1.0,
            "project_id": "35b13ddd1f79c8d5",
            "queue_timeout_ms": 1800000,
            "residual": 0.2,
            "simulation_case_id": "c925282c991b36ad",
            "status": "completed",
            "status_detail": {
              "active": false,
              "failure_class": null,
              "lifecycle": "terminal",
              "recoverable": false,
              "terminal": true,
              "timing": {
                "effective_deadline": "2026-08-13T10:56:40.873277Z",
                "effective_timeout_ms": 120000,
                "execution_elapsed_ms": 1016,
                "execution_started_at": "2026-08-13T10:54:40.873277Z",
                "execution_timeout_ms": 120000,
                "job_submission_deadline": "2026-08-13T11:24:40.868872Z",
                "phase": "execution",
                "queue_timeout_ms": 1800000,
                "queue_wait_ms": 4,
                "total_elapsed_ms": 1021
              }
            },
            "updated_at": "2026-08-13T10:54:41.890177Z",
            "worker_id": "rust-agent-rpc@127.0.0.1:5002"
          }
        },
        "result": null,
        "status": "completed",
        "wait": {
          "elapsed_ms": 2061,
          "policy": "server_deadline",
          "poll_attempts": 3,
          "resume_count": 0
        }
      },
      "requires_confirmation": false
    },
    {
      "index": 3,
      "action": "result_fetch",
      "risk": "normal",
      "status": "executed",
      "payload": {
        "job_id": "323a8ad21a26b5eb"
      },
      "result_preview": {
        "job": {
          "created_at": "2026-08-13T10:54:40.868872Z",
          "execution_started_at": "2026-08-13T10:54:40.873277Z",
          "execution_timeout_ms": 120000,
          "has_result": true,
          "iteration": 4,
          "job_id": "323a8ad21a26b5eb",
          "message": "collecting nodal and elemental responses",
          "model_version_id": null,
          "progress": 1.0,
          "project_id": "35b13ddd1f79c8d5",
          "queue_timeout_ms": 1800000,
          "residual": 0.2,
          "simulation_case_id": "c925282c991b36ad",
          "status": "completed",
          "status_detail": {
            "active": false,
            "failure_class": null,
            "lifecycle": "terminal",
            "recoverable": false,
            "terminal": true,
            "timing": {
              "effective_deadline": "2026-08-13T10:56:40.873277Z",
              "effective_timeout_ms": 120000,
              "execution_elapsed_ms": 1016,
              "execution_started_at": "2026-08-13T10:54:40.873277Z",
              "execution_timeout_ms": 120000,
              "job_submission_deadline": "2026-08-13T11:24:40.868872Z",
              "phase": "execution",
              "queue_timeout_ms": 1800000,
              "queue_wait_ms": 4,
              "total_elapsed_ms": 1021
            }
          },
          "updated_at": "2026-08-13T10:54:41.890177Z",
          "worker_id": "rust-agent-rpc@127.0.0.1:5002"
        },
        "job_id": "323a8ad21a26b5eb",
        "result": {
          "elements": [
            {
              "area": 0.0008,
              "average_potential": 950.5,
              "electric_energy_density": 0.03399710232033973,
              "electric_field_magnitude": 47525.0,
              "electric_field_x": -47525.0,
              "electric_field_y": -0.0,
              "electric_flux_density_magnitude": 1.430703937731288e-6,
              "electric_flux_density_x": -1.430703937731288e-6,
              "electric_flux_density_y": -0.0,
              "id": "dielectric_polyimide_film",
              "index": 0,
              "node_i": 0,
              "node_j": 1,
              "node_k": 2,
              "node_l": 3,
              "potential_gradient_x": 47525.0,
              "potential_gradient_y": 0.0,
              "stored_energy": 2.7197681856271784e-8
            }
          ],
          "input": {
            "elements": [
              {
                "id": "dielectric_polyimide_film",
                "node_i": 0,
                "node_j": 1,
                "node_k": 2,
                "node_l": 3,
                "permittivity": 3.010423856352e-11,
                "thickness": 0.001
              }
            ],
            "nodes": [
              {
                "charge_density": 0.0,
                "fix_potential": true,
                "id": "ground_left_bottom",
                "potential": 0.0,
                "x": 0.0,
                "y": 0.0
              },
              {
                "charge_density": 0.0,
                "fix_potential": true,
                "id": "drive_right_bottom",
                "potential": 1901.0,
                "x": 0.04,
                "y": 0.0
              },
              {
                "charge_density": 0.0,
                "fix_potential": true,
                "id": "drive_right_top",
                "potential": 1901.0,
                "x": 0.04,
                "y": 0.02
              },
              {
                "charge_density": 0.0,
                "fix_potential": true,
                "id": "ground_left_top",
                "potential": 0.0,
                "x": 0.0,
                "y": 0.02
              }
            ]
          },
          "max_electric_energy_density": 0.03399710232033973,
          "max_electric_field": 47525.0,
          "max_flux_density": 1.430703937731288e-6,
          "max_potential": 1901.0,
          "nodes": [
            {
              "charge_density": 0.0,
              "id": "ground_left_bottom",
              "index": 0,
              "potential": 0.0,
              "x": 0.0,
              "y": 0.0
            },
            {
              "charge_density": 0.0,
              "id": "drive_right_bottom",
              "index": 1,
              "potential": 1901.0,
              "x": 0.04,
              "y": 0.0
            },
            {
              "charge_density": 0.0,
              "id": "drive_right_top",
              "index": 2,
              "potential": 1901.0,
              "x": 0.04,
              "y": 0.02
            },
            {
              "charge_density": 0.0,
              "id": "ground_left_top",
              "index": 3,
              "potential": 0.0,
              "x": 0.0,
              "y": 0.02
            }
          ],
          "total_stored_energy": 2.7197681856271784e-8
        },
        "status": "completed"
      },
      "requires_confirmation": false
    },
    {
      "index": 4,
      "action": "solve_electrostatic_plane_quad_2d",
      "risk": "normal",
      "status": "executed",
      "payload": {
        "model": {
          "elements": [
            {
              "id": "dielectric_alumina_96",
              "node_i": 0,
              "node_j": 1,
              "node_k": 2,
              "node_l": 3,
              "permittivity": 8.677104056544001e-11,
              "thickness": 0.001
            }
          ],
          "nodes": [
            {
              "charge_density": 0.0,
              "fix_potential": true,
              "id": "ground_left_bottom",
              "potential": 0.0,
              "x": 0.0,
              "y": 0.0
            },
            {
              "charge_density": 0.0,
              "fix_potential": true,
              "id": "drive_right_bottom",
              "potential": 1901,
              "x": 0.04,
              "y": 0.0
            },
            {
              "charge_density": 0.0,
              "fix_potential": true,
              "id": "drive_right_top",
              "potential": 1901,
              "x": 0.04,
              "y": 0.02
            },
            {
              "charge_density": 0.0,
              "fix_potential": true,
              "id": "ground_left_top",
              "potential": 0.0,
              "x": 0.0,
              "y": 0.02
            }
          ]
        },
        "research": {
          "breakdown_field_v_m": 130000000.0,
          "candidate_id": "alumina_96",
          "candidate_label": "Alumina 96%",
          "dissipation_factor": 0.0002,
          "family": "ceramic",
          "note": "ceramic substrate candidate with low loss but high mass",
          "objective": "maximize electric breakdown margin with low loss and low mass",
          "relative_permittivity": 9.8,
          "study": "material.dielectric_screening.v1"
        }
      },
      "result_preview": {
        "job": {
          "created_at": "2026-08-13T10:54:42.964353Z",
          "execution_started_at": null,
          "execution_timeout_ms": 120000,
          "has_result": false,
          "iteration": null,
          "job_id": "dd7c8292ba4bbd09",
          "message": null,
          "model_version_id": null,
          "progress": 0.0,
          "project_id": "f3aef5b4d08f54c6",
          "queue_timeout_ms": 1800000,
          "residual": null,
          "simulation_case_id": "5f20d13eb4c28ff7",
          "status": "queued",
          "status_detail": {
            "active": true,
            "failure_class": null,
            "lifecycle": "active",
            "recoverable": false,
            "terminal": false,
            "timing": {
              "effective_deadline": "2026-08-13T11:24:42.964353Z",
              "effective_timeout_ms": 1800000,
              "execution_elapsed_ms": null,
              "execution_started_at": null,
              "execution_timeout_ms": 120000,
              "job_submission_deadline": "2026-08-13T11:24:42.964353Z",
              "phase": "queue",
              "queue_timeout_ms": 1800000,
              "queue_wait_ms": 0,
              "total_elapsed_ms": 0
            }
          },
          "updated_at": "2026-08-13T10:54:42.964353Z",
          "worker_id": null
        },
        "job_id": "dd7c8292ba4bbd09",
        "progress": 0.0,
        "raw": {
          "job": {
            "created_at": "2026-08-13T10:54:42.964353Z",
            "execution_started_at": null,
            "execution_timeout_ms": 120000,
            "has_result": false,
            "iteration": null,
            "job_id": "dd7c8292ba4bbd09",
            "message": null,
            "model_version_id": null,
            "progress": 0.0,
            "project_id": "f3aef5b4d08f54c6",
            "queue_timeout_ms": 1800000,
            "residual": null,
            "simulation_case_id": "5f20d13eb4c28ff7",
            "status": "queued",
            "status_detail": {
              "active": true,
              "failure_class": null,
              "lifecycle": "active",
              "recoverable": false,
              "terminal": false,
              "timing": {
                "effective_deadline": "2026-08-13T11:24:42.964353Z",
                "effective_timeout_ms": 1800000,
                "execution_elapsed_ms": null,
                "execution_started_at": null,
                "execution_timeout_ms": 120000,
                "job_submission_deadline": "2026-08-13T11:24:42.964353Z",
                "phase": "queue",
                "queue_timeout_ms": 1800000,
                "queue_wait_ms": 0,
                "total_elapsed_ms": 0
              }
            },
            "updated_at": "2026-08-13T10:54:42.964353Z",
            "worker_id": null
          }
        },
        "status": "queued"
      },
      "requires_confirmation": false
    },
    {
      "index": 5,
      "action": "job_wait",
      "risk": "normal",
      "status": "executed",
      "payload": {
        "interval_ms": 1000,
        "job_id": "dd7c8292ba4bbd09",
        "max_total_timeout_ms": 3600000,
        "resume_policy": "server_deadline",
        "timeout_ms": 60000
      },
      "result_preview": {
        "job": {
          "created_at": "2026-08-13T10:54:42.964353Z",
          "execution_started_at": "2026-08-13T10:54:42.973314Z",
          "execution_timeout_ms": 120000,
          "iteration": 4,
          "job_id": "dd7c8292ba4bbd09",
          "message": "collecting nodal and elemental responses",
          "model_version_id": null,
          "progress": 1.0,
          "project_id": "f3aef5b4d08f54c6",
          "queue_timeout_ms": 1800000,
          "residual": 0.2,
          "simulation_case_id": "5f20d13eb4c28ff7",
          "status": "completed",
          "status_detail": {
            "active": false,
            "failure_class": null,
            "lifecycle": "terminal",
            "recoverable": false,
            "terminal": true,
            "timing": {
              "effective_deadline": "2026-08-13T10:56:42.973314Z",
              "effective_timeout_ms": 120000,
              "execution_elapsed_ms": 1065,
              "execution_started_at": "2026-08-13T10:54:42.973314Z",
              "execution_timeout_ms": 120000,
              "job_submission_deadline": "2026-08-13T11:24:42.964353Z",
              "phase": "execution",
              "queue_timeout_ms": 1800000,
              "queue_wait_ms": 8,
              "total_elapsed_ms": 1074
            }
          },
          "updated_at": "2026-08-13T10:54:44.039048Z",
          "worker_id": "rust-agent-rpc@127.0.0.1:5001"
        },
        "job_id": "dd7c8292ba4bbd09",
        "progress": 1.0,
        "raw": {
          "job": {
            "created_at": "2026-08-13T10:54:42.964353Z",
            "execution_started_at": "2026-08-13T10:54:42.973314Z",
            "execution_timeout_ms": 120000,
            "iteration": 4,
            "job_id": "dd7c8292ba4bbd09",
            "message": "collecting nodal and elemental responses",
            "model_version_id": null,
            "progress": 1.0,
            "project_id": "f3aef5b4d08f54c6",
            "queue_timeout_ms": 1800000,
            "residual": 0.2,
            "simulation_case_id": "5f20d13eb4c28ff7",
            "status": "completed",
            "status_detail": {
              "active": false,
              "failure_class": null,
              "lifecycle": "terminal",
              "recoverable": false,
              "terminal": true,
              "timing": {
                "effective_deadline": "2026-08-13T10:56:42.973314Z",
                "effective_timeout_ms": 120000,
                "execution_elapsed_ms": 1065,
                "execution_started_at": "2026-08-13T10:54:42.973314Z",
                "execution_timeout_ms": 120000,
                "job_submission_deadline": "2026-08-13T11:24:42.964353Z",
                "phase": "execution",
                "queue_timeout_ms": 1800000,
                "queue_wait_ms": 8,
                "total_elapsed_ms": 1074
              }
            },
            "updated_at": "2026-08-13T10:54:44.039048Z",
            "worker_id": "rust-agent-rpc@127.0.0.1:5001"
          }
        },
        "result": null,
        "status": "completed",
        "wait": {
          "elapsed_ms": 2054,
          "policy": "server_deadline",
          "poll_attempts": 3,
          "resume_count": 0
        }
      },
      "requires_confirmation": false
    },
    {
      "index": 6,
      "action": "result_fetch",
      "risk": "normal",
      "status": "executed",
      "payload": {
        "job_id": "dd7c8292ba4bbd09"
      },
      "result_preview": {
        "job": {
          "created_at": "2026-08-13T10:54:42.964353Z",
          "execution_started_at": "2026-08-13T10:54:42.973314Z",
          "execution_timeout_ms": 120000,
          "has_result": true,
          "iteration": 4,
          "job_id": "dd7c8292ba4bbd09",
          "message": "collecting nodal and elemental responses",
          "model_version_id": null,
          "progress": 1.0,
          "project_id": "f3aef5b4d08f54c6",
          "queue_timeout_ms": 1800000,
          "residual": 0.2,
          "simulation_case_id": "5f20d13eb4c28ff7",
          "status": "completed",
          "status_detail": {
            "active": false,
            "failure_class": null,
            "lifecycle": "terminal",
            "recoverable": false,
            "terminal": true,
            "timing": {
              "effective_deadline": "2026-08-13T10:56:42.973314Z",
              "effective_timeout_ms": 120000,
              "execution_elapsed_ms": 1065,
              "execution_started_at": "2026-08-13T10:54:42.973314Z",
              "execution_timeout_ms": 120000,
              "job_submission_deadline": "2026-08-13T11:24:42.964353Z",
              "phase": "execution",
              "queue_timeout_ms": 1800000,
              "queue_wait_ms": 8,
              "total_elapsed_ms": 1074
            }
          },
          "updated_at": "2026-08-13T10:54:44.039048Z",
          "worker_id": "rust-agent-rpc@127.0.0.1:5001"
        },
        "job_id": "dd7c8292ba4bbd09",
        "result": {
          "elements": [
            {
              "area": 0.0008,
              "average_potential": 950.5,
              "electric_energy_density": 0.09799164786450866,
              "electric_field_magnitude": 47525.0,
              "electric_field_x": -47525.0,
              "electric_field_y": -0.0,
              "electric_flux_density_magnitude": 4.123793702872537e-6,
              "electric_flux_density_x": -4.123793702872537e-6,
              "electric_flux_density_y": -0.0,
              "id": "dielectric_alumina_96",
              "index": 0,
              "node_i": 0,
              "node_j": 1,
              "node_k": 2,
              "node_l": 3,
              "potential_gradient_x": 47525.0,
              "potential_gradient_y": 0.0,
              "stored_energy": 7.839331829160694e-8
            }
          ],
          "input": {
            "elements": [
              {
                "id": "dielectric_alumina_96",
                "node_i": 0,
                "node_j": 1,
                "node_k": 2,
                "node_l": 3,
                "permittivity": 8.677104056544001e-11,
                "thickness": 0.001
              }
            ],
            "nodes": [
              {
                "charge_density": 0.0,
                "fix_potential": true,
                "id": "ground_left_bottom",
                "potential": 0.0,
                "x": 0.0,
                "y": 0.0
              },
              {
                "charge_density": 0.0,
                "fix_potential": true,
                "id": "drive_right_bottom",
                "potential": 1901.0,
                "x": 0.04,
                "y": 0.0
              },
              {
                "charge_density": 0.0,
                "fix_potential": true,
                "id": "drive_right_top",
                "potential": 1901.0,
                "x": 0.04,
                "y": 0.02
              },
              {
                "charge_density": 0.0,
                "fix_potential": true,
                "id": "ground_left_top",
                "potential": 0.0,
                "x": 0.0,
                "y": 0.02
              }
            ]
          },
          "max_electric_energy_density": 0.09799164786450866,
          "max_electric_field": 47525.0,
          "max_flux_density": 4.123793702872537e-6,
          "max_potential": 1901.0,
          "nodes": [
            {
              "charge_density": 0.0,
              "id": "ground_left_bottom",
              "index": 0,
              "potential": 0.0,
              "x": 0.0,
              "y": 0.0
            },
            {
              "charge_density": 0.0,
              "id": "drive_right_bottom",
              "index": 1,
              "potential": 1901.0,
              "x": 0.04,
              "y": 0.0
            },
            {
              "charge_density": 0.0,
              "id": "drive_right_top",
              "index": 2,
              "potential": 1901.0,
              "x": 0.04,
              "y": 0.02
            },
            {
              "charge_density": 0.0,
              "id": "ground_left_top",
              "index": 3,
              "potential": 0.0,
              "x": 0.0,
              "y": 0.02
            }
          ],
          "total_stored_energy": 7.839331829160694e-8
        },
        "status": "completed"
      },
      "requires_confirmation": false
    },
    {
      "index": 7,
      "action": "solve_electrostatic_plane_quad_2d",
      "risk": "normal",
      "status": "executed",
      "payload": {
        "model": {
          "elements": [
            {
              "id": "dielectric_ptfe",
              "node_i": 0,
              "node_j": 1,
              "node_k": 2,
              "node_l": 3,
              "permittivity": 1.859379440688e-11,
              "thickness": 0.001
            }
          ],
          "nodes": [
            {
              "charge_density": 0.0,
              "fix_potential": true,
              "id": "ground_left_bottom",
              "potential": 0.0,
              "x": 0.0,
              "y": 0.0
            },
            {
              "charge_density": 0.0,
              "fix_potential": true,
              "id": "drive_right_bottom",
              "potential": 1901,
              "x": 0.04,
              "y": 0.0
            },
            {
              "charge_density": 0.0,
              "fix_potential": true,
              "id": "drive_right_top",
              "potential": 1901,
              "x": 0.04,
              "y": 0.02
            },
            {
              "charge_density": 0.0,
              "fix_potential": true,
              "id": "ground_left_top",
              "potential": 0.0,
              "x": 0.0,
              "y": 0.02
            }
          ]
        },
        "research": {
          "breakdown_field_v_m": 60000000.0,
          "candidate_id": "ptfe",
          "candidate_label": "PTFE",
          "dissipation_factor": 0.0002,
          "family": "polymer",
          "note": "low-loss polymer candidate with weaker breakdown margin",
          "objective": "maximize electric breakdown margin with low loss and low mass",
          "relative_permittivity": 2.1,
          "study": "material.dielectric_screening.v1"
        }
      },
      "result_preview": {
        "job": {
          "created_at": "2026-08-13T10:54:45.047139Z",
          "execution_started_at": null,
          "execution_timeout_ms": 120000,
          "has_result": false,
          "iteration": null,
          "job_id": "35830f138503668f",
          "message": null,
          "model_version_id": null,
          "progress": 0.0,
          "project_id": "67202640dfb64bc5",
          "queue_timeout_ms": 1800000,
          "residual": null,
          "simulation_case_id": "57b97857817fe89c",
          "status": "queued",
          "status_detail": {
            "active": true,
            "failure_class": null,
            "lifecycle": "active",
            "recoverable": false,
            "terminal": false,
            "timing": {
              "effective_deadline": "2026-08-13T11:24:45.047139Z",
              "effective_timeout_ms": 1800000,
              "execution_elapsed_ms": null,
              "execution_started_at": null,
              "execution_timeout_ms": 120000,
              "job_submission_deadline": "2026-08-13T11:24:45.047139Z",
              "phase": "queue",
              "queue_timeout_ms": 1800000,
              "queue_wait_ms": 0,
              "total_elapsed_ms": 0
            }
          },
          "updated_at": "2026-08-13T10:54:45.047139Z",
          "worker_id": null
        },
        "job_id": "35830f138503668f",
        "progress": 0.0,
        "raw": {
          "job": {
            "created_at": "2026-08-13T10:54:45.047139Z",
            "execution_started_at": null,
            "execution_timeout_ms": 120000,
            "has_result": false,
            "iteration": null,
            "job_id": "35830f138503668f",
            "message": null,
            "model_version_id": null,
            "progress": 0.0,
            "project_id": "67202640dfb64bc5",
            "queue_timeout_ms": 1800000,
            "residual": null,
            "simulation_case_id": "57b97857817fe89c",
            "status": "queued",
            "status_detail": {
              "active": true,
              "failure_class": null,
              "lifecycle": "active",
              "recoverable": false,
              "terminal": false,
              "timing": {
                "effective_deadline": "2026-08-13T11:24:45.047139Z",
                "effective_timeout_ms": 1800000,
                "execution_elapsed_ms": null,
                "execution_started_at": null,
                "execution_timeout_ms": 120000,
                "job_submission_deadline": "2026-08-13T11:24:45.047139Z",
                "phase": "queue",
                "queue_timeout_ms": 1800000,
                "queue_wait_ms": 0,
                "total_elapsed_ms": 0
              }
            },
            "updated_at": "2026-08-13T10:54:45.047139Z",
            "worker_id": null
          }
        },
        "status": "queued"
      },
      "requires_confirmation": false
    },
    {
      "index": 8,
      "action": "job_wait",
      "risk": "normal",
      "status": "executed",
      "payload": {
        "interval_ms": 1000,
        "job_id": "35830f138503668f",
        "max_total_timeout_ms": 3600000,
        "resume_policy": "server_deadline",
        "timeout_ms": 60000
      },
      "result_preview": {
        "job": {
          "created_at": "2026-08-13T10:54:45.047139Z",
          "execution_started_at": "2026-08-13T10:54:45.049942Z",
          "execution_timeout_ms": 120000,
          "iteration": 4,
          "job_id": "35830f138503668f",
          "message": "collecting nodal and elemental responses",
          "model_version_id": null,
          "progress": 1.0,
          "project_id": "67202640dfb64bc5",
          "queue_timeout_ms": 1800000,
          "residual": 0.2,
          "simulation_case_id": "57b97857817fe89c",
          "status": "completed",
          "status_detail": {
            "active": false,
            "failure_class": null,
            "lifecycle": "terminal",
            "recoverable": false,
            "terminal": true,
            "timing": {
              "effective_deadline": "2026-08-13T10:56:45.049942Z",
              "effective_timeout_ms": 120000,
              "execution_elapsed_ms": 1036,
              "execution_started_at": "2026-08-13T10:54:45.049942Z",
              "execution_timeout_ms": 120000,
              "job_submission_deadline": "2026-08-13T11:24:45.047139Z",
              "phase": "execution",
              "queue_timeout_ms": 1800000,
              "queue_wait_ms": 2,
              "total_elapsed_ms": 1039
            }
          },
          "updated_at": "2026-08-13T10:54:46.086485Z",
          "worker_id": "rust-agent-rpc@127.0.0.1:5002"
        },
        "job_id": "35830f138503668f",
        "progress": 1.0,
        "raw": {
          "job": {
            "created_at": "2026-08-13T10:54:45.047139Z",
            "execution_started_at": "2026-08-13T10:54:45.049942Z",
            "execution_timeout_ms": 120000,
            "iteration": 4,
            "job_id": "35830f138503668f",
            "message": "collecting nodal and elemental responses",
            "model_version_id": null,
            "progress": 1.0,
            "project_id": "67202640dfb64bc5",
            "queue_timeout_ms": 1800000,
            "residual": 0.2,
            "simulation_case_id": "57b97857817fe89c",
            "status": "completed",
            "status_detail": {
              "active": false,
              "failure_class": null,
              "lifecycle": "terminal",
              "recoverable": false,
              "terminal": true,
              "timing": {
                "effective_deadline": "2026-08-13T10:56:45.049942Z",
                "effective_timeout_ms": 120000,
                "execution_elapsed_ms": 1036,
                "execution_started_at": "2026-08-13T10:54:45.049942Z",
                "execution_timeout_ms": 120000,
                "job_submission_deadline": "2026-08-13T11:24:45.047139Z",
                "phase": "execution",
                "queue_timeout_ms": 1800000,
                "queue_wait_ms": 2,
                "total_elapsed_ms": 1039
              }
            },
            "updated_at": "2026-08-13T10:54:46.086485Z",
            "worker_id": "rust-agent-rpc@127.0.0.1:5002"
          }
        },
        "result": null,
        "status": "completed",
        "wait": {
          "elapsed_ms": 2065,
          "policy": "server_deadline",
          "poll_attempts": 3,
          "resume_count": 0
        }
      },
      "requires_confirmation": false
    },
    {
      "index": 9,
      "action": "result_fetch",
      "risk": "normal",
      "status": "executed",
      "payload": {
        "job_id": "35830f138503668f"
      },
      "result_preview": {
        "job": {
          "created_at": "2026-08-13T10:54:45.047139Z",
          "execution_started_at": "2026-08-13T10:54:45.049942Z",
          "execution_timeout_ms": 120000,
          "has_result": true,
          "iteration": 4,
          "job_id": "35830f138503668f",
          "message": "collecting nodal and elemental responses",
          "model_version_id": null,
          "progress": 1.0,
          "project_id": "67202640dfb64bc5",
          "queue_timeout_ms": 1800000,
          "residual": 0.2,
          "simulation_case_id": "57b97857817fe89c",
          "status": "completed",
          "status_detail": {
            "active": false,
            "failure_class": null,
            "lifecycle": "terminal",
            "recoverable": false,
            "terminal": true,
            "timing": {
              "effective_deadline": "2026-08-13T10:56:45.049942Z",
              "effective_timeout_ms": 120000,
              "execution_elapsed_ms": 1036,
              "execution_started_at": "2026-08-13T10:54:45.049942Z",
              "execution_timeout_ms": 120000,
              "job_submission_deadline": "2026-08-13T11:24:45.047139Z",
              "phase": "execution",
              "queue_timeout_ms": 1800000,
              "queue_wait_ms": 2,
              "total_elapsed_ms": 1039
            }
          },
          "updated_at": "2026-08-13T10:54:46.086485Z",
          "worker_id": "rust-agent-rpc@127.0.0.1:5002"
        },
        "job_id": "35830f138503668f",
        "result": {
          "elements": [
            {
              "area": 0.0008,
              "average_potential": 950.5,
              "electric_energy_density": 0.020998210256680423,
              "electric_field_magnitude": 47525.0,
              "electric_field_x": -47525.0,
              "electric_field_y": -0.0,
              "electric_flux_density_magnitude": 8.83670079186972e-7,
              "electric_flux_density_x": -8.83670079186972e-7,
              "electric_flux_density_y": -0.0,
              "id": "dielectric_ptfe",
              "index": 0,
              "node_i": 0,
              "node_j": 1,
              "node_k": 2,
              "node_l": 3,
              "potential_gradient_x": 47525.0,
              "potential_gradient_y": 0.0,
              "stored_energy": 1.6798568205344343e-8
            }
          ],
          "input": {
            "elements": [
              {
                "id": "dielectric_ptfe",
                "node_i": 0,
                "node_j": 1,
                "node_k": 2,
                "node_l": 3,
                "permittivity": 1.859379440688e-11,
                "thickness": 0.001
              }
            ],
            "nodes": [
              {
                "charge_density": 0.0,
                "fix_potential": true,
                "id": "ground_left_bottom",
                "potential": 0.0,
                "x": 0.0,
                "y": 0.0
              },
              {
                "charge_density": 0.0,
                "fix_potential": true,
                "id": "drive_right_bottom",
                "potential": 1901.0,
                "x": 0.04,
                "y": 0.0
              },
              {
                "charge_density": 0.0,
                "fix_potential": true,
                "id": "drive_right_top",
                "potential": 1901.0,
                "x": 0.04,
                "y": 0.02
              },
              {
                "charge_density": 0.0,
                "fix_potential": true,
                "id": "ground_left_top",
                "potential": 0.0,
                "x": 0.0,
                "y": 0.02
              }
            ]
          },
          "max_electric_energy_density": 0.020998210256680423,
          "max_electric_field": 47525.0,
          "max_flux_density": 8.83670079186972e-7,
          "max_potential": 1901.0,
          "nodes": [
            {
              "charge_density": 0.0,
              "id": "ground_left_bottom",
              "index": 0,
              "potential": 0.0,
              "x": 0.0,
              "y": 0.0
            },
            {
              "charge_density": 0.0,
              "id": "drive_right_bottom",
              "index": 1,
              "potential": 1901.0,
              "x": 0.04,
              "y": 0.0
            },
            {
              "charge_density": 0.0,
              "id": "drive_right_top",
              "index": 2,
              "potential": 1901.0,
              "x": 0.04,
              "y": 0.02
            },
            {
              "charge_density": 0.0,
              "id": "ground_left_top",
              "index": 3,
              "potential": 0.0,
              "x": 0.0,
              "y": 0.02
            }
          ],
          "total_stored_energy": 1.6798568205344343e-8
        },
        "status": "completed"
      },
      "requires_confirmation": false
    }
  ]
}
