{
  "schema_version": "kyuubiki.headless-execution-run/v1",
  "workflow_id": "template.material_dielectric_screening",
  "mode": "execute:service",
  "status": "ok",
  "executed_step_count": 9,
  "warning_count": 0,
  "blocked_by_confirmation": null,
  "validation": {
    "ok": true,
    "issue_count": 0,
    "issues": [],
    "warning_count": 0,
    "warnings": [],
    "summary": {
      "schema_version": "kyuubiki.headless-execution-batch/v1",
      "workflow_id": "template.material_dielectric_screening",
      "template_id": "material_dielectric_screening",
      "exported_at": "1970-01-01T00:00:00.000Z",
      "language": "en",
      "step_count": 9,
      "warning_count": 0,
      "actions": [
        "solve_electrostatic_plane_quad_2d",
        "job_wait",
        "result_fetch",
        "solve_electrostatic_plane_quad_2d",
        "job_wait",
        "result_fetch",
        "solve_electrostatic_plane_quad_2d",
        "job_wait",
        "result_fetch"
      ]
    },
    "policy": {
      "required_engines": [
        "service"
      ],
      "engine_counts": {
        "service": 9,
        "browser": 0
      },
      "risk_counts": {
        "destructive": 0,
        "sensitive": 0,
        "normal": 9
      },
      "recommended_runtime": "service_only",
      "needs_desktop_browser": false,
      "safe_for_service_only": true,
      "notes": []
    }
  },
  "execution_summary": {
    "schema_version": "kyuubiki.headless-execution-summary/v1",
    "job_count": 3,
    "job_ids": [
      "51f01b6f8e68c1f9",
      "a5813d2f49881617",
      "b91fe09d811dd37d"
    ],
    "jobs": [
      {
        "job_id": "51f01b6f8e68c1f9",
        "status": "completed",
        "worker_id": "rust-agent-rpc@127.0.0.1:5001",
        "phase": "execution",
        "created_at": "2026-08-13T10:55:04.440662Z",
        "execution_started_at": "2026-08-13T10:55:04.444589Z",
        "updated_at": "2026-08-13T10:55:05.461302Z",
        "queue_wait_ms": 3,
        "execution_elapsed_ms": 1016,
        "total_elapsed_ms": 1020,
        "effective_timeout_ms": 120000,
        "effective_deadline": "2026-08-13T10:57:04.444589Z"
      },
      {
        "job_id": "a5813d2f49881617",
        "status": "completed",
        "worker_id": "rust-agent-rpc@127.0.0.1:5002",
        "phase": "execution",
        "created_at": "2026-08-13T10:55:06.487623Z",
        "execution_started_at": "2026-08-13T10:55:06.491902Z",
        "updated_at": "2026-08-13T10:55:07.516694Z",
        "queue_wait_ms": 4,
        "execution_elapsed_ms": 1024,
        "total_elapsed_ms": 1029,
        "effective_timeout_ms": 120000,
        "effective_deadline": "2026-08-13T10:57:06.491902Z"
      },
      {
        "job_id": "b91fe09d811dd37d",
        "status": "completed",
        "worker_id": "rust-agent-rpc@127.0.0.1:5001",
        "phase": "execution",
        "created_at": "2026-08-13T10:55:08.534375Z",
        "execution_started_at": "2026-08-13T10:55:08.544299Z",
        "updated_at": "2026-08-13T10:55:09.566033Z",
        "queue_wait_ms": 9,
        "execution_elapsed_ms": 1021,
        "total_elapsed_ms": 1031,
        "effective_timeout_ms": 120000,
        "effective_deadline": "2026-08-13T10:57:08.544299Z"
      }
    ],
    "failure": null
  },
  "steps": [
    {
      "index": 1,
      "action": "solve_electrostatic_plane_quad_2d",
      "risk": "normal",
      "status": "executed",
      "payload": {
        "model": {
          "elements": [
            {
              "id": "dielectric_polyimide_film",
              "node_i": 0,
              "node_j": 1,
              "node_k": 2,
              "node_l": 3,
              "permittivity": 3.010423856352e-11,
              "thickness": 0.001
            }
          ],
          "nodes": [
            {
              "charge_density": 0.0,
              "fix_potential": true,
              "id": "ground_left_bottom",
              "potential": 0.0,
              "x": 0.0,
              "y": 0.0
            },
            {
              "charge_density": 0.0,
              "fix_potential": true,
              "id": "drive_right_bottom",
              "potential": 4331,
              "x": 0.04,
              "y": 0.0
            },
            {
              "charge_density": 0.0,
              "fix_potential": true,
              "id": "drive_right_top",
              "potential": 4331,
              "x": 0.04,
              "y": 0.02
            },
            {
              "charge_density": 0.0,
              "fix_potential": true,
              "id": "ground_left_top",
              "potential": 0.0,
              "x": 0.0,
              "y": 0.02
            }
          ]
        },
        "research": {
          "breakdown_field_v_m": 300000000.0,
          "candidate_id": "polyimide_film",
          "candidate_label": "Polyimide film",
          "dissipation_factor": 0.002,
          "family": "polymer",
          "note": "flexible high-breakdown film baseline",
          "objective": "maximize electric breakdown margin with low loss and low mass",
          "relative_permittivity": 3.4,
          "study": "material.dielectric_screening.v1"
        }
      },
      "result_preview": {
        "job": {
          "created_at": "2026-08-13T10:55:04.440662Z",
          "execution_started_at": null,
          "execution_timeout_ms": 120000,
          "has_result": false,
          "iteration": null,
          "job_id": "51f01b6f8e68c1f9",
          "message": null,
          "model_version_id": null,
          "progress": 0.0,
          "project_id": "7b1a8ea67a37ee08",
          "queue_timeout_ms": 1800000,
          "residual": null,
          "simulation_case_id": "2d321675230468d0",
          "status": "queued",
          "status_detail": {
            "active": true,
            "failure_class": null,
            "lifecycle": "active",
            "recoverable": false,
            "terminal": false,
            "timing": {
              "effective_deadline": "2026-08-13T11:25:04.440662Z",
              "effective_timeout_ms": 1800000,
              "execution_elapsed_ms": null,
              "execution_started_at": null,
              "execution_timeout_ms": 120000,
              "job_submission_deadline": "2026-08-13T11:25:04.440662Z",
              "phase": "queue",
              "queue_timeout_ms": 1800000,
              "queue_wait_ms": 0,
              "total_elapsed_ms": 0
            }
          },
          "updated_at": "2026-08-13T10:55:04.440662Z",
          "worker_id": null
        },
        "job_id": "51f01b6f8e68c1f9",
        "progress": 0.0,
        "raw": {
          "job": {
            "created_at": "2026-08-13T10:55:04.440662Z",
            "execution_started_at": null,
            "execution_timeout_ms": 120000,
            "has_result": false,
            "iteration": null,
            "job_id": "51f01b6f8e68c1f9",
            "message": null,
            "model_version_id": null,
            "progress": 0.0,
            "project_id": "7b1a8ea67a37ee08",
            "queue_timeout_ms": 1800000,
            "residual": null,
            "simulation_case_id": "2d321675230468d0",
            "status": "queued",
            "status_detail": {
              "active": true,
              "failure_class": null,
              "lifecycle": "active",
              "recoverable": false,
              "terminal": false,
              "timing": {
                "effective_deadline": "2026-08-13T11:25:04.440662Z",
                "effective_timeout_ms": 1800000,
                "execution_elapsed_ms": null,
                "execution_started_at": null,
                "execution_timeout_ms": 120000,
                "job_submission_deadline": "2026-08-13T11:25:04.440662Z",
                "phase": "queue",
                "queue_timeout_ms": 1800000,
                "queue_wait_ms": 0,
                "total_elapsed_ms": 0
              }
            },
            "updated_at": "2026-08-13T10:55:04.440662Z",
            "worker_id": null
          }
        },
        "status": "queued"
      },
      "requires_confirmation": false
    },
    {
      "index": 2,
      "action": "job_wait",
      "risk": "normal",
      "status": "executed",
      "payload": {
        "interval_ms": 1000,
        "job_id": "51f01b6f8e68c1f9",
        "max_total_timeout_ms": 3600000,
        "resume_policy": "server_deadline",
        "timeout_ms": 60000
      },
      "result_preview": {
        "job": {
          "created_at": "2026-08-13T10:55:04.440662Z",
          "execution_started_at": "2026-08-13T10:55:04.444589Z",
          "execution_timeout_ms": 120000,
          "iteration": 4,
          "job_id": "51f01b6f8e68c1f9",
          "message": "collecting nodal and elemental responses",
          "model_version_id": null,
          "progress": 1.0,
          "project_id": "7b1a8ea67a37ee08",
          "queue_timeout_ms": 1800000,
          "residual": 0.2,
          "simulation_case_id": "2d321675230468d0",
          "status": "completed",
          "status_detail": {
            "active": false,
            "failure_class": null,
            "lifecycle": "terminal",
            "recoverable": false,
            "terminal": true,
            "timing": {
              "effective_deadline": "2026-08-13T10:57:04.444589Z",
              "effective_timeout_ms": 120000,
              "execution_elapsed_ms": 1016,
              "execution_started_at": "2026-08-13T10:55:04.444589Z",
              "execution_timeout_ms": 120000,
              "job_submission_deadline": "2026-08-13T11:25:04.440662Z",
              "phase": "execution",
              "queue_timeout_ms": 1800000,
              "queue_wait_ms": 3,
              "total_elapsed_ms": 1020
            }
          },
          "updated_at": "2026-08-13T10:55:05.461302Z",
          "worker_id": "rust-agent-rpc@127.0.0.1:5001"
        },
        "job_id": "51f01b6f8e68c1f9",
        "progress": 1.0,
        "raw": {
          "job": {
            "created_at": "2026-08-13T10:55:04.440662Z",
            "execution_started_at": "2026-08-13T10:55:04.444589Z",
            "execution_timeout_ms": 120000,
            "iteration": 4,
            "job_id": "51f01b6f8e68c1f9",
            "message": "collecting nodal and elemental responses",
            "model_version_id": null,
            "progress": 1.0,
            "project_id": "7b1a8ea67a37ee08",
            "queue_timeout_ms": 1800000,
            "residual": 0.2,
            "simulation_case_id": "2d321675230468d0",
            "status": "completed",
            "status_detail": {
              "active": false,
              "failure_class": null,
              "lifecycle": "terminal",
              "recoverable": false,
              "terminal": true,
              "timing": {
                "effective_deadline": "2026-08-13T10:57:04.444589Z",
                "effective_timeout_ms": 120000,
                "execution_elapsed_ms": 1016,
                "execution_started_at": "2026-08-13T10:55:04.444589Z",
                "execution_timeout_ms": 120000,
                "job_submission_deadline": "2026-08-13T11:25:04.440662Z",
                "phase": "execution",
                "queue_timeout_ms": 1800000,
                "queue_wait_ms": 3,
                "total_elapsed_ms": 1020
              }
            },
            "updated_at": "2026-08-13T10:55:05.461302Z",
            "worker_id": "rust-agent-rpc@127.0.0.1:5001"
          }
        },
        "result": null,
        "status": "completed",
        "wait": {
          "elapsed_ms": 2033,
          "policy": "server_deadline",
          "poll_attempts": 3,
          "resume_count": 0
        }
      },
      "requires_confirmation": false
    },
    {
      "index": 3,
      "action": "result_fetch",
      "risk": "normal",
      "status": "executed",
      "payload": {
        "job_id": "51f01b6f8e68c1f9"
      },
      "result_preview": {
        "job": {
          "created_at": "2026-08-13T10:55:04.440662Z",
          "execution_started_at": "2026-08-13T10:55:04.444589Z",
          "execution_timeout_ms": 120000,
          "has_result": true,
          "iteration": 4,
          "job_id": "51f01b6f8e68c1f9",
          "message": "collecting nodal and elemental responses",
          "model_version_id": null,
          "progress": 1.0,
          "project_id": "7b1a8ea67a37ee08",
          "queue_timeout_ms": 1800000,
          "residual": 0.2,
          "simulation_case_id": "2d321675230468d0",
          "status": "completed",
          "status_detail": {
            "active": false,
            "failure_class": null,
            "lifecycle": "terminal",
            "recoverable": false,
            "terminal": true,
            "timing": {
              "effective_deadline": "2026-08-13T10:57:04.444589Z",
              "effective_timeout_ms": 120000,
              "execution_elapsed_ms": 1016,
              "execution_started_at": "2026-08-13T10:55:04.444589Z",
              "execution_timeout_ms": 120000,
              "job_submission_deadline": "2026-08-13T11:25:04.440662Z",
              "phase": "execution",
              "queue_timeout_ms": 1800000,
              "queue_wait_ms": 3,
              "total_elapsed_ms": 1020
            }
          },
          "updated_at": "2026-08-13T10:55:05.461302Z",
          "worker_id": "rust-agent-rpc@127.0.0.1:5001"
        },
        "job_id": "51f01b6f8e68c1f9",
        "result": {
          "elements": [
            {
              "area": 0.0008,
              "average_potential": 2165.5,
              "electric_energy_density": 0.17646315350430586,
              "electric_field_magnitude": 108275.0,
              "electric_field_x": -108275.0,
              "electric_field_y": -0.0,
              "electric_flux_density_magnitude": 3.259536430465128e-6,
              "electric_flux_density_x": -3.259536430465128e-6,
              "electric_flux_density_y": -0.0,
              "id": "dielectric_polyimide_film",
              "index": 0,
              "node_i": 0,
              "node_j": 1,
              "node_k": 2,
              "node_l": 3,
              "potential_gradient_x": 108275.0,
              "potential_gradient_y": 0.0,
              "stored_energy": 1.4117052280344469e-7
            }
          ],
          "input": {
            "elements": [
              {
                "id": "dielectric_polyimide_film",
                "node_i": 0,
                "node_j": 1,
                "node_k": 2,
                "node_l": 3,
                "permittivity": 3.010423856352e-11,
                "thickness": 0.001
              }
            ],
            "nodes": [
              {
                "charge_density": 0.0,
                "fix_potential": true,
                "id": "ground_left_bottom",
                "potential": 0.0,
                "x": 0.0,
                "y": 0.0
              },
              {
                "charge_density": 0.0,
                "fix_potential": true,
                "id": "drive_right_bottom",
                "potential": 4331.0,
                "x": 0.04,
                "y": 0.0
              },
              {
                "charge_density": 0.0,
                "fix_potential": true,
                "id": "drive_right_top",
                "potential": 4331.0,
                "x": 0.04,
                "y": 0.02
              },
              {
                "charge_density": 0.0,
                "fix_potential": true,
                "id": "ground_left_top",
                "potential": 0.0,
                "x": 0.0,
                "y": 0.02
              }
            ]
          },
          "max_electric_energy_density": 0.17646315350430586,
          "max_electric_field": 108275.0,
          "max_flux_density": 3.259536430465128e-6,
          "max_potential": 4331.0,
          "nodes": [
            {
              "charge_density": 0.0,
              "id": "ground_left_bottom",
              "index": 0,
              "potential": 0.0,
              "x": 0.0,
              "y": 0.0
            },
            {
              "charge_density": 0.0,
              "id": "drive_right_bottom",
              "index": 1,
              "potential": 4331.0,
              "x": 0.04,
              "y": 0.0
            },
            {
              "charge_density": 0.0,
              "id": "drive_right_top",
              "index": 2,
              "potential": 4331.0,
              "x": 0.04,
              "y": 0.02
            },
            {
              "charge_density": 0.0,
              "id": "ground_left_top",
              "index": 3,
              "potential": 0.0,
              "x": 0.0,
              "y": 0.02
            }
          ],
          "total_stored_energy": 1.4117052280344469e-7
        },
        "status": "completed"
      },
      "requires_confirmation": false
    },
    {
      "index": 4,
      "action": "solve_electrostatic_plane_quad_2d",
      "risk": "normal",
      "status": "executed",
      "payload": {
        "model": {
          "elements": [
            {
              "id": "dielectric_alumina_96",
              "node_i": 0,
              "node_j": 1,
              "node_k": 2,
              "node_l": 3,
              "permittivity": 8.677104056544001e-11,
              "thickness": 0.001
            }
          ],
          "nodes": [
            {
              "charge_density": 0.0,
              "fix_potential": true,
              "id": "ground_left_bottom",
              "potential": 0.0,
              "x": 0.0,
              "y": 0.0
            },
            {
              "charge_density": 0.0,
              "fix_potential": true,
              "id": "drive_right_bottom",
              "potential": 4331,
              "x": 0.04,
              "y": 0.0
            },
            {
              "charge_density": 0.0,
              "fix_potential": true,
              "id": "drive_right_top",
              "potential": 4331,
              "x": 0.04,
              "y": 0.02
            },
            {
              "charge_density": 0.0,
              "fix_potential": true,
              "id": "ground_left_top",
              "potential": 0.0,
              "x": 0.0,
              "y": 0.02
            }
          ]
        },
        "research": {
          "breakdown_field_v_m": 130000000.0,
          "candidate_id": "alumina_96",
          "candidate_label": "Alumina 96%",
          "dissipation_factor": 0.0002,
          "family": "ceramic",
          "note": "ceramic substrate candidate with low loss but high mass",
          "objective": "maximize electric breakdown margin with low loss and low mass",
          "relative_permittivity": 9.8,
          "study": "material.dielectric_screening.v1"
        }
      },
      "result_preview": {
        "job": {
          "created_at": "2026-08-13T10:55:06.487623Z",
          "execution_started_at": null,
          "execution_timeout_ms": 120000,
          "has_result": false,
          "iteration": null,
          "job_id": "a5813d2f49881617",
          "message": null,
          "model_version_id": null,
          "progress": 0.0,
          "project_id": "1158a27f9e5467b4",
          "queue_timeout_ms": 1800000,
          "residual": null,
          "simulation_case_id": "3964f4f4c64c9e2d",
          "status": "queued",
          "status_detail": {
            "active": true,
            "failure_class": null,
            "lifecycle": "active",
            "recoverable": false,
            "terminal": false,
            "timing": {
              "effective_deadline": "2026-08-13T11:25:06.487623Z",
              "effective_timeout_ms": 1800000,
              "execution_elapsed_ms": null,
              "execution_started_at": null,
              "execution_timeout_ms": 120000,
              "job_submission_deadline": "2026-08-13T11:25:06.487623Z",
              "phase": "queue",
              "queue_timeout_ms": 1800000,
              "queue_wait_ms": 0,
              "total_elapsed_ms": 0
            }
          },
          "updated_at": "2026-08-13T10:55:06.487623Z",
          "worker_id": null
        },
        "job_id": "a5813d2f49881617",
        "progress": 0.0,
        "raw": {
          "job": {
            "created_at": "2026-08-13T10:55:06.487623Z",
            "execution_started_at": null,
            "execution_timeout_ms": 120000,
            "has_result": false,
            "iteration": null,
            "job_id": "a5813d2f49881617",
            "message": null,
            "model_version_id": null,
            "progress": 0.0,
            "project_id": "1158a27f9e5467b4",
            "queue_timeout_ms": 1800000,
            "residual": null,
            "simulation_case_id": "3964f4f4c64c9e2d",
            "status": "queued",
            "status_detail": {
              "active": true,
              "failure_class": null,
              "lifecycle": "active",
              "recoverable": false,
              "terminal": false,
              "timing": {
                "effective_deadline": "2026-08-13T11:25:06.487623Z",
                "effective_timeout_ms": 1800000,
                "execution_elapsed_ms": null,
                "execution_started_at": null,
                "execution_timeout_ms": 120000,
                "job_submission_deadline": "2026-08-13T11:25:06.487623Z",
                "phase": "queue",
                "queue_timeout_ms": 1800000,
                "queue_wait_ms": 0,
                "total_elapsed_ms": 0
              }
            },
            "updated_at": "2026-08-13T10:55:06.487623Z",
            "worker_id": null
          }
        },
        "status": "queued"
      },
      "requires_confirmation": false
    },
    {
      "index": 5,
      "action": "job_wait",
      "risk": "normal",
      "status": "executed",
      "payload": {
        "interval_ms": 1000,
        "job_id": "a5813d2f49881617",
        "max_total_timeout_ms": 3600000,
        "resume_policy": "server_deadline",
        "timeout_ms": 60000
      },
      "result_preview": {
        "job": {
          "created_at": "2026-08-13T10:55:06.487623Z",
          "execution_started_at": "2026-08-13T10:55:06.491902Z",
          "execution_timeout_ms": 120000,
          "iteration": 4,
          "job_id": "a5813d2f49881617",
          "message": "collecting nodal and elemental responses",
          "model_version_id": null,
          "progress": 1.0,
          "project_id": "1158a27f9e5467b4",
          "queue_timeout_ms": 1800000,
          "residual": 0.2,
          "simulation_case_id": "3964f4f4c64c9e2d",
          "status": "completed",
          "status_detail": {
            "active": false,
            "failure_class": null,
            "lifecycle": "terminal",
            "recoverable": false,
            "terminal": true,
            "timing": {
              "effective_deadline": "2026-08-13T10:57:06.491902Z",
              "effective_timeout_ms": 120000,
              "execution_elapsed_ms": 1024,
              "execution_started_at": "2026-08-13T10:55:06.491902Z",
              "execution_timeout_ms": 120000,
              "job_submission_deadline": "2026-08-13T11:25:06.487623Z",
              "phase": "execution",
              "queue_timeout_ms": 1800000,
              "queue_wait_ms": 4,
              "total_elapsed_ms": 1029
            }
          },
          "updated_at": "2026-08-13T10:55:07.516694Z",
          "worker_id": "rust-agent-rpc@127.0.0.1:5002"
        },
        "job_id": "a5813d2f49881617",
        "progress": 1.0,
        "raw": {
          "job": {
            "created_at": "2026-08-13T10:55:06.487623Z",
            "execution_started_at": "2026-08-13T10:55:06.491902Z",
            "execution_timeout_ms": 120000,
            "iteration": 4,
            "job_id": "a5813d2f49881617",
            "message": "collecting nodal and elemental responses",
            "model_version_id": null,
            "progress": 1.0,
            "project_id": "1158a27f9e5467b4",
            "queue_timeout_ms": 1800000,
            "residual": 0.2,
            "simulation_case_id": "3964f4f4c64c9e2d",
            "status": "completed",
            "status_detail": {
              "active": false,
              "failure_class": null,
              "lifecycle": "terminal",
              "recoverable": false,
              "terminal": true,
              "timing": {
                "effective_deadline": "2026-08-13T10:57:06.491902Z",
                "effective_timeout_ms": 120000,
                "execution_elapsed_ms": 1024,
                "execution_started_at": "2026-08-13T10:55:06.491902Z",
                "execution_timeout_ms": 120000,
                "job_submission_deadline": "2026-08-13T11:25:06.487623Z",
                "phase": "execution",
                "queue_timeout_ms": 1800000,
                "queue_wait_ms": 4,
                "total_elapsed_ms": 1029
              }
            },
            "updated_at": "2026-08-13T10:55:07.516694Z",
            "worker_id": "rust-agent-rpc@127.0.0.1:5002"
          }
        },
        "result": null,
        "status": "completed",
        "wait": {
          "elapsed_ms": 2031,
          "policy": "server_deadline",
          "poll_attempts": 3,
          "resume_count": 0
        }
      },
      "requires_confirmation": false
    },
    {
      "index": 6,
      "action": "result_fetch",
      "risk": "normal",
      "status": "executed",
      "payload": {
        "job_id": "a5813d2f49881617"
      },
      "result_preview": {
        "job": {
          "created_at": "2026-08-13T10:55:06.487623Z",
          "execution_started_at": "2026-08-13T10:55:06.491902Z",
          "execution_timeout_ms": 120000,
          "has_result": true,
          "iteration": 4,
          "job_id": "a5813d2f49881617",
          "message": "collecting nodal and elemental responses",
          "model_version_id": null,
          "progress": 1.0,
          "project_id": "1158a27f9e5467b4",
          "queue_timeout_ms": 1800000,
          "residual": 0.2,
          "simulation_case_id": "3964f4f4c64c9e2d",
          "status": "completed",
          "status_detail": {
            "active": false,
            "failure_class": null,
            "lifecycle": "terminal",
            "recoverable": false,
            "terminal": true,
            "timing": {
              "effective_deadline": "2026-08-13T10:57:06.491902Z",
              "effective_timeout_ms": 120000,
              "execution_elapsed_ms": 1024,
              "execution_started_at": "2026-08-13T10:55:06.491902Z",
              "execution_timeout_ms": 120000,
              "job_submission_deadline": "2026-08-13T11:25:06.487623Z",
              "phase": "execution",
              "queue_timeout_ms": 1800000,
              "queue_wait_ms": 4,
              "total_elapsed_ms": 1029
            }
          },
          "updated_at": "2026-08-13T10:55:07.516694Z",
          "worker_id": "rust-agent-rpc@127.0.0.1:5002"
        },
        "job_id": "a5813d2f49881617",
        "result": {
          "elements": [
            {
              "area": 0.0008,
              "average_potential": 2165.5,
              "electric_energy_density": 0.508629089512411,
              "electric_field_magnitude": 108275.0,
              "electric_field_x": -108275.0,
              "electric_field_y": -0.0,
              "electric_flux_density_magnitude": 9.395134417223016e-6,
              "electric_flux_density_x": -9.395134417223016e-6,
              "electric_flux_density_y": -0.0,
              "id": "dielectric_alumina_96",
              "index": 0,
              "node_i": 0,
              "node_j": 1,
              "node_k": 2,
              "node_l": 3,
              "potential_gradient_x": 108275.0,
              "potential_gradient_y": 0.0,
              "stored_energy": 4.069032716099289e-7
            }
          ],
          "input": {
            "elements": [
              {
                "id": "dielectric_alumina_96",
                "node_i": 0,
                "node_j": 1,
                "node_k": 2,
                "node_l": 3,
                "permittivity": 8.677104056544001e-11,
                "thickness": 0.001
              }
            ],
            "nodes": [
              {
                "charge_density": 0.0,
                "fix_potential": true,
                "id": "ground_left_bottom",
                "potential": 0.0,
                "x": 0.0,
                "y": 0.0
              },
              {
                "charge_density": 0.0,
                "fix_potential": true,
                "id": "drive_right_bottom",
                "potential": 4331.0,
                "x": 0.04,
                "y": 0.0
              },
              {
                "charge_density": 0.0,
                "fix_potential": true,
                "id": "drive_right_top",
                "potential": 4331.0,
                "x": 0.04,
                "y": 0.02
              },
              {
                "charge_density": 0.0,
                "fix_potential": true,
                "id": "ground_left_top",
                "potential": 0.0,
                "x": 0.0,
                "y": 0.02
              }
            ]
          },
          "max_electric_energy_density": 0.508629089512411,
          "max_electric_field": 108275.0,
          "max_flux_density": 9.395134417223016e-6,
          "max_potential": 4331.0,
          "nodes": [
            {
              "charge_density": 0.0,
              "id": "ground_left_bottom",
              "index": 0,
              "potential": 0.0,
              "x": 0.0,
              "y": 0.0
            },
            {
              "charge_density": 0.0,
              "id": "drive_right_bottom",
              "index": 1,
              "potential": 4331.0,
              "x": 0.04,
              "y": 0.0
            },
            {
              "charge_density": 0.0,
              "id": "drive_right_top",
              "index": 2,
              "potential": 4331.0,
              "x": 0.04,
              "y": 0.02
            },
            {
              "charge_density": 0.0,
              "id": "ground_left_top",
              "index": 3,
              "potential": 0.0,
              "x": 0.0,
              "y": 0.02
            }
          ],
          "total_stored_energy": 4.069032716099289e-7
        },
        "status": "completed"
      },
      "requires_confirmation": false
    },
    {
      "index": 7,
      "action": "solve_electrostatic_plane_quad_2d",
      "risk": "normal",
      "status": "executed",
      "payload": {
        "model": {
          "elements": [
            {
              "id": "dielectric_ptfe",
              "node_i": 0,
              "node_j": 1,
              "node_k": 2,
              "node_l": 3,
              "permittivity": 1.859379440688e-11,
              "thickness": 0.001
            }
          ],
          "nodes": [
            {
              "charge_density": 0.0,
              "fix_potential": true,
              "id": "ground_left_bottom",
              "potential": 0.0,
              "x": 0.0,
              "y": 0.0
            },
            {
              "charge_density": 0.0,
              "fix_potential": true,
              "id": "drive_right_bottom",
              "potential": 4331,
              "x": 0.04,
              "y": 0.0
            },
            {
              "charge_density": 0.0,
              "fix_potential": true,
              "id": "drive_right_top",
              "potential": 4331,
              "x": 0.04,
              "y": 0.02
            },
            {
              "charge_density": 0.0,
              "fix_potential": true,
              "id": "ground_left_top",
              "potential": 0.0,
              "x": 0.0,
              "y": 0.02
            }
          ]
        },
        "research": {
          "breakdown_field_v_m": 60000000.0,
          "candidate_id": "ptfe",
          "candidate_label": "PTFE",
          "dissipation_factor": 0.0002,
          "family": "polymer",
          "note": "low-loss polymer candidate with weaker breakdown margin",
          "objective": "maximize electric breakdown margin with low loss and low mass",
          "relative_permittivity": 2.1,
          "study": "material.dielectric_screening.v1"
        }
      },
      "result_preview": {
        "job": {
          "created_at": "2026-08-13T10:55:08.534375Z",
          "execution_started_at": null,
          "execution_timeout_ms": 120000,
          "has_result": false,
          "iteration": null,
          "job_id": "b91fe09d811dd37d",
          "message": null,
          "model_version_id": null,
          "progress": 0.0,
          "project_id": "fcd2b24dfcb39c61",
          "queue_timeout_ms": 1800000,
          "residual": null,
          "simulation_case_id": "9dd9fb07ecbe9fff",
          "status": "queued",
          "status_detail": {
            "active": true,
            "failure_class": null,
            "lifecycle": "active",
            "recoverable": false,
            "terminal": false,
            "timing": {
              "effective_deadline": "2026-08-13T11:25:08.534375Z",
              "effective_timeout_ms": 1800000,
              "execution_elapsed_ms": null,
              "execution_started_at": null,
              "execution_timeout_ms": 120000,
              "job_submission_deadline": "2026-08-13T11:25:08.534375Z",
              "phase": "queue",
              "queue_timeout_ms": 1800000,
              "queue_wait_ms": 0,
              "total_elapsed_ms": 0
            }
          },
          "updated_at": "2026-08-13T10:55:08.534375Z",
          "worker_id": null
        },
        "job_id": "b91fe09d811dd37d",
        "progress": 0.0,
        "raw": {
          "job": {
            "created_at": "2026-08-13T10:55:08.534375Z",
            "execution_started_at": null,
            "execution_timeout_ms": 120000,
            "has_result": false,
            "iteration": null,
            "job_id": "b91fe09d811dd37d",
            "message": null,
            "model_version_id": null,
            "progress": 0.0,
            "project_id": "fcd2b24dfcb39c61",
            "queue_timeout_ms": 1800000,
            "residual": null,
            "simulation_case_id": "9dd9fb07ecbe9fff",
            "status": "queued",
            "status_detail": {
              "active": true,
              "failure_class": null,
              "lifecycle": "active",
              "recoverable": false,
              "terminal": false,
              "timing": {
                "effective_deadline": "2026-08-13T11:25:08.534375Z",
                "effective_timeout_ms": 1800000,
                "execution_elapsed_ms": null,
                "execution_started_at": null,
                "execution_timeout_ms": 120000,
                "job_submission_deadline": "2026-08-13T11:25:08.534375Z",
                "phase": "queue",
                "queue_timeout_ms": 1800000,
                "queue_wait_ms": 0,
                "total_elapsed_ms": 0
              }
            },
            "updated_at": "2026-08-13T10:55:08.534375Z",
            "worker_id": null
          }
        },
        "status": "queued"
      },
      "requires_confirmation": false
    },
    {
      "index": 8,
      "action": "job_wait",
      "risk": "normal",
      "status": "executed",
      "payload": {
        "interval_ms": 1000,
        "job_id": "b91fe09d811dd37d",
        "max_total_timeout_ms": 3600000,
        "resume_policy": "server_deadline",
        "timeout_ms": 60000
      },
      "result_preview": {
        "job": {
          "created_at": "2026-08-13T10:55:08.534375Z",
          "execution_started_at": "2026-08-13T10:55:08.544299Z",
          "execution_timeout_ms": 120000,
          "iteration": 4,
          "job_id": "b91fe09d811dd37d",
          "message": "collecting nodal and elemental responses",
          "model_version_id": null,
          "progress": 1.0,
          "project_id": "fcd2b24dfcb39c61",
          "queue_timeout_ms": 1800000,
          "residual": 0.2,
          "simulation_case_id": "9dd9fb07ecbe9fff",
          "status": "completed",
          "status_detail": {
            "active": false,
            "failure_class": null,
            "lifecycle": "terminal",
            "recoverable": false,
            "terminal": true,
            "timing": {
              "effective_deadline": "2026-08-13T10:57:08.544299Z",
              "effective_timeout_ms": 120000,
              "execution_elapsed_ms": 1021,
              "execution_started_at": "2026-08-13T10:55:08.544299Z",
              "execution_timeout_ms": 120000,
              "job_submission_deadline": "2026-08-13T11:25:08.534375Z",
              "phase": "execution",
              "queue_timeout_ms": 1800000,
              "queue_wait_ms": 9,
              "total_elapsed_ms": 1031
            }
          },
          "updated_at": "2026-08-13T10:55:09.566033Z",
          "worker_id": "rust-agent-rpc@127.0.0.1:5001"
        },
        "job_id": "b91fe09d811dd37d",
        "progress": 1.0,
        "raw": {
          "job": {
            "created_at": "2026-08-13T10:55:08.534375Z",
            "execution_started_at": "2026-08-13T10:55:08.544299Z",
            "execution_timeout_ms": 120000,
            "iteration": 4,
            "job_id": "b91fe09d811dd37d",
            "message": "collecting nodal and elemental responses",
            "model_version_id": null,
            "progress": 1.0,
            "project_id": "fcd2b24dfcb39c61",
            "queue_timeout_ms": 1800000,
            "residual": 0.2,
            "simulation_case_id": "9dd9fb07ecbe9fff",
            "status": "completed",
            "status_detail": {
              "active": false,
              "failure_class": null,
              "lifecycle": "terminal",
              "recoverable": false,
              "terminal": true,
              "timing": {
                "effective_deadline": "2026-08-13T10:57:08.544299Z",
                "effective_timeout_ms": 120000,
                "execution_elapsed_ms": 1021,
                "execution_started_at": "2026-08-13T10:55:08.544299Z",
                "execution_timeout_ms": 120000,
                "job_submission_deadline": "2026-08-13T11:25:08.534375Z",
                "phase": "execution",
                "queue_timeout_ms": 1800000,
                "queue_wait_ms": 9,
                "total_elapsed_ms": 1031
              }
            },
            "updated_at": "2026-08-13T10:55:09.566033Z",
            "worker_id": "rust-agent-rpc@127.0.0.1:5001"
          }
        },
        "result": null,
        "status": "completed",
        "wait": {
          "elapsed_ms": 2031,
          "policy": "server_deadline",
          "poll_attempts": 3,
          "resume_count": 0
        }
      },
      "requires_confirmation": false
    },
    {
      "index": 9,
      "action": "result_fetch",
      "risk": "normal",
      "status": "executed",
      "payload": {
        "job_id": "b91fe09d811dd37d"
      },
      "result_preview": {
        "job": {
          "created_at": "2026-08-13T10:55:08.534375Z",
          "execution_started_at": "2026-08-13T10:55:08.544299Z",
          "execution_timeout_ms": 120000,
          "has_result": true,
          "iteration": 4,
          "job_id": "b91fe09d811dd37d",
          "message": "collecting nodal and elemental responses",
          "model_version_id": null,
          "progress": 1.0,
          "project_id": "fcd2b24dfcb39c61",
          "queue_timeout_ms": 1800000,
          "residual": 0.2,
          "simulation_case_id": "9dd9fb07ecbe9fff",
          "status": "completed",
          "status_detail": {
            "active": false,
            "failure_class": null,
            "lifecycle": "terminal",
            "recoverable": false,
            "terminal": true,
            "timing": {
              "effective_deadline": "2026-08-13T10:57:08.544299Z",
              "effective_timeout_ms": 120000,
              "execution_elapsed_ms": 1021,
              "execution_started_at": "2026-08-13T10:55:08.544299Z",
              "execution_timeout_ms": 120000,
              "job_submission_deadline": "2026-08-13T11:25:08.534375Z",
              "phase": "execution",
              "queue_timeout_ms": 1800000,
              "queue_wait_ms": 9,
              "total_elapsed_ms": 1031
            }
          },
          "updated_at": "2026-08-13T10:55:09.566033Z",
          "worker_id": "rust-agent-rpc@127.0.0.1:5001"
        },
        "job_id": "b91fe09d811dd37d",
        "result": {
          "elements": [
            {
              "area": 0.0008,
              "average_potential": 2165.5,
              "electric_energy_density": 0.10899194775265952,
              "electric_field_magnitude": 108275.0,
              "electric_field_x": -108275.0,
              "electric_field_y": -0.0,
              "electric_flux_density_magnitude": 2.013243089404932e-6,
              "electric_flux_density_x": -2.013243089404932e-6,
              "electric_flux_density_y": -0.0,
              "id": "dielectric_ptfe",
              "index": 0,
              "node_i": 0,
              "node_j": 1,
              "node_k": 2,
              "node_l": 3,
              "potential_gradient_x": 108275.0,
              "potential_gradient_y": 0.0,
              "stored_energy": 8.719355820212762e-8
            }
          ],
          "input": {
            "elements": [
              {
                "id": "dielectric_ptfe",
                "node_i": 0,
                "node_j": 1,
                "node_k": 2,
                "node_l": 3,
                "permittivity": 1.859379440688e-11,
                "thickness": 0.001
              }
            ],
            "nodes": [
              {
                "charge_density": 0.0,
                "fix_potential": true,
                "id": "ground_left_bottom",
                "potential": 0.0,
                "x": 0.0,
                "y": 0.0
              },
              {
                "charge_density": 0.0,
                "fix_potential": true,
                "id": "drive_right_bottom",
                "potential": 4331.0,
                "x": 0.04,
                "y": 0.0
              },
              {
                "charge_density": 0.0,
                "fix_potential": true,
                "id": "drive_right_top",
                "potential": 4331.0,
                "x": 0.04,
                "y": 0.02
              },
              {
                "charge_density": 0.0,
                "fix_potential": true,
                "id": "ground_left_top",
                "potential": 0.0,
                "x": 0.0,
                "y": 0.02
              }
            ]
          },
          "max_electric_energy_density": 0.10899194775265952,
          "max_electric_field": 108275.0,
          "max_flux_density": 2.013243089404932e-6,
          "max_potential": 4331.0,
          "nodes": [
            {
              "charge_density": 0.0,
              "id": "ground_left_bottom",
              "index": 0,
              "potential": 0.0,
              "x": 0.0,
              "y": 0.0
            },
            {
              "charge_density": 0.0,
              "id": "drive_right_bottom",
              "index": 1,
              "potential": 4331.0,
              "x": 0.04,
              "y": 0.0
            },
            {
              "charge_density": 0.0,
              "id": "drive_right_top",
              "index": 2,
              "potential": 4331.0,
              "x": 0.04,
              "y": 0.02
            },
            {
              "charge_density": 0.0,
              "id": "ground_left_top",
              "index": 3,
              "potential": 0.0,
              "x": 0.0,
              "y": 0.02
            }
          ],
          "total_stored_energy": 8.719355820212762e-8
        },
        "status": "completed"
      },
      "requires_confirmation": false
    }
  ]
}
