{
  "schema_version": "kyuubiki.headless-execution-run/v1",
  "workflow_id": "template.material_dielectric_screening",
  "mode": "execute:service",
  "status": "ok",
  "executed_step_count": 9,
  "warning_count": 0,
  "blocked_by_confirmation": null,
  "validation": {
    "ok": true,
    "issue_count": 0,
    "issues": [],
    "warning_count": 0,
    "warnings": [],
    "summary": {
      "schema_version": "kyuubiki.headless-execution-batch/v1",
      "workflow_id": "template.material_dielectric_screening",
      "template_id": "material_dielectric_screening",
      "exported_at": "1970-01-01T00:00:00.000Z",
      "language": "en",
      "step_count": 9,
      "warning_count": 0,
      "actions": [
        "solve_electrostatic_plane_quad_2d",
        "job_wait",
        "result_fetch",
        "solve_electrostatic_plane_quad_2d",
        "job_wait",
        "result_fetch",
        "solve_electrostatic_plane_quad_2d",
        "job_wait",
        "result_fetch"
      ]
    },
    "policy": {
      "required_engines": [
        "service"
      ],
      "engine_counts": {
        "browser": 0,
        "service": 9
      },
      "risk_counts": {
        "normal": 9,
        "destructive": 0,
        "sensitive": 0
      },
      "recommended_runtime": "service_only",
      "needs_desktop_browser": false,
      "safe_for_service_only": true,
      "notes": []
    }
  },
  "execution_summary": {
    "schema_version": "kyuubiki.headless-execution-summary/v1",
    "job_count": 3,
    "job_ids": [
      "8f334d573087dc68",
      "983c643dcae2867c",
      "da41e02257e1f191"
    ],
    "jobs": [
      {
        "job_id": "8f334d573087dc68",
        "status": "completed",
        "worker_id": "rust-agent-rpc@127.0.0.1:5002",
        "phase": "execution",
        "created_at": "2026-08-13T10:54:26.668702Z",
        "execution_started_at": "2026-08-13T10:54:26.676937Z",
        "updated_at": "2026-08-13T10:54:27.699726Z",
        "queue_wait_ms": 8,
        "execution_elapsed_ms": 1022,
        "total_elapsed_ms": 1031,
        "effective_timeout_ms": 120000,
        "effective_deadline": "2026-08-13T10:56:26.676937Z"
      },
      {
        "job_id": "983c643dcae2867c",
        "status": "completed",
        "worker_id": "rust-agent-rpc@127.0.0.1:5001",
        "phase": "execution",
        "created_at": "2026-08-13T10:54:28.715741Z",
        "execution_started_at": "2026-08-13T10:54:28.718309Z",
        "updated_at": "2026-08-13T10:54:29.733834Z",
        "queue_wait_ms": 2,
        "execution_elapsed_ms": 1015,
        "total_elapsed_ms": 1018,
        "effective_timeout_ms": 120000,
        "effective_deadline": "2026-08-13T10:56:28.718309Z"
      },
      {
        "job_id": "da41e02257e1f191",
        "status": "completed",
        "worker_id": "rust-agent-rpc@127.0.0.1:5002",
        "phase": "execution",
        "created_at": "2026-08-13T10:54:29.767878Z",
        "execution_started_at": "2026-08-13T10:54:29.771208Z",
        "updated_at": "2026-08-13T10:54:30.783186Z",
        "queue_wait_ms": 3,
        "execution_elapsed_ms": 1011,
        "total_elapsed_ms": 1015,
        "effective_timeout_ms": 120000,
        "effective_deadline": "2026-08-13T10:56:29.771208Z"
      }
    ],
    "failure": null
  },
  "steps": [
    {
      "index": 1,
      "action": "solve_electrostatic_plane_quad_2d",
      "risk": "normal",
      "status": "executed",
      "payload": {
        "model": {
          "elements": [
            {
              "id": "dielectric_polyimide_film",
              "node_i": 0,
              "node_j": 1,
              "node_k": 2,
              "node_l": 3,
              "permittivity": 3.010423856352e-11,
              "thickness": 0.001
            }
          ],
          "nodes": [
            {
              "charge_density": 0.0,
              "fix_potential": true,
              "id": "ground_left_bottom",
              "potential": 0.0,
              "x": 0.0,
              "y": 0.0
            },
            {
              "charge_density": 0.0,
              "fix_potential": true,
              "id": "drive_right_bottom",
              "potential": 1323,
              "x": 0.04,
              "y": 0.0
            },
            {
              "charge_density": 0.0,
              "fix_potential": true,
              "id": "drive_right_top",
              "potential": 1323,
              "x": 0.04,
              "y": 0.02
            },
            {
              "charge_density": 0.0,
              "fix_potential": true,
              "id": "ground_left_top",
              "potential": 0.0,
              "x": 0.0,
              "y": 0.02
            }
          ]
        },
        "research": {
          "breakdown_field_v_m": 300000000.0,
          "candidate_id": "polyimide_film",
          "candidate_label": "Polyimide film",
          "dissipation_factor": 0.002,
          "family": "polymer",
          "note": "flexible high-breakdown film baseline",
          "objective": "maximize electric breakdown margin with low loss and low mass",
          "relative_permittivity": 3.4,
          "study": "material.dielectric_screening.v1"
        }
      },
      "result_preview": {
        "job": {
          "created_at": "2026-08-13T10:54:26.668702Z",
          "execution_started_at": null,
          "execution_timeout_ms": 120000,
          "has_result": false,
          "iteration": null,
          "job_id": "8f334d573087dc68",
          "message": null,
          "model_version_id": null,
          "progress": 0.0,
          "project_id": "8d197a514a4827a1",
          "queue_timeout_ms": 1800000,
          "residual": null,
          "simulation_case_id": "ccfd91732f61b1e4",
          "status": "queued",
          "status_detail": {
            "active": true,
            "failure_class": null,
            "lifecycle": "active",
            "recoverable": false,
            "terminal": false,
            "timing": {
              "effective_deadline": "2026-08-13T11:24:26.668702Z",
              "effective_timeout_ms": 1800000,
              "execution_elapsed_ms": null,
              "execution_started_at": null,
              "execution_timeout_ms": 120000,
              "job_submission_deadline": "2026-08-13T11:24:26.668702Z",
              "phase": "queue",
              "queue_timeout_ms": 1800000,
              "queue_wait_ms": 0,
              "total_elapsed_ms": 0
            }
          },
          "updated_at": "2026-08-13T10:54:26.668702Z",
          "worker_id": null
        },
        "job_id": "8f334d573087dc68",
        "progress": 0.0,
        "raw": {
          "job": {
            "created_at": "2026-08-13T10:54:26.668702Z",
            "execution_started_at": null,
            "execution_timeout_ms": 120000,
            "has_result": false,
            "iteration": null,
            "job_id": "8f334d573087dc68",
            "message": null,
            "model_version_id": null,
            "progress": 0.0,
            "project_id": "8d197a514a4827a1",
            "queue_timeout_ms": 1800000,
            "residual": null,
            "simulation_case_id": "ccfd91732f61b1e4",
            "status": "queued",
            "status_detail": {
              "active": true,
              "failure_class": null,
              "lifecycle": "active",
              "recoverable": false,
              "terminal": false,
              "timing": {
                "effective_deadline": "2026-08-13T11:24:26.668702Z",
                "effective_timeout_ms": 1800000,
                "execution_elapsed_ms": null,
                "execution_started_at": null,
                "execution_timeout_ms": 120000,
                "job_submission_deadline": "2026-08-13T11:24:26.668702Z",
                "phase": "queue",
                "queue_timeout_ms": 1800000,
                "queue_wait_ms": 0,
                "total_elapsed_ms": 0
              }
            },
            "updated_at": "2026-08-13T10:54:26.668702Z",
            "worker_id": null
          }
        },
        "status": "queued"
      },
      "requires_confirmation": false
    },
    {
      "index": 2,
      "action": "job_wait",
      "risk": "normal",
      "status": "executed",
      "payload": {
        "interval_ms": 1000,
        "job_id": "8f334d573087dc68",
        "max_total_timeout_ms": 3600000,
        "resume_policy": "server_deadline",
        "timeout_ms": 60000
      },
      "result_preview": {
        "job": {
          "created_at": "2026-08-13T10:54:26.668702Z",
          "execution_started_at": "2026-08-13T10:54:26.676937Z",
          "execution_timeout_ms": 120000,
          "iteration": 4,
          "job_id": "8f334d573087dc68",
          "message": "collecting nodal and elemental responses",
          "model_version_id": null,
          "progress": 1.0,
          "project_id": "8d197a514a4827a1",
          "queue_timeout_ms": 1800000,
          "residual": 0.2,
          "simulation_case_id": "ccfd91732f61b1e4",
          "status": "completed",
          "status_detail": {
            "active": false,
            "failure_class": null,
            "lifecycle": "terminal",
            "recoverable": false,
            "terminal": true,
            "timing": {
              "effective_deadline": "2026-08-13T10:56:26.676937Z",
              "effective_timeout_ms": 120000,
              "execution_elapsed_ms": 1022,
              "execution_started_at": "2026-08-13T10:54:26.676937Z",
              "execution_timeout_ms": 120000,
              "job_submission_deadline": "2026-08-13T11:24:26.668702Z",
              "phase": "execution",
              "queue_timeout_ms": 1800000,
              "queue_wait_ms": 8,
              "total_elapsed_ms": 1031
            }
          },
          "updated_at": "2026-08-13T10:54:27.699726Z",
          "worker_id": "rust-agent-rpc@127.0.0.1:5002"
        },
        "job_id": "8f334d573087dc68",
        "progress": 1.0,
        "raw": {
          "job": {
            "created_at": "2026-08-13T10:54:26.668702Z",
            "execution_started_at": "2026-08-13T10:54:26.676937Z",
            "execution_timeout_ms": 120000,
            "iteration": 4,
            "job_id": "8f334d573087dc68",
            "message": "collecting nodal and elemental responses",
            "model_version_id": null,
            "progress": 1.0,
            "project_id": "8d197a514a4827a1",
            "queue_timeout_ms": 1800000,
            "residual": 0.2,
            "simulation_case_id": "ccfd91732f61b1e4",
            "status": "completed",
            "status_detail": {
              "active": false,
              "failure_class": null,
              "lifecycle": "terminal",
              "recoverable": false,
              "terminal": true,
              "timing": {
                "effective_deadline": "2026-08-13T10:56:26.676937Z",
                "effective_timeout_ms": 120000,
                "execution_elapsed_ms": 1022,
                "execution_started_at": "2026-08-13T10:54:26.676937Z",
                "execution_timeout_ms": 120000,
                "job_submission_deadline": "2026-08-13T11:24:26.668702Z",
                "phase": "execution",
                "queue_timeout_ms": 1800000,
                "queue_wait_ms": 8,
                "total_elapsed_ms": 1031
              }
            },
            "updated_at": "2026-08-13T10:54:27.699726Z",
            "worker_id": "rust-agent-rpc@127.0.0.1:5002"
          }
        },
        "result": null,
        "status": "completed",
        "wait": {
          "elapsed_ms": 2027,
          "policy": "server_deadline",
          "poll_attempts": 3,
          "resume_count": 0
        }
      },
      "requires_confirmation": false
    },
    {
      "index": 3,
      "action": "result_fetch",
      "risk": "normal",
      "status": "executed",
      "payload": {
        "job_id": "8f334d573087dc68"
      },
      "result_preview": {
        "job": {
          "created_at": "2026-08-13T10:54:26.668702Z",
          "execution_started_at": "2026-08-13T10:54:26.676937Z",
          "execution_timeout_ms": 120000,
          "has_result": true,
          "iteration": 4,
          "job_id": "8f334d573087dc68",
          "message": "collecting nodal and elemental responses",
          "model_version_id": null,
          "progress": 1.0,
          "project_id": "8d197a514a4827a1",
          "queue_timeout_ms": 1800000,
          "residual": 0.2,
          "simulation_case_id": "ccfd91732f61b1e4",
          "status": "completed",
          "status_detail": {
            "active": false,
            "failure_class": null,
            "lifecycle": "terminal",
            "recoverable": false,
            "terminal": true,
            "timing": {
              "effective_deadline": "2026-08-13T10:56:26.676937Z",
              "effective_timeout_ms": 120000,
              "execution_elapsed_ms": 1022,
              "execution_started_at": "2026-08-13T10:54:26.676937Z",
              "execution_timeout_ms": 120000,
              "job_submission_deadline": "2026-08-13T11:24:26.668702Z",
              "phase": "execution",
              "queue_timeout_ms": 1800000,
              "queue_wait_ms": 8,
              "total_elapsed_ms": 1031
            }
          },
          "updated_at": "2026-08-13T10:54:27.699726Z",
          "worker_id": "rust-agent-rpc@127.0.0.1:5002"
        },
        "job_id": "8f334d573087dc68",
        "result": {
          "elements": [
            {
              "area": 0.0008,
              "average_potential": 661.5,
              "electric_energy_density": 0.01646635055645231,
              "electric_field_magnitude": 33075.0,
              "electric_field_x": -33075.0,
              "electric_field_y": -0.0,
              "electric_flux_density_magnitude": 9.95697690488424e-7,
              "electric_flux_density_x": -9.95697690488424e-7,
              "electric_flux_density_y": -0.0,
              "id": "dielectric_polyimide_film",
              "index": 0,
              "node_i": 0,
              "node_j": 1,
              "node_k": 2,
              "node_l": 3,
              "potential_gradient_x": 33075.0,
              "potential_gradient_y": 0.0,
              "stored_energy": 1.3173080445161849e-8
            }
          ],
          "input": {
            "elements": [
              {
                "id": "dielectric_polyimide_film",
                "node_i": 0,
                "node_j": 1,
                "node_k": 2,
                "node_l": 3,
                "permittivity": 3.010423856352e-11,
                "thickness": 0.001
              }
            ],
            "nodes": [
              {
                "charge_density": 0.0,
                "fix_potential": true,
                "id": "ground_left_bottom",
                "potential": 0.0,
                "x": 0.0,
                "y": 0.0
              },
              {
                "charge_density": 0.0,
                "fix_potential": true,
                "id": "drive_right_bottom",
                "potential": 1323.0,
                "x": 0.04,
                "y": 0.0
              },
              {
                "charge_density": 0.0,
                "fix_potential": true,
                "id": "drive_right_top",
                "potential": 1323.0,
                "x": 0.04,
                "y": 0.02
              },
              {
                "charge_density": 0.0,
                "fix_potential": true,
                "id": "ground_left_top",
                "potential": 0.0,
                "x": 0.0,
                "y": 0.02
              }
            ]
          },
          "max_electric_energy_density": 0.01646635055645231,
          "max_electric_field": 33075.0,
          "max_flux_density": 9.95697690488424e-7,
          "max_potential": 1323.0,
          "nodes": [
            {
              "charge_density": 0.0,
              "id": "ground_left_bottom",
              "index": 0,
              "potential": 0.0,
              "x": 0.0,
              "y": 0.0
            },
            {
              "charge_density": 0.0,
              "id": "drive_right_bottom",
              "index": 1,
              "potential": 1323.0,
              "x": 0.04,
              "y": 0.0
            },
            {
              "charge_density": 0.0,
              "id": "drive_right_top",
              "index": 2,
              "potential": 1323.0,
              "x": 0.04,
              "y": 0.02
            },
            {
              "charge_density": 0.0,
              "id": "ground_left_top",
              "index": 3,
              "potential": 0.0,
              "x": 0.0,
              "y": 0.02
            }
          ],
          "total_stored_energy": 1.3173080445161849e-8
        },
        "status": "completed"
      },
      "requires_confirmation": false
    },
    {
      "index": 4,
      "action": "solve_electrostatic_plane_quad_2d",
      "risk": "normal",
      "status": "executed",
      "payload": {
        "model": {
          "elements": [
            {
              "id": "dielectric_alumina_96",
              "node_i": 0,
              "node_j": 1,
              "node_k": 2,
              "node_l": 3,
              "permittivity": 8.677104056544001e-11,
              "thickness": 0.001
            }
          ],
          "nodes": [
            {
              "charge_density": 0.0,
              "fix_potential": true,
              "id": "ground_left_bottom",
              "potential": 0.0,
              "x": 0.0,
              "y": 0.0
            },
            {
              "charge_density": 0.0,
              "fix_potential": true,
              "id": "drive_right_bottom",
              "potential": 1323,
              "x": 0.04,
              "y": 0.0
            },
            {
              "charge_density": 0.0,
              "fix_potential": true,
              "id": "drive_right_top",
              "potential": 1323,
              "x": 0.04,
              "y": 0.02
            },
            {
              "charge_density": 0.0,
              "fix_potential": true,
              "id": "ground_left_top",
              "potential": 0.0,
              "x": 0.0,
              "y": 0.02
            }
          ]
        },
        "research": {
          "breakdown_field_v_m": 130000000.0,
          "candidate_id": "alumina_96",
          "candidate_label": "Alumina 96%",
          "dissipation_factor": 0.0002,
          "family": "ceramic",
          "note": "ceramic substrate candidate with low loss but high mass",
          "objective": "maximize electric breakdown margin with low loss and low mass",
          "relative_permittivity": 9.8,
          "study": "material.dielectric_screening.v1"
        }
      },
      "result_preview": {
        "job": {
          "created_at": "2026-08-13T10:54:28.715741Z",
          "execution_started_at": null,
          "execution_timeout_ms": 120000,
          "has_result": false,
          "iteration": null,
          "job_id": "983c643dcae2867c",
          "message": null,
          "model_version_id": null,
          "progress": 0.0,
          "project_id": "ca50613647e961e8",
          "queue_timeout_ms": 1800000,
          "residual": null,
          "simulation_case_id": "f225ed3d466a3ad8",
          "status": "queued",
          "status_detail": {
            "active": true,
            "failure_class": null,
            "lifecycle": "active",
            "recoverable": false,
            "terminal": false,
            "timing": {
              "effective_deadline": "2026-08-13T11:24:28.715741Z",
              "effective_timeout_ms": 1800000,
              "execution_elapsed_ms": null,
              "execution_started_at": null,
              "execution_timeout_ms": 120000,
              "job_submission_deadline": "2026-08-13T11:24:28.715741Z",
              "phase": "queue",
              "queue_timeout_ms": 1800000,
              "queue_wait_ms": 0,
              "total_elapsed_ms": 0
            }
          },
          "updated_at": "2026-08-13T10:54:28.715741Z",
          "worker_id": null
        },
        "job_id": "983c643dcae2867c",
        "progress": 0.0,
        "raw": {
          "job": {
            "created_at": "2026-08-13T10:54:28.715741Z",
            "execution_started_at": null,
            "execution_timeout_ms": 120000,
            "has_result": false,
            "iteration": null,
            "job_id": "983c643dcae2867c",
            "message": null,
            "model_version_id": null,
            "progress": 0.0,
            "project_id": "ca50613647e961e8",
            "queue_timeout_ms": 1800000,
            "residual": null,
            "simulation_case_id": "f225ed3d466a3ad8",
            "status": "queued",
            "status_detail": {
              "active": true,
              "failure_class": null,
              "lifecycle": "active",
              "recoverable": false,
              "terminal": false,
              "timing": {
                "effective_deadline": "2026-08-13T11:24:28.715741Z",
                "effective_timeout_ms": 1800000,
                "execution_elapsed_ms": null,
                "execution_started_at": null,
                "execution_timeout_ms": 120000,
                "job_submission_deadline": "2026-08-13T11:24:28.715741Z",
                "phase": "queue",
                "queue_timeout_ms": 1800000,
                "queue_wait_ms": 0,
                "total_elapsed_ms": 0
              }
            },
            "updated_at": "2026-08-13T10:54:28.715741Z",
            "worker_id": null
          }
        },
        "status": "queued"
      },
      "requires_confirmation": false
    },
    {
      "index": 5,
      "action": "job_wait",
      "risk": "normal",
      "status": "executed",
      "payload": {
        "interval_ms": 1000,
        "job_id": "983c643dcae2867c",
        "max_total_timeout_ms": 3600000,
        "resume_policy": "server_deadline",
        "timeout_ms": 60000
      },
      "result_preview": {
        "job": {
          "created_at": "2026-08-13T10:54:28.715741Z",
          "execution_started_at": "2026-08-13T10:54:28.718309Z",
          "execution_timeout_ms": 120000,
          "iteration": 4,
          "job_id": "983c643dcae2867c",
          "message": "collecting nodal and elemental responses",
          "model_version_id": null,
          "progress": 1.0,
          "project_id": "ca50613647e961e8",
          "queue_timeout_ms": 1800000,
          "residual": 0.2,
          "simulation_case_id": "f225ed3d466a3ad8",
          "status": "completed",
          "status_detail": {
            "active": false,
            "failure_class": null,
            "lifecycle": "terminal",
            "recoverable": false,
            "terminal": true,
            "timing": {
              "effective_deadline": "2026-08-13T10:56:28.718309Z",
              "effective_timeout_ms": 120000,
              "execution_elapsed_ms": 1015,
              "execution_started_at": "2026-08-13T10:54:28.718309Z",
              "execution_timeout_ms": 120000,
              "job_submission_deadline": "2026-08-13T11:24:28.715741Z",
              "phase": "execution",
              "queue_timeout_ms": 1800000,
              "queue_wait_ms": 2,
              "total_elapsed_ms": 1018
            }
          },
          "updated_at": "2026-08-13T10:54:29.733834Z",
          "worker_id": "rust-agent-rpc@127.0.0.1:5001"
        },
        "job_id": "983c643dcae2867c",
        "progress": 1.0,
        "raw": {
          "job": {
            "created_at": "2026-08-13T10:54:28.715741Z",
            "execution_started_at": "2026-08-13T10:54:28.718309Z",
            "execution_timeout_ms": 120000,
            "iteration": 4,
            "job_id": "983c643dcae2867c",
            "message": "collecting nodal and elemental responses",
            "model_version_id": null,
            "progress": 1.0,
            "project_id": "ca50613647e961e8",
            "queue_timeout_ms": 1800000,
            "residual": 0.2,
            "simulation_case_id": "f225ed3d466a3ad8",
            "status": "completed",
            "status_detail": {
              "active": false,
              "failure_class": null,
              "lifecycle": "terminal",
              "recoverable": false,
              "terminal": true,
              "timing": {
                "effective_deadline": "2026-08-13T10:56:28.718309Z",
                "effective_timeout_ms": 120000,
                "execution_elapsed_ms": 1015,
                "execution_started_at": "2026-08-13T10:54:28.718309Z",
                "execution_timeout_ms": 120000,
                "job_submission_deadline": "2026-08-13T11:24:28.715741Z",
                "phase": "execution",
                "queue_timeout_ms": 1800000,
                "queue_wait_ms": 2,
                "total_elapsed_ms": 1018
              }
            },
            "updated_at": "2026-08-13T10:54:29.733834Z",
            "worker_id": "rust-agent-rpc@127.0.0.1:5001"
          }
        },
        "result": null,
        "status": "completed",
        "wait": {
          "elapsed_ms": 1036,
          "policy": "server_deadline",
          "poll_attempts": 2,
          "resume_count": 0
        }
      },
      "requires_confirmation": false
    },
    {
      "index": 6,
      "action": "result_fetch",
      "risk": "normal",
      "status": "executed",
      "payload": {
        "job_id": "983c643dcae2867c"
      },
      "result_preview": {
        "job": {
          "created_at": "2026-08-13T10:54:28.715741Z",
          "execution_started_at": "2026-08-13T10:54:28.718309Z",
          "execution_timeout_ms": 120000,
          "has_result": true,
          "iteration": 4,
          "job_id": "983c643dcae2867c",
          "message": "collecting nodal and elemental responses",
          "model_version_id": null,
          "progress": 1.0,
          "project_id": "ca50613647e961e8",
          "queue_timeout_ms": 1800000,
          "residual": 0.2,
          "simulation_case_id": "f225ed3d466a3ad8",
          "status": "completed",
          "status_detail": {
            "active": false,
            "failure_class": null,
            "lifecycle": "terminal",
            "recoverable": false,
            "terminal": true,
            "timing": {
              "effective_deadline": "2026-08-13T10:56:28.718309Z",
              "effective_timeout_ms": 120000,
              "execution_elapsed_ms": 1015,
              "execution_started_at": "2026-08-13T10:54:28.718309Z",
              "execution_timeout_ms": 120000,
              "job_submission_deadline": "2026-08-13T11:24:28.715741Z",
              "phase": "execution",
              "queue_timeout_ms": 1800000,
              "queue_wait_ms": 2,
              "total_elapsed_ms": 1018
            }
          },
          "updated_at": "2026-08-13T10:54:29.733834Z",
          "worker_id": "rust-agent-rpc@127.0.0.1:5001"
        },
        "job_id": "983c643dcae2867c",
        "result": {
          "elements": [
            {
              "area": 0.0008,
              "average_potential": 661.5,
              "electric_energy_density": 0.047461833956833135,
              "electric_field_magnitude": 33075.0,
              "electric_field_x": -33075.0,
              "electric_field_y": -0.0,
              "electric_flux_density_magnitude": 2.869952166701928e-6,
              "electric_flux_density_x": -2.869952166701928e-6,
              "electric_flux_density_y": -0.0,
              "id": "dielectric_alumina_96",
              "index": 0,
              "node_i": 0,
              "node_j": 1,
              "node_k": 2,
              "node_l": 3,
              "potential_gradient_x": 33075.0,
              "potential_gradient_y": 0.0,
              "stored_energy": 3.796946716546651e-8
            }
          ],
          "input": {
            "elements": [
              {
                "id": "dielectric_alumina_96",
                "node_i": 0,
                "node_j": 1,
                "node_k": 2,
                "node_l": 3,
                "permittivity": 8.677104056544001e-11,
                "thickness": 0.001
              }
            ],
            "nodes": [
              {
                "charge_density": 0.0,
                "fix_potential": true,
                "id": "ground_left_bottom",
                "potential": 0.0,
                "x": 0.0,
                "y": 0.0
              },
              {
                "charge_density": 0.0,
                "fix_potential": true,
                "id": "drive_right_bottom",
                "potential": 1323.0,
                "x": 0.04,
                "y": 0.0
              },
              {
                "charge_density": 0.0,
                "fix_potential": true,
                "id": "drive_right_top",
                "potential": 1323.0,
                "x": 0.04,
                "y": 0.02
              },
              {
                "charge_density": 0.0,
                "fix_potential": true,
                "id": "ground_left_top",
                "potential": 0.0,
                "x": 0.0,
                "y": 0.02
              }
            ]
          },
          "max_electric_energy_density": 0.047461833956833135,
          "max_electric_field": 33075.0,
          "max_flux_density": 2.869952166701928e-6,
          "max_potential": 1323.0,
          "nodes": [
            {
              "charge_density": 0.0,
              "id": "ground_left_bottom",
              "index": 0,
              "potential": 0.0,
              "x": 0.0,
              "y": 0.0
            },
            {
              "charge_density": 0.0,
              "id": "drive_right_bottom",
              "index": 1,
              "potential": 1323.0,
              "x": 0.04,
              "y": 0.0
            },
            {
              "charge_density": 0.0,
              "id": "drive_right_top",
              "index": 2,
              "potential": 1323.0,
              "x": 0.04,
              "y": 0.02
            },
            {
              "charge_density": 0.0,
              "id": "ground_left_top",
              "index": 3,
              "potential": 0.0,
              "x": 0.0,
              "y": 0.02
            }
          ],
          "total_stored_energy": 3.796946716546651e-8
        },
        "status": "completed"
      },
      "requires_confirmation": false
    },
    {
      "index": 7,
      "action": "solve_electrostatic_plane_quad_2d",
      "risk": "normal",
      "status": "executed",
      "payload": {
        "model": {
          "elements": [
            {
              "id": "dielectric_ptfe",
              "node_i": 0,
              "node_j": 1,
              "node_k": 2,
              "node_l": 3,
              "permittivity": 1.859379440688e-11,
              "thickness": 0.001
            }
          ],
          "nodes": [
            {
              "charge_density": 0.0,
              "fix_potential": true,
              "id": "ground_left_bottom",
              "potential": 0.0,
              "x": 0.0,
              "y": 0.0
            },
            {
              "charge_density": 0.0,
              "fix_potential": true,
              "id": "drive_right_bottom",
              "potential": 1323,
              "x": 0.04,
              "y": 0.0
            },
            {
              "charge_density": 0.0,
              "fix_potential": true,
              "id": "drive_right_top",
              "potential": 1323,
              "x": 0.04,
              "y": 0.02
            },
            {
              "charge_density": 0.0,
              "fix_potential": true,
              "id": "ground_left_top",
              "potential": 0.0,
              "x": 0.0,
              "y": 0.02
            }
          ]
        },
        "research": {
          "breakdown_field_v_m": 60000000.0,
          "candidate_id": "ptfe",
          "candidate_label": "PTFE",
          "dissipation_factor": 0.0002,
          "family": "polymer",
          "note": "low-loss polymer candidate with weaker breakdown margin",
          "objective": "maximize electric breakdown margin with low loss and low mass",
          "relative_permittivity": 2.1,
          "study": "material.dielectric_screening.v1"
        }
      },
      "result_preview": {
        "job": {
          "created_at": "2026-08-13T10:54:29.767878Z",
          "execution_started_at": null,
          "execution_timeout_ms": 120000,
          "has_result": false,
          "iteration": null,
          "job_id": "da41e02257e1f191",
          "message": null,
          "model_version_id": null,
          "progress": 0.0,
          "project_id": "5d81aa4291819c9e",
          "queue_timeout_ms": 1800000,
          "residual": null,
          "simulation_case_id": "cf1083f2efeb766c",
          "status": "queued",
          "status_detail": {
            "active": true,
            "failure_class": null,
            "lifecycle": "active",
            "recoverable": false,
            "terminal": false,
            "timing": {
              "effective_deadline": "2026-08-13T11:24:29.767878Z",
              "effective_timeout_ms": 1800000,
              "execution_elapsed_ms": null,
              "execution_started_at": null,
              "execution_timeout_ms": 120000,
              "job_submission_deadline": "2026-08-13T11:24:29.767878Z",
              "phase": "queue",
              "queue_timeout_ms": 1800000,
              "queue_wait_ms": 0,
              "total_elapsed_ms": 0
            }
          },
          "updated_at": "2026-08-13T10:54:29.767878Z",
          "worker_id": null
        },
        "job_id": "da41e02257e1f191",
        "progress": 0.0,
        "raw": {
          "job": {
            "created_at": "2026-08-13T10:54:29.767878Z",
            "execution_started_at": null,
            "execution_timeout_ms": 120000,
            "has_result": false,
            "iteration": null,
            "job_id": "da41e02257e1f191",
            "message": null,
            "model_version_id": null,
            "progress": 0.0,
            "project_id": "5d81aa4291819c9e",
            "queue_timeout_ms": 1800000,
            "residual": null,
            "simulation_case_id": "cf1083f2efeb766c",
            "status": "queued",
            "status_detail": {
              "active": true,
              "failure_class": null,
              "lifecycle": "active",
              "recoverable": false,
              "terminal": false,
              "timing": {
                "effective_deadline": "2026-08-13T11:24:29.767878Z",
                "effective_timeout_ms": 1800000,
                "execution_elapsed_ms": null,
                "execution_started_at": null,
                "execution_timeout_ms": 120000,
                "job_submission_deadline": "2026-08-13T11:24:29.767878Z",
                "phase": "queue",
                "queue_timeout_ms": 1800000,
                "queue_wait_ms": 0,
                "total_elapsed_ms": 0
              }
            },
            "updated_at": "2026-08-13T10:54:29.767878Z",
            "worker_id": null
          }
        },
        "status": "queued"
      },
      "requires_confirmation": false
    },
    {
      "index": 8,
      "action": "job_wait",
      "risk": "normal",
      "status": "executed",
      "payload": {
        "interval_ms": 1000,
        "job_id": "da41e02257e1f191",
        "max_total_timeout_ms": 3600000,
        "resume_policy": "server_deadline",
        "timeout_ms": 60000
      },
      "result_preview": {
        "job": {
          "created_at": "2026-08-13T10:54:29.767878Z",
          "execution_started_at": "2026-08-13T10:54:29.771208Z",
          "execution_timeout_ms": 120000,
          "iteration": 4,
          "job_id": "da41e02257e1f191",
          "message": "collecting nodal and elemental responses",
          "model_version_id": null,
          "progress": 1.0,
          "project_id": "5d81aa4291819c9e",
          "queue_timeout_ms": 1800000,
          "residual": 0.2,
          "simulation_case_id": "cf1083f2efeb766c",
          "status": "completed",
          "status_detail": {
            "active": false,
            "failure_class": null,
            "lifecycle": "terminal",
            "recoverable": false,
            "terminal": true,
            "timing": {
              "effective_deadline": "2026-08-13T10:56:29.771208Z",
              "effective_timeout_ms": 120000,
              "execution_elapsed_ms": 1011,
              "execution_started_at": "2026-08-13T10:54:29.771208Z",
              "execution_timeout_ms": 120000,
              "job_submission_deadline": "2026-08-13T11:24:29.767878Z",
              "phase": "execution",
              "queue_timeout_ms": 1800000,
              "queue_wait_ms": 3,
              "total_elapsed_ms": 1015
            }
          },
          "updated_at": "2026-08-13T10:54:30.783186Z",
          "worker_id": "rust-agent-rpc@127.0.0.1:5002"
        },
        "job_id": "da41e02257e1f191",
        "progress": 1.0,
        "raw": {
          "job": {
            "created_at": "2026-08-13T10:54:29.767878Z",
            "execution_started_at": "2026-08-13T10:54:29.771208Z",
            "execution_timeout_ms": 120000,
            "iteration": 4,
            "job_id": "da41e02257e1f191",
            "message": "collecting nodal and elemental responses",
            "model_version_id": null,
            "progress": 1.0,
            "project_id": "5d81aa4291819c9e",
            "queue_timeout_ms": 1800000,
            "residual": 0.2,
            "simulation_case_id": "cf1083f2efeb766c",
            "status": "completed",
            "status_detail": {
              "active": false,
              "failure_class": null,
              "lifecycle": "terminal",
              "recoverable": false,
              "terminal": true,
              "timing": {
                "effective_deadline": "2026-08-13T10:56:29.771208Z",
                "effective_timeout_ms": 120000,
                "execution_elapsed_ms": 1011,
                "execution_started_at": "2026-08-13T10:54:29.771208Z",
                "execution_timeout_ms": 120000,
                "job_submission_deadline": "2026-08-13T11:24:29.767878Z",
                "phase": "execution",
                "queue_timeout_ms": 1800000,
                "queue_wait_ms": 3,
                "total_elapsed_ms": 1015
              }
            },
            "updated_at": "2026-08-13T10:54:30.783186Z",
            "worker_id": "rust-agent-rpc@127.0.0.1:5002"
          }
        },
        "result": null,
        "status": "completed",
        "wait": {
          "elapsed_ms": 1015,
          "policy": "server_deadline",
          "poll_attempts": 2,
          "resume_count": 0
        }
      },
      "requires_confirmation": false
    },
    {
      "index": 9,
      "action": "result_fetch",
      "risk": "normal",
      "status": "executed",
      "payload": {
        "job_id": "da41e02257e1f191"
      },
      "result_preview": {
        "job": {
          "created_at": "2026-08-13T10:54:29.767878Z",
          "execution_started_at": "2026-08-13T10:54:29.771208Z",
          "execution_timeout_ms": 120000,
          "has_result": true,
          "iteration": 4,
          "job_id": "da41e02257e1f191",
          "message": "collecting nodal and elemental responses",
          "model_version_id": null,
          "progress": 1.0,
          "project_id": "5d81aa4291819c9e",
          "queue_timeout_ms": 1800000,
          "residual": 0.2,
          "simulation_case_id": "cf1083f2efeb766c",
          "status": "completed",
          "status_detail": {
            "active": false,
            "failure_class": null,
            "lifecycle": "terminal",
            "recoverable": false,
            "terminal": true,
            "timing": {
              "effective_deadline": "2026-08-13T10:56:29.771208Z",
              "effective_timeout_ms": 120000,
              "execution_elapsed_ms": 1011,
              "execution_started_at": "2026-08-13T10:54:29.771208Z",
              "execution_timeout_ms": 120000,
              "job_submission_deadline": "2026-08-13T11:24:29.767878Z",
              "phase": "execution",
              "queue_timeout_ms": 1800000,
              "queue_wait_ms": 3,
              "total_elapsed_ms": 1015
            }
          },
          "updated_at": "2026-08-13T10:54:30.783186Z",
          "worker_id": "rust-agent-rpc@127.0.0.1:5002"
        },
        "job_id": "da41e02257e1f191",
        "result": {
          "elements": [
            {
              "area": 0.0008,
              "average_potential": 661.5,
              "electric_energy_density": 0.010170392990749956,
              "electric_field_magnitude": 33075.0,
              "electric_field_x": -33075.0,
              "electric_field_y": -0.0,
              "electric_flux_density_magnitude": 6.14989750007556e-7,
              "electric_flux_density_x": -6.14989750007556e-7,
              "electric_flux_density_y": -0.0,
              "id": "dielectric_ptfe",
              "index": 0,
              "node_i": 0,
              "node_j": 1,
              "node_k": 2,
              "node_l": 3,
              "potential_gradient_x": 33075.0,
              "potential_gradient_y": 0.0,
              "stored_energy": 8.136314392599966e-9
            }
          ],
          "input": {
            "elements": [
              {
                "id": "dielectric_ptfe",
                "node_i": 0,
                "node_j": 1,
                "node_k": 2,
                "node_l": 3,
                "permittivity": 1.859379440688e-11,
                "thickness": 0.001
              }
            ],
            "nodes": [
              {
                "charge_density": 0.0,
                "fix_potential": true,
                "id": "ground_left_bottom",
                "potential": 0.0,
                "x": 0.0,
                "y": 0.0
              },
              {
                "charge_density": 0.0,
                "fix_potential": true,
                "id": "drive_right_bottom",
                "potential": 1323.0,
                "x": 0.04,
                "y": 0.0
              },
              {
                "charge_density": 0.0,
                "fix_potential": true,
                "id": "drive_right_top",
                "potential": 1323.0,
                "x": 0.04,
                "y": 0.02
              },
              {
                "charge_density": 0.0,
                "fix_potential": true,
                "id": "ground_left_top",
                "potential": 0.0,
                "x": 0.0,
                "y": 0.02
              }
            ]
          },
          "max_electric_energy_density": 0.010170392990749956,
          "max_electric_field": 33075.0,
          "max_flux_density": 6.14989750007556e-7,
          "max_potential": 1323.0,
          "nodes": [
            {
              "charge_density": 0.0,
              "id": "ground_left_bottom",
              "index": 0,
              "potential": 0.0,
              "x": 0.0,
              "y": 0.0
            },
            {
              "charge_density": 0.0,
              "id": "drive_right_bottom",
              "index": 1,
              "potential": 1323.0,
              "x": 0.04,
              "y": 0.0
            },
            {
              "charge_density": 0.0,
              "id": "drive_right_top",
              "index": 2,
              "potential": 1323.0,
              "x": 0.04,
              "y": 0.02
            },
            {
              "charge_density": 0.0,
              "id": "ground_left_top",
              "index": 3,
              "potential": 0.0,
              "x": 0.0,
              "y": 0.02
            }
          ],
          "total_stored_energy": 8.136314392599966e-9
        },
        "status": "completed"
      },
      "requires_confirmation": false
    }
  ]
}
