{
  "schema_version": "kyuubiki.headless-execution-run/v1",
  "workflow_id": "template.material_dielectric_screening",
  "mode": "execute:service",
  "status": "ok",
  "executed_step_count": 9,
  "warning_count": 0,
  "blocked_by_confirmation": null,
  "validation": {
    "ok": true,
    "issue_count": 0,
    "issues": [],
    "warning_count": 0,
    "warnings": [],
    "summary": {
      "schema_version": "kyuubiki.headless-execution-batch/v1",
      "workflow_id": "template.material_dielectric_screening",
      "template_id": "material_dielectric_screening",
      "exported_at": "1970-01-01T00:00:00.000Z",
      "language": "en",
      "step_count": 9,
      "warning_count": 0,
      "actions": [
        "solve_electrostatic_plane_quad_2d",
        "job_wait",
        "result_fetch",
        "solve_electrostatic_plane_quad_2d",
        "job_wait",
        "result_fetch",
        "solve_electrostatic_plane_quad_2d",
        "job_wait",
        "result_fetch"
      ]
    },
    "policy": {
      "required_engines": [
        "service"
      ],
      "engine_counts": {
        "browser": 0,
        "service": 9
      },
      "risk_counts": {
        "normal": 9,
        "sensitive": 0,
        "destructive": 0
      },
      "recommended_runtime": "service_only",
      "needs_desktop_browser": false,
      "safe_for_service_only": true,
      "notes": []
    }
  },
  "execution_summary": {
    "schema_version": "kyuubiki.headless-execution-summary/v1",
    "job_count": 3,
    "job_ids": [
      "2999e35d206206f7",
      "b578f3a06f11f78f",
      "0747477053d6c5da"
    ],
    "jobs": [
      {
        "job_id": "2999e35d206206f7",
        "status": "completed",
        "worker_id": "rust-agent-rpc@127.0.0.1:5001",
        "phase": "execution",
        "created_at": "2026-08-13T10:55:32.676417Z",
        "execution_started_at": "2026-08-13T10:55:32.680134Z",
        "updated_at": "2026-08-13T10:55:33.697925Z",
        "queue_wait_ms": 3,
        "execution_elapsed_ms": 1017,
        "total_elapsed_ms": 1021,
        "effective_timeout_ms": 120000,
        "effective_deadline": "2026-08-13T10:57:32.680134Z"
      },
      {
        "job_id": "b578f3a06f11f78f",
        "status": "completed",
        "worker_id": "rust-agent-rpc@127.0.0.1:5002",
        "phase": "execution",
        "created_at": "2026-08-13T10:55:34.717869Z",
        "execution_started_at": "2026-08-13T10:55:34.720115Z",
        "updated_at": "2026-08-13T10:55:35.740117Z",
        "queue_wait_ms": 2,
        "execution_elapsed_ms": 1020,
        "total_elapsed_ms": 1022,
        "effective_timeout_ms": 120000,
        "effective_deadline": "2026-08-13T10:57:34.720115Z"
      },
      {
        "job_id": "0747477053d6c5da",
        "status": "completed",
        "worker_id": "rust-agent-rpc@127.0.0.1:5001",
        "phase": "execution",
        "created_at": "2026-08-13T10:55:36.758419Z",
        "execution_started_at": "2026-08-13T10:55:36.761074Z",
        "updated_at": "2026-08-13T10:55:37.780169Z",
        "queue_wait_ms": 2,
        "execution_elapsed_ms": 1019,
        "total_elapsed_ms": 1021,
        "effective_timeout_ms": 120000,
        "effective_deadline": "2026-08-13T10:57:36.761074Z"
      }
    ],
    "failure": null
  },
  "steps": [
    {
      "index": 1,
      "action": "solve_electrostatic_plane_quad_2d",
      "risk": "normal",
      "status": "executed",
      "payload": {
        "model": {
          "elements": [
            {
              "id": "dielectric_polyimide_film",
              "node_i": 0,
              "node_j": 1,
              "node_k": 2,
              "node_l": 3,
              "permittivity": 3.010423856352e-11,
              "thickness": 0.001
            }
          ],
          "nodes": [
            {
              "charge_density": 0.0,
              "fix_potential": true,
              "id": "ground_left_bottom",
              "potential": 0.0,
              "x": 0.0,
              "y": 0.0
            },
            {
              "charge_density": 0.0,
              "fix_potential": true,
              "id": "drive_right_bottom",
              "potential": 14000,
              "x": 0.04,
              "y": 0.0
            },
            {
              "charge_density": 0.0,
              "fix_potential": true,
              "id": "drive_right_top",
              "potential": 14000,
              "x": 0.04,
              "y": 0.02
            },
            {
              "charge_density": 0.0,
              "fix_potential": true,
              "id": "ground_left_top",
              "potential": 0.0,
              "x": 0.0,
              "y": 0.02
            }
          ]
        },
        "research": {
          "breakdown_field_v_m": 300000000.0,
          "candidate_id": "polyimide_film",
          "candidate_label": "Polyimide film",
          "dissipation_factor": 0.002,
          "family": "polymer",
          "note": "flexible high-breakdown film baseline",
          "objective": "maximize electric breakdown margin with low loss and low mass",
          "relative_permittivity": 3.4,
          "study": "material.dielectric_screening.v1"
        }
      },
      "result_preview": {
        "job": {
          "created_at": "2026-08-13T10:55:32.676417Z",
          "execution_started_at": null,
          "execution_timeout_ms": 120000,
          "has_result": false,
          "iteration": null,
          "job_id": "2999e35d206206f7",
          "message": null,
          "model_version_id": null,
          "progress": 0.0,
          "project_id": "e0d3defcf569ee48",
          "queue_timeout_ms": 1800000,
          "residual": null,
          "simulation_case_id": "f28a3f8dcb585b98",
          "status": "queued",
          "status_detail": {
            "active": true,
            "failure_class": null,
            "lifecycle": "active",
            "recoverable": false,
            "terminal": false,
            "timing": {
              "effective_deadline": "2026-08-13T11:25:32.676417Z",
              "effective_timeout_ms": 1800000,
              "execution_elapsed_ms": null,
              "execution_started_at": null,
              "execution_timeout_ms": 120000,
              "job_submission_deadline": "2026-08-13T11:25:32.676417Z",
              "phase": "queue",
              "queue_timeout_ms": 1800000,
              "queue_wait_ms": 0,
              "total_elapsed_ms": 0
            }
          },
          "updated_at": "2026-08-13T10:55:32.676417Z",
          "worker_id": null
        },
        "job_id": "2999e35d206206f7",
        "progress": 0.0,
        "raw": {
          "job": {
            "created_at": "2026-08-13T10:55:32.676417Z",
            "execution_started_at": null,
            "execution_timeout_ms": 120000,
            "has_result": false,
            "iteration": null,
            "job_id": "2999e35d206206f7",
            "message": null,
            "model_version_id": null,
            "progress": 0.0,
            "project_id": "e0d3defcf569ee48",
            "queue_timeout_ms": 1800000,
            "residual": null,
            "simulation_case_id": "f28a3f8dcb585b98",
            "status": "queued",
            "status_detail": {
              "active": true,
              "failure_class": null,
              "lifecycle": "active",
              "recoverable": false,
              "terminal": false,
              "timing": {
                "effective_deadline": "2026-08-13T11:25:32.676417Z",
                "effective_timeout_ms": 1800000,
                "execution_elapsed_ms": null,
                "execution_started_at": null,
                "execution_timeout_ms": 120000,
                "job_submission_deadline": "2026-08-13T11:25:32.676417Z",
                "phase": "queue",
                "queue_timeout_ms": 1800000,
                "queue_wait_ms": 0,
                "total_elapsed_ms": 0
              }
            },
            "updated_at": "2026-08-13T10:55:32.676417Z",
            "worker_id": null
          }
        },
        "status": "queued"
      },
      "requires_confirmation": false
    },
    {
      "index": 2,
      "action": "job_wait",
      "risk": "normal",
      "status": "executed",
      "payload": {
        "interval_ms": 1000,
        "job_id": "2999e35d206206f7",
        "max_total_timeout_ms": 3600000,
        "resume_policy": "server_deadline",
        "timeout_ms": 60000
      },
      "result_preview": {
        "job": {
          "created_at": "2026-08-13T10:55:32.676417Z",
          "execution_started_at": "2026-08-13T10:55:32.680134Z",
          "execution_timeout_ms": 120000,
          "iteration": 4,
          "job_id": "2999e35d206206f7",
          "message": "collecting nodal and elemental responses",
          "model_version_id": null,
          "progress": 1.0,
          "project_id": "e0d3defcf569ee48",
          "queue_timeout_ms": 1800000,
          "residual": 0.2,
          "simulation_case_id": "f28a3f8dcb585b98",
          "status": "completed",
          "status_detail": {
            "active": false,
            "failure_class": null,
            "lifecycle": "terminal",
            "recoverable": false,
            "terminal": true,
            "timing": {
              "effective_deadline": "2026-08-13T10:57:32.680134Z",
              "effective_timeout_ms": 120000,
              "execution_elapsed_ms": 1017,
              "execution_started_at": "2026-08-13T10:55:32.680134Z",
              "execution_timeout_ms": 120000,
              "job_submission_deadline": "2026-08-13T11:25:32.676417Z",
              "phase": "execution",
              "queue_timeout_ms": 1800000,
              "queue_wait_ms": 3,
              "total_elapsed_ms": 1021
            }
          },
          "updated_at": "2026-08-13T10:55:33.697925Z",
          "worker_id": "rust-agent-rpc@127.0.0.1:5001"
        },
        "job_id": "2999e35d206206f7",
        "progress": 1.0,
        "raw": {
          "job": {
            "created_at": "2026-08-13T10:55:32.676417Z",
            "execution_started_at": "2026-08-13T10:55:32.680134Z",
            "execution_timeout_ms": 120000,
            "iteration": 4,
            "job_id": "2999e35d206206f7",
            "message": "collecting nodal and elemental responses",
            "model_version_id": null,
            "progress": 1.0,
            "project_id": "e0d3defcf569ee48",
            "queue_timeout_ms": 1800000,
            "residual": 0.2,
            "simulation_case_id": "f28a3f8dcb585b98",
            "status": "completed",
            "status_detail": {
              "active": false,
              "failure_class": null,
              "lifecycle": "terminal",
              "recoverable": false,
              "terminal": true,
              "timing": {
                "effective_deadline": "2026-08-13T10:57:32.680134Z",
                "effective_timeout_ms": 120000,
                "execution_elapsed_ms": 1017,
                "execution_started_at": "2026-08-13T10:55:32.680134Z",
                "execution_timeout_ms": 120000,
                "job_submission_deadline": "2026-08-13T11:25:32.676417Z",
                "phase": "execution",
                "queue_timeout_ms": 1800000,
                "queue_wait_ms": 3,
                "total_elapsed_ms": 1021
              }
            },
            "updated_at": "2026-08-13T10:55:33.697925Z",
            "worker_id": "rust-agent-rpc@127.0.0.1:5001"
          }
        },
        "result": null,
        "status": "completed",
        "wait": {
          "elapsed_ms": 2027,
          "policy": "server_deadline",
          "poll_attempts": 3,
          "resume_count": 0
        }
      },
      "requires_confirmation": false
    },
    {
      "index": 3,
      "action": "result_fetch",
      "risk": "normal",
      "status": "executed",
      "payload": {
        "job_id": "2999e35d206206f7"
      },
      "result_preview": {
        "job": {
          "created_at": "2026-08-13T10:55:32.676417Z",
          "execution_started_at": "2026-08-13T10:55:32.680134Z",
          "execution_timeout_ms": 120000,
          "has_result": true,
          "iteration": 4,
          "job_id": "2999e35d206206f7",
          "message": "collecting nodal and elemental responses",
          "model_version_id": null,
          "progress": 1.0,
          "project_id": "e0d3defcf569ee48",
          "queue_timeout_ms": 1800000,
          "residual": 0.2,
          "simulation_case_id": "f28a3f8dcb585b98",
          "status": "completed",
          "status_detail": {
            "active": false,
            "failure_class": null,
            "lifecycle": "terminal",
            "recoverable": false,
            "terminal": true,
            "timing": {
              "effective_deadline": "2026-08-13T10:57:32.680134Z",
              "effective_timeout_ms": 120000,
              "execution_elapsed_ms": 1017,
              "execution_started_at": "2026-08-13T10:55:32.680134Z",
              "execution_timeout_ms": 120000,
              "job_submission_deadline": "2026-08-13T11:25:32.676417Z",
              "phase": "execution",
              "queue_timeout_ms": 1800000,
              "queue_wait_ms": 3,
              "total_elapsed_ms": 1021
            }
          },
          "updated_at": "2026-08-13T10:55:33.697925Z",
          "worker_id": "rust-agent-rpc@127.0.0.1:5001"
        },
        "job_id": "2999e35d206206f7",
        "result": {
          "elements": [
            {
              "area": 0.0008,
              "average_potential": 7000.0,
              "electric_energy_density": 1.8438846120156,
              "electric_field_magnitude": 350000.0,
              "electric_field_x": -350000.0,
              "electric_field_y": -0.0,
              "electric_flux_density_magnitude": 0.000010536483497232,
              "electric_flux_density_x": -0.000010536483497232,
              "electric_flux_density_y": -0.0,
              "id": "dielectric_polyimide_film",
              "index": 0,
              "node_i": 0,
              "node_j": 1,
              "node_k": 2,
              "node_l": 3,
              "potential_gradient_x": 350000.0,
              "potential_gradient_y": 0.0,
              "stored_energy": 1.47510768961248e-6
            }
          ],
          "input": {
            "elements": [
              {
                "id": "dielectric_polyimide_film",
                "node_i": 0,
                "node_j": 1,
                "node_k": 2,
                "node_l": 3,
                "permittivity": 3.010423856352e-11,
                "thickness": 0.001
              }
            ],
            "nodes": [
              {
                "charge_density": 0.0,
                "fix_potential": true,
                "id": "ground_left_bottom",
                "potential": 0.0,
                "x": 0.0,
                "y": 0.0
              },
              {
                "charge_density": 0.0,
                "fix_potential": true,
                "id": "drive_right_bottom",
                "potential": 14000.0,
                "x": 0.04,
                "y": 0.0
              },
              {
                "charge_density": 0.0,
                "fix_potential": true,
                "id": "drive_right_top",
                "potential": 14000.0,
                "x": 0.04,
                "y": 0.02
              },
              {
                "charge_density": 0.0,
                "fix_potential": true,
                "id": "ground_left_top",
                "potential": 0.0,
                "x": 0.0,
                "y": 0.02
              }
            ]
          },
          "max_electric_energy_density": 1.8438846120156,
          "max_electric_field": 350000.0,
          "max_flux_density": 0.000010536483497232,
          "max_potential": 14000.0,
          "nodes": [
            {
              "charge_density": 0.0,
              "id": "ground_left_bottom",
              "index": 0,
              "potential": 0.0,
              "x": 0.0,
              "y": 0.0
            },
            {
              "charge_density": 0.0,
              "id": "drive_right_bottom",
              "index": 1,
              "potential": 14000.0,
              "x": 0.04,
              "y": 0.0
            },
            {
              "charge_density": 0.0,
              "id": "drive_right_top",
              "index": 2,
              "potential": 14000.0,
              "x": 0.04,
              "y": 0.02
            },
            {
              "charge_density": 0.0,
              "id": "ground_left_top",
              "index": 3,
              "potential": 0.0,
              "x": 0.0,
              "y": 0.02
            }
          ],
          "total_stored_energy": 1.47510768961248e-6
        },
        "status": "completed"
      },
      "requires_confirmation": false
    },
    {
      "index": 4,
      "action": "solve_electrostatic_plane_quad_2d",
      "risk": "normal",
      "status": "executed",
      "payload": {
        "model": {
          "elements": [
            {
              "id": "dielectric_alumina_96",
              "node_i": 0,
              "node_j": 1,
              "node_k": 2,
              "node_l": 3,
              "permittivity": 8.677104056544001e-11,
              "thickness": 0.001
            }
          ],
          "nodes": [
            {
              "charge_density": 0.0,
              "fix_potential": true,
              "id": "ground_left_bottom",
              "potential": 0.0,
              "x": 0.0,
              "y": 0.0
            },
            {
              "charge_density": 0.0,
              "fix_potential": true,
              "id": "drive_right_bottom",
              "potential": 14000,
              "x": 0.04,
              "y": 0.0
            },
            {
              "charge_density": 0.0,
              "fix_potential": true,
              "id": "drive_right_top",
              "potential": 14000,
              "x": 0.04,
              "y": 0.02
            },
            {
              "charge_density": 0.0,
              "fix_potential": true,
              "id": "ground_left_top",
              "potential": 0.0,
              "x": 0.0,
              "y": 0.02
            }
          ]
        },
        "research": {
          "breakdown_field_v_m": 130000000.0,
          "candidate_id": "alumina_96",
          "candidate_label": "Alumina 96%",
          "dissipation_factor": 0.0002,
          "family": "ceramic",
          "note": "ceramic substrate candidate with low loss but high mass",
          "objective": "maximize electric breakdown margin with low loss and low mass",
          "relative_permittivity": 9.8,
          "study": "material.dielectric_screening.v1"
        }
      },
      "result_preview": {
        "job": {
          "created_at": "2026-08-13T10:55:34.717869Z",
          "execution_started_at": null,
          "execution_timeout_ms": 120000,
          "has_result": false,
          "iteration": null,
          "job_id": "b578f3a06f11f78f",
          "message": null,
          "model_version_id": null,
          "progress": 0.0,
          "project_id": "675b4bfaf8e1cbcd",
          "queue_timeout_ms": 1800000,
          "residual": null,
          "simulation_case_id": "1e7ac8c6bef4c0c2",
          "status": "queued",
          "status_detail": {
            "active": true,
            "failure_class": null,
            "lifecycle": "active",
            "recoverable": false,
            "terminal": false,
            "timing": {
              "effective_deadline": "2026-08-13T11:25:34.717869Z",
              "effective_timeout_ms": 1800000,
              "execution_elapsed_ms": null,
              "execution_started_at": null,
              "execution_timeout_ms": 120000,
              "job_submission_deadline": "2026-08-13T11:25:34.717869Z",
              "phase": "queue",
              "queue_timeout_ms": 1800000,
              "queue_wait_ms": 0,
              "total_elapsed_ms": 0
            }
          },
          "updated_at": "2026-08-13T10:55:34.717869Z",
          "worker_id": null
        },
        "job_id": "b578f3a06f11f78f",
        "progress": 0.0,
        "raw": {
          "job": {
            "created_at": "2026-08-13T10:55:34.717869Z",
            "execution_started_at": null,
            "execution_timeout_ms": 120000,
            "has_result": false,
            "iteration": null,
            "job_id": "b578f3a06f11f78f",
            "message": null,
            "model_version_id": null,
            "progress": 0.0,
            "project_id": "675b4bfaf8e1cbcd",
            "queue_timeout_ms": 1800000,
            "residual": null,
            "simulation_case_id": "1e7ac8c6bef4c0c2",
            "status": "queued",
            "status_detail": {
              "active": true,
              "failure_class": null,
              "lifecycle": "active",
              "recoverable": false,
              "terminal": false,
              "timing": {
                "effective_deadline": "2026-08-13T11:25:34.717869Z",
                "effective_timeout_ms": 1800000,
                "execution_elapsed_ms": null,
                "execution_started_at": null,
                "execution_timeout_ms": 120000,
                "job_submission_deadline": "2026-08-13T11:25:34.717869Z",
                "phase": "queue",
                "queue_timeout_ms": 1800000,
                "queue_wait_ms": 0,
                "total_elapsed_ms": 0
              }
            },
            "updated_at": "2026-08-13T10:55:34.717869Z",
            "worker_id": null
          }
        },
        "status": "queued"
      },
      "requires_confirmation": false
    },
    {
      "index": 5,
      "action": "job_wait",
      "risk": "normal",
      "status": "executed",
      "payload": {
        "interval_ms": 1000,
        "job_id": "b578f3a06f11f78f",
        "max_total_timeout_ms": 3600000,
        "resume_policy": "server_deadline",
        "timeout_ms": 60000
      },
      "result_preview": {
        "job": {
          "created_at": "2026-08-13T10:55:34.717869Z",
          "execution_started_at": "2026-08-13T10:55:34.720115Z",
          "execution_timeout_ms": 120000,
          "iteration": 4,
          "job_id": "b578f3a06f11f78f",
          "message": "collecting nodal and elemental responses",
          "model_version_id": null,
          "progress": 1.0,
          "project_id": "675b4bfaf8e1cbcd",
          "queue_timeout_ms": 1800000,
          "residual": 0.2,
          "simulation_case_id": "1e7ac8c6bef4c0c2",
          "status": "completed",
          "status_detail": {
            "active": false,
            "failure_class": null,
            "lifecycle": "terminal",
            "recoverable": false,
            "terminal": true,
            "timing": {
              "effective_deadline": "2026-08-13T10:57:34.720115Z",
              "effective_timeout_ms": 120000,
              "execution_elapsed_ms": 1020,
              "execution_started_at": "2026-08-13T10:55:34.720115Z",
              "execution_timeout_ms": 120000,
              "job_submission_deadline": "2026-08-13T11:25:34.717869Z",
              "phase": "execution",
              "queue_timeout_ms": 1800000,
              "queue_wait_ms": 2,
              "total_elapsed_ms": 1022
            }
          },
          "updated_at": "2026-08-13T10:55:35.740117Z",
          "worker_id": "rust-agent-rpc@127.0.0.1:5002"
        },
        "job_id": "b578f3a06f11f78f",
        "progress": 1.0,
        "raw": {
          "job": {
            "created_at": "2026-08-13T10:55:34.717869Z",
            "execution_started_at": "2026-08-13T10:55:34.720115Z",
            "execution_timeout_ms": 120000,
            "iteration": 4,
            "job_id": "b578f3a06f11f78f",
            "message": "collecting nodal and elemental responses",
            "model_version_id": null,
            "progress": 1.0,
            "project_id": "675b4bfaf8e1cbcd",
            "queue_timeout_ms": 1800000,
            "residual": 0.2,
            "simulation_case_id": "1e7ac8c6bef4c0c2",
            "status": "completed",
            "status_detail": {
              "active": false,
              "failure_class": null,
              "lifecycle": "terminal",
              "recoverable": false,
              "terminal": true,
              "timing": {
                "effective_deadline": "2026-08-13T10:57:34.720115Z",
                "effective_timeout_ms": 120000,
                "execution_elapsed_ms": 1020,
                "execution_started_at": "2026-08-13T10:55:34.720115Z",
                "execution_timeout_ms": 120000,
                "job_submission_deadline": "2026-08-13T11:25:34.717869Z",
                "phase": "execution",
                "queue_timeout_ms": 1800000,
                "queue_wait_ms": 2,
                "total_elapsed_ms": 1022
              }
            },
            "updated_at": "2026-08-13T10:55:35.740117Z",
            "worker_id": "rust-agent-rpc@127.0.0.1:5002"
          }
        },
        "result": null,
        "status": "completed",
        "wait": {
          "elapsed_ms": 2026,
          "policy": "server_deadline",
          "poll_attempts": 3,
          "resume_count": 0
        }
      },
      "requires_confirmation": false
    },
    {
      "index": 6,
      "action": "result_fetch",
      "risk": "normal",
      "status": "executed",
      "payload": {
        "job_id": "b578f3a06f11f78f"
      },
      "result_preview": {
        "job": {
          "created_at": "2026-08-13T10:55:34.717869Z",
          "execution_started_at": "2026-08-13T10:55:34.720115Z",
          "execution_timeout_ms": 120000,
          "has_result": true,
          "iteration": 4,
          "job_id": "b578f3a06f11f78f",
          "message": "collecting nodal and elemental responses",
          "model_version_id": null,
          "progress": 1.0,
          "project_id": "675b4bfaf8e1cbcd",
          "queue_timeout_ms": 1800000,
          "residual": 0.2,
          "simulation_case_id": "1e7ac8c6bef4c0c2",
          "status": "completed",
          "status_detail": {
            "active": false,
            "failure_class": null,
            "lifecycle": "terminal",
            "recoverable": false,
            "terminal": true,
            "timing": {
              "effective_deadline": "2026-08-13T10:57:34.720115Z",
              "effective_timeout_ms": 120000,
              "execution_elapsed_ms": 1020,
              "execution_started_at": "2026-08-13T10:55:34.720115Z",
              "execution_timeout_ms": 120000,
              "job_submission_deadline": "2026-08-13T11:25:34.717869Z",
              "phase": "execution",
              "queue_timeout_ms": 1800000,
              "queue_wait_ms": 2,
              "total_elapsed_ms": 1022
            }
          },
          "updated_at": "2026-08-13T10:55:35.740117Z",
          "worker_id": "rust-agent-rpc@127.0.0.1:5002"
        },
        "job_id": "b578f3a06f11f78f",
        "result": {
          "elements": [
            {
              "area": 0.0008,
              "average_potential": 7000.0,
              "electric_energy_density": 5.3147262346332,
              "electric_field_magnitude": 350000.0,
              "electric_field_x": -350000.0,
              "electric_field_y": -0.0,
              "electric_flux_density_magnitude": 0.000030369864197904004,
              "electric_flux_density_x": -0.000030369864197904004,
              "electric_flux_density_y": -0.0,
              "id": "dielectric_alumina_96",
              "index": 0,
              "node_i": 0,
              "node_j": 1,
              "node_k": 2,
              "node_l": 3,
              "potential_gradient_x": 350000.0,
              "potential_gradient_y": 0.0,
              "stored_energy": 4.251780987706561e-6
            }
          ],
          "input": {
            "elements": [
              {
                "id": "dielectric_alumina_96",
                "node_i": 0,
                "node_j": 1,
                "node_k": 2,
                "node_l": 3,
                "permittivity": 8.677104056544001e-11,
                "thickness": 0.001
              }
            ],
            "nodes": [
              {
                "charge_density": 0.0,
                "fix_potential": true,
                "id": "ground_left_bottom",
                "potential": 0.0,
                "x": 0.0,
                "y": 0.0
              },
              {
                "charge_density": 0.0,
                "fix_potential": true,
                "id": "drive_right_bottom",
                "potential": 14000.0,
                "x": 0.04,
                "y": 0.0
              },
              {
                "charge_density": 0.0,
                "fix_potential": true,
                "id": "drive_right_top",
                "potential": 14000.0,
                "x": 0.04,
                "y": 0.02
              },
              {
                "charge_density": 0.0,
                "fix_potential": true,
                "id": "ground_left_top",
                "potential": 0.0,
                "x": 0.0,
                "y": 0.02
              }
            ]
          },
          "max_electric_energy_density": 5.3147262346332,
          "max_electric_field": 350000.0,
          "max_flux_density": 0.000030369864197904004,
          "max_potential": 14000.0,
          "nodes": [
            {
              "charge_density": 0.0,
              "id": "ground_left_bottom",
              "index": 0,
              "potential": 0.0,
              "x": 0.0,
              "y": 0.0
            },
            {
              "charge_density": 0.0,
              "id": "drive_right_bottom",
              "index": 1,
              "potential": 14000.0,
              "x": 0.04,
              "y": 0.0
            },
            {
              "charge_density": 0.0,
              "id": "drive_right_top",
              "index": 2,
              "potential": 14000.0,
              "x": 0.04,
              "y": 0.02
            },
            {
              "charge_density": 0.0,
              "id": "ground_left_top",
              "index": 3,
              "potential": 0.0,
              "x": 0.0,
              "y": 0.02
            }
          ],
          "total_stored_energy": 4.251780987706561e-6
        },
        "status": "completed"
      },
      "requires_confirmation": false
    },
    {
      "index": 7,
      "action": "solve_electrostatic_plane_quad_2d",
      "risk": "normal",
      "status": "executed",
      "payload": {
        "model": {
          "elements": [
            {
              "id": "dielectric_ptfe",
              "node_i": 0,
              "node_j": 1,
              "node_k": 2,
              "node_l": 3,
              "permittivity": 1.859379440688e-11,
              "thickness": 0.001
            }
          ],
          "nodes": [
            {
              "charge_density": 0.0,
              "fix_potential": true,
              "id": "ground_left_bottom",
              "potential": 0.0,
              "x": 0.0,
              "y": 0.0
            },
            {
              "charge_density": 0.0,
              "fix_potential": true,
              "id": "drive_right_bottom",
              "potential": 14000,
              "x": 0.04,
              "y": 0.0
            },
            {
              "charge_density": 0.0,
              "fix_potential": true,
              "id": "drive_right_top",
              "potential": 14000,
              "x": 0.04,
              "y": 0.02
            },
            {
              "charge_density": 0.0,
              "fix_potential": true,
              "id": "ground_left_top",
              "potential": 0.0,
              "x": 0.0,
              "y": 0.02
            }
          ]
        },
        "research": {
          "breakdown_field_v_m": 60000000.0,
          "candidate_id": "ptfe",
          "candidate_label": "PTFE",
          "dissipation_factor": 0.0002,
          "family": "polymer",
          "note": "low-loss polymer candidate with weaker breakdown margin",
          "objective": "maximize electric breakdown margin with low loss and low mass",
          "relative_permittivity": 2.1,
          "study": "material.dielectric_screening.v1"
        }
      },
      "result_preview": {
        "job": {
          "created_at": "2026-08-13T10:55:36.758419Z",
          "execution_started_at": null,
          "execution_timeout_ms": 120000,
          "has_result": false,
          "iteration": null,
          "job_id": "0747477053d6c5da",
          "message": null,
          "model_version_id": null,
          "progress": 0.0,
          "project_id": "95a85789d4a1c9d9",
          "queue_timeout_ms": 1800000,
          "residual": null,
          "simulation_case_id": "e17c62dba6b32080",
          "status": "queued",
          "status_detail": {
            "active": true,
            "failure_class": null,
            "lifecycle": "active",
            "recoverable": false,
            "terminal": false,
            "timing": {
              "effective_deadline": "2026-08-13T11:25:36.758419Z",
              "effective_timeout_ms": 1800000,
              "execution_elapsed_ms": null,
              "execution_started_at": null,
              "execution_timeout_ms": 120000,
              "job_submission_deadline": "2026-08-13T11:25:36.758419Z",
              "phase": "queue",
              "queue_timeout_ms": 1800000,
              "queue_wait_ms": 0,
              "total_elapsed_ms": 0
            }
          },
          "updated_at": "2026-08-13T10:55:36.758419Z",
          "worker_id": null
        },
        "job_id": "0747477053d6c5da",
        "progress": 0.0,
        "raw": {
          "job": {
            "created_at": "2026-08-13T10:55:36.758419Z",
            "execution_started_at": null,
            "execution_timeout_ms": 120000,
            "has_result": false,
            "iteration": null,
            "job_id": "0747477053d6c5da",
            "message": null,
            "model_version_id": null,
            "progress": 0.0,
            "project_id": "95a85789d4a1c9d9",
            "queue_timeout_ms": 1800000,
            "residual": null,
            "simulation_case_id": "e17c62dba6b32080",
            "status": "queued",
            "status_detail": {
              "active": true,
              "failure_class": null,
              "lifecycle": "active",
              "recoverable": false,
              "terminal": false,
              "timing": {
                "effective_deadline": "2026-08-13T11:25:36.758419Z",
                "effective_timeout_ms": 1800000,
                "execution_elapsed_ms": null,
                "execution_started_at": null,
                "execution_timeout_ms": 120000,
                "job_submission_deadline": "2026-08-13T11:25:36.758419Z",
                "phase": "queue",
                "queue_timeout_ms": 1800000,
                "queue_wait_ms": 0,
                "total_elapsed_ms": 0
              }
            },
            "updated_at": "2026-08-13T10:55:36.758419Z",
            "worker_id": null
          }
        },
        "status": "queued"
      },
      "requires_confirmation": false
    },
    {
      "index": 8,
      "action": "job_wait",
      "risk": "normal",
      "status": "executed",
      "payload": {
        "interval_ms": 1000,
        "job_id": "0747477053d6c5da",
        "max_total_timeout_ms": 3600000,
        "resume_policy": "server_deadline",
        "timeout_ms": 60000
      },
      "result_preview": {
        "job": {
          "created_at": "2026-08-13T10:55:36.758419Z",
          "execution_started_at": "2026-08-13T10:55:36.761074Z",
          "execution_timeout_ms": 120000,
          "iteration": 4,
          "job_id": "0747477053d6c5da",
          "message": "collecting nodal and elemental responses",
          "model_version_id": null,
          "progress": 1.0,
          "project_id": "95a85789d4a1c9d9",
          "queue_timeout_ms": 1800000,
          "residual": 0.2,
          "simulation_case_id": "e17c62dba6b32080",
          "status": "completed",
          "status_detail": {
            "active": false,
            "failure_class": null,
            "lifecycle": "terminal",
            "recoverable": false,
            "terminal": true,
            "timing": {
              "effective_deadline": "2026-08-13T10:57:36.761074Z",
              "effective_timeout_ms": 120000,
              "execution_elapsed_ms": 1019,
              "execution_started_at": "2026-08-13T10:55:36.761074Z",
              "execution_timeout_ms": 120000,
              "job_submission_deadline": "2026-08-13T11:25:36.758419Z",
              "phase": "execution",
              "queue_timeout_ms": 1800000,
              "queue_wait_ms": 2,
              "total_elapsed_ms": 1021
            }
          },
          "updated_at": "2026-08-13T10:55:37.780169Z",
          "worker_id": "rust-agent-rpc@127.0.0.1:5001"
        },
        "job_id": "0747477053d6c5da",
        "progress": 1.0,
        "raw": {
          "job": {
            "created_at": "2026-08-13T10:55:36.758419Z",
            "execution_started_at": "2026-08-13T10:55:36.761074Z",
            "execution_timeout_ms": 120000,
            "iteration": 4,
            "job_id": "0747477053d6c5da",
            "message": "collecting nodal and elemental responses",
            "model_version_id": null,
            "progress": 1.0,
            "project_id": "95a85789d4a1c9d9",
            "queue_timeout_ms": 1800000,
            "residual": 0.2,
            "simulation_case_id": "e17c62dba6b32080",
            "status": "completed",
            "status_detail": {
              "active": false,
              "failure_class": null,
              "lifecycle": "terminal",
              "recoverable": false,
              "terminal": true,
              "timing": {
                "effective_deadline": "2026-08-13T10:57:36.761074Z",
                "effective_timeout_ms": 120000,
                "execution_elapsed_ms": 1019,
                "execution_started_at": "2026-08-13T10:55:36.761074Z",
                "execution_timeout_ms": 120000,
                "job_submission_deadline": "2026-08-13T11:25:36.758419Z",
                "phase": "execution",
                "queue_timeout_ms": 1800000,
                "queue_wait_ms": 2,
                "total_elapsed_ms": 1021
              }
            },
            "updated_at": "2026-08-13T10:55:37.780169Z",
            "worker_id": "rust-agent-rpc@127.0.0.1:5001"
          }
        },
        "result": null,
        "status": "completed",
        "wait": {
          "elapsed_ms": 2029,
          "policy": "server_deadline",
          "poll_attempts": 3,
          "resume_count": 0
        }
      },
      "requires_confirmation": false
    },
    {
      "index": 9,
      "action": "result_fetch",
      "risk": "normal",
      "status": "executed",
      "payload": {
        "job_id": "0747477053d6c5da"
      },
      "result_preview": {
        "job": {
          "created_at": "2026-08-13T10:55:36.758419Z",
          "execution_started_at": "2026-08-13T10:55:36.761074Z",
          "execution_timeout_ms": 120000,
          "has_result": true,
          "iteration": 4,
          "job_id": "0747477053d6c5da",
          "message": "collecting nodal and elemental responses",
          "model_version_id": null,
          "progress": 1.0,
          "project_id": "95a85789d4a1c9d9",
          "queue_timeout_ms": 1800000,
          "residual": 0.2,
          "simulation_case_id": "e17c62dba6b32080",
          "status": "completed",
          "status_detail": {
            "active": false,
            "failure_class": null,
            "lifecycle": "terminal",
            "recoverable": false,
            "terminal": true,
            "timing": {
              "effective_deadline": "2026-08-13T10:57:36.761074Z",
              "effective_timeout_ms": 120000,
              "execution_elapsed_ms": 1019,
              "execution_started_at": "2026-08-13T10:55:36.761074Z",
              "execution_timeout_ms": 120000,
              "job_submission_deadline": "2026-08-13T11:25:36.758419Z",
              "phase": "execution",
              "queue_timeout_ms": 1800000,
              "queue_wait_ms": 2,
              "total_elapsed_ms": 1021
            }
          },
          "updated_at": "2026-08-13T10:55:37.780169Z",
          "worker_id": "rust-agent-rpc@127.0.0.1:5001"
        },
        "job_id": "0747477053d6c5da",
        "result": {
          "elements": [
            {
              "area": 0.0008,
              "average_potential": 7000.0,
              "electric_energy_density": 1.1388699074214,
              "electric_field_magnitude": 350000.0,
              "electric_field_x": -350000.0,
              "electric_field_y": -0.0,
              "electric_flux_density_magnitude": 6.507828042408e-6,
              "electric_flux_density_x": -6.507828042408e-6,
              "electric_flux_density_y": -0.0,
              "id": "dielectric_ptfe",
              "index": 0,
              "node_i": 0,
              "node_j": 1,
              "node_k": 2,
              "node_l": 3,
              "potential_gradient_x": 350000.0,
              "potential_gradient_y": 0.0,
              "stored_energy": 9.1109592593712e-7
            }
          ],
          "input": {
            "elements": [
              {
                "id": "dielectric_ptfe",
                "node_i": 0,
                "node_j": 1,
                "node_k": 2,
                "node_l": 3,
                "permittivity": 1.859379440688e-11,
                "thickness": 0.001
              }
            ],
            "nodes": [
              {
                "charge_density": 0.0,
                "fix_potential": true,
                "id": "ground_left_bottom",
                "potential": 0.0,
                "x": 0.0,
                "y": 0.0
              },
              {
                "charge_density": 0.0,
                "fix_potential": true,
                "id": "drive_right_bottom",
                "potential": 14000.0,
                "x": 0.04,
                "y": 0.0
              },
              {
                "charge_density": 0.0,
                "fix_potential": true,
                "id": "drive_right_top",
                "potential": 14000.0,
                "x": 0.04,
                "y": 0.02
              },
              {
                "charge_density": 0.0,
                "fix_potential": true,
                "id": "ground_left_top",
                "potential": 0.0,
                "x": 0.0,
                "y": 0.02
              }
            ]
          },
          "max_electric_energy_density": 1.1388699074214,
          "max_electric_field": 350000.0,
          "max_flux_density": 6.507828042408e-6,
          "max_potential": 14000.0,
          "nodes": [
            {
              "charge_density": 0.0,
              "id": "ground_left_bottom",
              "index": 0,
              "potential": 0.0,
              "x": 0.0,
              "y": 0.0
            },
            {
              "charge_density": 0.0,
              "id": "drive_right_bottom",
              "index": 1,
              "potential": 14000.0,
              "x": 0.04,
              "y": 0.0
            },
            {
              "charge_density": 0.0,
              "id": "drive_right_top",
              "index": 2,
              "potential": 14000.0,
              "x": 0.04,
              "y": 0.02
            },
            {
              "charge_density": 0.0,
              "id": "ground_left_top",
              "index": 3,
              "potential": 0.0,
              "x": 0.0,
              "y": 0.02
            }
          ],
          "total_stored_energy": 9.1109592593712e-7
        },
        "status": "completed"
      },
      "requires_confirmation": false
    }
  ]
}
