{
  "schema_version": "kyuubiki.headless-execution-run/v1",
  "workflow_id": "template.material_dielectric_screening",
  "mode": "execute:service",
  "status": "ok",
  "executed_step_count": 9,
  "warning_count": 0,
  "blocked_by_confirmation": null,
  "validation": {
    "ok": true,
    "issue_count": 0,
    "issues": [],
    "warning_count": 0,
    "warnings": [],
    "summary": {
      "schema_version": "kyuubiki.headless-execution-batch/v1",
      "workflow_id": "template.material_dielectric_screening",
      "template_id": "material_dielectric_screening",
      "exported_at": "1970-01-01T00:00:00.000Z",
      "language": "en",
      "step_count": 9,
      "warning_count": 0,
      "actions": [
        "solve_electrostatic_plane_quad_2d",
        "job_wait",
        "result_fetch",
        "solve_electrostatic_plane_quad_2d",
        "job_wait",
        "result_fetch",
        "solve_electrostatic_plane_quad_2d",
        "job_wait",
        "result_fetch"
      ]
    },
    "policy": {
      "required_engines": [
        "service"
      ],
      "engine_counts": {
        "service": 9,
        "browser": 0
      },
      "risk_counts": {
        "normal": 9,
        "destructive": 0,
        "sensitive": 0
      },
      "recommended_runtime": "service_only",
      "needs_desktop_browser": false,
      "safe_for_service_only": true,
      "notes": []
    }
  },
  "execution_summary": {
    "schema_version": "kyuubiki.headless-execution-summary/v1",
    "job_count": 3,
    "job_ids": [
      "06ed24a50c4519b6",
      "8fb4fa1d65504c76",
      "135a05537ea98baf"
    ],
    "jobs": [
      {
        "job_id": "06ed24a50c4519b6",
        "status": "completed",
        "worker_id": "rust-agent-rpc@127.0.0.1:5001",
        "phase": "execution",
        "created_at": "2026-08-13T10:55:19.824935Z",
        "execution_started_at": "2026-08-13T10:55:19.833966Z",
        "updated_at": "2026-08-13T10:55:20.851009Z",
        "queue_wait_ms": 9,
        "execution_elapsed_ms": 1017,
        "total_elapsed_ms": 1026,
        "effective_timeout_ms": 120000,
        "effective_deadline": "2026-08-13T10:57:19.833966Z"
      },
      {
        "job_id": "8fb4fa1d65504c76",
        "status": "completed",
        "worker_id": "rust-agent-rpc@127.0.0.1:5002",
        "phase": "execution",
        "created_at": "2026-08-13T10:55:21.867057Z",
        "execution_started_at": "2026-08-13T10:55:21.869994Z",
        "updated_at": "2026-08-13T10:55:22.884293Z",
        "queue_wait_ms": 2,
        "execution_elapsed_ms": 1014,
        "total_elapsed_ms": 1017,
        "effective_timeout_ms": 120000,
        "effective_deadline": "2026-08-13T10:57:21.869994Z"
      },
      {
        "job_id": "135a05537ea98baf",
        "status": "completed",
        "worker_id": "rust-agent-rpc@127.0.0.1:5001",
        "phase": "execution",
        "created_at": "2026-08-13T10:55:22.901035Z",
        "execution_started_at": "2026-08-13T10:55:22.903382Z",
        "updated_at": "2026-08-13T10:55:23.922018Z",
        "queue_wait_ms": 2,
        "execution_elapsed_ms": 1018,
        "total_elapsed_ms": 1020,
        "effective_timeout_ms": 120000,
        "effective_deadline": "2026-08-13T10:57:22.903382Z"
      }
    ],
    "failure": null
  },
  "steps": [
    {
      "index": 1,
      "action": "solve_electrostatic_plane_quad_2d",
      "risk": "normal",
      "status": "executed",
      "payload": {
        "model": {
          "elements": [
            {
              "id": "dielectric_polyimide_film",
              "node_i": 0,
              "node_j": 1,
              "node_k": 2,
              "node_l": 3,
              "permittivity": 3.010423856352e-11,
              "thickness": 0.001
            }
          ],
          "nodes": [
            {
              "charge_density": 0.0,
              "fix_potential": true,
              "id": "ground_left_bottom",
              "potential": 0.0,
              "x": 0.0,
              "y": 0.0
            },
            {
              "charge_density": 0.0,
              "fix_potential": true,
              "id": "drive_right_bottom",
              "potential": 7893,
              "x": 0.04,
              "y": 0.0
            },
            {
              "charge_density": 0.0,
              "fix_potential": true,
              "id": "drive_right_top",
              "potential": 7893,
              "x": 0.04,
              "y": 0.02
            },
            {
              "charge_density": 0.0,
              "fix_potential": true,
              "id": "ground_left_top",
              "potential": 0.0,
              "x": 0.0,
              "y": 0.02
            }
          ]
        },
        "research": {
          "breakdown_field_v_m": 300000000.0,
          "candidate_id": "polyimide_film",
          "candidate_label": "Polyimide film",
          "dissipation_factor": 0.002,
          "family": "polymer",
          "note": "flexible high-breakdown film baseline",
          "objective": "maximize electric breakdown margin with low loss and low mass",
          "relative_permittivity": 3.4,
          "study": "material.dielectric_screening.v1"
        }
      },
      "result_preview": {
        "job": {
          "created_at": "2026-08-13T10:55:19.824935Z",
          "execution_started_at": null,
          "execution_timeout_ms": 120000,
          "has_result": false,
          "iteration": null,
          "job_id": "06ed24a50c4519b6",
          "message": null,
          "model_version_id": null,
          "progress": 0.0,
          "project_id": "f7d98a960d26c575",
          "queue_timeout_ms": 1800000,
          "residual": null,
          "simulation_case_id": "968e4c9984eb91e6",
          "status": "queued",
          "status_detail": {
            "active": true,
            "failure_class": null,
            "lifecycle": "active",
            "recoverable": false,
            "terminal": false,
            "timing": {
              "effective_deadline": "2026-08-13T11:25:19.824935Z",
              "effective_timeout_ms": 1800000,
              "execution_elapsed_ms": null,
              "execution_started_at": null,
              "execution_timeout_ms": 120000,
              "job_submission_deadline": "2026-08-13T11:25:19.824935Z",
              "phase": "queue",
              "queue_timeout_ms": 1800000,
              "queue_wait_ms": 0,
              "total_elapsed_ms": 0
            }
          },
          "updated_at": "2026-08-13T10:55:19.824935Z",
          "worker_id": null
        },
        "job_id": "06ed24a50c4519b6",
        "progress": 0.0,
        "raw": {
          "job": {
            "created_at": "2026-08-13T10:55:19.824935Z",
            "execution_started_at": null,
            "execution_timeout_ms": 120000,
            "has_result": false,
            "iteration": null,
            "job_id": "06ed24a50c4519b6",
            "message": null,
            "model_version_id": null,
            "progress": 0.0,
            "project_id": "f7d98a960d26c575",
            "queue_timeout_ms": 1800000,
            "residual": null,
            "simulation_case_id": "968e4c9984eb91e6",
            "status": "queued",
            "status_detail": {
              "active": true,
              "failure_class": null,
              "lifecycle": "active",
              "recoverable": false,
              "terminal": false,
              "timing": {
                "effective_deadline": "2026-08-13T11:25:19.824935Z",
                "effective_timeout_ms": 1800000,
                "execution_elapsed_ms": null,
                "execution_started_at": null,
                "execution_timeout_ms": 120000,
                "job_submission_deadline": "2026-08-13T11:25:19.824935Z",
                "phase": "queue",
                "queue_timeout_ms": 1800000,
                "queue_wait_ms": 0,
                "total_elapsed_ms": 0
              }
            },
            "updated_at": "2026-08-13T10:55:19.824935Z",
            "worker_id": null
          }
        },
        "status": "queued"
      },
      "requires_confirmation": false
    },
    {
      "index": 2,
      "action": "job_wait",
      "risk": "normal",
      "status": "executed",
      "payload": {
        "interval_ms": 1000,
        "job_id": "06ed24a50c4519b6",
        "max_total_timeout_ms": 3600000,
        "resume_policy": "server_deadline",
        "timeout_ms": 60000
      },
      "result_preview": {
        "job": {
          "created_at": "2026-08-13T10:55:19.824935Z",
          "execution_started_at": "2026-08-13T10:55:19.833966Z",
          "execution_timeout_ms": 120000,
          "iteration": 4,
          "job_id": "06ed24a50c4519b6",
          "message": "collecting nodal and elemental responses",
          "model_version_id": null,
          "progress": 1.0,
          "project_id": "f7d98a960d26c575",
          "queue_timeout_ms": 1800000,
          "residual": 0.2,
          "simulation_case_id": "968e4c9984eb91e6",
          "status": "completed",
          "status_detail": {
            "active": false,
            "failure_class": null,
            "lifecycle": "terminal",
            "recoverable": false,
            "terminal": true,
            "timing": {
              "effective_deadline": "2026-08-13T10:57:19.833966Z",
              "effective_timeout_ms": 120000,
              "execution_elapsed_ms": 1017,
              "execution_started_at": "2026-08-13T10:55:19.833966Z",
              "execution_timeout_ms": 120000,
              "job_submission_deadline": "2026-08-13T11:25:19.824935Z",
              "phase": "execution",
              "queue_timeout_ms": 1800000,
              "queue_wait_ms": 9,
              "total_elapsed_ms": 1026
            }
          },
          "updated_at": "2026-08-13T10:55:20.851009Z",
          "worker_id": "rust-agent-rpc@127.0.0.1:5001"
        },
        "job_id": "06ed24a50c4519b6",
        "progress": 1.0,
        "raw": {
          "job": {
            "created_at": "2026-08-13T10:55:19.824935Z",
            "execution_started_at": "2026-08-13T10:55:19.833966Z",
            "execution_timeout_ms": 120000,
            "iteration": 4,
            "job_id": "06ed24a50c4519b6",
            "message": "collecting nodal and elemental responses",
            "model_version_id": null,
            "progress": 1.0,
            "project_id": "f7d98a960d26c575",
            "queue_timeout_ms": 1800000,
            "residual": 0.2,
            "simulation_case_id": "968e4c9984eb91e6",
            "status": "completed",
            "status_detail": {
              "active": false,
              "failure_class": null,
              "lifecycle": "terminal",
              "recoverable": false,
              "terminal": true,
              "timing": {
                "effective_deadline": "2026-08-13T10:57:19.833966Z",
                "effective_timeout_ms": 120000,
                "execution_elapsed_ms": 1017,
                "execution_started_at": "2026-08-13T10:55:19.833966Z",
                "execution_timeout_ms": 120000,
                "job_submission_deadline": "2026-08-13T11:25:19.824935Z",
                "phase": "execution",
                "queue_timeout_ms": 1800000,
                "queue_wait_ms": 9,
                "total_elapsed_ms": 1026
              }
            },
            "updated_at": "2026-08-13T10:55:20.851009Z",
            "worker_id": "rust-agent-rpc@127.0.0.1:5001"
          }
        },
        "result": null,
        "status": "completed",
        "wait": {
          "elapsed_ms": 2028,
          "policy": "server_deadline",
          "poll_attempts": 3,
          "resume_count": 0
        }
      },
      "requires_confirmation": false
    },
    {
      "index": 3,
      "action": "result_fetch",
      "risk": "normal",
      "status": "executed",
      "payload": {
        "job_id": "06ed24a50c4519b6"
      },
      "result_preview": {
        "job": {
          "created_at": "2026-08-13T10:55:19.824935Z",
          "execution_started_at": "2026-08-13T10:55:19.833966Z",
          "execution_timeout_ms": 120000,
          "has_result": true,
          "iteration": 4,
          "job_id": "06ed24a50c4519b6",
          "message": "collecting nodal and elemental responses",
          "model_version_id": null,
          "progress": 1.0,
          "project_id": "f7d98a960d26c575",
          "queue_timeout_ms": 1800000,
          "residual": 0.2,
          "simulation_case_id": "968e4c9984eb91e6",
          "status": "completed",
          "status_detail": {
            "active": false,
            "failure_class": null,
            "lifecycle": "terminal",
            "recoverable": false,
            "terminal": true,
            "timing": {
              "effective_deadline": "2026-08-13T10:57:19.833966Z",
              "effective_timeout_ms": 120000,
              "execution_elapsed_ms": 1017,
              "execution_started_at": "2026-08-13T10:55:19.833966Z",
              "execution_timeout_ms": 120000,
              "job_submission_deadline": "2026-08-13T11:25:19.824935Z",
              "phase": "execution",
              "queue_timeout_ms": 1800000,
              "queue_wait_ms": 9,
              "total_elapsed_ms": 1026
            }
          },
          "updated_at": "2026-08-13T10:55:20.851009Z",
          "worker_id": "rust-agent-rpc@127.0.0.1:5001"
        },
        "job_id": "06ed24a50c4519b6",
        "result": {
          "elements": [
            {
              "area": 0.0008,
              "average_potential": 3946.5,
              "electric_energy_density": 0.5860867109599524,
              "electric_field_magnitude": 197325.0,
              "electric_field_x": -197325.0,
              "electric_field_y": -0.0,
              "electric_flux_density_magnitude": 5.940318874546584e-6,
              "electric_flux_density_x": -5.940318874546584e-6,
              "electric_flux_density_y": -0.0,
              "id": "dielectric_polyimide_film",
              "index": 0,
              "node_i": 0,
              "node_j": 1,
              "node_k": 2,
              "node_l": 3,
              "potential_gradient_x": 197325.0,
              "potential_gradient_y": 0.0,
              "stored_energy": 4.688693687679619e-7
            }
          ],
          "input": {
            "elements": [
              {
                "id": "dielectric_polyimide_film",
                "node_i": 0,
                "node_j": 1,
                "node_k": 2,
                "node_l": 3,
                "permittivity": 3.010423856352e-11,
                "thickness": 0.001
              }
            ],
            "nodes": [
              {
                "charge_density": 0.0,
                "fix_potential": true,
                "id": "ground_left_bottom",
                "potential": 0.0,
                "x": 0.0,
                "y": 0.0
              },
              {
                "charge_density": 0.0,
                "fix_potential": true,
                "id": "drive_right_bottom",
                "potential": 7893.0,
                "x": 0.04,
                "y": 0.0
              },
              {
                "charge_density": 0.0,
                "fix_potential": true,
                "id": "drive_right_top",
                "potential": 7893.0,
                "x": 0.04,
                "y": 0.02
              },
              {
                "charge_density": 0.0,
                "fix_potential": true,
                "id": "ground_left_top",
                "potential": 0.0,
                "x": 0.0,
                "y": 0.02
              }
            ]
          },
          "max_electric_energy_density": 0.5860867109599524,
          "max_electric_field": 197325.0,
          "max_flux_density": 5.940318874546584e-6,
          "max_potential": 7893.0,
          "nodes": [
            {
              "charge_density": 0.0,
              "id": "ground_left_bottom",
              "index": 0,
              "potential": 0.0,
              "x": 0.0,
              "y": 0.0
            },
            {
              "charge_density": 0.0,
              "id": "drive_right_bottom",
              "index": 1,
              "potential": 7893.0,
              "x": 0.04,
              "y": 0.0
            },
            {
              "charge_density": 0.0,
              "id": "drive_right_top",
              "index": 2,
              "potential": 7893.0,
              "x": 0.04,
              "y": 0.02
            },
            {
              "charge_density": 0.0,
              "id": "ground_left_top",
              "index": 3,
              "potential": 0.0,
              "x": 0.0,
              "y": 0.02
            }
          ],
          "total_stored_energy": 4.688693687679619e-7
        },
        "status": "completed"
      },
      "requires_confirmation": false
    },
    {
      "index": 4,
      "action": "solve_electrostatic_plane_quad_2d",
      "risk": "normal",
      "status": "executed",
      "payload": {
        "model": {
          "elements": [
            {
              "id": "dielectric_alumina_96",
              "node_i": 0,
              "node_j": 1,
              "node_k": 2,
              "node_l": 3,
              "permittivity": 8.677104056544001e-11,
              "thickness": 0.001
            }
          ],
          "nodes": [
            {
              "charge_density": 0.0,
              "fix_potential": true,
              "id": "ground_left_bottom",
              "potential": 0.0,
              "x": 0.0,
              "y": 0.0
            },
            {
              "charge_density": 0.0,
              "fix_potential": true,
              "id": "drive_right_bottom",
              "potential": 7893,
              "x": 0.04,
              "y": 0.0
            },
            {
              "charge_density": 0.0,
              "fix_potential": true,
              "id": "drive_right_top",
              "potential": 7893,
              "x": 0.04,
              "y": 0.02
            },
            {
              "charge_density": 0.0,
              "fix_potential": true,
              "id": "ground_left_top",
              "potential": 0.0,
              "x": 0.0,
              "y": 0.02
            }
          ]
        },
        "research": {
          "breakdown_field_v_m": 130000000.0,
          "candidate_id": "alumina_96",
          "candidate_label": "Alumina 96%",
          "dissipation_factor": 0.0002,
          "family": "ceramic",
          "note": "ceramic substrate candidate with low loss but high mass",
          "objective": "maximize electric breakdown margin with low loss and low mass",
          "relative_permittivity": 9.8,
          "study": "material.dielectric_screening.v1"
        }
      },
      "result_preview": {
        "job": {
          "created_at": "2026-08-13T10:55:21.867057Z",
          "execution_started_at": null,
          "execution_timeout_ms": 120000,
          "has_result": false,
          "iteration": null,
          "job_id": "8fb4fa1d65504c76",
          "message": null,
          "model_version_id": null,
          "progress": 0.0,
          "project_id": "04aad2672448c97e",
          "queue_timeout_ms": 1800000,
          "residual": null,
          "simulation_case_id": "421d0c5341039869",
          "status": "queued",
          "status_detail": {
            "active": true,
            "failure_class": null,
            "lifecycle": "active",
            "recoverable": false,
            "terminal": false,
            "timing": {
              "effective_deadline": "2026-08-13T11:25:21.867057Z",
              "effective_timeout_ms": 1800000,
              "execution_elapsed_ms": null,
              "execution_started_at": null,
              "execution_timeout_ms": 120000,
              "job_submission_deadline": "2026-08-13T11:25:21.867057Z",
              "phase": "queue",
              "queue_timeout_ms": 1800000,
              "queue_wait_ms": 0,
              "total_elapsed_ms": 0
            }
          },
          "updated_at": "2026-08-13T10:55:21.867057Z",
          "worker_id": null
        },
        "job_id": "8fb4fa1d65504c76",
        "progress": 0.0,
        "raw": {
          "job": {
            "created_at": "2026-08-13T10:55:21.867057Z",
            "execution_started_at": null,
            "execution_timeout_ms": 120000,
            "has_result": false,
            "iteration": null,
            "job_id": "8fb4fa1d65504c76",
            "message": null,
            "model_version_id": null,
            "progress": 0.0,
            "project_id": "04aad2672448c97e",
            "queue_timeout_ms": 1800000,
            "residual": null,
            "simulation_case_id": "421d0c5341039869",
            "status": "queued",
            "status_detail": {
              "active": true,
              "failure_class": null,
              "lifecycle": "active",
              "recoverable": false,
              "terminal": false,
              "timing": {
                "effective_deadline": "2026-08-13T11:25:21.867057Z",
                "effective_timeout_ms": 1800000,
                "execution_elapsed_ms": null,
                "execution_started_at": null,
                "execution_timeout_ms": 120000,
                "job_submission_deadline": "2026-08-13T11:25:21.867057Z",
                "phase": "queue",
                "queue_timeout_ms": 1800000,
                "queue_wait_ms": 0,
                "total_elapsed_ms": 0
              }
            },
            "updated_at": "2026-08-13T10:55:21.867057Z",
            "worker_id": null
          }
        },
        "status": "queued"
      },
      "requires_confirmation": false
    },
    {
      "index": 5,
      "action": "job_wait",
      "risk": "normal",
      "status": "executed",
      "payload": {
        "interval_ms": 1000,
        "job_id": "8fb4fa1d65504c76",
        "max_total_timeout_ms": 3600000,
        "resume_policy": "server_deadline",
        "timeout_ms": 60000
      },
      "result_preview": {
        "job": {
          "created_at": "2026-08-13T10:55:21.867057Z",
          "execution_started_at": "2026-08-13T10:55:21.869994Z",
          "execution_timeout_ms": 120000,
          "iteration": 4,
          "job_id": "8fb4fa1d65504c76",
          "message": "collecting nodal and elemental responses",
          "model_version_id": null,
          "progress": 1.0,
          "project_id": "04aad2672448c97e",
          "queue_timeout_ms": 1800000,
          "residual": 0.2,
          "simulation_case_id": "421d0c5341039869",
          "status": "completed",
          "status_detail": {
            "active": false,
            "failure_class": null,
            "lifecycle": "terminal",
            "recoverable": false,
            "terminal": true,
            "timing": {
              "effective_deadline": "2026-08-13T10:57:21.869994Z",
              "effective_timeout_ms": 120000,
              "execution_elapsed_ms": 1014,
              "execution_started_at": "2026-08-13T10:55:21.869994Z",
              "execution_timeout_ms": 120000,
              "job_submission_deadline": "2026-08-13T11:25:21.867057Z",
              "phase": "execution",
              "queue_timeout_ms": 1800000,
              "queue_wait_ms": 2,
              "total_elapsed_ms": 1017
            }
          },
          "updated_at": "2026-08-13T10:55:22.884293Z",
          "worker_id": "rust-agent-rpc@127.0.0.1:5002"
        },
        "job_id": "8fb4fa1d65504c76",
        "progress": 1.0,
        "raw": {
          "job": {
            "created_at": "2026-08-13T10:55:21.867057Z",
            "execution_started_at": "2026-08-13T10:55:21.869994Z",
            "execution_timeout_ms": 120000,
            "iteration": 4,
            "job_id": "8fb4fa1d65504c76",
            "message": "collecting nodal and elemental responses",
            "model_version_id": null,
            "progress": 1.0,
            "project_id": "04aad2672448c97e",
            "queue_timeout_ms": 1800000,
            "residual": 0.2,
            "simulation_case_id": "421d0c5341039869",
            "status": "completed",
            "status_detail": {
              "active": false,
              "failure_class": null,
              "lifecycle": "terminal",
              "recoverable": false,
              "terminal": true,
              "timing": {
                "effective_deadline": "2026-08-13T10:57:21.869994Z",
                "effective_timeout_ms": 120000,
                "execution_elapsed_ms": 1014,
                "execution_started_at": "2026-08-13T10:55:21.869994Z",
                "execution_timeout_ms": 120000,
                "job_submission_deadline": "2026-08-13T11:25:21.867057Z",
                "phase": "execution",
                "queue_timeout_ms": 1800000,
                "queue_wait_ms": 2,
                "total_elapsed_ms": 1017
              }
            },
            "updated_at": "2026-08-13T10:55:22.884293Z",
            "worker_id": "rust-agent-rpc@127.0.0.1:5002"
          }
        },
        "result": null,
        "status": "completed",
        "wait": {
          "elapsed_ms": 1021,
          "policy": "server_deadline",
          "poll_attempts": 2,
          "resume_count": 0
        }
      },
      "requires_confirmation": false
    },
    {
      "index": 6,
      "action": "result_fetch",
      "risk": "normal",
      "status": "executed",
      "payload": {
        "job_id": "8fb4fa1d65504c76"
      },
      "result_preview": {
        "job": {
          "created_at": "2026-08-13T10:55:21.867057Z",
          "execution_started_at": "2026-08-13T10:55:21.869994Z",
          "execution_timeout_ms": 120000,
          "has_result": true,
          "iteration": 4,
          "job_id": "8fb4fa1d65504c76",
          "message": "collecting nodal and elemental responses",
          "model_version_id": null,
          "progress": 1.0,
          "project_id": "04aad2672448c97e",
          "queue_timeout_ms": 1800000,
          "residual": 0.2,
          "simulation_case_id": "421d0c5341039869",
          "status": "completed",
          "status_detail": {
            "active": false,
            "failure_class": null,
            "lifecycle": "terminal",
            "recoverable": false,
            "terminal": true,
            "timing": {
              "effective_deadline": "2026-08-13T10:57:21.869994Z",
              "effective_timeout_ms": 120000,
              "execution_elapsed_ms": 1014,
              "execution_started_at": "2026-08-13T10:55:21.869994Z",
              "execution_timeout_ms": 120000,
              "job_submission_deadline": "2026-08-13T11:25:21.867057Z",
              "phase": "execution",
              "queue_timeout_ms": 1800000,
              "queue_wait_ms": 2,
              "total_elapsed_ms": 1017
            }
          },
          "updated_at": "2026-08-13T10:55:22.884293Z",
          "worker_id": "rust-agent-rpc@127.0.0.1:5002"
        },
        "job_id": "8fb4fa1d65504c76",
        "result": {
          "elements": [
            {
              "area": 0.0008,
              "average_potential": 3946.5,
              "electric_energy_density": 1.689308755119863,
              "electric_field_magnitude": 197325.0,
              "electric_field_x": -197325.0,
              "electric_field_y": -0.0,
              "electric_flux_density_magnitude": 0.00001712209557957545,
              "electric_flux_density_x": -0.00001712209557957545,
              "electric_flux_density_y": -0.0,
              "id": "dielectric_alumina_96",
              "index": 0,
              "node_i": 0,
              "node_j": 1,
              "node_k": 2,
              "node_l": 3,
              "potential_gradient_x": 197325.0,
              "potential_gradient_y": 0.0,
              "stored_energy": 1.3514470040958902e-6
            }
          ],
          "input": {
            "elements": [
              {
                "id": "dielectric_alumina_96",
                "node_i": 0,
                "node_j": 1,
                "node_k": 2,
                "node_l": 3,
                "permittivity": 8.677104056544001e-11,
                "thickness": 0.001
              }
            ],
            "nodes": [
              {
                "charge_density": 0.0,
                "fix_potential": true,
                "id": "ground_left_bottom",
                "potential": 0.0,
                "x": 0.0,
                "y": 0.0
              },
              {
                "charge_density": 0.0,
                "fix_potential": true,
                "id": "drive_right_bottom",
                "potential": 7893.0,
                "x": 0.04,
                "y": 0.0
              },
              {
                "charge_density": 0.0,
                "fix_potential": true,
                "id": "drive_right_top",
                "potential": 7893.0,
                "x": 0.04,
                "y": 0.02
              },
              {
                "charge_density": 0.0,
                "fix_potential": true,
                "id": "ground_left_top",
                "potential": 0.0,
                "x": 0.0,
                "y": 0.02
              }
            ]
          },
          "max_electric_energy_density": 1.689308755119863,
          "max_electric_field": 197325.0,
          "max_flux_density": 0.00001712209557957545,
          "max_potential": 7893.0,
          "nodes": [
            {
              "charge_density": 0.0,
              "id": "ground_left_bottom",
              "index": 0,
              "potential": 0.0,
              "x": 0.0,
              "y": 0.0
            },
            {
              "charge_density": 0.0,
              "id": "drive_right_bottom",
              "index": 1,
              "potential": 7893.0,
              "x": 0.04,
              "y": 0.0
            },
            {
              "charge_density": 0.0,
              "id": "drive_right_top",
              "index": 2,
              "potential": 7893.0,
              "x": 0.04,
              "y": 0.02
            },
            {
              "charge_density": 0.0,
              "id": "ground_left_top",
              "index": 3,
              "potential": 0.0,
              "x": 0.0,
              "y": 0.02
            }
          ],
          "total_stored_energy": 1.3514470040958902e-6
        },
        "status": "completed"
      },
      "requires_confirmation": false
    },
    {
      "index": 7,
      "action": "solve_electrostatic_plane_quad_2d",
      "risk": "normal",
      "status": "executed",
      "payload": {
        "model": {
          "elements": [
            {
              "id": "dielectric_ptfe",
              "node_i": 0,
              "node_j": 1,
              "node_k": 2,
              "node_l": 3,
              "permittivity": 1.859379440688e-11,
              "thickness": 0.001
            }
          ],
          "nodes": [
            {
              "charge_density": 0.0,
              "fix_potential": true,
              "id": "ground_left_bottom",
              "potential": 0.0,
              "x": 0.0,
              "y": 0.0
            },
            {
              "charge_density": 0.0,
              "fix_potential": true,
              "id": "drive_right_bottom",
              "potential": 7893,
              "x": 0.04,
              "y": 0.0
            },
            {
              "charge_density": 0.0,
              "fix_potential": true,
              "id": "drive_right_top",
              "potential": 7893,
              "x": 0.04,
              "y": 0.02
            },
            {
              "charge_density": 0.0,
              "fix_potential": true,
              "id": "ground_left_top",
              "potential": 0.0,
              "x": 0.0,
              "y": 0.02
            }
          ]
        },
        "research": {
          "breakdown_field_v_m": 60000000.0,
          "candidate_id": "ptfe",
          "candidate_label": "PTFE",
          "dissipation_factor": 0.0002,
          "family": "polymer",
          "note": "low-loss polymer candidate with weaker breakdown margin",
          "objective": "maximize electric breakdown margin with low loss and low mass",
          "relative_permittivity": 2.1,
          "study": "material.dielectric_screening.v1"
        }
      },
      "result_preview": {
        "job": {
          "created_at": "2026-08-13T10:55:22.901035Z",
          "execution_started_at": null,
          "execution_timeout_ms": 120000,
          "has_result": false,
          "iteration": null,
          "job_id": "135a05537ea98baf",
          "message": null,
          "model_version_id": null,
          "progress": 0.0,
          "project_id": "1898ecb4e5bb8774",
          "queue_timeout_ms": 1800000,
          "residual": null,
          "simulation_case_id": "d1bd33ce5b27a681",
          "status": "queued",
          "status_detail": {
            "active": true,
            "failure_class": null,
            "lifecycle": "active",
            "recoverable": false,
            "terminal": false,
            "timing": {
              "effective_deadline": "2026-08-13T11:25:22.901035Z",
              "effective_timeout_ms": 1800000,
              "execution_elapsed_ms": null,
              "execution_started_at": null,
              "execution_timeout_ms": 120000,
              "job_submission_deadline": "2026-08-13T11:25:22.901035Z",
              "phase": "queue",
              "queue_timeout_ms": 1800000,
              "queue_wait_ms": 0,
              "total_elapsed_ms": 0
            }
          },
          "updated_at": "2026-08-13T10:55:22.901035Z",
          "worker_id": null
        },
        "job_id": "135a05537ea98baf",
        "progress": 0.0,
        "raw": {
          "job": {
            "created_at": "2026-08-13T10:55:22.901035Z",
            "execution_started_at": null,
            "execution_timeout_ms": 120000,
            "has_result": false,
            "iteration": null,
            "job_id": "135a05537ea98baf",
            "message": null,
            "model_version_id": null,
            "progress": 0.0,
            "project_id": "1898ecb4e5bb8774",
            "queue_timeout_ms": 1800000,
            "residual": null,
            "simulation_case_id": "d1bd33ce5b27a681",
            "status": "queued",
            "status_detail": {
              "active": true,
              "failure_class": null,
              "lifecycle": "active",
              "recoverable": false,
              "terminal": false,
              "timing": {
                "effective_deadline": "2026-08-13T11:25:22.901035Z",
                "effective_timeout_ms": 1800000,
                "execution_elapsed_ms": null,
                "execution_started_at": null,
                "execution_timeout_ms": 120000,
                "job_submission_deadline": "2026-08-13T11:25:22.901035Z",
                "phase": "queue",
                "queue_timeout_ms": 1800000,
                "queue_wait_ms": 0,
                "total_elapsed_ms": 0
              }
            },
            "updated_at": "2026-08-13T10:55:22.901035Z",
            "worker_id": null
          }
        },
        "status": "queued"
      },
      "requires_confirmation": false
    },
    {
      "index": 8,
      "action": "job_wait",
      "risk": "normal",
      "status": "executed",
      "payload": {
        "interval_ms": 1000,
        "job_id": "135a05537ea98baf",
        "max_total_timeout_ms": 3600000,
        "resume_policy": "server_deadline",
        "timeout_ms": 60000
      },
      "result_preview": {
        "job": {
          "created_at": "2026-08-13T10:55:22.901035Z",
          "execution_started_at": "2026-08-13T10:55:22.903382Z",
          "execution_timeout_ms": 120000,
          "iteration": 4,
          "job_id": "135a05537ea98baf",
          "message": "collecting nodal and elemental responses",
          "model_version_id": null,
          "progress": 1.0,
          "project_id": "1898ecb4e5bb8774",
          "queue_timeout_ms": 1800000,
          "residual": 0.2,
          "simulation_case_id": "d1bd33ce5b27a681",
          "status": "completed",
          "status_detail": {
            "active": false,
            "failure_class": null,
            "lifecycle": "terminal",
            "recoverable": false,
            "terminal": true,
            "timing": {
              "effective_deadline": "2026-08-13T10:57:22.903382Z",
              "effective_timeout_ms": 120000,
              "execution_elapsed_ms": 1018,
              "execution_started_at": "2026-08-13T10:55:22.903382Z",
              "execution_timeout_ms": 120000,
              "job_submission_deadline": "2026-08-13T11:25:22.901035Z",
              "phase": "execution",
              "queue_timeout_ms": 1800000,
              "queue_wait_ms": 2,
              "total_elapsed_ms": 1020
            }
          },
          "updated_at": "2026-08-13T10:55:23.922018Z",
          "worker_id": "rust-agent-rpc@127.0.0.1:5001"
        },
        "job_id": "135a05537ea98baf",
        "progress": 1.0,
        "raw": {
          "job": {
            "created_at": "2026-08-13T10:55:22.901035Z",
            "execution_started_at": "2026-08-13T10:55:22.903382Z",
            "execution_timeout_ms": 120000,
            "iteration": 4,
            "job_id": "135a05537ea98baf",
            "message": "collecting nodal and elemental responses",
            "model_version_id": null,
            "progress": 1.0,
            "project_id": "1898ecb4e5bb8774",
            "queue_timeout_ms": 1800000,
            "residual": 0.2,
            "simulation_case_id": "d1bd33ce5b27a681",
            "status": "completed",
            "status_detail": {
              "active": false,
              "failure_class": null,
              "lifecycle": "terminal",
              "recoverable": false,
              "terminal": true,
              "timing": {
                "effective_deadline": "2026-08-13T10:57:22.903382Z",
                "effective_timeout_ms": 120000,
                "execution_elapsed_ms": 1018,
                "execution_started_at": "2026-08-13T10:55:22.903382Z",
                "execution_timeout_ms": 120000,
                "job_submission_deadline": "2026-08-13T11:25:22.901035Z",
                "phase": "execution",
                "queue_timeout_ms": 1800000,
                "queue_wait_ms": 2,
                "total_elapsed_ms": 1020
              }
            },
            "updated_at": "2026-08-13T10:55:23.922018Z",
            "worker_id": "rust-agent-rpc@127.0.0.1:5001"
          }
        },
        "result": null,
        "status": "completed",
        "wait": {
          "elapsed_ms": 2027,
          "policy": "server_deadline",
          "poll_attempts": 3,
          "resume_count": 0
        }
      },
      "requires_confirmation": false
    },
    {
      "index": 9,
      "action": "result_fetch",
      "risk": "normal",
      "status": "executed",
      "payload": {
        "job_id": "135a05537ea98baf"
      },
      "result_preview": {
        "job": {
          "created_at": "2026-08-13T10:55:22.901035Z",
          "execution_started_at": "2026-08-13T10:55:22.903382Z",
          "execution_timeout_ms": 120000,
          "has_result": true,
          "iteration": 4,
          "job_id": "135a05537ea98baf",
          "message": "collecting nodal and elemental responses",
          "model_version_id": null,
          "progress": 1.0,
          "project_id": "1898ecb4e5bb8774",
          "queue_timeout_ms": 1800000,
          "residual": 0.2,
          "simulation_case_id": "d1bd33ce5b27a681",
          "status": "completed",
          "status_detail": {
            "active": false,
            "failure_class": null,
            "lifecycle": "terminal",
            "recoverable": false,
            "terminal": true,
            "timing": {
              "effective_deadline": "2026-08-13T10:57:22.903382Z",
              "effective_timeout_ms": 120000,
              "execution_elapsed_ms": 1018,
              "execution_started_at": "2026-08-13T10:55:22.903382Z",
              "execution_timeout_ms": 120000,
              "job_submission_deadline": "2026-08-13T11:25:22.901035Z",
              "phase": "execution",
              "queue_timeout_ms": 1800000,
              "queue_wait_ms": 2,
              "total_elapsed_ms": 1020
            }
          },
          "updated_at": "2026-08-13T10:55:23.922018Z",
          "worker_id": "rust-agent-rpc@127.0.0.1:5001"
        },
        "job_id": "135a05537ea98baf",
        "result": {
          "elements": [
            {
              "area": 0.0008,
              "average_potential": 3946.5,
              "electric_energy_density": 0.36199473323997056,
              "electric_field_magnitude": 197325.0,
              "electric_field_x": -197325.0,
              "electric_field_y": -0.0,
              "electric_flux_density_magnitude": 3.669020481337596e-6,
              "electric_flux_density_x": -3.669020481337596e-6,
              "electric_flux_density_y": -0.0,
              "id": "dielectric_ptfe",
              "index": 0,
              "node_i": 0,
              "node_j": 1,
              "node_k": 2,
              "node_l": 3,
              "potential_gradient_x": 197325.0,
              "potential_gradient_y": 0.0,
              "stored_energy": 2.895957865919765e-7
            }
          ],
          "input": {
            "elements": [
              {
                "id": "dielectric_ptfe",
                "node_i": 0,
                "node_j": 1,
                "node_k": 2,
                "node_l": 3,
                "permittivity": 1.859379440688e-11,
                "thickness": 0.001
              }
            ],
            "nodes": [
              {
                "charge_density": 0.0,
                "fix_potential": true,
                "id": "ground_left_bottom",
                "potential": 0.0,
                "x": 0.0,
                "y": 0.0
              },
              {
                "charge_density": 0.0,
                "fix_potential": true,
                "id": "drive_right_bottom",
                "potential": 7893.0,
                "x": 0.04,
                "y": 0.0
              },
              {
                "charge_density": 0.0,
                "fix_potential": true,
                "id": "drive_right_top",
                "potential": 7893.0,
                "x": 0.04,
                "y": 0.02
              },
              {
                "charge_density": 0.0,
                "fix_potential": true,
                "id": "ground_left_top",
                "potential": 0.0,
                "x": 0.0,
                "y": 0.02
              }
            ]
          },
          "max_electric_energy_density": 0.36199473323997056,
          "max_electric_field": 197325.0,
          "max_flux_density": 3.669020481337596e-6,
          "max_potential": 7893.0,
          "nodes": [
            {
              "charge_density": 0.0,
              "id": "ground_left_bottom",
              "index": 0,
              "potential": 0.0,
              "x": 0.0,
              "y": 0.0
            },
            {
              "charge_density": 0.0,
              "id": "drive_right_bottom",
              "index": 1,
              "potential": 7893.0,
              "x": 0.04,
              "y": 0.0
            },
            {
              "charge_density": 0.0,
              "id": "drive_right_top",
              "index": 2,
              "potential": 7893.0,
              "x": 0.04,
              "y": 0.02
            },
            {
              "charge_density": 0.0,
              "id": "ground_left_top",
              "index": 3,
              "potential": 0.0,
              "x": 0.0,
              "y": 0.02
            }
          ],
          "total_stored_energy": 2.895957865919765e-7
        },
        "status": "completed"
      },
      "requires_confirmation": false
    }
  ]
}
