{
  "schema_version": "kyuubiki.headless-execution-run/v1",
  "workflow_id": "template.material_dielectric_screening",
  "mode": "execute:service",
  "status": "ok",
  "executed_step_count": 9,
  "warning_count": 0,
  "blocked_by_confirmation": null,
  "validation": {
    "ok": true,
    "issue_count": 0,
    "issues": [],
    "warning_count": 0,
    "warnings": [],
    "summary": {
      "schema_version": "kyuubiki.headless-execution-batch/v1",
      "workflow_id": "template.material_dielectric_screening",
      "template_id": "material_dielectric_screening",
      "exported_at": "1970-01-01T00:00:00.000Z",
      "language": "en",
      "step_count": 9,
      "warning_count": 0,
      "actions": [
        "solve_electrostatic_plane_quad_2d",
        "job_wait",
        "result_fetch",
        "solve_electrostatic_plane_quad_2d",
        "job_wait",
        "result_fetch",
        "solve_electrostatic_plane_quad_2d",
        "job_wait",
        "result_fetch"
      ]
    },
    "policy": {
      "required_engines": [
        "service"
      ],
      "engine_counts": {
        "service": 9,
        "browser": 0
      },
      "risk_counts": {
        "destructive": 0,
        "normal": 9,
        "sensitive": 0
      },
      "recommended_runtime": "service_only",
      "needs_desktop_browser": false,
      "safe_for_service_only": true,
      "notes": []
    }
  },
  "execution_summary": {
    "schema_version": "kyuubiki.headless-execution-summary/v1",
    "job_count": 3,
    "job_ids": [
      "fac53f02cb77e054",
      "9b83ae9a5f6ca4e0",
      "10346472ece5d886"
    ],
    "jobs": [
      {
        "job_id": "fac53f02cb77e054",
        "status": "completed",
        "worker_id": "rust-agent-rpc@127.0.0.1:5002",
        "phase": "execution",
        "created_at": "2026-08-13T10:55:12.682223Z",
        "execution_started_at": "2026-08-13T10:55:12.690064Z",
        "updated_at": "2026-08-13T10:55:13.713797Z",
        "queue_wait_ms": 7,
        "execution_elapsed_ms": 1023,
        "total_elapsed_ms": 1031,
        "effective_timeout_ms": 120000,
        "effective_deadline": "2026-08-13T10:57:12.690064Z"
      },
      {
        "job_id": "9b83ae9a5f6ca4e0",
        "status": "completed",
        "worker_id": "rust-agent-rpc@127.0.0.1:5001",
        "phase": "execution",
        "created_at": "2026-08-13T10:55:14.726988Z",
        "execution_started_at": "2026-08-13T10:55:14.729328Z",
        "updated_at": "2026-08-13T10:55:15.741125Z",
        "queue_wait_ms": 2,
        "execution_elapsed_ms": 1011,
        "total_elapsed_ms": 1014,
        "effective_timeout_ms": 120000,
        "effective_deadline": "2026-08-13T10:57:14.729328Z"
      },
      {
        "job_id": "10346472ece5d886",
        "status": "completed",
        "worker_id": "rust-agent-rpc@127.0.0.1:5002",
        "phase": "execution",
        "created_at": "2026-08-13T10:55:15.765036Z",
        "execution_started_at": "2026-08-13T10:55:15.767662Z",
        "updated_at": "2026-08-13T10:55:16.786639Z",
        "queue_wait_ms": 2,
        "execution_elapsed_ms": 1018,
        "total_elapsed_ms": 1021,
        "effective_timeout_ms": 120000,
        "effective_deadline": "2026-08-13T10:57:15.767662Z"
      }
    ],
    "failure": null
  },
  "steps": [
    {
      "index": 1,
      "action": "solve_electrostatic_plane_quad_2d",
      "risk": "normal",
      "status": "executed",
      "payload": {
        "model": {
          "elements": [
            {
              "id": "dielectric_polyimide_film",
              "node_i": 0,
              "node_j": 1,
              "node_k": 2,
              "node_l": 3,
              "permittivity": 3.010423856352e-11,
              "thickness": 0.001
            }
          ],
          "nodes": [
            {
              "charge_density": 0.0,
              "fix_potential": true,
              "id": "ground_left_bottom",
              "potential": 0.0,
              "x": 0.0,
              "y": 0.0
            },
            {
              "charge_density": 0.0,
              "fix_potential": true,
              "id": "drive_right_bottom",
              "potential": 5847,
              "x": 0.04,
              "y": 0.0
            },
            {
              "charge_density": 0.0,
              "fix_potential": true,
              "id": "drive_right_top",
              "potential": 5847,
              "x": 0.04,
              "y": 0.02
            },
            {
              "charge_density": 0.0,
              "fix_potential": true,
              "id": "ground_left_top",
              "potential": 0.0,
              "x": 0.0,
              "y": 0.02
            }
          ]
        },
        "research": {
          "breakdown_field_v_m": 300000000.0,
          "candidate_id": "polyimide_film",
          "candidate_label": "Polyimide film",
          "dissipation_factor": 0.002,
          "family": "polymer",
          "note": "flexible high-breakdown film baseline",
          "objective": "maximize electric breakdown margin with low loss and low mass",
          "relative_permittivity": 3.4,
          "study": "material.dielectric_screening.v1"
        }
      },
      "result_preview": {
        "job": {
          "created_at": "2026-08-13T10:55:12.682223Z",
          "execution_started_at": null,
          "execution_timeout_ms": 120000,
          "has_result": false,
          "iteration": null,
          "job_id": "fac53f02cb77e054",
          "message": null,
          "model_version_id": null,
          "progress": 0.0,
          "project_id": "bc0942cfdb06ea6a",
          "queue_timeout_ms": 1800000,
          "residual": null,
          "simulation_case_id": "e1dcc10f34a74d62",
          "status": "queued",
          "status_detail": {
            "active": true,
            "failure_class": null,
            "lifecycle": "active",
            "recoverable": false,
            "terminal": false,
            "timing": {
              "effective_deadline": "2026-08-13T11:25:12.682223Z",
              "effective_timeout_ms": 1800000,
              "execution_elapsed_ms": null,
              "execution_started_at": null,
              "execution_timeout_ms": 120000,
              "job_submission_deadline": "2026-08-13T11:25:12.682223Z",
              "phase": "queue",
              "queue_timeout_ms": 1800000,
              "queue_wait_ms": 0,
              "total_elapsed_ms": 0
            }
          },
          "updated_at": "2026-08-13T10:55:12.682223Z",
          "worker_id": null
        },
        "job_id": "fac53f02cb77e054",
        "progress": 0.0,
        "raw": {
          "job": {
            "created_at": "2026-08-13T10:55:12.682223Z",
            "execution_started_at": null,
            "execution_timeout_ms": 120000,
            "has_result": false,
            "iteration": null,
            "job_id": "fac53f02cb77e054",
            "message": null,
            "model_version_id": null,
            "progress": 0.0,
            "project_id": "bc0942cfdb06ea6a",
            "queue_timeout_ms": 1800000,
            "residual": null,
            "simulation_case_id": "e1dcc10f34a74d62",
            "status": "queued",
            "status_detail": {
              "active": true,
              "failure_class": null,
              "lifecycle": "active",
              "recoverable": false,
              "terminal": false,
              "timing": {
                "effective_deadline": "2026-08-13T11:25:12.682223Z",
                "effective_timeout_ms": 1800000,
                "execution_elapsed_ms": null,
                "execution_started_at": null,
                "execution_timeout_ms": 120000,
                "job_submission_deadline": "2026-08-13T11:25:12.682223Z",
                "phase": "queue",
                "queue_timeout_ms": 1800000,
                "queue_wait_ms": 0,
                "total_elapsed_ms": 0
              }
            },
            "updated_at": "2026-08-13T10:55:12.682223Z",
            "worker_id": null
          }
        },
        "status": "queued"
      },
      "requires_confirmation": false
    },
    {
      "index": 2,
      "action": "job_wait",
      "risk": "normal",
      "status": "executed",
      "payload": {
        "interval_ms": 1000,
        "job_id": "fac53f02cb77e054",
        "max_total_timeout_ms": 3600000,
        "resume_policy": "server_deadline",
        "timeout_ms": 60000
      },
      "result_preview": {
        "job": {
          "created_at": "2026-08-13T10:55:12.682223Z",
          "execution_started_at": "2026-08-13T10:55:12.690064Z",
          "execution_timeout_ms": 120000,
          "iteration": 4,
          "job_id": "fac53f02cb77e054",
          "message": "collecting nodal and elemental responses",
          "model_version_id": null,
          "progress": 1.0,
          "project_id": "bc0942cfdb06ea6a",
          "queue_timeout_ms": 1800000,
          "residual": 0.2,
          "simulation_case_id": "e1dcc10f34a74d62",
          "status": "completed",
          "status_detail": {
            "active": false,
            "failure_class": null,
            "lifecycle": "terminal",
            "recoverable": false,
            "terminal": true,
            "timing": {
              "effective_deadline": "2026-08-13T10:57:12.690064Z",
              "effective_timeout_ms": 120000,
              "execution_elapsed_ms": 1023,
              "execution_started_at": "2026-08-13T10:55:12.690064Z",
              "execution_timeout_ms": 120000,
              "job_submission_deadline": "2026-08-13T11:25:12.682223Z",
              "phase": "execution",
              "queue_timeout_ms": 1800000,
              "queue_wait_ms": 7,
              "total_elapsed_ms": 1031
            }
          },
          "updated_at": "2026-08-13T10:55:13.713797Z",
          "worker_id": "rust-agent-rpc@127.0.0.1:5002"
        },
        "job_id": "fac53f02cb77e054",
        "progress": 1.0,
        "raw": {
          "job": {
            "created_at": "2026-08-13T10:55:12.682223Z",
            "execution_started_at": "2026-08-13T10:55:12.690064Z",
            "execution_timeout_ms": 120000,
            "iteration": 4,
            "job_id": "fac53f02cb77e054",
            "message": "collecting nodal and elemental responses",
            "model_version_id": null,
            "progress": 1.0,
            "project_id": "bc0942cfdb06ea6a",
            "queue_timeout_ms": 1800000,
            "residual": 0.2,
            "simulation_case_id": "e1dcc10f34a74d62",
            "status": "completed",
            "status_detail": {
              "active": false,
              "failure_class": null,
              "lifecycle": "terminal",
              "recoverable": false,
              "terminal": true,
              "timing": {
                "effective_deadline": "2026-08-13T10:57:12.690064Z",
                "effective_timeout_ms": 120000,
                "execution_elapsed_ms": 1023,
                "execution_started_at": "2026-08-13T10:55:12.690064Z",
                "execution_timeout_ms": 120000,
                "job_submission_deadline": "2026-08-13T11:25:12.682223Z",
                "phase": "execution",
                "queue_timeout_ms": 1800000,
                "queue_wait_ms": 7,
                "total_elapsed_ms": 1031
              }
            },
            "updated_at": "2026-08-13T10:55:13.713797Z",
            "worker_id": "rust-agent-rpc@127.0.0.1:5002"
          }
        },
        "result": null,
        "status": "completed",
        "wait": {
          "elapsed_ms": 2026,
          "policy": "server_deadline",
          "poll_attempts": 3,
          "resume_count": 0
        }
      },
      "requires_confirmation": false
    },
    {
      "index": 3,
      "action": "result_fetch",
      "risk": "normal",
      "status": "executed",
      "payload": {
        "job_id": "fac53f02cb77e054"
      },
      "result_preview": {
        "job": {
          "created_at": "2026-08-13T10:55:12.682223Z",
          "execution_started_at": "2026-08-13T10:55:12.690064Z",
          "execution_timeout_ms": 120000,
          "has_result": true,
          "iteration": 4,
          "job_id": "fac53f02cb77e054",
          "message": "collecting nodal and elemental responses",
          "model_version_id": null,
          "progress": 1.0,
          "project_id": "bc0942cfdb06ea6a",
          "queue_timeout_ms": 1800000,
          "residual": 0.2,
          "simulation_case_id": "e1dcc10f34a74d62",
          "status": "completed",
          "status_detail": {
            "active": false,
            "failure_class": null,
            "lifecycle": "terminal",
            "recoverable": false,
            "terminal": true,
            "timing": {
              "effective_deadline": "2026-08-13T10:57:12.690064Z",
              "effective_timeout_ms": 120000,
              "execution_elapsed_ms": 1023,
              "execution_started_at": "2026-08-13T10:55:12.690064Z",
              "execution_timeout_ms": 120000,
              "job_submission_deadline": "2026-08-13T11:25:12.682223Z",
              "phase": "execution",
              "queue_timeout_ms": 1800000,
              "queue_wait_ms": 7,
              "total_elapsed_ms": 1031
            }
          },
          "updated_at": "2026-08-13T10:55:13.713797Z",
          "worker_id": "rust-agent-rpc@127.0.0.1:5002"
        },
        "job_id": "fac53f02cb77e054",
        "result": {
          "elements": [
            {
              "area": 0.0008,
              "average_potential": 2923.5,
              "electric_energy_density": 0.3216205988764471,
              "electric_field_magnitude": 146175.0,
              "electric_field_x": -146175.0,
              "electric_field_y": -0.0,
              "electric_flux_density_magnitude": 4.400487072022536e-6,
              "electric_flux_density_x": -4.400487072022536e-6,
              "electric_flux_density_y": -0.0,
              "id": "dielectric_polyimide_film",
              "index": 0,
              "node_i": 0,
              "node_j": 1,
              "node_k": 2,
              "node_l": 3,
              "potential_gradient_x": 146175.0,
              "potential_gradient_y": 0.0,
              "stored_energy": 2.572964791011577e-7
            }
          ],
          "input": {
            "elements": [
              {
                "id": "dielectric_polyimide_film",
                "node_i": 0,
                "node_j": 1,
                "node_k": 2,
                "node_l": 3,
                "permittivity": 3.010423856352e-11,
                "thickness": 0.001
              }
            ],
            "nodes": [
              {
                "charge_density": 0.0,
                "fix_potential": true,
                "id": "ground_left_bottom",
                "potential": 0.0,
                "x": 0.0,
                "y": 0.0
              },
              {
                "charge_density": 0.0,
                "fix_potential": true,
                "id": "drive_right_bottom",
                "potential": 5847.0,
                "x": 0.04,
                "y": 0.0
              },
              {
                "charge_density": 0.0,
                "fix_potential": true,
                "id": "drive_right_top",
                "potential": 5847.0,
                "x": 0.04,
                "y": 0.02
              },
              {
                "charge_density": 0.0,
                "fix_potential": true,
                "id": "ground_left_top",
                "potential": 0.0,
                "x": 0.0,
                "y": 0.02
              }
            ]
          },
          "max_electric_energy_density": 0.3216205988764471,
          "max_electric_field": 146175.0,
          "max_flux_density": 4.400487072022536e-6,
          "max_potential": 5847.0,
          "nodes": [
            {
              "charge_density": 0.0,
              "id": "ground_left_bottom",
              "index": 0,
              "potential": 0.0,
              "x": 0.0,
              "y": 0.0
            },
            {
              "charge_density": 0.0,
              "id": "drive_right_bottom",
              "index": 1,
              "potential": 5847.0,
              "x": 0.04,
              "y": 0.0
            },
            {
              "charge_density": 0.0,
              "id": "drive_right_top",
              "index": 2,
              "potential": 5847.0,
              "x": 0.04,
              "y": 0.02
            },
            {
              "charge_density": 0.0,
              "id": "ground_left_top",
              "index": 3,
              "potential": 0.0,
              "x": 0.0,
              "y": 0.02
            }
          ],
          "total_stored_energy": 2.572964791011577e-7
        },
        "status": "completed"
      },
      "requires_confirmation": false
    },
    {
      "index": 4,
      "action": "solve_electrostatic_plane_quad_2d",
      "risk": "normal",
      "status": "executed",
      "payload": {
        "model": {
          "elements": [
            {
              "id": "dielectric_alumina_96",
              "node_i": 0,
              "node_j": 1,
              "node_k": 2,
              "node_l": 3,
              "permittivity": 8.677104056544001e-11,
              "thickness": 0.001
            }
          ],
          "nodes": [
            {
              "charge_density": 0.0,
              "fix_potential": true,
              "id": "ground_left_bottom",
              "potential": 0.0,
              "x": 0.0,
              "y": 0.0
            },
            {
              "charge_density": 0.0,
              "fix_potential": true,
              "id": "drive_right_bottom",
              "potential": 5847,
              "x": 0.04,
              "y": 0.0
            },
            {
              "charge_density": 0.0,
              "fix_potential": true,
              "id": "drive_right_top",
              "potential": 5847,
              "x": 0.04,
              "y": 0.02
            },
            {
              "charge_density": 0.0,
              "fix_potential": true,
              "id": "ground_left_top",
              "potential": 0.0,
              "x": 0.0,
              "y": 0.02
            }
          ]
        },
        "research": {
          "breakdown_field_v_m": 130000000.0,
          "candidate_id": "alumina_96",
          "candidate_label": "Alumina 96%",
          "dissipation_factor": 0.0002,
          "family": "ceramic",
          "note": "ceramic substrate candidate with low loss but high mass",
          "objective": "maximize electric breakdown margin with low loss and low mass",
          "relative_permittivity": 9.8,
          "study": "material.dielectric_screening.v1"
        }
      },
      "result_preview": {
        "job": {
          "created_at": "2026-08-13T10:55:14.726988Z",
          "execution_started_at": null,
          "execution_timeout_ms": 120000,
          "has_result": false,
          "iteration": null,
          "job_id": "9b83ae9a5f6ca4e0",
          "message": null,
          "model_version_id": null,
          "progress": 0.0,
          "project_id": "98144a4a35b916e0",
          "queue_timeout_ms": 1800000,
          "residual": null,
          "simulation_case_id": "64a9b015b7a61dd2",
          "status": "queued",
          "status_detail": {
            "active": true,
            "failure_class": null,
            "lifecycle": "active",
            "recoverable": false,
            "terminal": false,
            "timing": {
              "effective_deadline": "2026-08-13T11:25:14.726988Z",
              "effective_timeout_ms": 1800000,
              "execution_elapsed_ms": null,
              "execution_started_at": null,
              "execution_timeout_ms": 120000,
              "job_submission_deadline": "2026-08-13T11:25:14.726988Z",
              "phase": "queue",
              "queue_timeout_ms": 1800000,
              "queue_wait_ms": 0,
              "total_elapsed_ms": 0
            }
          },
          "updated_at": "2026-08-13T10:55:14.726988Z",
          "worker_id": null
        },
        "job_id": "9b83ae9a5f6ca4e0",
        "progress": 0.0,
        "raw": {
          "job": {
            "created_at": "2026-08-13T10:55:14.726988Z",
            "execution_started_at": null,
            "execution_timeout_ms": 120000,
            "has_result": false,
            "iteration": null,
            "job_id": "9b83ae9a5f6ca4e0",
            "message": null,
            "model_version_id": null,
            "progress": 0.0,
            "project_id": "98144a4a35b916e0",
            "queue_timeout_ms": 1800000,
            "residual": null,
            "simulation_case_id": "64a9b015b7a61dd2",
            "status": "queued",
            "status_detail": {
              "active": true,
              "failure_class": null,
              "lifecycle": "active",
              "recoverable": false,
              "terminal": false,
              "timing": {
                "effective_deadline": "2026-08-13T11:25:14.726988Z",
                "effective_timeout_ms": 1800000,
                "execution_elapsed_ms": null,
                "execution_started_at": null,
                "execution_timeout_ms": 120000,
                "job_submission_deadline": "2026-08-13T11:25:14.726988Z",
                "phase": "queue",
                "queue_timeout_ms": 1800000,
                "queue_wait_ms": 0,
                "total_elapsed_ms": 0
              }
            },
            "updated_at": "2026-08-13T10:55:14.726988Z",
            "worker_id": null
          }
        },
        "status": "queued"
      },
      "requires_confirmation": false
    },
    {
      "index": 5,
      "action": "job_wait",
      "risk": "normal",
      "status": "executed",
      "payload": {
        "interval_ms": 1000,
        "job_id": "9b83ae9a5f6ca4e0",
        "max_total_timeout_ms": 3600000,
        "resume_policy": "server_deadline",
        "timeout_ms": 60000
      },
      "result_preview": {
        "job": {
          "created_at": "2026-08-13T10:55:14.726988Z",
          "execution_started_at": "2026-08-13T10:55:14.729328Z",
          "execution_timeout_ms": 120000,
          "iteration": 4,
          "job_id": "9b83ae9a5f6ca4e0",
          "message": "collecting nodal and elemental responses",
          "model_version_id": null,
          "progress": 1.0,
          "project_id": "98144a4a35b916e0",
          "queue_timeout_ms": 1800000,
          "residual": 0.2,
          "simulation_case_id": "64a9b015b7a61dd2",
          "status": "completed",
          "status_detail": {
            "active": false,
            "failure_class": null,
            "lifecycle": "terminal",
            "recoverable": false,
            "terminal": true,
            "timing": {
              "effective_deadline": "2026-08-13T10:57:14.729328Z",
              "effective_timeout_ms": 120000,
              "execution_elapsed_ms": 1011,
              "execution_started_at": "2026-08-13T10:55:14.729328Z",
              "execution_timeout_ms": 120000,
              "job_submission_deadline": "2026-08-13T11:25:14.726988Z",
              "phase": "execution",
              "queue_timeout_ms": 1800000,
              "queue_wait_ms": 2,
              "total_elapsed_ms": 1014
            }
          },
          "updated_at": "2026-08-13T10:55:15.741125Z",
          "worker_id": "rust-agent-rpc@127.0.0.1:5001"
        },
        "job_id": "9b83ae9a5f6ca4e0",
        "progress": 1.0,
        "raw": {
          "job": {
            "created_at": "2026-08-13T10:55:14.726988Z",
            "execution_started_at": "2026-08-13T10:55:14.729328Z",
            "execution_timeout_ms": 120000,
            "iteration": 4,
            "job_id": "9b83ae9a5f6ca4e0",
            "message": "collecting nodal and elemental responses",
            "model_version_id": null,
            "progress": 1.0,
            "project_id": "98144a4a35b916e0",
            "queue_timeout_ms": 1800000,
            "residual": 0.2,
            "simulation_case_id": "64a9b015b7a61dd2",
            "status": "completed",
            "status_detail": {
              "active": false,
              "failure_class": null,
              "lifecycle": "terminal",
              "recoverable": false,
              "terminal": true,
              "timing": {
                "effective_deadline": "2026-08-13T10:57:14.729328Z",
                "effective_timeout_ms": 120000,
                "execution_elapsed_ms": 1011,
                "execution_started_at": "2026-08-13T10:55:14.729328Z",
                "execution_timeout_ms": 120000,
                "job_submission_deadline": "2026-08-13T11:25:14.726988Z",
                "phase": "execution",
                "queue_timeout_ms": 1800000,
                "queue_wait_ms": 2,
                "total_elapsed_ms": 1014
              }
            },
            "updated_at": "2026-08-13T10:55:15.741125Z",
            "worker_id": "rust-agent-rpc@127.0.0.1:5001"
          }
        },
        "result": null,
        "status": "completed",
        "wait": {
          "elapsed_ms": 1020,
          "policy": "server_deadline",
          "poll_attempts": 2,
          "resume_count": 0
        }
      },
      "requires_confirmation": false
    },
    {
      "index": 6,
      "action": "result_fetch",
      "risk": "normal",
      "status": "executed",
      "payload": {
        "job_id": "9b83ae9a5f6ca4e0"
      },
      "result_preview": {
        "job": {
          "created_at": "2026-08-13T10:55:14.726988Z",
          "execution_started_at": "2026-08-13T10:55:14.729328Z",
          "execution_timeout_ms": 120000,
          "has_result": true,
          "iteration": 4,
          "job_id": "9b83ae9a5f6ca4e0",
          "message": "collecting nodal and elemental responses",
          "model_version_id": null,
          "progress": 1.0,
          "project_id": "98144a4a35b916e0",
          "queue_timeout_ms": 1800000,
          "residual": 0.2,
          "simulation_case_id": "64a9b015b7a61dd2",
          "status": "completed",
          "status_detail": {
            "active": false,
            "failure_class": null,
            "lifecycle": "terminal",
            "recoverable": false,
            "terminal": true,
            "timing": {
              "effective_deadline": "2026-08-13T10:57:14.729328Z",
              "effective_timeout_ms": 120000,
              "execution_elapsed_ms": 1011,
              "execution_started_at": "2026-08-13T10:55:14.729328Z",
              "execution_timeout_ms": 120000,
              "job_submission_deadline": "2026-08-13T11:25:14.726988Z",
              "phase": "execution",
              "queue_timeout_ms": 1800000,
              "queue_wait_ms": 2,
              "total_elapsed_ms": 1014
            }
          },
          "updated_at": "2026-08-13T10:55:15.741125Z",
          "worker_id": "rust-agent-rpc@127.0.0.1:5001"
        },
        "job_id": "9b83ae9a5f6ca4e0",
        "result": {
          "elements": [
            {
              "area": 0.0008,
              "average_potential": 2923.5,
              "electric_energy_density": 0.9270240791144652,
              "electric_field_magnitude": 146175.0,
              "electric_field_x": -146175.0,
              "electric_field_y": -0.0,
              "electric_flux_density_magnitude": 0.000012683756854653193,
              "electric_flux_density_x": -0.000012683756854653193,
              "electric_flux_density_y": -0.0,
              "id": "dielectric_alumina_96",
              "index": 0,
              "node_i": 0,
              "node_j": 1,
              "node_k": 2,
              "node_l": 3,
              "potential_gradient_x": 146175.0,
              "potential_gradient_y": 0.0,
              "stored_energy": 7.416192632915723e-7
            }
          ],
          "input": {
            "elements": [
              {
                "id": "dielectric_alumina_96",
                "node_i": 0,
                "node_j": 1,
                "node_k": 2,
                "node_l": 3,
                "permittivity": 8.677104056544001e-11,
                "thickness": 0.001
              }
            ],
            "nodes": [
              {
                "charge_density": 0.0,
                "fix_potential": true,
                "id": "ground_left_bottom",
                "potential": 0.0,
                "x": 0.0,
                "y": 0.0
              },
              {
                "charge_density": 0.0,
                "fix_potential": true,
                "id": "drive_right_bottom",
                "potential": 5847.0,
                "x": 0.04,
                "y": 0.0
              },
              {
                "charge_density": 0.0,
                "fix_potential": true,
                "id": "drive_right_top",
                "potential": 5847.0,
                "x": 0.04,
                "y": 0.02
              },
              {
                "charge_density": 0.0,
                "fix_potential": true,
                "id": "ground_left_top",
                "potential": 0.0,
                "x": 0.0,
                "y": 0.02
              }
            ]
          },
          "max_electric_energy_density": 0.9270240791144652,
          "max_electric_field": 146175.0,
          "max_flux_density": 0.000012683756854653193,
          "max_potential": 5847.0,
          "nodes": [
            {
              "charge_density": 0.0,
              "id": "ground_left_bottom",
              "index": 0,
              "potential": 0.0,
              "x": 0.0,
              "y": 0.0
            },
            {
              "charge_density": 0.0,
              "id": "drive_right_bottom",
              "index": 1,
              "potential": 5847.0,
              "x": 0.04,
              "y": 0.0
            },
            {
              "charge_density": 0.0,
              "id": "drive_right_top",
              "index": 2,
              "potential": 5847.0,
              "x": 0.04,
              "y": 0.02
            },
            {
              "charge_density": 0.0,
              "id": "ground_left_top",
              "index": 3,
              "potential": 0.0,
              "x": 0.0,
              "y": 0.02
            }
          ],
          "total_stored_energy": 7.416192632915723e-7
        },
        "status": "completed"
      },
      "requires_confirmation": false
    },
    {
      "index": 7,
      "action": "solve_electrostatic_plane_quad_2d",
      "risk": "normal",
      "status": "executed",
      "payload": {
        "model": {
          "elements": [
            {
              "id": "dielectric_ptfe",
              "node_i": 0,
              "node_j": 1,
              "node_k": 2,
              "node_l": 3,
              "permittivity": 1.859379440688e-11,
              "thickness": 0.001
            }
          ],
          "nodes": [
            {
              "charge_density": 0.0,
              "fix_potential": true,
              "id": "ground_left_bottom",
              "potential": 0.0,
              "x": 0.0,
              "y": 0.0
            },
            {
              "charge_density": 0.0,
              "fix_potential": true,
              "id": "drive_right_bottom",
              "potential": 5847,
              "x": 0.04,
              "y": 0.0
            },
            {
              "charge_density": 0.0,
              "fix_potential": true,
              "id": "drive_right_top",
              "potential": 5847,
              "x": 0.04,
              "y": 0.02
            },
            {
              "charge_density": 0.0,
              "fix_potential": true,
              "id": "ground_left_top",
              "potential": 0.0,
              "x": 0.0,
              "y": 0.02
            }
          ]
        },
        "research": {
          "breakdown_field_v_m": 60000000.0,
          "candidate_id": "ptfe",
          "candidate_label": "PTFE",
          "dissipation_factor": 0.0002,
          "family": "polymer",
          "note": "low-loss polymer candidate with weaker breakdown margin",
          "objective": "maximize electric breakdown margin with low loss and low mass",
          "relative_permittivity": 2.1,
          "study": "material.dielectric_screening.v1"
        }
      },
      "result_preview": {
        "job": {
          "created_at": "2026-08-13T10:55:15.765036Z",
          "execution_started_at": null,
          "execution_timeout_ms": 120000,
          "has_result": false,
          "iteration": null,
          "job_id": "10346472ece5d886",
          "message": null,
          "model_version_id": null,
          "progress": 0.0,
          "project_id": "b422a8b65c86576e",
          "queue_timeout_ms": 1800000,
          "residual": null,
          "simulation_case_id": "30def82c45973fa3",
          "status": "queued",
          "status_detail": {
            "active": true,
            "failure_class": null,
            "lifecycle": "active",
            "recoverable": false,
            "terminal": false,
            "timing": {
              "effective_deadline": "2026-08-13T11:25:15.765036Z",
              "effective_timeout_ms": 1800000,
              "execution_elapsed_ms": null,
              "execution_started_at": null,
              "execution_timeout_ms": 120000,
              "job_submission_deadline": "2026-08-13T11:25:15.765036Z",
              "phase": "queue",
              "queue_timeout_ms": 1800000,
              "queue_wait_ms": 0,
              "total_elapsed_ms": 0
            }
          },
          "updated_at": "2026-08-13T10:55:15.765036Z",
          "worker_id": null
        },
        "job_id": "10346472ece5d886",
        "progress": 0.0,
        "raw": {
          "job": {
            "created_at": "2026-08-13T10:55:15.765036Z",
            "execution_started_at": null,
            "execution_timeout_ms": 120000,
            "has_result": false,
            "iteration": null,
            "job_id": "10346472ece5d886",
            "message": null,
            "model_version_id": null,
            "progress": 0.0,
            "project_id": "b422a8b65c86576e",
            "queue_timeout_ms": 1800000,
            "residual": null,
            "simulation_case_id": "30def82c45973fa3",
            "status": "queued",
            "status_detail": {
              "active": true,
              "failure_class": null,
              "lifecycle": "active",
              "recoverable": false,
              "terminal": false,
              "timing": {
                "effective_deadline": "2026-08-13T11:25:15.765036Z",
                "effective_timeout_ms": 1800000,
                "execution_elapsed_ms": null,
                "execution_started_at": null,
                "execution_timeout_ms": 120000,
                "job_submission_deadline": "2026-08-13T11:25:15.765036Z",
                "phase": "queue",
                "queue_timeout_ms": 1800000,
                "queue_wait_ms": 0,
                "total_elapsed_ms": 0
              }
            },
            "updated_at": "2026-08-13T10:55:15.765036Z",
            "worker_id": null
          }
        },
        "status": "queued"
      },
      "requires_confirmation": false
    },
    {
      "index": 8,
      "action": "job_wait",
      "risk": "normal",
      "status": "executed",
      "payload": {
        "interval_ms": 1000,
        "job_id": "10346472ece5d886",
        "max_total_timeout_ms": 3600000,
        "resume_policy": "server_deadline",
        "timeout_ms": 60000
      },
      "result_preview": {
        "job": {
          "created_at": "2026-08-13T10:55:15.765036Z",
          "execution_started_at": "2026-08-13T10:55:15.767662Z",
          "execution_timeout_ms": 120000,
          "iteration": 4,
          "job_id": "10346472ece5d886",
          "message": "collecting nodal and elemental responses",
          "model_version_id": null,
          "progress": 1.0,
          "project_id": "b422a8b65c86576e",
          "queue_timeout_ms": 1800000,
          "residual": 0.2,
          "simulation_case_id": "30def82c45973fa3",
          "status": "completed",
          "status_detail": {
            "active": false,
            "failure_class": null,
            "lifecycle": "terminal",
            "recoverable": false,
            "terminal": true,
            "timing": {
              "effective_deadline": "2026-08-13T10:57:15.767662Z",
              "effective_timeout_ms": 120000,
              "execution_elapsed_ms": 1018,
              "execution_started_at": "2026-08-13T10:55:15.767662Z",
              "execution_timeout_ms": 120000,
              "job_submission_deadline": "2026-08-13T11:25:15.765036Z",
              "phase": "execution",
              "queue_timeout_ms": 1800000,
              "queue_wait_ms": 2,
              "total_elapsed_ms": 1021
            }
          },
          "updated_at": "2026-08-13T10:55:16.786639Z",
          "worker_id": "rust-agent-rpc@127.0.0.1:5002"
        },
        "job_id": "10346472ece5d886",
        "progress": 1.0,
        "raw": {
          "job": {
            "created_at": "2026-08-13T10:55:15.765036Z",
            "execution_started_at": "2026-08-13T10:55:15.767662Z",
            "execution_timeout_ms": 120000,
            "iteration": 4,
            "job_id": "10346472ece5d886",
            "message": "collecting nodal and elemental responses",
            "model_version_id": null,
            "progress": 1.0,
            "project_id": "b422a8b65c86576e",
            "queue_timeout_ms": 1800000,
            "residual": 0.2,
            "simulation_case_id": "30def82c45973fa3",
            "status": "completed",
            "status_detail": {
              "active": false,
              "failure_class": null,
              "lifecycle": "terminal",
              "recoverable": false,
              "terminal": true,
              "timing": {
                "effective_deadline": "2026-08-13T10:57:15.767662Z",
                "effective_timeout_ms": 120000,
                "execution_elapsed_ms": 1018,
                "execution_started_at": "2026-08-13T10:55:15.767662Z",
                "execution_timeout_ms": 120000,
                "job_submission_deadline": "2026-08-13T11:25:15.765036Z",
                "phase": "execution",
                "queue_timeout_ms": 1800000,
                "queue_wait_ms": 2,
                "total_elapsed_ms": 1021
              }
            },
            "updated_at": "2026-08-13T10:55:16.786639Z",
            "worker_id": "rust-agent-rpc@127.0.0.1:5002"
          }
        },
        "result": null,
        "status": "completed",
        "wait": {
          "elapsed_ms": 2030,
          "policy": "server_deadline",
          "poll_attempts": 3,
          "resume_count": 0
        }
      },
      "requires_confirmation": false
    },
    {
      "index": 9,
      "action": "result_fetch",
      "risk": "normal",
      "status": "executed",
      "payload": {
        "job_id": "10346472ece5d886"
      },
      "result_preview": {
        "job": {
          "created_at": "2026-08-13T10:55:15.765036Z",
          "execution_started_at": "2026-08-13T10:55:15.767662Z",
          "execution_timeout_ms": 120000,
          "has_result": true,
          "iteration": 4,
          "job_id": "10346472ece5d886",
          "message": "collecting nodal and elemental responses",
          "model_version_id": null,
          "progress": 1.0,
          "project_id": "b422a8b65c86576e",
          "queue_timeout_ms": 1800000,
          "residual": 0.2,
          "simulation_case_id": "30def82c45973fa3",
          "status": "completed",
          "status_detail": {
            "active": false,
            "failure_class": null,
            "lifecycle": "terminal",
            "recoverable": false,
            "terminal": true,
            "timing": {
              "effective_deadline": "2026-08-13T10:57:15.767662Z",
              "effective_timeout_ms": 120000,
              "execution_elapsed_ms": 1018,
              "execution_started_at": "2026-08-13T10:55:15.767662Z",
              "execution_timeout_ms": 120000,
              "job_submission_deadline": "2026-08-13T11:25:15.765036Z",
              "phase": "execution",
              "queue_timeout_ms": 1800000,
              "queue_wait_ms": 2,
              "total_elapsed_ms": 1021
            }
          },
          "updated_at": "2026-08-13T10:55:16.786639Z",
          "worker_id": "rust-agent-rpc@127.0.0.1:5002"
        },
        "job_id": "10346472ece5d886",
        "result": {
          "elements": [
            {
              "area": 0.0008,
              "average_potential": 2923.5,
              "electric_energy_density": 0.1986480169530997,
              "electric_field_magnitude": 146175.0,
              "electric_field_x": -146175.0,
              "electric_field_y": -0.0,
              "electric_flux_density_magnitude": 2.7179478974256843e-6,
              "electric_flux_density_x": -2.7179478974256843e-6,
              "electric_flux_density_y": -0.0,
              "id": "dielectric_ptfe",
              "index": 0,
              "node_i": 0,
              "node_j": 1,
              "node_k": 2,
              "node_l": 3,
              "potential_gradient_x": 146175.0,
              "potential_gradient_y": 0.0,
              "stored_energy": 1.5891841356247978e-7
            }
          ],
          "input": {
            "elements": [
              {
                "id": "dielectric_ptfe",
                "node_i": 0,
                "node_j": 1,
                "node_k": 2,
                "node_l": 3,
                "permittivity": 1.859379440688e-11,
                "thickness": 0.001
              }
            ],
            "nodes": [
              {
                "charge_density": 0.0,
                "fix_potential": true,
                "id": "ground_left_bottom",
                "potential": 0.0,
                "x": 0.0,
                "y": 0.0
              },
              {
                "charge_density": 0.0,
                "fix_potential": true,
                "id": "drive_right_bottom",
                "potential": 5847.0,
                "x": 0.04,
                "y": 0.0
              },
              {
                "charge_density": 0.0,
                "fix_potential": true,
                "id": "drive_right_top",
                "potential": 5847.0,
                "x": 0.04,
                "y": 0.02
              },
              {
                "charge_density": 0.0,
                "fix_potential": true,
                "id": "ground_left_top",
                "potential": 0.0,
                "x": 0.0,
                "y": 0.02
              }
            ]
          },
          "max_electric_energy_density": 0.1986480169530997,
          "max_electric_field": 146175.0,
          "max_flux_density": 2.7179478974256843e-6,
          "max_potential": 5847.0,
          "nodes": [
            {
              "charge_density": 0.0,
              "id": "ground_left_bottom",
              "index": 0,
              "potential": 0.0,
              "x": 0.0,
              "y": 0.0
            },
            {
              "charge_density": 0.0,
              "id": "drive_right_bottom",
              "index": 1,
              "potential": 5847.0,
              "x": 0.04,
              "y": 0.0
            },
            {
              "charge_density": 0.0,
              "id": "drive_right_top",
              "index": 2,
              "potential": 5847.0,
              "x": 0.04,
              "y": 0.02
            },
            {
              "charge_density": 0.0,
              "id": "ground_left_top",
              "index": 3,
              "potential": 0.0,
              "x": 0.0,
              "y": 0.02
            }
          ],
          "total_stored_energy": 1.5891841356247978e-7
        },
        "status": "completed"
      },
      "requires_confirmation": false
    }
  ]
}
