{
  "schema_version": "kyuubiki.headless-execution-run/v1",
  "workflow_id": "template.material_dielectric_screening",
  "mode": "execute:service",
  "status": "ok",
  "executed_step_count": 9,
  "warning_count": 0,
  "blocked_by_confirmation": null,
  "validation": {
    "ok": true,
    "issue_count": 0,
    "issues": [],
    "warning_count": 0,
    "warnings": [],
    "summary": {
      "schema_version": "kyuubiki.headless-execution-batch/v1",
      "workflow_id": "template.material_dielectric_screening",
      "template_id": "material_dielectric_screening",
      "exported_at": "1970-01-01T00:00:00.000Z",
      "language": "en",
      "step_count": 9,
      "warning_count": 0,
      "actions": [
        "solve_electrostatic_plane_quad_2d",
        "job_wait",
        "result_fetch",
        "solve_electrostatic_plane_quad_2d",
        "job_wait",
        "result_fetch",
        "solve_electrostatic_plane_quad_2d",
        "job_wait",
        "result_fetch"
      ]
    },
    "policy": {
      "required_engines": [
        "service"
      ],
      "engine_counts": {
        "service": 9,
        "browser": 0
      },
      "risk_counts": {
        "destructive": 0,
        "normal": 9,
        "sensitive": 0
      },
      "recommended_runtime": "service_only",
      "needs_desktop_browser": false,
      "safe_for_service_only": true,
      "notes": []
    }
  },
  "execution_summary": {
    "schema_version": "kyuubiki.headless-execution-summary/v1",
    "job_count": 3,
    "job_ids": [
      "8aafaf5a3d4a787d",
      "470edcb3557c26f7",
      "c77a1a4c208d0157"
    ],
    "jobs": [
      {
        "job_id": "8aafaf5a3d4a787d",
        "status": "completed",
        "worker_id": "rust-agent-rpc@127.0.0.1:5001",
        "phase": "execution",
        "created_at": "2026-08-13T10:54:32.856546Z",
        "execution_started_at": "2026-08-13T10:54:32.861515Z",
        "updated_at": "2026-08-13T10:54:33.880724Z",
        "queue_wait_ms": 4,
        "execution_elapsed_ms": 1019,
        "total_elapsed_ms": 1024,
        "effective_timeout_ms": 120000,
        "effective_deadline": "2026-08-13T10:56:32.861515Z"
      },
      {
        "job_id": "470edcb3557c26f7",
        "status": "completed",
        "worker_id": "rust-agent-rpc@127.0.0.1:5002",
        "phase": "execution",
        "created_at": "2026-08-13T10:54:34.903391Z",
        "execution_started_at": "2026-08-13T10:54:34.912256Z",
        "updated_at": "2026-08-13T10:54:35.929908Z",
        "queue_wait_ms": 8,
        "execution_elapsed_ms": 1017,
        "total_elapsed_ms": 1026,
        "effective_timeout_ms": 120000,
        "effective_deadline": "2026-08-13T10:56:34.912256Z"
      },
      {
        "job_id": "c77a1a4c208d0157",
        "status": "completed",
        "worker_id": "rust-agent-rpc@127.0.0.1:5001",
        "phase": "execution",
        "created_at": "2026-08-13T10:54:36.948641Z",
        "execution_started_at": "2026-08-13T10:54:36.952003Z",
        "updated_at": "2026-08-13T10:54:37.968771Z",
        "queue_wait_ms": 3,
        "execution_elapsed_ms": 1016,
        "total_elapsed_ms": 1020,
        "effective_timeout_ms": 120000,
        "effective_deadline": "2026-08-13T10:56:36.952003Z"
      }
    ],
    "failure": null
  },
  "steps": [
    {
      "index": 1,
      "action": "solve_electrostatic_plane_quad_2d",
      "risk": "normal",
      "status": "executed",
      "payload": {
        "model": {
          "elements": [
            {
              "id": "dielectric_polyimide_film",
              "node_i": 0,
              "node_j": 1,
              "node_k": 2,
              "node_l": 3,
              "permittivity": 3.010423856352e-11,
              "thickness": 0.001
            }
          ],
          "nodes": [
            {
              "charge_density": 0.0,
              "fix_potential": true,
              "id": "ground_left_bottom",
              "potential": 0.0,
              "x": 0.0,
              "y": 0.0
            },
            {
              "charge_density": 0.0,
              "fix_potential": true,
              "id": "drive_right_bottom",
              "potential": 1521,
              "x": 0.04,
              "y": 0.0
            },
            {
              "charge_density": 0.0,
              "fix_potential": true,
              "id": "drive_right_top",
              "potential": 1521,
              "x": 0.04,
              "y": 0.02
            },
            {
              "charge_density": 0.0,
              "fix_potential": true,
              "id": "ground_left_top",
              "potential": 0.0,
              "x": 0.0,
              "y": 0.02
            }
          ]
        },
        "research": {
          "breakdown_field_v_m": 300000000.0,
          "candidate_id": "polyimide_film",
          "candidate_label": "Polyimide film",
          "dissipation_factor": 0.002,
          "family": "polymer",
          "note": "flexible high-breakdown film baseline",
          "objective": "maximize electric breakdown margin with low loss and low mass",
          "relative_permittivity": 3.4,
          "study": "material.dielectric_screening.v1"
        }
      },
      "result_preview": {
        "job": {
          "created_at": "2026-08-13T10:54:32.856546Z",
          "execution_started_at": null,
          "execution_timeout_ms": 120000,
          "has_result": false,
          "iteration": null,
          "job_id": "8aafaf5a3d4a787d",
          "message": null,
          "model_version_id": null,
          "progress": 0.0,
          "project_id": "c18184fedd88b54f",
          "queue_timeout_ms": 1800000,
          "residual": null,
          "simulation_case_id": "fe46bb24ca3635fc",
          "status": "queued",
          "status_detail": {
            "active": true,
            "failure_class": null,
            "lifecycle": "active",
            "recoverable": false,
            "terminal": false,
            "timing": {
              "effective_deadline": "2026-08-13T11:24:32.856546Z",
              "effective_timeout_ms": 1800000,
              "execution_elapsed_ms": null,
              "execution_started_at": null,
              "execution_timeout_ms": 120000,
              "job_submission_deadline": "2026-08-13T11:24:32.856546Z",
              "phase": "queue",
              "queue_timeout_ms": 1800000,
              "queue_wait_ms": 0,
              "total_elapsed_ms": 0
            }
          },
          "updated_at": "2026-08-13T10:54:32.856546Z",
          "worker_id": null
        },
        "job_id": "8aafaf5a3d4a787d",
        "progress": 0.0,
        "raw": {
          "job": {
            "created_at": "2026-08-13T10:54:32.856546Z",
            "execution_started_at": null,
            "execution_timeout_ms": 120000,
            "has_result": false,
            "iteration": null,
            "job_id": "8aafaf5a3d4a787d",
            "message": null,
            "model_version_id": null,
            "progress": 0.0,
            "project_id": "c18184fedd88b54f",
            "queue_timeout_ms": 1800000,
            "residual": null,
            "simulation_case_id": "fe46bb24ca3635fc",
            "status": "queued",
            "status_detail": {
              "active": true,
              "failure_class": null,
              "lifecycle": "active",
              "recoverable": false,
              "terminal": false,
              "timing": {
                "effective_deadline": "2026-08-13T11:24:32.856546Z",
                "effective_timeout_ms": 1800000,
                "execution_elapsed_ms": null,
                "execution_started_at": null,
                "execution_timeout_ms": 120000,
                "job_submission_deadline": "2026-08-13T11:24:32.856546Z",
                "phase": "queue",
                "queue_timeout_ms": 1800000,
                "queue_wait_ms": 0,
                "total_elapsed_ms": 0
              }
            },
            "updated_at": "2026-08-13T10:54:32.856546Z",
            "worker_id": null
          }
        },
        "status": "queued"
      },
      "requires_confirmation": false
    },
    {
      "index": 2,
      "action": "job_wait",
      "risk": "normal",
      "status": "executed",
      "payload": {
        "interval_ms": 1000,
        "job_id": "8aafaf5a3d4a787d",
        "max_total_timeout_ms": 3600000,
        "resume_policy": "server_deadline",
        "timeout_ms": 60000
      },
      "result_preview": {
        "job": {
          "created_at": "2026-08-13T10:54:32.856546Z",
          "execution_started_at": "2026-08-13T10:54:32.861515Z",
          "execution_timeout_ms": 120000,
          "iteration": 4,
          "job_id": "8aafaf5a3d4a787d",
          "message": "collecting nodal and elemental responses",
          "model_version_id": null,
          "progress": 1.0,
          "project_id": "c18184fedd88b54f",
          "queue_timeout_ms": 1800000,
          "residual": 0.2,
          "simulation_case_id": "fe46bb24ca3635fc",
          "status": "completed",
          "status_detail": {
            "active": false,
            "failure_class": null,
            "lifecycle": "terminal",
            "recoverable": false,
            "terminal": true,
            "timing": {
              "effective_deadline": "2026-08-13T10:56:32.861515Z",
              "effective_timeout_ms": 120000,
              "execution_elapsed_ms": 1019,
              "execution_started_at": "2026-08-13T10:54:32.861515Z",
              "execution_timeout_ms": 120000,
              "job_submission_deadline": "2026-08-13T11:24:32.856546Z",
              "phase": "execution",
              "queue_timeout_ms": 1800000,
              "queue_wait_ms": 4,
              "total_elapsed_ms": 1024
            }
          },
          "updated_at": "2026-08-13T10:54:33.880724Z",
          "worker_id": "rust-agent-rpc@127.0.0.1:5001"
        },
        "job_id": "8aafaf5a3d4a787d",
        "progress": 1.0,
        "raw": {
          "job": {
            "created_at": "2026-08-13T10:54:32.856546Z",
            "execution_started_at": "2026-08-13T10:54:32.861515Z",
            "execution_timeout_ms": 120000,
            "iteration": 4,
            "job_id": "8aafaf5a3d4a787d",
            "message": "collecting nodal and elemental responses",
            "model_version_id": null,
            "progress": 1.0,
            "project_id": "c18184fedd88b54f",
            "queue_timeout_ms": 1800000,
            "residual": 0.2,
            "simulation_case_id": "fe46bb24ca3635fc",
            "status": "completed",
            "status_detail": {
              "active": false,
              "failure_class": null,
              "lifecycle": "terminal",
              "recoverable": false,
              "terminal": true,
              "timing": {
                "effective_deadline": "2026-08-13T10:56:32.861515Z",
                "effective_timeout_ms": 120000,
                "execution_elapsed_ms": 1019,
                "execution_started_at": "2026-08-13T10:54:32.861515Z",
                "execution_timeout_ms": 120000,
                "job_submission_deadline": "2026-08-13T11:24:32.856546Z",
                "phase": "execution",
                "queue_timeout_ms": 1800000,
                "queue_wait_ms": 4,
                "total_elapsed_ms": 1024
              }
            },
            "updated_at": "2026-08-13T10:54:33.880724Z",
            "worker_id": "rust-agent-rpc@127.0.0.1:5001"
          }
        },
        "result": null,
        "status": "completed",
        "wait": {
          "elapsed_ms": 2029,
          "policy": "server_deadline",
          "poll_attempts": 3,
          "resume_count": 0
        }
      },
      "requires_confirmation": false
    },
    {
      "index": 3,
      "action": "result_fetch",
      "risk": "normal",
      "status": "executed",
      "payload": {
        "job_id": "8aafaf5a3d4a787d"
      },
      "result_preview": {
        "job": {
          "created_at": "2026-08-13T10:54:32.856546Z",
          "execution_started_at": "2026-08-13T10:54:32.861515Z",
          "execution_timeout_ms": 120000,
          "has_result": true,
          "iteration": 4,
          "job_id": "8aafaf5a3d4a787d",
          "message": "collecting nodal and elemental responses",
          "model_version_id": null,
          "progress": 1.0,
          "project_id": "c18184fedd88b54f",
          "queue_timeout_ms": 1800000,
          "residual": 0.2,
          "simulation_case_id": "fe46bb24ca3635fc",
          "status": "completed",
          "status_detail": {
            "active": false,
            "failure_class": null,
            "lifecycle": "terminal",
            "recoverable": false,
            "terminal": true,
            "timing": {
              "effective_deadline": "2026-08-13T10:56:32.861515Z",
              "effective_timeout_ms": 120000,
              "execution_elapsed_ms": 1019,
              "execution_started_at": "2026-08-13T10:54:32.861515Z",
              "execution_timeout_ms": 120000,
              "job_submission_deadline": "2026-08-13T11:24:32.856546Z",
              "phase": "execution",
              "queue_timeout_ms": 1800000,
              "queue_wait_ms": 4,
              "total_elapsed_ms": 1024
            }
          },
          "updated_at": "2026-08-13T10:54:33.880724Z",
          "worker_id": "rust-agent-rpc@127.0.0.1:5001"
        },
        "job_id": "8aafaf5a3d4a787d",
        "result": {
          "elements": [
            {
              "area": 0.0008,
              "average_potential": 760.5,
              "electric_energy_density": 0.021763868677071335,
              "electric_field_magnitude": 38025.0,
              "electric_field_x": -38025.0,
              "electric_field_y": -0.0,
              "electric_flux_density_magnitude": 1.144713671377848e-6,
              "electric_flux_density_x": -1.144713671377848e-6,
              "electric_flux_density_y": -0.0,
              "id": "dielectric_polyimide_film",
              "index": 0,
              "node_i": 0,
              "node_j": 1,
              "node_k": 2,
              "node_l": 3,
              "potential_gradient_x": 38025.0,
              "potential_gradient_y": 0.0,
              "stored_energy": 1.7411094941657072e-8
            }
          ],
          "input": {
            "elements": [
              {
                "id": "dielectric_polyimide_film",
                "node_i": 0,
                "node_j": 1,
                "node_k": 2,
                "node_l": 3,
                "permittivity": 3.010423856352e-11,
                "thickness": 0.001
              }
            ],
            "nodes": [
              {
                "charge_density": 0.0,
                "fix_potential": true,
                "id": "ground_left_bottom",
                "potential": 0.0,
                "x": 0.0,
                "y": 0.0
              },
              {
                "charge_density": 0.0,
                "fix_potential": true,
                "id": "drive_right_bottom",
                "potential": 1521.0,
                "x": 0.04,
                "y": 0.0
              },
              {
                "charge_density": 0.0,
                "fix_potential": true,
                "id": "drive_right_top",
                "potential": 1521.0,
                "x": 0.04,
                "y": 0.02
              },
              {
                "charge_density": 0.0,
                "fix_potential": true,
                "id": "ground_left_top",
                "potential": 0.0,
                "x": 0.0,
                "y": 0.02
              }
            ]
          },
          "max_electric_energy_density": 0.021763868677071335,
          "max_electric_field": 38025.0,
          "max_flux_density": 1.144713671377848e-6,
          "max_potential": 1521.0,
          "nodes": [
            {
              "charge_density": 0.0,
              "id": "ground_left_bottom",
              "index": 0,
              "potential": 0.0,
              "x": 0.0,
              "y": 0.0
            },
            {
              "charge_density": 0.0,
              "id": "drive_right_bottom",
              "index": 1,
              "potential": 1521.0,
              "x": 0.04,
              "y": 0.0
            },
            {
              "charge_density": 0.0,
              "id": "drive_right_top",
              "index": 2,
              "potential": 1521.0,
              "x": 0.04,
              "y": 0.02
            },
            {
              "charge_density": 0.0,
              "id": "ground_left_top",
              "index": 3,
              "potential": 0.0,
              "x": 0.0,
              "y": 0.02
            }
          ],
          "total_stored_energy": 1.7411094941657072e-8
        },
        "status": "completed"
      },
      "requires_confirmation": false
    },
    {
      "index": 4,
      "action": "solve_electrostatic_plane_quad_2d",
      "risk": "normal",
      "status": "executed",
      "payload": {
        "model": {
          "elements": [
            {
              "id": "dielectric_alumina_96",
              "node_i": 0,
              "node_j": 1,
              "node_k": 2,
              "node_l": 3,
              "permittivity": 8.677104056544001e-11,
              "thickness": 0.001
            }
          ],
          "nodes": [
            {
              "charge_density": 0.0,
              "fix_potential": true,
              "id": "ground_left_bottom",
              "potential": 0.0,
              "x": 0.0,
              "y": 0.0
            },
            {
              "charge_density": 0.0,
              "fix_potential": true,
              "id": "drive_right_bottom",
              "potential": 1521,
              "x": 0.04,
              "y": 0.0
            },
            {
              "charge_density": 0.0,
              "fix_potential": true,
              "id": "drive_right_top",
              "potential": 1521,
              "x": 0.04,
              "y": 0.02
            },
            {
              "charge_density": 0.0,
              "fix_potential": true,
              "id": "ground_left_top",
              "potential": 0.0,
              "x": 0.0,
              "y": 0.02
            }
          ]
        },
        "research": {
          "breakdown_field_v_m": 130000000.0,
          "candidate_id": "alumina_96",
          "candidate_label": "Alumina 96%",
          "dissipation_factor": 0.0002,
          "family": "ceramic",
          "note": "ceramic substrate candidate with low loss but high mass",
          "objective": "maximize electric breakdown margin with low loss and low mass",
          "relative_permittivity": 9.8,
          "study": "material.dielectric_screening.v1"
        }
      },
      "result_preview": {
        "job": {
          "created_at": "2026-08-13T10:54:34.903391Z",
          "execution_started_at": null,
          "execution_timeout_ms": 120000,
          "has_result": false,
          "iteration": null,
          "job_id": "470edcb3557c26f7",
          "message": null,
          "model_version_id": null,
          "progress": 0.0,
          "project_id": "116bd6b678ddc44f",
          "queue_timeout_ms": 1800000,
          "residual": null,
          "simulation_case_id": "f6b214ad55bc1fb7",
          "status": "queued",
          "status_detail": {
            "active": true,
            "failure_class": null,
            "lifecycle": "active",
            "recoverable": false,
            "terminal": false,
            "timing": {
              "effective_deadline": "2026-08-13T11:24:34.903391Z",
              "effective_timeout_ms": 1800000,
              "execution_elapsed_ms": null,
              "execution_started_at": null,
              "execution_timeout_ms": 120000,
              "job_submission_deadline": "2026-08-13T11:24:34.903391Z",
              "phase": "queue",
              "queue_timeout_ms": 1800000,
              "queue_wait_ms": 0,
              "total_elapsed_ms": 0
            }
          },
          "updated_at": "2026-08-13T10:54:34.903391Z",
          "worker_id": null
        },
        "job_id": "470edcb3557c26f7",
        "progress": 0.0,
        "raw": {
          "job": {
            "created_at": "2026-08-13T10:54:34.903391Z",
            "execution_started_at": null,
            "execution_timeout_ms": 120000,
            "has_result": false,
            "iteration": null,
            "job_id": "470edcb3557c26f7",
            "message": null,
            "model_version_id": null,
            "progress": 0.0,
            "project_id": "116bd6b678ddc44f",
            "queue_timeout_ms": 1800000,
            "residual": null,
            "simulation_case_id": "f6b214ad55bc1fb7",
            "status": "queued",
            "status_detail": {
              "active": true,
              "failure_class": null,
              "lifecycle": "active",
              "recoverable": false,
              "terminal": false,
              "timing": {
                "effective_deadline": "2026-08-13T11:24:34.903391Z",
                "effective_timeout_ms": 1800000,
                "execution_elapsed_ms": null,
                "execution_started_at": null,
                "execution_timeout_ms": 120000,
                "job_submission_deadline": "2026-08-13T11:24:34.903391Z",
                "phase": "queue",
                "queue_timeout_ms": 1800000,
                "queue_wait_ms": 0,
                "total_elapsed_ms": 0
              }
            },
            "updated_at": "2026-08-13T10:54:34.903391Z",
            "worker_id": null
          }
        },
        "status": "queued"
      },
      "requires_confirmation": false
    },
    {
      "index": 5,
      "action": "job_wait",
      "risk": "normal",
      "status": "executed",
      "payload": {
        "interval_ms": 1000,
        "job_id": "470edcb3557c26f7",
        "max_total_timeout_ms": 3600000,
        "resume_policy": "server_deadline",
        "timeout_ms": 60000
      },
      "result_preview": {
        "job": {
          "created_at": "2026-08-13T10:54:34.903391Z",
          "execution_started_at": "2026-08-13T10:54:34.912256Z",
          "execution_timeout_ms": 120000,
          "iteration": 4,
          "job_id": "470edcb3557c26f7",
          "message": "collecting nodal and elemental responses",
          "model_version_id": null,
          "progress": 1.0,
          "project_id": "116bd6b678ddc44f",
          "queue_timeout_ms": 1800000,
          "residual": 0.2,
          "simulation_case_id": "f6b214ad55bc1fb7",
          "status": "completed",
          "status_detail": {
            "active": false,
            "failure_class": null,
            "lifecycle": "terminal",
            "recoverable": false,
            "terminal": true,
            "timing": {
              "effective_deadline": "2026-08-13T10:56:34.912256Z",
              "effective_timeout_ms": 120000,
              "execution_elapsed_ms": 1017,
              "execution_started_at": "2026-08-13T10:54:34.912256Z",
              "execution_timeout_ms": 120000,
              "job_submission_deadline": "2026-08-13T11:24:34.903391Z",
              "phase": "execution",
              "queue_timeout_ms": 1800000,
              "queue_wait_ms": 8,
              "total_elapsed_ms": 1026
            }
          },
          "updated_at": "2026-08-13T10:54:35.929908Z",
          "worker_id": "rust-agent-rpc@127.0.0.1:5002"
        },
        "job_id": "470edcb3557c26f7",
        "progress": 1.0,
        "raw": {
          "job": {
            "created_at": "2026-08-13T10:54:34.903391Z",
            "execution_started_at": "2026-08-13T10:54:34.912256Z",
            "execution_timeout_ms": 120000,
            "iteration": 4,
            "job_id": "470edcb3557c26f7",
            "message": "collecting nodal and elemental responses",
            "model_version_id": null,
            "progress": 1.0,
            "project_id": "116bd6b678ddc44f",
            "queue_timeout_ms": 1800000,
            "residual": 0.2,
            "simulation_case_id": "f6b214ad55bc1fb7",
            "status": "completed",
            "status_detail": {
              "active": false,
              "failure_class": null,
              "lifecycle": "terminal",
              "recoverable": false,
              "terminal": true,
              "timing": {
                "effective_deadline": "2026-08-13T10:56:34.912256Z",
                "effective_timeout_ms": 120000,
                "execution_elapsed_ms": 1017,
                "execution_started_at": "2026-08-13T10:54:34.912256Z",
                "execution_timeout_ms": 120000,
                "job_submission_deadline": "2026-08-13T11:24:34.903391Z",
                "phase": "execution",
                "queue_timeout_ms": 1800000,
                "queue_wait_ms": 8,
                "total_elapsed_ms": 1026
              }
            },
            "updated_at": "2026-08-13T10:54:35.929908Z",
            "worker_id": "rust-agent-rpc@127.0.0.1:5002"
          }
        },
        "result": null,
        "status": "completed",
        "wait": {
          "elapsed_ms": 2023,
          "policy": "server_deadline",
          "poll_attempts": 3,
          "resume_count": 0
        }
      },
      "requires_confirmation": false
    },
    {
      "index": 6,
      "action": "result_fetch",
      "risk": "normal",
      "status": "executed",
      "payload": {
        "job_id": "470edcb3557c26f7"
      },
      "result_preview": {
        "job": {
          "created_at": "2026-08-13T10:54:34.903391Z",
          "execution_started_at": "2026-08-13T10:54:34.912256Z",
          "execution_timeout_ms": 120000,
          "has_result": true,
          "iteration": 4,
          "job_id": "470edcb3557c26f7",
          "message": "collecting nodal and elemental responses",
          "model_version_id": null,
          "progress": 1.0,
          "project_id": "116bd6b678ddc44f",
          "queue_timeout_ms": 1800000,
          "residual": 0.2,
          "simulation_case_id": "f6b214ad55bc1fb7",
          "status": "completed",
          "status_detail": {
            "active": false,
            "failure_class": null,
            "lifecycle": "terminal",
            "recoverable": false,
            "terminal": true,
            "timing": {
              "effective_deadline": "2026-08-13T10:56:34.912256Z",
              "effective_timeout_ms": 120000,
              "execution_elapsed_ms": 1017,
              "execution_started_at": "2026-08-13T10:54:34.912256Z",
              "execution_timeout_ms": 120000,
              "job_submission_deadline": "2026-08-13T11:24:34.903391Z",
              "phase": "execution",
              "queue_timeout_ms": 1800000,
              "queue_wait_ms": 8,
              "total_elapsed_ms": 1026
            }
          },
          "updated_at": "2026-08-13T10:54:35.929908Z",
          "worker_id": "rust-agent-rpc@127.0.0.1:5002"
        },
        "job_id": "470edcb3557c26f7",
        "result": {
          "elements": [
            {
              "area": 0.0008,
              "average_potential": 760.5,
              "electric_energy_density": 0.06273115089273502,
              "electric_field_magnitude": 38025.0,
              "electric_field_x": -38025.0,
              "electric_field_y": -0.0,
              "electric_flux_density_magnitude": 3.2994688175008563e-6,
              "electric_flux_density_x": -3.2994688175008563e-6,
              "electric_flux_density_y": -0.0,
              "id": "dielectric_alumina_96",
              "index": 0,
              "node_i": 0,
              "node_j": 1,
              "node_k": 2,
              "node_l": 3,
              "potential_gradient_x": 38025.0,
              "potential_gradient_y": 0.0,
              "stored_energy": 5.018492071418802e-8
            }
          ],
          "input": {
            "elements": [
              {
                "id": "dielectric_alumina_96",
                "node_i": 0,
                "node_j": 1,
                "node_k": 2,
                "node_l": 3,
                "permittivity": 8.677104056544001e-11,
                "thickness": 0.001
              }
            ],
            "nodes": [
              {
                "charge_density": 0.0,
                "fix_potential": true,
                "id": "ground_left_bottom",
                "potential": 0.0,
                "x": 0.0,
                "y": 0.0
              },
              {
                "charge_density": 0.0,
                "fix_potential": true,
                "id": "drive_right_bottom",
                "potential": 1521.0,
                "x": 0.04,
                "y": 0.0
              },
              {
                "charge_density": 0.0,
                "fix_potential": true,
                "id": "drive_right_top",
                "potential": 1521.0,
                "x": 0.04,
                "y": 0.02
              },
              {
                "charge_density": 0.0,
                "fix_potential": true,
                "id": "ground_left_top",
                "potential": 0.0,
                "x": 0.0,
                "y": 0.02
              }
            ]
          },
          "max_electric_energy_density": 0.06273115089273502,
          "max_electric_field": 38025.0,
          "max_flux_density": 3.2994688175008563e-6,
          "max_potential": 1521.0,
          "nodes": [
            {
              "charge_density": 0.0,
              "id": "ground_left_bottom",
              "index": 0,
              "potential": 0.0,
              "x": 0.0,
              "y": 0.0
            },
            {
              "charge_density": 0.0,
              "id": "drive_right_bottom",
              "index": 1,
              "potential": 1521.0,
              "x": 0.04,
              "y": 0.0
            },
            {
              "charge_density": 0.0,
              "id": "drive_right_top",
              "index": 2,
              "potential": 1521.0,
              "x": 0.04,
              "y": 0.02
            },
            {
              "charge_density": 0.0,
              "id": "ground_left_top",
              "index": 3,
              "potential": 0.0,
              "x": 0.0,
              "y": 0.02
            }
          ],
          "total_stored_energy": 5.018492071418802e-8
        },
        "status": "completed"
      },
      "requires_confirmation": false
    },
    {
      "index": 7,
      "action": "solve_electrostatic_plane_quad_2d",
      "risk": "normal",
      "status": "executed",
      "payload": {
        "model": {
          "elements": [
            {
              "id": "dielectric_ptfe",
              "node_i": 0,
              "node_j": 1,
              "node_k": 2,
              "node_l": 3,
              "permittivity": 1.859379440688e-11,
              "thickness": 0.001
            }
          ],
          "nodes": [
            {
              "charge_density": 0.0,
              "fix_potential": true,
              "id": "ground_left_bottom",
              "potential": 0.0,
              "x": 0.0,
              "y": 0.0
            },
            {
              "charge_density": 0.0,
              "fix_potential": true,
              "id": "drive_right_bottom",
              "potential": 1521,
              "x": 0.04,
              "y": 0.0
            },
            {
              "charge_density": 0.0,
              "fix_potential": true,
              "id": "drive_right_top",
              "potential": 1521,
              "x": 0.04,
              "y": 0.02
            },
            {
              "charge_density": 0.0,
              "fix_potential": true,
              "id": "ground_left_top",
              "potential": 0.0,
              "x": 0.0,
              "y": 0.02
            }
          ]
        },
        "research": {
          "breakdown_field_v_m": 60000000.0,
          "candidate_id": "ptfe",
          "candidate_label": "PTFE",
          "dissipation_factor": 0.0002,
          "family": "polymer",
          "note": "low-loss polymer candidate with weaker breakdown margin",
          "objective": "maximize electric breakdown margin with low loss and low mass",
          "relative_permittivity": 2.1,
          "study": "material.dielectric_screening.v1"
        }
      },
      "result_preview": {
        "job": {
          "created_at": "2026-08-13T10:54:36.948641Z",
          "execution_started_at": null,
          "execution_timeout_ms": 120000,
          "has_result": false,
          "iteration": null,
          "job_id": "c77a1a4c208d0157",
          "message": null,
          "model_version_id": null,
          "progress": 0.0,
          "project_id": "74c4f2498badb193",
          "queue_timeout_ms": 1800000,
          "residual": null,
          "simulation_case_id": "2bd1be2b9a3d2d91",
          "status": "queued",
          "status_detail": {
            "active": true,
            "failure_class": null,
            "lifecycle": "active",
            "recoverable": false,
            "terminal": false,
            "timing": {
              "effective_deadline": "2026-08-13T11:24:36.948641Z",
              "effective_timeout_ms": 1800000,
              "execution_elapsed_ms": null,
              "execution_started_at": null,
              "execution_timeout_ms": 120000,
              "job_submission_deadline": "2026-08-13T11:24:36.948641Z",
              "phase": "queue",
              "queue_timeout_ms": 1800000,
              "queue_wait_ms": 0,
              "total_elapsed_ms": 0
            }
          },
          "updated_at": "2026-08-13T10:54:36.948641Z",
          "worker_id": null
        },
        "job_id": "c77a1a4c208d0157",
        "progress": 0.0,
        "raw": {
          "job": {
            "created_at": "2026-08-13T10:54:36.948641Z",
            "execution_started_at": null,
            "execution_timeout_ms": 120000,
            "has_result": false,
            "iteration": null,
            "job_id": "c77a1a4c208d0157",
            "message": null,
            "model_version_id": null,
            "progress": 0.0,
            "project_id": "74c4f2498badb193",
            "queue_timeout_ms": 1800000,
            "residual": null,
            "simulation_case_id": "2bd1be2b9a3d2d91",
            "status": "queued",
            "status_detail": {
              "active": true,
              "failure_class": null,
              "lifecycle": "active",
              "recoverable": false,
              "terminal": false,
              "timing": {
                "effective_deadline": "2026-08-13T11:24:36.948641Z",
                "effective_timeout_ms": 1800000,
                "execution_elapsed_ms": null,
                "execution_started_at": null,
                "execution_timeout_ms": 120000,
                "job_submission_deadline": "2026-08-13T11:24:36.948641Z",
                "phase": "queue",
                "queue_timeout_ms": 1800000,
                "queue_wait_ms": 0,
                "total_elapsed_ms": 0
              }
            },
            "updated_at": "2026-08-13T10:54:36.948641Z",
            "worker_id": null
          }
        },
        "status": "queued"
      },
      "requires_confirmation": false
    },
    {
      "index": 8,
      "action": "job_wait",
      "risk": "normal",
      "status": "executed",
      "payload": {
        "interval_ms": 1000,
        "job_id": "c77a1a4c208d0157",
        "max_total_timeout_ms": 3600000,
        "resume_policy": "server_deadline",
        "timeout_ms": 60000
      },
      "result_preview": {
        "job": {
          "created_at": "2026-08-13T10:54:36.948641Z",
          "execution_started_at": "2026-08-13T10:54:36.952003Z",
          "execution_timeout_ms": 120000,
          "iteration": 4,
          "job_id": "c77a1a4c208d0157",
          "message": "collecting nodal and elemental responses",
          "model_version_id": null,
          "progress": 1.0,
          "project_id": "74c4f2498badb193",
          "queue_timeout_ms": 1800000,
          "residual": 0.2,
          "simulation_case_id": "2bd1be2b9a3d2d91",
          "status": "completed",
          "status_detail": {
            "active": false,
            "failure_class": null,
            "lifecycle": "terminal",
            "recoverable": false,
            "terminal": true,
            "timing": {
              "effective_deadline": "2026-08-13T10:56:36.952003Z",
              "effective_timeout_ms": 120000,
              "execution_elapsed_ms": 1016,
              "execution_started_at": "2026-08-13T10:54:36.952003Z",
              "execution_timeout_ms": 120000,
              "job_submission_deadline": "2026-08-13T11:24:36.948641Z",
              "phase": "execution",
              "queue_timeout_ms": 1800000,
              "queue_wait_ms": 3,
              "total_elapsed_ms": 1020
            }
          },
          "updated_at": "2026-08-13T10:54:37.968771Z",
          "worker_id": "rust-agent-rpc@127.0.0.1:5001"
        },
        "job_id": "c77a1a4c208d0157",
        "progress": 1.0,
        "raw": {
          "job": {
            "created_at": "2026-08-13T10:54:36.948641Z",
            "execution_started_at": "2026-08-13T10:54:36.952003Z",
            "execution_timeout_ms": 120000,
            "iteration": 4,
            "job_id": "c77a1a4c208d0157",
            "message": "collecting nodal and elemental responses",
            "model_version_id": null,
            "progress": 1.0,
            "project_id": "74c4f2498badb193",
            "queue_timeout_ms": 1800000,
            "residual": 0.2,
            "simulation_case_id": "2bd1be2b9a3d2d91",
            "status": "completed",
            "status_detail": {
              "active": false,
              "failure_class": null,
              "lifecycle": "terminal",
              "recoverable": false,
              "terminal": true,
              "timing": {
                "effective_deadline": "2026-08-13T10:56:36.952003Z",
                "effective_timeout_ms": 120000,
                "execution_elapsed_ms": 1016,
                "execution_started_at": "2026-08-13T10:54:36.952003Z",
                "execution_timeout_ms": 120000,
                "job_submission_deadline": "2026-08-13T11:24:36.948641Z",
                "phase": "execution",
                "queue_timeout_ms": 1800000,
                "queue_wait_ms": 3,
                "total_elapsed_ms": 1020
              }
            },
            "updated_at": "2026-08-13T10:54:37.968771Z",
            "worker_id": "rust-agent-rpc@127.0.0.1:5001"
          }
        },
        "result": null,
        "status": "completed",
        "wait": {
          "elapsed_ms": 2027,
          "policy": "server_deadline",
          "poll_attempts": 3,
          "resume_count": 0
        }
      },
      "requires_confirmation": false
    },
    {
      "index": 9,
      "action": "result_fetch",
      "risk": "normal",
      "status": "executed",
      "payload": {
        "job_id": "c77a1a4c208d0157"
      },
      "result_preview": {
        "job": {
          "created_at": "2026-08-13T10:54:36.948641Z",
          "execution_started_at": "2026-08-13T10:54:36.952003Z",
          "execution_timeout_ms": 120000,
          "has_result": true,
          "iteration": 4,
          "job_id": "c77a1a4c208d0157",
          "message": "collecting nodal and elemental responses",
          "model_version_id": null,
          "progress": 1.0,
          "project_id": "74c4f2498badb193",
          "queue_timeout_ms": 1800000,
          "residual": 0.2,
          "simulation_case_id": "2bd1be2b9a3d2d91",
          "status": "completed",
          "status_detail": {
            "active": false,
            "failure_class": null,
            "lifecycle": "terminal",
            "recoverable": false,
            "terminal": true,
            "timing": {
              "effective_deadline": "2026-08-13T10:56:36.952003Z",
              "effective_timeout_ms": 120000,
              "execution_elapsed_ms": 1016,
              "execution_started_at": "2026-08-13T10:54:36.952003Z",
              "execution_timeout_ms": 120000,
              "job_submission_deadline": "2026-08-13T11:24:36.948641Z",
              "phase": "execution",
              "queue_timeout_ms": 1800000,
              "queue_wait_ms": 3,
              "total_elapsed_ms": 1020
            }
          },
          "updated_at": "2026-08-13T10:54:37.968771Z",
          "worker_id": "rust-agent-rpc@127.0.0.1:5001"
        },
        "job_id": "c77a1a4c208d0157",
        "result": {
          "elements": [
            {
              "area": 0.0008,
              "average_potential": 760.5,
              "electric_energy_density": 0.013442389477014647,
              "electric_field_magnitude": 38025.0,
              "electric_field_x": -38025.0,
              "electric_field_y": -0.0,
              "electric_flux_density_magnitude": 7.07029032321612e-7,
              "electric_flux_density_x": -7.07029032321612e-7,
              "electric_flux_density_y": -0.0,
              "id": "dielectric_ptfe",
              "index": 0,
              "node_i": 0,
              "node_j": 1,
              "node_k": 2,
              "node_l": 3,
              "potential_gradient_x": 38025.0,
              "potential_gradient_y": 0.0,
              "stored_energy": 1.075391158161172e-8
            }
          ],
          "input": {
            "elements": [
              {
                "id": "dielectric_ptfe",
                "node_i": 0,
                "node_j": 1,
                "node_k": 2,
                "node_l": 3,
                "permittivity": 1.859379440688e-11,
                "thickness": 0.001
              }
            ],
            "nodes": [
              {
                "charge_density": 0.0,
                "fix_potential": true,
                "id": "ground_left_bottom",
                "potential": 0.0,
                "x": 0.0,
                "y": 0.0
              },
              {
                "charge_density": 0.0,
                "fix_potential": true,
                "id": "drive_right_bottom",
                "potential": 1521.0,
                "x": 0.04,
                "y": 0.0
              },
              {
                "charge_density": 0.0,
                "fix_potential": true,
                "id": "drive_right_top",
                "potential": 1521.0,
                "x": 0.04,
                "y": 0.02
              },
              {
                "charge_density": 0.0,
                "fix_potential": true,
                "id": "ground_left_top",
                "potential": 0.0,
                "x": 0.0,
                "y": 0.02
              }
            ]
          },
          "max_electric_energy_density": 0.013442389477014647,
          "max_electric_field": 38025.0,
          "max_flux_density": 7.07029032321612e-7,
          "max_potential": 1521.0,
          "nodes": [
            {
              "charge_density": 0.0,
              "id": "ground_left_bottom",
              "index": 0,
              "potential": 0.0,
              "x": 0.0,
              "y": 0.0
            },
            {
              "charge_density": 0.0,
              "id": "drive_right_bottom",
              "index": 1,
              "potential": 1521.0,
              "x": 0.04,
              "y": 0.0
            },
            {
              "charge_density": 0.0,
              "id": "drive_right_top",
              "index": 2,
              "potential": 1521.0,
              "x": 0.04,
              "y": 0.02
            },
            {
              "charge_density": 0.0,
              "id": "ground_left_top",
              "index": 3,
              "potential": 0.0,
              "x": 0.0,
              "y": 0.02
            }
          ],
          "total_stored_energy": 1.075391158161172e-8
        },
        "status": "completed"
      },
      "requires_confirmation": false
    }
  ]
}
