{
  "schema_version": "kyuubiki.headless-execution-run/v1",
  "workflow_id": "template.material_dielectric_screening",
  "mode": "execute:service",
  "status": "ok",
  "executed_step_count": 9,
  "warning_count": 0,
  "blocked_by_confirmation": null,
  "validation": {
    "ok": true,
    "issue_count": 0,
    "issues": [],
    "warning_count": 0,
    "warnings": [],
    "summary": {
      "schema_version": "kyuubiki.headless-execution-batch/v1",
      "workflow_id": "template.material_dielectric_screening",
      "template_id": "material_dielectric_screening",
      "exported_at": "1970-01-01T00:00:00.000Z",
      "language": "en",
      "step_count": 9,
      "warning_count": 0,
      "actions": [
        "solve_electrostatic_plane_quad_2d",
        "job_wait",
        "result_fetch",
        "solve_electrostatic_plane_quad_2d",
        "job_wait",
        "result_fetch",
        "solve_electrostatic_plane_quad_2d",
        "job_wait",
        "result_fetch"
      ]
    },
    "policy": {
      "required_engines": [
        "service"
      ],
      "engine_counts": {
        "service": 9,
        "browser": 0
      },
      "risk_counts": {
        "normal": 9,
        "sensitive": 0,
        "destructive": 0
      },
      "recommended_runtime": "service_only",
      "needs_desktop_browser": false,
      "safe_for_service_only": true,
      "notes": []
    }
  },
  "execution_summary": {
    "schema_version": "kyuubiki.headless-execution-summary/v1",
    "job_count": 3,
    "job_ids": [
      "34b980684ba9ae87",
      "f1359b6bb1ab5cae",
      "9743f6ffb5a15972"
    ],
    "jobs": [
      {
        "job_id": "34b980684ba9ae87",
        "status": "completed",
        "worker_id": "rust-agent-rpc@127.0.0.1:5002",
        "phase": "execution",
        "created_at": "2026-08-13T10:54:57.168265Z",
        "execution_started_at": "2026-08-13T10:54:57.171680Z",
        "updated_at": "2026-08-13T10:54:58.188410Z",
        "queue_wait_ms": 3,
        "execution_elapsed_ms": 1016,
        "total_elapsed_ms": 1020,
        "effective_timeout_ms": 120000,
        "effective_deadline": "2026-08-13T10:56:57.171680Z"
      },
      {
        "job_id": "f1359b6bb1ab5cae",
        "status": "completed",
        "worker_id": "rust-agent-rpc@127.0.0.1:5001",
        "phase": "execution",
        "created_at": "2026-08-13T10:54:59.209970Z",
        "execution_started_at": "2026-08-13T10:54:59.216264Z",
        "updated_at": "2026-08-13T10:55:00.233705Z",
        "queue_wait_ms": 6,
        "execution_elapsed_ms": 1017,
        "total_elapsed_ms": 1023,
        "effective_timeout_ms": 120000,
        "effective_deadline": "2026-08-13T10:56:59.216264Z"
      },
      {
        "job_id": "9743f6ffb5a15972",
        "status": "completed",
        "worker_id": "rust-agent-rpc@127.0.0.1:5002",
        "phase": "execution",
        "created_at": "2026-08-13T10:55:01.249655Z",
        "execution_started_at": "2026-08-13T10:55:01.254559Z",
        "updated_at": "2026-08-13T10:55:01.268396Z",
        "queue_wait_ms": 4,
        "execution_elapsed_ms": 13,
        "total_elapsed_ms": 18,
        "effective_timeout_ms": 120000,
        "effective_deadline": "2026-08-13T10:57:01.254559Z"
      }
    ],
    "failure": null
  },
  "steps": [
    {
      "index": 1,
      "action": "solve_electrostatic_plane_quad_2d",
      "risk": "normal",
      "status": "executed",
      "payload": {
        "model": {
          "elements": [
            {
              "id": "dielectric_polyimide_film",
              "node_i": 0,
              "node_j": 1,
              "node_k": 2,
              "node_l": 3,
              "permittivity": 3.010423856352e-11,
              "thickness": 0.001
            }
          ],
          "nodes": [
            {
              "charge_density": 0.0,
              "fix_potential": true,
              "id": "ground_left_bottom",
              "potential": 0.0,
              "x": 0.0,
              "y": 0.0
            },
            {
              "charge_density": 0.0,
              "fix_potential": true,
              "id": "drive_right_bottom",
              "potential": 3208,
              "x": 0.04,
              "y": 0.0
            },
            {
              "charge_density": 0.0,
              "fix_potential": true,
              "id": "drive_right_top",
              "potential": 3208,
              "x": 0.04,
              "y": 0.02
            },
            {
              "charge_density": 0.0,
              "fix_potential": true,
              "id": "ground_left_top",
              "potential": 0.0,
              "x": 0.0,
              "y": 0.02
            }
          ]
        },
        "research": {
          "breakdown_field_v_m": 300000000.0,
          "candidate_id": "polyimide_film",
          "candidate_label": "Polyimide film",
          "dissipation_factor": 0.002,
          "family": "polymer",
          "note": "flexible high-breakdown film baseline",
          "objective": "maximize electric breakdown margin with low loss and low mass",
          "relative_permittivity": 3.4,
          "study": "material.dielectric_screening.v1"
        }
      },
      "result_preview": {
        "job": {
          "created_at": "2026-08-13T10:54:57.168265Z",
          "execution_started_at": null,
          "execution_timeout_ms": 120000,
          "has_result": false,
          "iteration": null,
          "job_id": "34b980684ba9ae87",
          "message": null,
          "model_version_id": null,
          "progress": 0.0,
          "project_id": "62953a785bb7d701",
          "queue_timeout_ms": 1800000,
          "residual": null,
          "simulation_case_id": "df8439115b558173",
          "status": "queued",
          "status_detail": {
            "active": true,
            "failure_class": null,
            "lifecycle": "active",
            "recoverable": false,
            "terminal": false,
            "timing": {
              "effective_deadline": "2026-08-13T11:24:57.168265Z",
              "effective_timeout_ms": 1800000,
              "execution_elapsed_ms": null,
              "execution_started_at": null,
              "execution_timeout_ms": 120000,
              "job_submission_deadline": "2026-08-13T11:24:57.168265Z",
              "phase": "queue",
              "queue_timeout_ms": 1800000,
              "queue_wait_ms": 0,
              "total_elapsed_ms": 0
            }
          },
          "updated_at": "2026-08-13T10:54:57.168265Z",
          "worker_id": null
        },
        "job_id": "34b980684ba9ae87",
        "progress": 0.0,
        "raw": {
          "job": {
            "created_at": "2026-08-13T10:54:57.168265Z",
            "execution_started_at": null,
            "execution_timeout_ms": 120000,
            "has_result": false,
            "iteration": null,
            "job_id": "34b980684ba9ae87",
            "message": null,
            "model_version_id": null,
            "progress": 0.0,
            "project_id": "62953a785bb7d701",
            "queue_timeout_ms": 1800000,
            "residual": null,
            "simulation_case_id": "df8439115b558173",
            "status": "queued",
            "status_detail": {
              "active": true,
              "failure_class": null,
              "lifecycle": "active",
              "recoverable": false,
              "terminal": false,
              "timing": {
                "effective_deadline": "2026-08-13T11:24:57.168265Z",
                "effective_timeout_ms": 1800000,
                "execution_elapsed_ms": null,
                "execution_started_at": null,
                "execution_timeout_ms": 120000,
                "job_submission_deadline": "2026-08-13T11:24:57.168265Z",
                "phase": "queue",
                "queue_timeout_ms": 1800000,
                "queue_wait_ms": 0,
                "total_elapsed_ms": 0
              }
            },
            "updated_at": "2026-08-13T10:54:57.168265Z",
            "worker_id": null
          }
        },
        "status": "queued"
      },
      "requires_confirmation": false
    },
    {
      "index": 2,
      "action": "job_wait",
      "risk": "normal",
      "status": "executed",
      "payload": {
        "interval_ms": 1000,
        "job_id": "34b980684ba9ae87",
        "max_total_timeout_ms": 3600000,
        "resume_policy": "server_deadline",
        "timeout_ms": 60000
      },
      "result_preview": {
        "job": {
          "created_at": "2026-08-13T10:54:57.168265Z",
          "execution_started_at": "2026-08-13T10:54:57.171680Z",
          "execution_timeout_ms": 120000,
          "iteration": 4,
          "job_id": "34b980684ba9ae87",
          "message": "collecting nodal and elemental responses",
          "model_version_id": null,
          "progress": 1.0,
          "project_id": "62953a785bb7d701",
          "queue_timeout_ms": 1800000,
          "residual": 0.2,
          "simulation_case_id": "df8439115b558173",
          "status": "completed",
          "status_detail": {
            "active": false,
            "failure_class": null,
            "lifecycle": "terminal",
            "recoverable": false,
            "terminal": true,
            "timing": {
              "effective_deadline": "2026-08-13T10:56:57.171680Z",
              "effective_timeout_ms": 120000,
              "execution_elapsed_ms": 1016,
              "execution_started_at": "2026-08-13T10:54:57.171680Z",
              "execution_timeout_ms": 120000,
              "job_submission_deadline": "2026-08-13T11:24:57.168265Z",
              "phase": "execution",
              "queue_timeout_ms": 1800000,
              "queue_wait_ms": 3,
              "total_elapsed_ms": 1020
            }
          },
          "updated_at": "2026-08-13T10:54:58.188410Z",
          "worker_id": "rust-agent-rpc@127.0.0.1:5002"
        },
        "job_id": "34b980684ba9ae87",
        "progress": 1.0,
        "raw": {
          "job": {
            "created_at": "2026-08-13T10:54:57.168265Z",
            "execution_started_at": "2026-08-13T10:54:57.171680Z",
            "execution_timeout_ms": 120000,
            "iteration": 4,
            "job_id": "34b980684ba9ae87",
            "message": "collecting nodal and elemental responses",
            "model_version_id": null,
            "progress": 1.0,
            "project_id": "62953a785bb7d701",
            "queue_timeout_ms": 1800000,
            "residual": 0.2,
            "simulation_case_id": "df8439115b558173",
            "status": "completed",
            "status_detail": {
              "active": false,
              "failure_class": null,
              "lifecycle": "terminal",
              "recoverable": false,
              "terminal": true,
              "timing": {
                "effective_deadline": "2026-08-13T10:56:57.171680Z",
                "effective_timeout_ms": 120000,
                "execution_elapsed_ms": 1016,
                "execution_started_at": "2026-08-13T10:54:57.171680Z",
                "execution_timeout_ms": 120000,
                "job_submission_deadline": "2026-08-13T11:24:57.168265Z",
                "phase": "execution",
                "queue_timeout_ms": 1800000,
                "queue_wait_ms": 3,
                "total_elapsed_ms": 1020
              }
            },
            "updated_at": "2026-08-13T10:54:58.188410Z",
            "worker_id": "rust-agent-rpc@127.0.0.1:5002"
          }
        },
        "result": null,
        "status": "completed",
        "wait": {
          "elapsed_ms": 2028,
          "policy": "server_deadline",
          "poll_attempts": 3,
          "resume_count": 0
        }
      },
      "requires_confirmation": false
    },
    {
      "index": 3,
      "action": "result_fetch",
      "risk": "normal",
      "status": "executed",
      "payload": {
        "job_id": "34b980684ba9ae87"
      },
      "result_preview": {
        "job": {
          "created_at": "2026-08-13T10:54:57.168265Z",
          "execution_started_at": "2026-08-13T10:54:57.171680Z",
          "execution_timeout_ms": 120000,
          "has_result": true,
          "iteration": 4,
          "job_id": "34b980684ba9ae87",
          "message": "collecting nodal and elemental responses",
          "model_version_id": null,
          "progress": 1.0,
          "project_id": "62953a785bb7d701",
          "queue_timeout_ms": 1800000,
          "residual": 0.2,
          "simulation_case_id": "df8439115b558173",
          "status": "completed",
          "status_detail": {
            "active": false,
            "failure_class": null,
            "lifecycle": "terminal",
            "recoverable": false,
            "terminal": true,
            "timing": {
              "effective_deadline": "2026-08-13T10:56:57.171680Z",
              "effective_timeout_ms": 120000,
              "execution_elapsed_ms": 1016,
              "execution_started_at": "2026-08-13T10:54:57.171680Z",
              "execution_timeout_ms": 120000,
              "job_submission_deadline": "2026-08-13T11:24:57.168265Z",
              "phase": "execution",
              "queue_timeout_ms": 1800000,
              "queue_wait_ms": 3,
              "total_elapsed_ms": 1020
            }
          },
          "updated_at": "2026-08-13T10:54:58.188410Z",
          "worker_id": "rust-agent-rpc@127.0.0.1:5002"
        },
        "job_id": "34b980684ba9ae87",
        "result": {
          "elements": [
            {
              "area": 0.0008,
              "average_potential": 1604.0,
              "electric_energy_density": 0.09681583330505156,
              "electric_field_magnitude": 80199.99999999999,
              "electric_field_x": -80199.99999999999,
              "electric_field_y": -0.0,
              "electric_flux_density_magnitude": 2.4143599327943035e-6,
              "electric_flux_density_x": -2.4143599327943035e-6,
              "electric_flux_density_y": -0.0,
              "id": "dielectric_polyimide_film",
              "index": 0,
              "node_i": 0,
              "node_j": 1,
              "node_k": 2,
              "node_l": 3,
              "potential_gradient_x": 80199.99999999999,
              "potential_gradient_y": 0.0,
              "stored_energy": 7.745266664404125e-8
            }
          ],
          "input": {
            "elements": [
              {
                "id": "dielectric_polyimide_film",
                "node_i": 0,
                "node_j": 1,
                "node_k": 2,
                "node_l": 3,
                "permittivity": 3.010423856352e-11,
                "thickness": 0.001
              }
            ],
            "nodes": [
              {
                "charge_density": 0.0,
                "fix_potential": true,
                "id": "ground_left_bottom",
                "potential": 0.0,
                "x": 0.0,
                "y": 0.0
              },
              {
                "charge_density": 0.0,
                "fix_potential": true,
                "id": "drive_right_bottom",
                "potential": 3208.0,
                "x": 0.04,
                "y": 0.0
              },
              {
                "charge_density": 0.0,
                "fix_potential": true,
                "id": "drive_right_top",
                "potential": 3208.0,
                "x": 0.04,
                "y": 0.02
              },
              {
                "charge_density": 0.0,
                "fix_potential": true,
                "id": "ground_left_top",
                "potential": 0.0,
                "x": 0.0,
                "y": 0.02
              }
            ]
          },
          "max_electric_energy_density": 0.09681583330505156,
          "max_electric_field": 80199.99999999999,
          "max_flux_density": 2.4143599327943035e-6,
          "max_potential": 3208.0,
          "nodes": [
            {
              "charge_density": 0.0,
              "id": "ground_left_bottom",
              "index": 0,
              "potential": 0.0,
              "x": 0.0,
              "y": 0.0
            },
            {
              "charge_density": 0.0,
              "id": "drive_right_bottom",
              "index": 1,
              "potential": 3208.0,
              "x": 0.04,
              "y": 0.0
            },
            {
              "charge_density": 0.0,
              "id": "drive_right_top",
              "index": 2,
              "potential": 3208.0,
              "x": 0.04,
              "y": 0.02
            },
            {
              "charge_density": 0.0,
              "id": "ground_left_top",
              "index": 3,
              "potential": 0.0,
              "x": 0.0,
              "y": 0.02
            }
          ],
          "total_stored_energy": 7.745266664404125e-8
        },
        "status": "completed"
      },
      "requires_confirmation": false
    },
    {
      "index": 4,
      "action": "solve_electrostatic_plane_quad_2d",
      "risk": "normal",
      "status": "executed",
      "payload": {
        "model": {
          "elements": [
            {
              "id": "dielectric_alumina_96",
              "node_i": 0,
              "node_j": 1,
              "node_k": 2,
              "node_l": 3,
              "permittivity": 8.677104056544001e-11,
              "thickness": 0.001
            }
          ],
          "nodes": [
            {
              "charge_density": 0.0,
              "fix_potential": true,
              "id": "ground_left_bottom",
              "potential": 0.0,
              "x": 0.0,
              "y": 0.0
            },
            {
              "charge_density": 0.0,
              "fix_potential": true,
              "id": "drive_right_bottom",
              "potential": 3208,
              "x": 0.04,
              "y": 0.0
            },
            {
              "charge_density": 0.0,
              "fix_potential": true,
              "id": "drive_right_top",
              "potential": 3208,
              "x": 0.04,
              "y": 0.02
            },
            {
              "charge_density": 0.0,
              "fix_potential": true,
              "id": "ground_left_top",
              "potential": 0.0,
              "x": 0.0,
              "y": 0.02
            }
          ]
        },
        "research": {
          "breakdown_field_v_m": 130000000.0,
          "candidate_id": "alumina_96",
          "candidate_label": "Alumina 96%",
          "dissipation_factor": 0.0002,
          "family": "ceramic",
          "note": "ceramic substrate candidate with low loss but high mass",
          "objective": "maximize electric breakdown margin with low loss and low mass",
          "relative_permittivity": 9.8,
          "study": "material.dielectric_screening.v1"
        }
      },
      "result_preview": {
        "job": {
          "created_at": "2026-08-13T10:54:59.209970Z",
          "execution_started_at": null,
          "execution_timeout_ms": 120000,
          "has_result": false,
          "iteration": null,
          "job_id": "f1359b6bb1ab5cae",
          "message": null,
          "model_version_id": null,
          "progress": 0.0,
          "project_id": "93f3859b584c4ea0",
          "queue_timeout_ms": 1800000,
          "residual": null,
          "simulation_case_id": "705eca2c4e2048ba",
          "status": "queued",
          "status_detail": {
            "active": true,
            "failure_class": null,
            "lifecycle": "active",
            "recoverable": false,
            "terminal": false,
            "timing": {
              "effective_deadline": "2026-08-13T11:24:59.209970Z",
              "effective_timeout_ms": 1800000,
              "execution_elapsed_ms": null,
              "execution_started_at": null,
              "execution_timeout_ms": 120000,
              "job_submission_deadline": "2026-08-13T11:24:59.209970Z",
              "phase": "queue",
              "queue_timeout_ms": 1800000,
              "queue_wait_ms": 0,
              "total_elapsed_ms": 0
            }
          },
          "updated_at": "2026-08-13T10:54:59.209970Z",
          "worker_id": null
        },
        "job_id": "f1359b6bb1ab5cae",
        "progress": 0.0,
        "raw": {
          "job": {
            "created_at": "2026-08-13T10:54:59.209970Z",
            "execution_started_at": null,
            "execution_timeout_ms": 120000,
            "has_result": false,
            "iteration": null,
            "job_id": "f1359b6bb1ab5cae",
            "message": null,
            "model_version_id": null,
            "progress": 0.0,
            "project_id": "93f3859b584c4ea0",
            "queue_timeout_ms": 1800000,
            "residual": null,
            "simulation_case_id": "705eca2c4e2048ba",
            "status": "queued",
            "status_detail": {
              "active": true,
              "failure_class": null,
              "lifecycle": "active",
              "recoverable": false,
              "terminal": false,
              "timing": {
                "effective_deadline": "2026-08-13T11:24:59.209970Z",
                "effective_timeout_ms": 1800000,
                "execution_elapsed_ms": null,
                "execution_started_at": null,
                "execution_timeout_ms": 120000,
                "job_submission_deadline": "2026-08-13T11:24:59.209970Z",
                "phase": "queue",
                "queue_timeout_ms": 1800000,
                "queue_wait_ms": 0,
                "total_elapsed_ms": 0
              }
            },
            "updated_at": "2026-08-13T10:54:59.209970Z",
            "worker_id": null
          }
        },
        "status": "queued"
      },
      "requires_confirmation": false
    },
    {
      "index": 5,
      "action": "job_wait",
      "risk": "normal",
      "status": "executed",
      "payload": {
        "interval_ms": 1000,
        "job_id": "f1359b6bb1ab5cae",
        "max_total_timeout_ms": 3600000,
        "resume_policy": "server_deadline",
        "timeout_ms": 60000
      },
      "result_preview": {
        "job": {
          "created_at": "2026-08-13T10:54:59.209970Z",
          "execution_started_at": "2026-08-13T10:54:59.216264Z",
          "execution_timeout_ms": 120000,
          "iteration": 4,
          "job_id": "f1359b6bb1ab5cae",
          "message": "collecting nodal and elemental responses",
          "model_version_id": null,
          "progress": 1.0,
          "project_id": "93f3859b584c4ea0",
          "queue_timeout_ms": 1800000,
          "residual": 0.2,
          "simulation_case_id": "705eca2c4e2048ba",
          "status": "completed",
          "status_detail": {
            "active": false,
            "failure_class": null,
            "lifecycle": "terminal",
            "recoverable": false,
            "terminal": true,
            "timing": {
              "effective_deadline": "2026-08-13T10:56:59.216264Z",
              "effective_timeout_ms": 120000,
              "execution_elapsed_ms": 1017,
              "execution_started_at": "2026-08-13T10:54:59.216264Z",
              "execution_timeout_ms": 120000,
              "job_submission_deadline": "2026-08-13T11:24:59.209970Z",
              "phase": "execution",
              "queue_timeout_ms": 1800000,
              "queue_wait_ms": 6,
              "total_elapsed_ms": 1023
            }
          },
          "updated_at": "2026-08-13T10:55:00.233705Z",
          "worker_id": "rust-agent-rpc@127.0.0.1:5001"
        },
        "job_id": "f1359b6bb1ab5cae",
        "progress": 1.0,
        "raw": {
          "job": {
            "created_at": "2026-08-13T10:54:59.209970Z",
            "execution_started_at": "2026-08-13T10:54:59.216264Z",
            "execution_timeout_ms": 120000,
            "iteration": 4,
            "job_id": "f1359b6bb1ab5cae",
            "message": "collecting nodal and elemental responses",
            "model_version_id": null,
            "progress": 1.0,
            "project_id": "93f3859b584c4ea0",
            "queue_timeout_ms": 1800000,
            "residual": 0.2,
            "simulation_case_id": "705eca2c4e2048ba",
            "status": "completed",
            "status_detail": {
              "active": false,
              "failure_class": null,
              "lifecycle": "terminal",
              "recoverable": false,
              "terminal": true,
              "timing": {
                "effective_deadline": "2026-08-13T10:56:59.216264Z",
                "effective_timeout_ms": 120000,
                "execution_elapsed_ms": 1017,
                "execution_started_at": "2026-08-13T10:54:59.216264Z",
                "execution_timeout_ms": 120000,
                "job_submission_deadline": "2026-08-13T11:24:59.209970Z",
                "phase": "execution",
                "queue_timeout_ms": 1800000,
                "queue_wait_ms": 6,
                "total_elapsed_ms": 1023
              }
            },
            "updated_at": "2026-08-13T10:55:00.233705Z",
            "worker_id": "rust-agent-rpc@127.0.0.1:5001"
          }
        },
        "result": null,
        "status": "completed",
        "wait": {
          "elapsed_ms": 2026,
          "policy": "server_deadline",
          "poll_attempts": 3,
          "resume_count": 0
        }
      },
      "requires_confirmation": false
    },
    {
      "index": 6,
      "action": "result_fetch",
      "risk": "normal",
      "status": "executed",
      "payload": {
        "job_id": "f1359b6bb1ab5cae"
      },
      "result_preview": {
        "job": {
          "created_at": "2026-08-13T10:54:59.209970Z",
          "execution_started_at": "2026-08-13T10:54:59.216264Z",
          "execution_timeout_ms": 120000,
          "has_result": true,
          "iteration": 4,
          "job_id": "f1359b6bb1ab5cae",
          "message": "collecting nodal and elemental responses",
          "model_version_id": null,
          "progress": 1.0,
          "project_id": "93f3859b584c4ea0",
          "queue_timeout_ms": 1800000,
          "residual": 0.2,
          "simulation_case_id": "705eca2c4e2048ba",
          "status": "completed",
          "status_detail": {
            "active": false,
            "failure_class": null,
            "lifecycle": "terminal",
            "recoverable": false,
            "terminal": true,
            "timing": {
              "effective_deadline": "2026-08-13T10:56:59.216264Z",
              "effective_timeout_ms": 120000,
              "execution_elapsed_ms": 1017,
              "execution_started_at": "2026-08-13T10:54:59.216264Z",
              "execution_timeout_ms": 120000,
              "job_submission_deadline": "2026-08-13T11:24:59.209970Z",
              "phase": "execution",
              "queue_timeout_ms": 1800000,
              "queue_wait_ms": 6,
              "total_elapsed_ms": 1023
            }
          },
          "updated_at": "2026-08-13T10:55:00.233705Z",
          "worker_id": "rust-agent-rpc@127.0.0.1:5001"
        },
        "job_id": "f1359b6bb1ab5cae",
        "result": {
          "elements": [
            {
              "area": 0.0008,
              "average_potential": 1604.0,
              "electric_energy_density": 0.27905740187926625,
              "electric_field_magnitude": 80199.99999999999,
              "electric_field_x": -80199.99999999999,
              "electric_field_y": -0.0,
              "electric_flux_density_magnitude": 6.959037453348287e-6,
              "electric_flux_density_x": -6.959037453348287e-6,
              "electric_flux_density_y": -0.0,
              "id": "dielectric_alumina_96",
              "index": 0,
              "node_i": 0,
              "node_j": 1,
              "node_k": 2,
              "node_l": 3,
              "potential_gradient_x": 80199.99999999999,
              "potential_gradient_y": 0.0,
              "stored_energy": 2.2324592150341306e-7
            }
          ],
          "input": {
            "elements": [
              {
                "id": "dielectric_alumina_96",
                "node_i": 0,
                "node_j": 1,
                "node_k": 2,
                "node_l": 3,
                "permittivity": 8.677104056544001e-11,
                "thickness": 0.001
              }
            ],
            "nodes": [
              {
                "charge_density": 0.0,
                "fix_potential": true,
                "id": "ground_left_bottom",
                "potential": 0.0,
                "x": 0.0,
                "y": 0.0
              },
              {
                "charge_density": 0.0,
                "fix_potential": true,
                "id": "drive_right_bottom",
                "potential": 3208.0,
                "x": 0.04,
                "y": 0.0
              },
              {
                "charge_density": 0.0,
                "fix_potential": true,
                "id": "drive_right_top",
                "potential": 3208.0,
                "x": 0.04,
                "y": 0.02
              },
              {
                "charge_density": 0.0,
                "fix_potential": true,
                "id": "ground_left_top",
                "potential": 0.0,
                "x": 0.0,
                "y": 0.02
              }
            ]
          },
          "max_electric_energy_density": 0.27905740187926625,
          "max_electric_field": 80199.99999999999,
          "max_flux_density": 6.959037453348287e-6,
          "max_potential": 3208.0,
          "nodes": [
            {
              "charge_density": 0.0,
              "id": "ground_left_bottom",
              "index": 0,
              "potential": 0.0,
              "x": 0.0,
              "y": 0.0
            },
            {
              "charge_density": 0.0,
              "id": "drive_right_bottom",
              "index": 1,
              "potential": 3208.0,
              "x": 0.04,
              "y": 0.0
            },
            {
              "charge_density": 0.0,
              "id": "drive_right_top",
              "index": 2,
              "potential": 3208.0,
              "x": 0.04,
              "y": 0.02
            },
            {
              "charge_density": 0.0,
              "id": "ground_left_top",
              "index": 3,
              "potential": 0.0,
              "x": 0.0,
              "y": 0.02
            }
          ],
          "total_stored_energy": 2.2324592150341306e-7
        },
        "status": "completed"
      },
      "requires_confirmation": false
    },
    {
      "index": 7,
      "action": "solve_electrostatic_plane_quad_2d",
      "risk": "normal",
      "status": "executed",
      "payload": {
        "model": {
          "elements": [
            {
              "id": "dielectric_ptfe",
              "node_i": 0,
              "node_j": 1,
              "node_k": 2,
              "node_l": 3,
              "permittivity": 1.859379440688e-11,
              "thickness": 0.001
            }
          ],
          "nodes": [
            {
              "charge_density": 0.0,
              "fix_potential": true,
              "id": "ground_left_bottom",
              "potential": 0.0,
              "x": 0.0,
              "y": 0.0
            },
            {
              "charge_density": 0.0,
              "fix_potential": true,
              "id": "drive_right_bottom",
              "potential": 3208,
              "x": 0.04,
              "y": 0.0
            },
            {
              "charge_density": 0.0,
              "fix_potential": true,
              "id": "drive_right_top",
              "potential": 3208,
              "x": 0.04,
              "y": 0.02
            },
            {
              "charge_density": 0.0,
              "fix_potential": true,
              "id": "ground_left_top",
              "potential": 0.0,
              "x": 0.0,
              "y": 0.02
            }
          ]
        },
        "research": {
          "breakdown_field_v_m": 60000000.0,
          "candidate_id": "ptfe",
          "candidate_label": "PTFE",
          "dissipation_factor": 0.0002,
          "family": "polymer",
          "note": "low-loss polymer candidate with weaker breakdown margin",
          "objective": "maximize electric breakdown margin with low loss and low mass",
          "relative_permittivity": 2.1,
          "study": "material.dielectric_screening.v1"
        }
      },
      "result_preview": {
        "job": {
          "created_at": "2026-08-13T10:55:01.249655Z",
          "execution_started_at": null,
          "execution_timeout_ms": 120000,
          "has_result": false,
          "iteration": null,
          "job_id": "9743f6ffb5a15972",
          "message": null,
          "model_version_id": null,
          "progress": 0.0,
          "project_id": "bfe698e7efa777b1",
          "queue_timeout_ms": 1800000,
          "residual": null,
          "simulation_case_id": "25a73c1265351dc8",
          "status": "queued",
          "status_detail": {
            "active": true,
            "failure_class": null,
            "lifecycle": "active",
            "recoverable": false,
            "terminal": false,
            "timing": {
              "effective_deadline": "2026-08-13T11:25:01.249655Z",
              "effective_timeout_ms": 1800000,
              "execution_elapsed_ms": null,
              "execution_started_at": null,
              "execution_timeout_ms": 120000,
              "job_submission_deadline": "2026-08-13T11:25:01.249655Z",
              "phase": "queue",
              "queue_timeout_ms": 1800000,
              "queue_wait_ms": 0,
              "total_elapsed_ms": 0
            }
          },
          "updated_at": "2026-08-13T10:55:01.249655Z",
          "worker_id": null
        },
        "job_id": "9743f6ffb5a15972",
        "progress": 0.0,
        "raw": {
          "job": {
            "created_at": "2026-08-13T10:55:01.249655Z",
            "execution_started_at": null,
            "execution_timeout_ms": 120000,
            "has_result": false,
            "iteration": null,
            "job_id": "9743f6ffb5a15972",
            "message": null,
            "model_version_id": null,
            "progress": 0.0,
            "project_id": "bfe698e7efa777b1",
            "queue_timeout_ms": 1800000,
            "residual": null,
            "simulation_case_id": "25a73c1265351dc8",
            "status": "queued",
            "status_detail": {
              "active": true,
              "failure_class": null,
              "lifecycle": "active",
              "recoverable": false,
              "terminal": false,
              "timing": {
                "effective_deadline": "2026-08-13T11:25:01.249655Z",
                "effective_timeout_ms": 1800000,
                "execution_elapsed_ms": null,
                "execution_started_at": null,
                "execution_timeout_ms": 120000,
                "job_submission_deadline": "2026-08-13T11:25:01.249655Z",
                "phase": "queue",
                "queue_timeout_ms": 1800000,
                "queue_wait_ms": 0,
                "total_elapsed_ms": 0
              }
            },
            "updated_at": "2026-08-13T10:55:01.249655Z",
            "worker_id": null
          }
        },
        "status": "queued"
      },
      "requires_confirmation": false
    },
    {
      "index": 8,
      "action": "job_wait",
      "risk": "normal",
      "status": "executed",
      "payload": {
        "interval_ms": 1000,
        "job_id": "9743f6ffb5a15972",
        "max_total_timeout_ms": 3600000,
        "resume_policy": "server_deadline",
        "timeout_ms": 60000
      },
      "result_preview": {
        "job": {
          "created_at": "2026-08-13T10:55:01.249655Z",
          "execution_started_at": "2026-08-13T10:55:01.254559Z",
          "execution_timeout_ms": 120000,
          "iteration": 4,
          "job_id": "9743f6ffb5a15972",
          "message": "collecting nodal and elemental responses",
          "model_version_id": null,
          "progress": 1.0,
          "project_id": "bfe698e7efa777b1",
          "queue_timeout_ms": 1800000,
          "residual": 0.2,
          "simulation_case_id": "25a73c1265351dc8",
          "status": "completed",
          "status_detail": {
            "active": false,
            "failure_class": null,
            "lifecycle": "terminal",
            "recoverable": false,
            "terminal": true,
            "timing": {
              "effective_deadline": "2026-08-13T10:57:01.254559Z",
              "effective_timeout_ms": 120000,
              "execution_elapsed_ms": 13,
              "execution_started_at": "2026-08-13T10:55:01.254559Z",
              "execution_timeout_ms": 120000,
              "job_submission_deadline": "2026-08-13T11:25:01.249655Z",
              "phase": "execution",
              "queue_timeout_ms": 1800000,
              "queue_wait_ms": 4,
              "total_elapsed_ms": 18
            }
          },
          "updated_at": "2026-08-13T10:55:01.268396Z",
          "worker_id": "rust-agent-rpc@127.0.0.1:5002"
        },
        "job_id": "9743f6ffb5a15972",
        "progress": 1.0,
        "raw": {
          "job": {
            "created_at": "2026-08-13T10:55:01.249655Z",
            "execution_started_at": "2026-08-13T10:55:01.254559Z",
            "execution_timeout_ms": 120000,
            "iteration": 4,
            "job_id": "9743f6ffb5a15972",
            "message": "collecting nodal and elemental responses",
            "model_version_id": null,
            "progress": 1.0,
            "project_id": "bfe698e7efa777b1",
            "queue_timeout_ms": 1800000,
            "residual": 0.2,
            "simulation_case_id": "25a73c1265351dc8",
            "status": "completed",
            "status_detail": {
              "active": false,
              "failure_class": null,
              "lifecycle": "terminal",
              "recoverable": false,
              "terminal": true,
              "timing": {
                "effective_deadline": "2026-08-13T10:57:01.254559Z",
                "effective_timeout_ms": 120000,
                "execution_elapsed_ms": 13,
                "execution_started_at": "2026-08-13T10:55:01.254559Z",
                "execution_timeout_ms": 120000,
                "job_submission_deadline": "2026-08-13T11:25:01.249655Z",
                "phase": "execution",
                "queue_timeout_ms": 1800000,
                "queue_wait_ms": 4,
                "total_elapsed_ms": 18
              }
            },
            "updated_at": "2026-08-13T10:55:01.268396Z",
            "worker_id": "rust-agent-rpc@127.0.0.1:5002"
          }
        },
        "result": null,
        "status": "completed",
        "wait": {
          "elapsed_ms": 1021,
          "policy": "server_deadline",
          "poll_attempts": 2,
          "resume_count": 0
        }
      },
      "requires_confirmation": false
    },
    {
      "index": 9,
      "action": "result_fetch",
      "risk": "normal",
      "status": "executed",
      "payload": {
        "job_id": "9743f6ffb5a15972"
      },
      "result_preview": {
        "job": {
          "created_at": "2026-08-13T10:55:01.249655Z",
          "execution_started_at": "2026-08-13T10:55:01.254559Z",
          "execution_timeout_ms": 120000,
          "has_result": true,
          "iteration": 4,
          "job_id": "9743f6ffb5a15972",
          "message": "collecting nodal and elemental responses",
          "model_version_id": null,
          "progress": 1.0,
          "project_id": "bfe698e7efa777b1",
          "queue_timeout_ms": 1800000,
          "residual": 0.2,
          "simulation_case_id": "25a73c1265351dc8",
          "status": "completed",
          "status_detail": {
            "active": false,
            "failure_class": null,
            "lifecycle": "terminal",
            "recoverable": false,
            "terminal": true,
            "timing": {
              "effective_deadline": "2026-08-13T10:57:01.254559Z",
              "effective_timeout_ms": 120000,
              "execution_elapsed_ms": 13,
              "execution_started_at": "2026-08-13T10:55:01.254559Z",
              "execution_timeout_ms": 120000,
              "job_submission_deadline": "2026-08-13T11:25:01.249655Z",
              "phase": "execution",
              "queue_timeout_ms": 1800000,
              "queue_wait_ms": 4,
              "total_elapsed_ms": 18
            }
          },
          "updated_at": "2026-08-13T10:55:01.268396Z",
          "worker_id": "rust-agent-rpc@127.0.0.1:5002"
        },
        "job_id": "9743f6ffb5a15972",
        "result": {
          "elements": [
            {
              "area": 0.0008,
              "average_potential": 1604.0,
              "electric_energy_density": 0.0597980146884142,
              "electric_field_magnitude": 80199.99999999999,
              "electric_field_x": -80199.99999999999,
              "electric_field_y": -0.0,
              "electric_flux_density_magnitude": 1.4912223114317758e-6,
              "electric_flux_density_x": -1.4912223114317758e-6,
              "electric_flux_density_y": -0.0,
              "id": "dielectric_ptfe",
              "index": 0,
              "node_i": 0,
              "node_j": 1,
              "node_k": 2,
              "node_l": 3,
              "potential_gradient_x": 80199.99999999999,
              "potential_gradient_y": 0.0,
              "stored_energy": 4.7838411750731366e-8
            }
          ],
          "input": {
            "elements": [
              {
                "id": "dielectric_ptfe",
                "node_i": 0,
                "node_j": 1,
                "node_k": 2,
                "node_l": 3,
                "permittivity": 1.859379440688e-11,
                "thickness": 0.001
              }
            ],
            "nodes": [
              {
                "charge_density": 0.0,
                "fix_potential": true,
                "id": "ground_left_bottom",
                "potential": 0.0,
                "x": 0.0,
                "y": 0.0
              },
              {
                "charge_density": 0.0,
                "fix_potential": true,
                "id": "drive_right_bottom",
                "potential": 3208.0,
                "x": 0.04,
                "y": 0.0
              },
              {
                "charge_density": 0.0,
                "fix_potential": true,
                "id": "drive_right_top",
                "potential": 3208.0,
                "x": 0.04,
                "y": 0.02
              },
              {
                "charge_density": 0.0,
                "fix_potential": true,
                "id": "ground_left_top",
                "potential": 0.0,
                "x": 0.0,
                "y": 0.02
              }
            ]
          },
          "max_electric_energy_density": 0.0597980146884142,
          "max_electric_field": 80199.99999999999,
          "max_flux_density": 1.4912223114317758e-6,
          "max_potential": 3208.0,
          "nodes": [
            {
              "charge_density": 0.0,
              "id": "ground_left_bottom",
              "index": 0,
              "potential": 0.0,
              "x": 0.0,
              "y": 0.0
            },
            {
              "charge_density": 0.0,
              "id": "drive_right_bottom",
              "index": 1,
              "potential": 3208.0,
              "x": 0.04,
              "y": 0.0
            },
            {
              "charge_density": 0.0,
              "id": "drive_right_top",
              "index": 2,
              "potential": 3208.0,
              "x": 0.04,
              "y": 0.02
            },
            {
              "charge_density": 0.0,
              "id": "ground_left_top",
              "index": 3,
              "potential": 0.0,
              "x": 0.0,
              "y": 0.02
            }
          ],
          "total_stored_energy": 4.7838411750731366e-8
        },
        "status": "completed"
      },
      "requires_confirmation": false
    }
  ]
}
