{
  "schema_version": "kyuubiki.headless-execution-batch/v1",
  "exported_at": "1970-01-01T00:00:00.000Z",
  "language": "en",
  "workflow_id": "template.direct_torsion_1d",
  "template_id": "direct_torsion_1d",
  "steps": [
    {
      "index": 1,
      "action": "solve_torsion_1d",
      "risk": "normal",
      "payload": {
        "model": {
          "elements": [
            {
              "id": "te0",
              "node_i": 0,
              "node_j": 1,
              "polar_moment": 5e-6,
              "section_modulus": 0.00016,
              "shear_modulus": 80000000000.0
            }
          ],
          "nodes": [
            {
              "fix_rz": true,
              "id": "t0",
              "torque_z": 0.0,
              "x": 0.0
            },
            {
              "fix_rz": false,
              "id": "t1",
              "torque_z": 500.0,
              "x": 1.0
            }
          ]
        }
      }
    },
    {
      "index": 2,
      "action": "job_wait",
      "risk": "normal",
      "payload": {
        "interval_ms": 1000,
        "job_id": "{{steps.1.result.job_id}}",
        "timeout_ms": 60000
      }
    },
    {
      "index": 3,
      "action": "result_fetch",
      "risk": "normal",
      "payload": {
        "job_id": "{{steps.1.result.job_id}}"
      }
    }
  ],
  "warnings": []
}
