{
  "schema_version": "kyuubiki.headless-execution-run/v1",
  "workflow_id": "template.direct_torsion_1d",
  "mode": "execute:service",
  "status": "ok",
  "executed_step_count": 3,
  "warning_count": 0,
  "blocked_by_confirmation": null,
  "validation": {
    "ok": true,
    "issue_count": 0,
    "issues": [],
    "warning_count": 0,
    "warnings": [],
    "summary": {
      "schema_version": "kyuubiki.headless-execution-batch/v1",
      "workflow_id": "template.direct_torsion_1d",
      "template_id": "direct_torsion_1d",
      "exported_at": "1970-01-01T00:00:00.000Z",
      "language": "en",
      "step_count": 3,
      "warning_count": 0,
      "actions": [
        "solve_torsion_1d",
        "job_wait",
        "result_fetch"
      ]
    },
    "policy": {
      "required_engines": [
        "service"
      ],
      "engine_counts": {
        "browser": 0,
        "service": 3
      },
      "risk_counts": {
        "normal": 3,
        "sensitive": 0,
        "destructive": 0
      },
      "recommended_runtime": "service_only",
      "needs_desktop_browser": false,
      "safe_for_service_only": true,
      "notes": []
    }
  },
  "execution_summary": {
    "schema_version": "kyuubiki.headless-execution-summary/v1",
    "job_count": 1,
    "job_ids": [
      "8c176e247bdfcb10"
    ],
    "jobs": [
      {
        "job_id": "8c176e247bdfcb10",
        "status": "completed",
        "worker_id": "rust-agent-rpc@127.0.0.1:5002",
        "phase": "execution",
        "created_at": "2026-08-13T11:00:04.731375Z",
        "execution_started_at": "2026-08-13T11:00:04.737809Z",
        "updated_at": "2026-08-13T11:00:05.757378Z",
        "queue_wait_ms": 6,
        "execution_elapsed_ms": 1019,
        "total_elapsed_ms": 1026,
        "effective_timeout_ms": 120000,
        "effective_deadline": "2026-08-13T11:02:04.737809Z"
      }
    ],
    "failure": null
  },
  "steps": [
    {
      "index": 1,
      "action": "solve_torsion_1d",
      "risk": "normal",
      "status": "executed",
      "payload": {
        "model": {
          "elements": [
            {
              "id": "te0",
              "node_i": 0,
              "node_j": 1,
              "polar_moment": 5e-6,
              "section_modulus": 0.00016,
              "shear_modulus": 80000000000.0
            }
          ],
          "nodes": [
            {
              "fix_rz": true,
              "id": "t0",
              "torque_z": 0.0,
              "x": 0.0
            },
            {
              "fix_rz": false,
              "id": "t1",
              "torque_z": 500.0,
              "x": 1.0
            }
          ]
        }
      },
      "result_preview": {
        "job": {
          "created_at": "2026-08-13T11:00:04.731375Z",
          "execution_started_at": null,
          "execution_timeout_ms": 120000,
          "has_result": false,
          "iteration": null,
          "job_id": "8c176e247bdfcb10",
          "message": null,
          "model_version_id": null,
          "progress": 0.0,
          "project_id": "ca6a9526ca2c1cba",
          "queue_timeout_ms": 1800000,
          "residual": null,
          "simulation_case_id": "4b2726c620639a18",
          "status": "queued",
          "status_detail": {
            "active": true,
            "failure_class": null,
            "lifecycle": "active",
            "recoverable": false,
            "terminal": false,
            "timing": {
              "effective_deadline": "2026-08-13T11:30:04.731375Z",
              "effective_timeout_ms": 1800000,
              "execution_elapsed_ms": null,
              "execution_started_at": null,
              "execution_timeout_ms": 120000,
              "job_submission_deadline": "2026-08-13T11:30:04.731375Z",
              "phase": "queue",
              "queue_timeout_ms": 1800000,
              "queue_wait_ms": 0,
              "total_elapsed_ms": 0
            }
          },
          "updated_at": "2026-08-13T11:00:04.731375Z",
          "worker_id": null
        },
        "job_id": "8c176e247bdfcb10",
        "progress": 0.0,
        "raw": {
          "job": {
            "created_at": "2026-08-13T11:00:04.731375Z",
            "execution_started_at": null,
            "execution_timeout_ms": 120000,
            "has_result": false,
            "iteration": null,
            "job_id": "8c176e247bdfcb10",
            "message": null,
            "model_version_id": null,
            "progress": 0.0,
            "project_id": "ca6a9526ca2c1cba",
            "queue_timeout_ms": 1800000,
            "residual": null,
            "simulation_case_id": "4b2726c620639a18",
            "status": "queued",
            "status_detail": {
              "active": true,
              "failure_class": null,
              "lifecycle": "active",
              "recoverable": false,
              "terminal": false,
              "timing": {
                "effective_deadline": "2026-08-13T11:30:04.731375Z",
                "effective_timeout_ms": 1800000,
                "execution_elapsed_ms": null,
                "execution_started_at": null,
                "execution_timeout_ms": 120000,
                "job_submission_deadline": "2026-08-13T11:30:04.731375Z",
                "phase": "queue",
                "queue_timeout_ms": 1800000,
                "queue_wait_ms": 0,
                "total_elapsed_ms": 0
              }
            },
            "updated_at": "2026-08-13T11:00:04.731375Z",
            "worker_id": null
          }
        },
        "status": "queued"
      },
      "requires_confirmation": false
    },
    {
      "index": 2,
      "action": "job_wait",
      "risk": "normal",
      "status": "executed",
      "payload": {
        "interval_ms": 1000,
        "job_id": "8c176e247bdfcb10",
        "timeout_ms": 60000
      },
      "result_preview": {
        "job": {
          "created_at": "2026-08-13T11:00:04.731375Z",
          "execution_started_at": "2026-08-13T11:00:04.737809Z",
          "execution_timeout_ms": 120000,
          "iteration": 4,
          "job_id": "8c176e247bdfcb10",
          "message": "collecting nodal and elemental responses",
          "model_version_id": null,
          "progress": 1.0,
          "project_id": "ca6a9526ca2c1cba",
          "queue_timeout_ms": 1800000,
          "residual": 0.2,
          "simulation_case_id": "4b2726c620639a18",
          "status": "completed",
          "status_detail": {
            "active": false,
            "failure_class": null,
            "lifecycle": "terminal",
            "recoverable": false,
            "terminal": true,
            "timing": {
              "effective_deadline": "2026-08-13T11:02:04.737809Z",
              "effective_timeout_ms": 120000,
              "execution_elapsed_ms": 1019,
              "execution_started_at": "2026-08-13T11:00:04.737809Z",
              "execution_timeout_ms": 120000,
              "job_submission_deadline": "2026-08-13T11:30:04.731375Z",
              "phase": "execution",
              "queue_timeout_ms": 1800000,
              "queue_wait_ms": 6,
              "total_elapsed_ms": 1026
            }
          },
          "updated_at": "2026-08-13T11:00:05.757378Z",
          "worker_id": "rust-agent-rpc@127.0.0.1:5002"
        },
        "job_id": "8c176e247bdfcb10",
        "progress": 1.0,
        "raw": {
          "job": {
            "created_at": "2026-08-13T11:00:04.731375Z",
            "execution_started_at": "2026-08-13T11:00:04.737809Z",
            "execution_timeout_ms": 120000,
            "iteration": 4,
            "job_id": "8c176e247bdfcb10",
            "message": "collecting nodal and elemental responses",
            "model_version_id": null,
            "progress": 1.0,
            "project_id": "ca6a9526ca2c1cba",
            "queue_timeout_ms": 1800000,
            "residual": 0.2,
            "simulation_case_id": "4b2726c620639a18",
            "status": "completed",
            "status_detail": {
              "active": false,
              "failure_class": null,
              "lifecycle": "terminal",
              "recoverable": false,
              "terminal": true,
              "timing": {
                "effective_deadline": "2026-08-13T11:02:04.737809Z",
                "effective_timeout_ms": 120000,
                "execution_elapsed_ms": 1019,
                "execution_started_at": "2026-08-13T11:00:04.737809Z",
                "execution_timeout_ms": 120000,
                "job_submission_deadline": "2026-08-13T11:30:04.731375Z",
                "phase": "execution",
                "queue_timeout_ms": 1800000,
                "queue_wait_ms": 6,
                "total_elapsed_ms": 1026
              }
            },
            "updated_at": "2026-08-13T11:00:05.757378Z",
            "worker_id": "rust-agent-rpc@127.0.0.1:5002"
          }
        },
        "result": null,
        "status": "completed",
        "wait": {
          "elapsed_ms": 1024,
          "policy": "fixed",
          "poll_attempts": 2,
          "resume_count": 0
        }
      },
      "requires_confirmation": false
    },
    {
      "index": 3,
      "action": "result_fetch",
      "risk": "normal",
      "status": "executed",
      "payload": {
        "job_id": "8c176e247bdfcb10"
      },
      "result_preview": {
        "job": {
          "created_at": "2026-08-13T11:00:04.731375Z",
          "execution_started_at": "2026-08-13T11:00:04.737809Z",
          "execution_timeout_ms": 120000,
          "has_result": true,
          "iteration": 4,
          "job_id": "8c176e247bdfcb10",
          "message": "collecting nodal and elemental responses",
          "model_version_id": null,
          "progress": 1.0,
          "project_id": "ca6a9526ca2c1cba",
          "queue_timeout_ms": 1800000,
          "residual": 0.2,
          "simulation_case_id": "4b2726c620639a18",
          "status": "completed",
          "status_detail": {
            "active": false,
            "failure_class": null,
            "lifecycle": "terminal",
            "recoverable": false,
            "terminal": true,
            "timing": {
              "effective_deadline": "2026-08-13T11:02:04.737809Z",
              "effective_timeout_ms": 120000,
              "execution_elapsed_ms": 1019,
              "execution_started_at": "2026-08-13T11:00:04.737809Z",
              "execution_timeout_ms": 120000,
              "job_submission_deadline": "2026-08-13T11:30:04.731375Z",
              "phase": "execution",
              "queue_timeout_ms": 1800000,
              "queue_wait_ms": 6,
              "total_elapsed_ms": 1026
            }
          },
          "updated_at": "2026-08-13T11:00:05.757378Z",
          "worker_id": "rust-agent-rpc@127.0.0.1:5002"
        },
        "job_id": "8c176e247bdfcb10",
        "result": {
          "elements": [
            {
              "id": "te0",
              "index": 0,
              "length": 1.0,
              "node_i": 0,
              "node_j": 1,
              "shear_stress": 3124999.9999999995,
              "strain_energy": 0.31249999999999994,
              "torque": 500.0,
              "twist": 0.0012499999999999998
            }
          ],
          "input": {
            "elements": [
              {
                "id": "te0",
                "node_i": 0,
                "node_j": 1,
                "polar_moment": 5e-6,
                "section_modulus": 0.00016,
                "shear_modulus": 80000000000.0
              }
            ],
            "nodes": [
              {
                "fix_rz": true,
                "id": "t0",
                "torque_z": 0.0,
                "x": 0.0
              },
              {
                "fix_rz": false,
                "id": "t1",
                "torque_z": 500.0,
                "x": 1.0
              }
            ]
          },
          "max_rotation": 0.0012499999999999998,
          "max_stress": 3124999.9999999995,
          "max_torque": 500.0,
          "nodes": [
            {
              "id": "t0",
              "index": 0,
              "rz": 0.0,
              "x": 0.0
            },
            {
              "id": "t1",
              "index": 1,
              "rz": 0.0012499999999999998,
              "x": 1.0
            }
          ],
          "total_strain_energy": 0.31249999999999994
        },
        "status": "completed"
      },
      "requires_confirmation": false
    }
  ]
}
