{
  "schema_version": "kyuubiki.headless-plan/v1",
  "workflow_id": "template.direct_spring_3d",
  "ok": true,
  "validation": {
    "ok": true,
    "issue_count": 0,
    "issues": [],
    "warning_count": 0,
    "warnings": [],
    "summary": {
      "schema_version": "kyuubiki.headless-execution-batch/v1",
      "workflow_id": "template.direct_spring_3d",
      "template_id": "direct_spring_3d",
      "exported_at": "1970-01-01T00:00:00.000Z",
      "language": "en",
      "step_count": 3,
      "warning_count": 0,
      "actions": [
        "solve_spring_3d",
        "job_wait",
        "result_fetch"
      ]
    },
    "policy": {
      "required_engines": [
        "service"
      ],
      "engine_counts": {
        "service": 3,
        "browser": 0
      },
      "risk_counts": {
        "normal": 3,
        "destructive": 0,
        "sensitive": 0
      },
      "recommended_runtime": "service_only",
      "needs_desktop_browser": false,
      "safe_for_service_only": true,
      "notes": []
    }
  },
  "policy": {
    "required_engines": [
      "service"
    ],
    "engine_counts": {
      "service": 3,
      "browser": 0
    },
    "risk_counts": {
      "normal": 3,
      "destructive": 0,
      "sensitive": 0
    },
    "recommended_runtime": "service_only",
    "needs_desktop_browser": false,
    "safe_for_service_only": true,
    "notes": []
  },
  "compatibility": {
    "service_only_ok": true,
    "service_only_reason": "all steps are service-backed",
    "browser_session_required": false,
    "hybrid_required": false
  },
  "executor_matrix": [
    {
      "executor": "mock",
      "compatible": true,
      "issue_count": 0,
      "issues": []
    },
    {
      "executor": "service",
      "compatible": true,
      "issue_count": 0,
      "issues": []
    },
    {
      "executor": "hybrid",
      "compatible": true,
      "issue_count": 0,
      "issues": []
    }
  ],
  "confirmation_count": 0,
  "confirmations": [],
  "steps": [
    {
      "index": 1,
      "action": "solve_spring_3d",
      "engine": "service",
      "category": "solve",
      "risk": "normal",
      "requires_confirmation": false,
      "confirmation_flag": null,
      "confirmation_reason": "normal-risk step",
      "payload": {
        "model": {
          "elements": [
            {
              "id": "k0",
              "node_i": 0,
              "node_j": 3,
              "stiffness": 18000.0
            },
            {
              "id": "k1",
              "node_i": 1,
              "node_j": 3,
              "stiffness": 22000.0
            },
            {
              "id": "k2",
              "node_i": 2,
              "node_j": 3,
              "stiffness": 16000.0
            },
            {
              "id": "k3",
              "node_i": 0,
              "node_j": 1,
              "stiffness": 9000.0
            },
            {
              "id": "k4",
              "node_i": 1,
              "node_j": 2,
              "stiffness": 7000.0
            },
            {
              "id": "k5",
              "node_i": 2,
              "node_j": 0,
              "stiffness": 8000.0
            }
          ],
          "nodes": [
            {
              "fix_x": true,
              "fix_y": true,
              "fix_z": true,
              "id": "s0",
              "load_x": 0.0,
              "load_y": 0.0,
              "load_z": 0.0,
              "x": 0.0,
              "y": 0.0,
              "z": 0.0
            },
            {
              "fix_x": true,
              "fix_y": true,
              "fix_z": true,
              "id": "s1",
              "load_x": 0.0,
              "load_y": 0.0,
              "load_z": 0.0,
              "x": 1.2,
              "y": 0.0,
              "z": 0.0
            },
            {
              "fix_x": true,
              "fix_y": true,
              "fix_z": true,
              "id": "s2",
              "load_x": 0.0,
              "load_y": 0.0,
              "load_z": 0.0,
              "x": 0.0,
              "y": 1.0,
              "z": 0.0
            },
            {
              "fix_x": false,
              "fix_y": false,
              "fix_z": false,
              "id": "top",
              "load_x": 250.0,
              "load_y": 0.0,
              "load_z": -1100.0,
              "x": 0.45,
              "y": 0.35,
              "z": 1.1
            }
          ]
        }
      },
      "bindings": [],
      "output_keys": [
        "job_id",
        "status",
        "progress",
        "job"
      ]
    },
    {
      "index": 2,
      "action": "job_wait",
      "engine": "service",
      "category": "job",
      "risk": "normal",
      "requires_confirmation": false,
      "confirmation_flag": null,
      "confirmation_reason": "normal-risk step",
      "payload": {
        "interval_ms": 1000,
        "job_id": "{{steps.1.result.job_id}}",
        "timeout_ms": 60000
      },
      "bindings": [
        {
          "source_step": 1,
          "output": "job_id"
        }
      ],
      "output_keys": [
        "job_id",
        "status",
        "progress",
        "wait"
      ]
    },
    {
      "index": 3,
      "action": "result_fetch",
      "engine": "service",
      "category": "result",
      "risk": "normal",
      "requires_confirmation": false,
      "confirmation_flag": null,
      "confirmation_reason": "normal-risk step",
      "payload": {
        "job_id": "{{steps.1.result.job_id}}"
      },
      "bindings": [
        {
          "source_step": 1,
          "output": "job_id"
        }
      ],
      "output_keys": [
        "job_id",
        "result"
      ]
    }
  ]
}
