{
  "schema_version": "kyuubiki.headless-execution-run/v1",
  "workflow_id": "template.material_dielectric_screening",
  "mode": "execute:service",
  "status": "ok",
  "executed_step_count": 9,
  "warning_count": 0,
  "blocked_by_confirmation": null,
  "validation": {
    "ok": true,
    "issue_count": 0,
    "issues": [],
    "warning_count": 0,
    "warnings": [],
    "summary": {
      "schema_version": "kyuubiki.headless-execution-batch/v1",
      "workflow_id": "template.material_dielectric_screening",
      "template_id": "material_dielectric_screening",
      "exported_at": "1970-01-01T00:00:00.000Z",
      "language": "en",
      "step_count": 9,
      "warning_count": 0,
      "actions": [
        "solve_electrostatic_plane_quad_2d",
        "job_wait",
        "result_fetch",
        "solve_electrostatic_plane_quad_2d",
        "job_wait",
        "result_fetch",
        "solve_electrostatic_plane_quad_2d",
        "job_wait",
        "result_fetch"
      ]
    },
    "policy": {
      "required_engines": [
        "service"
      ],
      "engine_counts": {
        "service": 9,
        "browser": 0
      },
      "risk_counts": {
        "normal": 9,
        "sensitive": 0,
        "destructive": 0
      },
      "recommended_runtime": "service_only",
      "needs_desktop_browser": false,
      "safe_for_service_only": true,
      "notes": []
    }
  },
  "execution_summary": {
    "schema_version": "kyuubiki.headless-execution-summary/v1",
    "job_count": 3,
    "job_ids": [
      "defd72baa656652c",
      "c0bcabd8e9a1d823",
      "fad883bedc2b9417"
    ],
    "jobs": [
      {
        "job_id": "defd72baa656652c",
        "status": "completed",
        "worker_id": "rust-agent-rpc@127.0.0.1:5001",
        "phase": "execution",
        "created_at": "2026-08-12T09:44:12.282318Z",
        "execution_started_at": "2026-08-12T09:44:12.283720Z",
        "updated_at": "2026-08-12T09:44:13.288346Z",
        "queue_wait_ms": 1,
        "execution_elapsed_ms": 1004,
        "total_elapsed_ms": 1006,
        "effective_timeout_ms": 120000,
        "effective_deadline": "2026-08-12T09:46:12.283720Z"
      },
      {
        "job_id": "c0bcabd8e9a1d823",
        "status": "completed",
        "worker_id": "rust-agent-rpc@127.0.0.1:5002",
        "phase": "execution",
        "created_at": "2026-08-12T09:44:13.306086Z",
        "execution_started_at": "2026-08-12T09:44:13.306843Z",
        "updated_at": "2026-08-12T09:44:14.319606Z",
        "queue_wait_ms": 0,
        "execution_elapsed_ms": 1012,
        "total_elapsed_ms": 1013,
        "effective_timeout_ms": 120000,
        "effective_deadline": "2026-08-12T09:46:13.306843Z"
      },
      {
        "job_id": "fad883bedc2b9417",
        "status": "completed",
        "worker_id": "rust-agent-rpc@127.0.0.1:5001",
        "phase": "execution",
        "created_at": "2026-08-12T09:44:14.342724Z",
        "execution_started_at": "2026-08-12T09:44:14.346327Z",
        "updated_at": "2026-08-12T09:44:15.354732Z",
        "queue_wait_ms": 3,
        "execution_elapsed_ms": 1008,
        "total_elapsed_ms": 1012,
        "effective_timeout_ms": 120000,
        "effective_deadline": "2026-08-12T09:46:14.346327Z"
      }
    ],
    "failure": null
  },
  "steps": [
    {
      "index": 1,
      "action": "solve_electrostatic_plane_quad_2d",
      "risk": "normal",
      "status": "executed",
      "payload": {
        "model": {
          "elements": [
            {
              "id": "dielectric_polyimide_film",
              "node_i": 0,
              "node_j": 1,
              "node_k": 2,
              "node_l": 3,
              "permittivity": 3.010423856352e-11,
              "thickness": 0.001
            }
          ],
          "nodes": [
            {
              "charge_density": 0.0,
              "fix_potential": true,
              "id": "ground_left_bottom",
              "potential": 0.0,
              "x": 0.0,
              "y": 0.0
            },
            {
              "charge_density": 0.0,
              "fix_potential": true,
              "id": "drive_right_bottom",
              "potential": 1200,
              "x": 0.04,
              "y": 0.0
            },
            {
              "charge_density": 0.0,
              "fix_potential": true,
              "id": "drive_right_top",
              "potential": 1200,
              "x": 0.04,
              "y": 0.02
            },
            {
              "charge_density": 0.0,
              "fix_potential": true,
              "id": "ground_left_top",
              "potential": 0.0,
              "x": 0.0,
              "y": 0.02
            }
          ]
        },
        "research": {
          "breakdown_field_v_m": 300000000.0,
          "candidate_id": "polyimide_film",
          "candidate_label": "Polyimide film",
          "dissipation_factor": 0.002,
          "family": "polymer",
          "note": "flexible high-breakdown film baseline",
          "objective": "maximize electric breakdown margin with low loss and low mass",
          "relative_permittivity": 3.4,
          "study": "material.dielectric_screening.v1"
        }
      },
      "result_preview": {
        "job": {
          "created_at": "2026-08-12T09:44:12.282318Z",
          "execution_started_at": null,
          "execution_timeout_ms": 120000,
          "has_result": false,
          "iteration": null,
          "job_id": "defd72baa656652c",
          "message": null,
          "model_version_id": null,
          "progress": 0.0,
          "project_id": "40554a4f14b426d7",
          "queue_timeout_ms": 1800000,
          "residual": null,
          "simulation_case_id": "e6e648870929eba3",
          "status": "queued",
          "status_detail": {
            "active": true,
            "failure_class": null,
            "lifecycle": "active",
            "recoverable": false,
            "terminal": false,
            "timing": {
              "effective_deadline": "2026-08-12T10:14:12.282318Z",
              "effective_timeout_ms": 1800000,
              "execution_elapsed_ms": null,
              "execution_started_at": null,
              "execution_timeout_ms": 120000,
              "job_submission_deadline": "2026-08-12T10:14:12.282318Z",
              "phase": "queue",
              "queue_timeout_ms": 1800000,
              "queue_wait_ms": 0,
              "total_elapsed_ms": 0
            }
          },
          "updated_at": "2026-08-12T09:44:12.282318Z",
          "worker_id": null
        },
        "job_id": "defd72baa656652c",
        "progress": 0.0,
        "raw": {
          "job": {
            "created_at": "2026-08-12T09:44:12.282318Z",
            "execution_started_at": null,
            "execution_timeout_ms": 120000,
            "has_result": false,
            "iteration": null,
            "job_id": "defd72baa656652c",
            "message": null,
            "model_version_id": null,
            "progress": 0.0,
            "project_id": "40554a4f14b426d7",
            "queue_timeout_ms": 1800000,
            "residual": null,
            "simulation_case_id": "e6e648870929eba3",
            "status": "queued",
            "status_detail": {
              "active": true,
              "failure_class": null,
              "lifecycle": "active",
              "recoverable": false,
              "terminal": false,
              "timing": {
                "effective_deadline": "2026-08-12T10:14:12.282318Z",
                "effective_timeout_ms": 1800000,
                "execution_elapsed_ms": null,
                "execution_started_at": null,
                "execution_timeout_ms": 120000,
                "job_submission_deadline": "2026-08-12T10:14:12.282318Z",
                "phase": "queue",
                "queue_timeout_ms": 1800000,
                "queue_wait_ms": 0,
                "total_elapsed_ms": 0
              }
            },
            "updated_at": "2026-08-12T09:44:12.282318Z",
            "worker_id": null
          }
        },
        "status": "queued"
      },
      "requires_confirmation": false
    },
    {
      "index": 2,
      "action": "job_wait",
      "risk": "normal",
      "status": "executed",
      "payload": {
        "interval_ms": 1000,
        "job_id": "defd72baa656652c",
        "max_total_timeout_ms": 3600000,
        "resume_policy": "server_deadline",
        "timeout_ms": 60000
      },
      "result_preview": {
        "job": {
          "created_at": "2026-08-12T09:44:12.282318Z",
          "execution_started_at": "2026-08-12T09:44:12.283720Z",
          "execution_timeout_ms": 120000,
          "iteration": 4,
          "job_id": "defd72baa656652c",
          "message": "collecting nodal and elemental responses",
          "model_version_id": null,
          "progress": 1.0,
          "project_id": "40554a4f14b426d7",
          "queue_timeout_ms": 1800000,
          "residual": 0.2,
          "simulation_case_id": "e6e648870929eba3",
          "status": "completed",
          "status_detail": {
            "active": false,
            "failure_class": null,
            "lifecycle": "terminal",
            "recoverable": false,
            "terminal": true,
            "timing": {
              "effective_deadline": "2026-08-12T09:46:12.283720Z",
              "effective_timeout_ms": 120000,
              "execution_elapsed_ms": 1004,
              "execution_started_at": "2026-08-12T09:44:12.283720Z",
              "execution_timeout_ms": 120000,
              "job_submission_deadline": "2026-08-12T10:14:12.282318Z",
              "phase": "execution",
              "queue_timeout_ms": 1800000,
              "queue_wait_ms": 1,
              "total_elapsed_ms": 1006
            }
          },
          "updated_at": "2026-08-12T09:44:13.288346Z",
          "worker_id": "rust-agent-rpc@127.0.0.1:5001"
        },
        "job_id": "defd72baa656652c",
        "progress": 1.0,
        "raw": {
          "job": {
            "created_at": "2026-08-12T09:44:12.282318Z",
            "execution_started_at": "2026-08-12T09:44:12.283720Z",
            "execution_timeout_ms": 120000,
            "iteration": 4,
            "job_id": "defd72baa656652c",
            "message": "collecting nodal and elemental responses",
            "model_version_id": null,
            "progress": 1.0,
            "project_id": "40554a4f14b426d7",
            "queue_timeout_ms": 1800000,
            "residual": 0.2,
            "simulation_case_id": "e6e648870929eba3",
            "status": "completed",
            "status_detail": {
              "active": false,
              "failure_class": null,
              "lifecycle": "terminal",
              "recoverable": false,
              "terminal": true,
              "timing": {
                "effective_deadline": "2026-08-12T09:46:12.283720Z",
                "effective_timeout_ms": 120000,
                "execution_elapsed_ms": 1004,
                "execution_started_at": "2026-08-12T09:44:12.283720Z",
                "execution_timeout_ms": 120000,
                "job_submission_deadline": "2026-08-12T10:14:12.282318Z",
                "phase": "execution",
                "queue_timeout_ms": 1800000,
                "queue_wait_ms": 1,
                "total_elapsed_ms": 1006
              }
            },
            "updated_at": "2026-08-12T09:44:13.288346Z",
            "worker_id": "rust-agent-rpc@127.0.0.1:5001"
          }
        },
        "result": null,
        "status": "completed",
        "wait": {
          "elapsed_ms": 1013,
          "policy": "server_deadline",
          "poll_attempts": 2,
          "resume_count": 0
        }
      },
      "requires_confirmation": false
    },
    {
      "index": 3,
      "action": "result_fetch",
      "risk": "normal",
      "status": "executed",
      "payload": {
        "job_id": "defd72baa656652c"
      },
      "result_preview": {
        "job": {
          "created_at": "2026-08-12T09:44:12.282318Z",
          "execution_started_at": "2026-08-12T09:44:12.283720Z",
          "execution_timeout_ms": 120000,
          "has_result": true,
          "iteration": 4,
          "job_id": "defd72baa656652c",
          "message": "collecting nodal and elemental responses",
          "model_version_id": null,
          "progress": 1.0,
          "project_id": "40554a4f14b426d7",
          "queue_timeout_ms": 1800000,
          "residual": 0.2,
          "simulation_case_id": "e6e648870929eba3",
          "status": "completed",
          "status_detail": {
            "active": false,
            "failure_class": null,
            "lifecycle": "terminal",
            "recoverable": false,
            "terminal": true,
            "timing": {
              "effective_deadline": "2026-08-12T09:46:12.283720Z",
              "effective_timeout_ms": 120000,
              "execution_elapsed_ms": 1004,
              "execution_started_at": "2026-08-12T09:44:12.283720Z",
              "execution_timeout_ms": 120000,
              "job_submission_deadline": "2026-08-12T10:14:12.282318Z",
              "phase": "execution",
              "queue_timeout_ms": 1800000,
              "queue_wait_ms": 1,
              "total_elapsed_ms": 1006
            }
          },
          "updated_at": "2026-08-12T09:44:13.288346Z",
          "worker_id": "rust-agent-rpc@127.0.0.1:5001"
        },
        "job_id": "defd72baa656652c",
        "result": {
          "elements": [
            {
              "area": 0.0008,
              "average_potential": 600.0,
              "electric_energy_density": 0.013546907353584,
              "electric_field_magnitude": 30000.0,
              "electric_field_x": -30000.0,
              "electric_field_y": -0.0,
              "electric_flux_density_magnitude": 9.031271569056e-7,
              "electric_flux_density_x": -9.031271569056e-7,
              "electric_flux_density_y": -0.0,
              "id": "dielectric_polyimide_film",
              "index": 0,
              "node_i": 0,
              "node_j": 1,
              "node_k": 2,
              "node_l": 3,
              "potential_gradient_x": 30000.0,
              "potential_gradient_y": 0.0,
              "stored_energy": 1.08375258828672e-8
            }
          ],
          "input": {
            "elements": [
              {
                "id": "dielectric_polyimide_film",
                "node_i": 0,
                "node_j": 1,
                "node_k": 2,
                "node_l": 3,
                "permittivity": 3.010423856352e-11,
                "thickness": 0.001
              }
            ],
            "nodes": [
              {
                "charge_density": 0.0,
                "fix_potential": true,
                "id": "ground_left_bottom",
                "potential": 0.0,
                "x": 0.0,
                "y": 0.0
              },
              {
                "charge_density": 0.0,
                "fix_potential": true,
                "id": "drive_right_bottom",
                "potential": 1200.0,
                "x": 0.04,
                "y": 0.0
              },
              {
                "charge_density": 0.0,
                "fix_potential": true,
                "id": "drive_right_top",
                "potential": 1200.0,
                "x": 0.04,
                "y": 0.02
              },
              {
                "charge_density": 0.0,
                "fix_potential": true,
                "id": "ground_left_top",
                "potential": 0.0,
                "x": 0.0,
                "y": 0.02
              }
            ]
          },
          "max_electric_energy_density": 0.013546907353584,
          "max_electric_field": 30000.0,
          "max_flux_density": 9.031271569056e-7,
          "max_potential": 1200.0,
          "nodes": [
            {
              "charge_density": 0.0,
              "id": "ground_left_bottom",
              "index": 0,
              "potential": 0.0,
              "x": 0.0,
              "y": 0.0
            },
            {
              "charge_density": 0.0,
              "id": "drive_right_bottom",
              "index": 1,
              "potential": 1200.0,
              "x": 0.04,
              "y": 0.0
            },
            {
              "charge_density": 0.0,
              "id": "drive_right_top",
              "index": 2,
              "potential": 1200.0,
              "x": 0.04,
              "y": 0.02
            },
            {
              "charge_density": 0.0,
              "id": "ground_left_top",
              "index": 3,
              "potential": 0.0,
              "x": 0.0,
              "y": 0.02
            }
          ],
          "total_stored_energy": 1.08375258828672e-8
        },
        "status": "completed"
      },
      "requires_confirmation": false
    },
    {
      "index": 4,
      "action": "solve_electrostatic_plane_quad_2d",
      "risk": "normal",
      "status": "executed",
      "payload": {
        "model": {
          "elements": [
            {
              "id": "dielectric_alumina_96",
              "node_i": 0,
              "node_j": 1,
              "node_k": 2,
              "node_l": 3,
              "permittivity": 8.677104056544001e-11,
              "thickness": 0.001
            }
          ],
          "nodes": [
            {
              "charge_density": 0.0,
              "fix_potential": true,
              "id": "ground_left_bottom",
              "potential": 0.0,
              "x": 0.0,
              "y": 0.0
            },
            {
              "charge_density": 0.0,
              "fix_potential": true,
              "id": "drive_right_bottom",
              "potential": 1200,
              "x": 0.04,
              "y": 0.0
            },
            {
              "charge_density": 0.0,
              "fix_potential": true,
              "id": "drive_right_top",
              "potential": 1200,
              "x": 0.04,
              "y": 0.02
            },
            {
              "charge_density": 0.0,
              "fix_potential": true,
              "id": "ground_left_top",
              "potential": 0.0,
              "x": 0.0,
              "y": 0.02
            }
          ]
        },
        "research": {
          "breakdown_field_v_m": 130000000.0,
          "candidate_id": "alumina_96",
          "candidate_label": "Alumina 96%",
          "dissipation_factor": 0.0002,
          "family": "ceramic",
          "note": "ceramic substrate candidate with low loss but high mass",
          "objective": "maximize electric breakdown margin with low loss and low mass",
          "relative_permittivity": 9.8,
          "study": "material.dielectric_screening.v1"
        }
      },
      "result_preview": {
        "job": {
          "created_at": "2026-08-12T09:44:13.306086Z",
          "execution_started_at": null,
          "execution_timeout_ms": 120000,
          "has_result": false,
          "iteration": null,
          "job_id": "c0bcabd8e9a1d823",
          "message": null,
          "model_version_id": null,
          "progress": 0.0,
          "project_id": "74ff94eea37a193b",
          "queue_timeout_ms": 1800000,
          "residual": null,
          "simulation_case_id": "124602edfa4c82cd",
          "status": "queued",
          "status_detail": {
            "active": true,
            "failure_class": null,
            "lifecycle": "active",
            "recoverable": false,
            "terminal": false,
            "timing": {
              "effective_deadline": "2026-08-12T10:14:13.306086Z",
              "effective_timeout_ms": 1800000,
              "execution_elapsed_ms": null,
              "execution_started_at": null,
              "execution_timeout_ms": 120000,
              "job_submission_deadline": "2026-08-12T10:14:13.306086Z",
              "phase": "queue",
              "queue_timeout_ms": 1800000,
              "queue_wait_ms": 0,
              "total_elapsed_ms": 0
            }
          },
          "updated_at": "2026-08-12T09:44:13.306086Z",
          "worker_id": null
        },
        "job_id": "c0bcabd8e9a1d823",
        "progress": 0.0,
        "raw": {
          "job": {
            "created_at": "2026-08-12T09:44:13.306086Z",
            "execution_started_at": null,
            "execution_timeout_ms": 120000,
            "has_result": false,
            "iteration": null,
            "job_id": "c0bcabd8e9a1d823",
            "message": null,
            "model_version_id": null,
            "progress": 0.0,
            "project_id": "74ff94eea37a193b",
            "queue_timeout_ms": 1800000,
            "residual": null,
            "simulation_case_id": "124602edfa4c82cd",
            "status": "queued",
            "status_detail": {
              "active": true,
              "failure_class": null,
              "lifecycle": "active",
              "recoverable": false,
              "terminal": false,
              "timing": {
                "effective_deadline": "2026-08-12T10:14:13.306086Z",
                "effective_timeout_ms": 1800000,
                "execution_elapsed_ms": null,
                "execution_started_at": null,
                "execution_timeout_ms": 120000,
                "job_submission_deadline": "2026-08-12T10:14:13.306086Z",
                "phase": "queue",
                "queue_timeout_ms": 1800000,
                "queue_wait_ms": 0,
                "total_elapsed_ms": 0
              }
            },
            "updated_at": "2026-08-12T09:44:13.306086Z",
            "worker_id": null
          }
        },
        "status": "queued"
      },
      "requires_confirmation": false
    },
    {
      "index": 5,
      "action": "job_wait",
      "risk": "normal",
      "status": "executed",
      "payload": {
        "interval_ms": 1000,
        "job_id": "c0bcabd8e9a1d823",
        "max_total_timeout_ms": 3600000,
        "resume_policy": "server_deadline",
        "timeout_ms": 60000
      },
      "result_preview": {
        "job": {
          "created_at": "2026-08-12T09:44:13.306086Z",
          "execution_started_at": "2026-08-12T09:44:13.306843Z",
          "execution_timeout_ms": 120000,
          "iteration": 4,
          "job_id": "c0bcabd8e9a1d823",
          "message": "collecting nodal and elemental responses",
          "model_version_id": null,
          "progress": 1.0,
          "project_id": "74ff94eea37a193b",
          "queue_timeout_ms": 1800000,
          "residual": 0.2,
          "simulation_case_id": "124602edfa4c82cd",
          "status": "completed",
          "status_detail": {
            "active": false,
            "failure_class": null,
            "lifecycle": "terminal",
            "recoverable": false,
            "terminal": true,
            "timing": {
              "effective_deadline": "2026-08-12T09:46:13.306843Z",
              "effective_timeout_ms": 120000,
              "execution_elapsed_ms": 1012,
              "execution_started_at": "2026-08-12T09:44:13.306843Z",
              "execution_timeout_ms": 120000,
              "job_submission_deadline": "2026-08-12T10:14:13.306086Z",
              "phase": "execution",
              "queue_timeout_ms": 1800000,
              "queue_wait_ms": 0,
              "total_elapsed_ms": 1013
            }
          },
          "updated_at": "2026-08-12T09:44:14.319606Z",
          "worker_id": "rust-agent-rpc@127.0.0.1:5002"
        },
        "job_id": "c0bcabd8e9a1d823",
        "progress": 1.0,
        "raw": {
          "job": {
            "created_at": "2026-08-12T09:44:13.306086Z",
            "execution_started_at": "2026-08-12T09:44:13.306843Z",
            "execution_timeout_ms": 120000,
            "iteration": 4,
            "job_id": "c0bcabd8e9a1d823",
            "message": "collecting nodal and elemental responses",
            "model_version_id": null,
            "progress": 1.0,
            "project_id": "74ff94eea37a193b",
            "queue_timeout_ms": 1800000,
            "residual": 0.2,
            "simulation_case_id": "124602edfa4c82cd",
            "status": "completed",
            "status_detail": {
              "active": false,
              "failure_class": null,
              "lifecycle": "terminal",
              "recoverable": false,
              "terminal": true,
              "timing": {
                "effective_deadline": "2026-08-12T09:46:13.306843Z",
                "effective_timeout_ms": 120000,
                "execution_elapsed_ms": 1012,
                "execution_started_at": "2026-08-12T09:44:13.306843Z",
                "execution_timeout_ms": 120000,
                "job_submission_deadline": "2026-08-12T10:14:13.306086Z",
                "phase": "execution",
                "queue_timeout_ms": 1800000,
                "queue_wait_ms": 0,
                "total_elapsed_ms": 1013
              }
            },
            "updated_at": "2026-08-12T09:44:14.319606Z",
            "worker_id": "rust-agent-rpc@127.0.0.1:5002"
          }
        },
        "result": null,
        "status": "completed",
        "wait": {
          "elapsed_ms": 1017,
          "policy": "server_deadline",
          "poll_attempts": 2,
          "resume_count": 0
        }
      },
      "requires_confirmation": false
    },
    {
      "index": 6,
      "action": "result_fetch",
      "risk": "normal",
      "status": "executed",
      "payload": {
        "job_id": "c0bcabd8e9a1d823"
      },
      "result_preview": {
        "job": {
          "created_at": "2026-08-12T09:44:13.306086Z",
          "execution_started_at": "2026-08-12T09:44:13.306843Z",
          "execution_timeout_ms": 120000,
          "has_result": true,
          "iteration": 4,
          "job_id": "c0bcabd8e9a1d823",
          "message": "collecting nodal and elemental responses",
          "model_version_id": null,
          "progress": 1.0,
          "project_id": "74ff94eea37a193b",
          "queue_timeout_ms": 1800000,
          "residual": 0.2,
          "simulation_case_id": "124602edfa4c82cd",
          "status": "completed",
          "status_detail": {
            "active": false,
            "failure_class": null,
            "lifecycle": "terminal",
            "recoverable": false,
            "terminal": true,
            "timing": {
              "effective_deadline": "2026-08-12T09:46:13.306843Z",
              "effective_timeout_ms": 120000,
              "execution_elapsed_ms": 1012,
              "execution_started_at": "2026-08-12T09:44:13.306843Z",
              "execution_timeout_ms": 120000,
              "job_submission_deadline": "2026-08-12T10:14:13.306086Z",
              "phase": "execution",
              "queue_timeout_ms": 1800000,
              "queue_wait_ms": 0,
              "total_elapsed_ms": 1013
            }
          },
          "updated_at": "2026-08-12T09:44:14.319606Z",
          "worker_id": "rust-agent-rpc@127.0.0.1:5002"
        },
        "job_id": "c0bcabd8e9a1d823",
        "result": {
          "elements": [
            {
              "area": 0.0008,
              "average_potential": 600.0,
              "electric_energy_density": 0.039046968254448006,
              "electric_field_magnitude": 30000.0,
              "electric_field_x": -30000.0,
              "electric_field_y": -0.0,
              "electric_flux_density_magnitude": 2.6031312169632004e-6,
              "electric_flux_density_x": -2.6031312169632004e-6,
              "electric_flux_density_y": -0.0,
              "id": "dielectric_alumina_96",
              "index": 0,
              "node_i": 0,
              "node_j": 1,
              "node_k": 2,
              "node_l": 3,
              "potential_gradient_x": 30000.0,
              "potential_gradient_y": 0.0,
              "stored_energy": 3.1237574603558404e-8
            }
          ],
          "input": {
            "elements": [
              {
                "id": "dielectric_alumina_96",
                "node_i": 0,
                "node_j": 1,
                "node_k": 2,
                "node_l": 3,
                "permittivity": 8.677104056544001e-11,
                "thickness": 0.001
              }
            ],
            "nodes": [
              {
                "charge_density": 0.0,
                "fix_potential": true,
                "id": "ground_left_bottom",
                "potential": 0.0,
                "x": 0.0,
                "y": 0.0
              },
              {
                "charge_density": 0.0,
                "fix_potential": true,
                "id": "drive_right_bottom",
                "potential": 1200.0,
                "x": 0.04,
                "y": 0.0
              },
              {
                "charge_density": 0.0,
                "fix_potential": true,
                "id": "drive_right_top",
                "potential": 1200.0,
                "x": 0.04,
                "y": 0.02
              },
              {
                "charge_density": 0.0,
                "fix_potential": true,
                "id": "ground_left_top",
                "potential": 0.0,
                "x": 0.0,
                "y": 0.02
              }
            ]
          },
          "max_electric_energy_density": 0.039046968254448006,
          "max_electric_field": 30000.0,
          "max_flux_density": 2.6031312169632004e-6,
          "max_potential": 1200.0,
          "nodes": [
            {
              "charge_density": 0.0,
              "id": "ground_left_bottom",
              "index": 0,
              "potential": 0.0,
              "x": 0.0,
              "y": 0.0
            },
            {
              "charge_density": 0.0,
              "id": "drive_right_bottom",
              "index": 1,
              "potential": 1200.0,
              "x": 0.04,
              "y": 0.0
            },
            {
              "charge_density": 0.0,
              "id": "drive_right_top",
              "index": 2,
              "potential": 1200.0,
              "x": 0.04,
              "y": 0.02
            },
            {
              "charge_density": 0.0,
              "id": "ground_left_top",
              "index": 3,
              "potential": 0.0,
              "x": 0.0,
              "y": 0.02
            }
          ],
          "total_stored_energy": 3.1237574603558404e-8
        },
        "status": "completed"
      },
      "requires_confirmation": false
    },
    {
      "index": 7,
      "action": "solve_electrostatic_plane_quad_2d",
      "risk": "normal",
      "status": "executed",
      "payload": {
        "model": {
          "elements": [
            {
              "id": "dielectric_ptfe",
              "node_i": 0,
              "node_j": 1,
              "node_k": 2,
              "node_l": 3,
              "permittivity": 1.859379440688e-11,
              "thickness": 0.001
            }
          ],
          "nodes": [
            {
              "charge_density": 0.0,
              "fix_potential": true,
              "id": "ground_left_bottom",
              "potential": 0.0,
              "x": 0.0,
              "y": 0.0
            },
            {
              "charge_density": 0.0,
              "fix_potential": true,
              "id": "drive_right_bottom",
              "potential": 1200,
              "x": 0.04,
              "y": 0.0
            },
            {
              "charge_density": 0.0,
              "fix_potential": true,
              "id": "drive_right_top",
              "potential": 1200,
              "x": 0.04,
              "y": 0.02
            },
            {
              "charge_density": 0.0,
              "fix_potential": true,
              "id": "ground_left_top",
              "potential": 0.0,
              "x": 0.0,
              "y": 0.02
            }
          ]
        },
        "research": {
          "breakdown_field_v_m": 60000000.0,
          "candidate_id": "ptfe",
          "candidate_label": "PTFE",
          "dissipation_factor": 0.0002,
          "family": "polymer",
          "note": "low-loss polymer candidate with weaker breakdown margin",
          "objective": "maximize electric breakdown margin with low loss and low mass",
          "relative_permittivity": 2.1,
          "study": "material.dielectric_screening.v1"
        }
      },
      "result_preview": {
        "job": {
          "created_at": "2026-08-12T09:44:14.342724Z",
          "execution_started_at": null,
          "execution_timeout_ms": 120000,
          "has_result": false,
          "iteration": null,
          "job_id": "fad883bedc2b9417",
          "message": null,
          "model_version_id": null,
          "progress": 0.0,
          "project_id": "b53eb88b279602b6",
          "queue_timeout_ms": 1800000,
          "residual": null,
          "simulation_case_id": "de9a46c6ca20e47f",
          "status": "queued",
          "status_detail": {
            "active": true,
            "failure_class": null,
            "lifecycle": "active",
            "recoverable": false,
            "terminal": false,
            "timing": {
              "effective_deadline": "2026-08-12T10:14:14.342724Z",
              "effective_timeout_ms": 1800000,
              "execution_elapsed_ms": null,
              "execution_started_at": null,
              "execution_timeout_ms": 120000,
              "job_submission_deadline": "2026-08-12T10:14:14.342724Z",
              "phase": "queue",
              "queue_timeout_ms": 1800000,
              "queue_wait_ms": 0,
              "total_elapsed_ms": 0
            }
          },
          "updated_at": "2026-08-12T09:44:14.342724Z",
          "worker_id": null
        },
        "job_id": "fad883bedc2b9417",
        "progress": 0.0,
        "raw": {
          "job": {
            "created_at": "2026-08-12T09:44:14.342724Z",
            "execution_started_at": null,
            "execution_timeout_ms": 120000,
            "has_result": false,
            "iteration": null,
            "job_id": "fad883bedc2b9417",
            "message": null,
            "model_version_id": null,
            "progress": 0.0,
            "project_id": "b53eb88b279602b6",
            "queue_timeout_ms": 1800000,
            "residual": null,
            "simulation_case_id": "de9a46c6ca20e47f",
            "status": "queued",
            "status_detail": {
              "active": true,
              "failure_class": null,
              "lifecycle": "active",
              "recoverable": false,
              "terminal": false,
              "timing": {
                "effective_deadline": "2026-08-12T10:14:14.342724Z",
                "effective_timeout_ms": 1800000,
                "execution_elapsed_ms": null,
                "execution_started_at": null,
                "execution_timeout_ms": 120000,
                "job_submission_deadline": "2026-08-12T10:14:14.342724Z",
                "phase": "queue",
                "queue_timeout_ms": 1800000,
                "queue_wait_ms": 0,
                "total_elapsed_ms": 0
              }
            },
            "updated_at": "2026-08-12T09:44:14.342724Z",
            "worker_id": null
          }
        },
        "status": "queued"
      },
      "requires_confirmation": false
    },
    {
      "index": 8,
      "action": "job_wait",
      "risk": "normal",
      "status": "executed",
      "payload": {
        "interval_ms": 1000,
        "job_id": "fad883bedc2b9417",
        "max_total_timeout_ms": 3600000,
        "resume_policy": "server_deadline",
        "timeout_ms": 60000
      },
      "result_preview": {
        "job": {
          "created_at": "2026-08-12T09:44:14.342724Z",
          "execution_started_at": "2026-08-12T09:44:14.346327Z",
          "execution_timeout_ms": 120000,
          "iteration": 4,
          "job_id": "fad883bedc2b9417",
          "message": "collecting nodal and elemental responses",
          "model_version_id": null,
          "progress": 1.0,
          "project_id": "b53eb88b279602b6",
          "queue_timeout_ms": 1800000,
          "residual": 0.2,
          "simulation_case_id": "de9a46c6ca20e47f",
          "status": "completed",
          "status_detail": {
            "active": false,
            "failure_class": null,
            "lifecycle": "terminal",
            "recoverable": false,
            "terminal": true,
            "timing": {
              "effective_deadline": "2026-08-12T09:46:14.346327Z",
              "effective_timeout_ms": 120000,
              "execution_elapsed_ms": 1008,
              "execution_started_at": "2026-08-12T09:44:14.346327Z",
              "execution_timeout_ms": 120000,
              "job_submission_deadline": "2026-08-12T10:14:14.342724Z",
              "phase": "execution",
              "queue_timeout_ms": 1800000,
              "queue_wait_ms": 3,
              "total_elapsed_ms": 1012
            }
          },
          "updated_at": "2026-08-12T09:44:15.354732Z",
          "worker_id": "rust-agent-rpc@127.0.0.1:5001"
        },
        "job_id": "fad883bedc2b9417",
        "progress": 1.0,
        "raw": {
          "job": {
            "created_at": "2026-08-12T09:44:14.342724Z",
            "execution_started_at": "2026-08-12T09:44:14.346327Z",
            "execution_timeout_ms": 120000,
            "iteration": 4,
            "job_id": "fad883bedc2b9417",
            "message": "collecting nodal and elemental responses",
            "model_version_id": null,
            "progress": 1.0,
            "project_id": "b53eb88b279602b6",
            "queue_timeout_ms": 1800000,
            "residual": 0.2,
            "simulation_case_id": "de9a46c6ca20e47f",
            "status": "completed",
            "status_detail": {
              "active": false,
              "failure_class": null,
              "lifecycle": "terminal",
              "recoverable": false,
              "terminal": true,
              "timing": {
                "effective_deadline": "2026-08-12T09:46:14.346327Z",
                "effective_timeout_ms": 120000,
                "execution_elapsed_ms": 1008,
                "execution_started_at": "2026-08-12T09:44:14.346327Z",
                "execution_timeout_ms": 120000,
                "job_submission_deadline": "2026-08-12T10:14:14.342724Z",
                "phase": "execution",
                "queue_timeout_ms": 1800000,
                "queue_wait_ms": 3,
                "total_elapsed_ms": 1012
              }
            },
            "updated_at": "2026-08-12T09:44:15.354732Z",
            "worker_id": "rust-agent-rpc@127.0.0.1:5001"
          }
        },
        "result": null,
        "status": "completed",
        "wait": {
          "elapsed_ms": 1011,
          "policy": "server_deadline",
          "poll_attempts": 2,
          "resume_count": 0
        }
      },
      "requires_confirmation": false
    },
    {
      "index": 9,
      "action": "result_fetch",
      "risk": "normal",
      "status": "executed",
      "payload": {
        "job_id": "fad883bedc2b9417"
      },
      "result_preview": {
        "job": {
          "created_at": "2026-08-12T09:44:14.342724Z",
          "execution_started_at": "2026-08-12T09:44:14.346327Z",
          "execution_timeout_ms": 120000,
          "has_result": true,
          "iteration": 4,
          "job_id": "fad883bedc2b9417",
          "message": "collecting nodal and elemental responses",
          "model_version_id": null,
          "progress": 1.0,
          "project_id": "b53eb88b279602b6",
          "queue_timeout_ms": 1800000,
          "residual": 0.2,
          "simulation_case_id": "de9a46c6ca20e47f",
          "status": "completed",
          "status_detail": {
            "active": false,
            "failure_class": null,
            "lifecycle": "terminal",
            "recoverable": false,
            "terminal": true,
            "timing": {
              "effective_deadline": "2026-08-12T09:46:14.346327Z",
              "effective_timeout_ms": 120000,
              "execution_elapsed_ms": 1008,
              "execution_started_at": "2026-08-12T09:44:14.346327Z",
              "execution_timeout_ms": 120000,
              "job_submission_deadline": "2026-08-12T10:14:14.342724Z",
              "phase": "execution",
              "queue_timeout_ms": 1800000,
              "queue_wait_ms": 3,
              "total_elapsed_ms": 1012
            }
          },
          "updated_at": "2026-08-12T09:44:15.354732Z",
          "worker_id": "rust-agent-rpc@127.0.0.1:5001"
        },
        "job_id": "fad883bedc2b9417",
        "result": {
          "elements": [
            {
              "area": 0.0008,
              "average_potential": 600.0,
              "electric_energy_density": 0.008367207483096,
              "electric_field_magnitude": 30000.0,
              "electric_field_x": -30000.0,
              "electric_field_y": -0.0,
              "electric_flux_density_magnitude": 5.578138322064e-7,
              "electric_flux_density_x": -5.578138322064e-7,
              "electric_flux_density_y": -0.0,
              "id": "dielectric_ptfe",
              "index": 0,
              "node_i": 0,
              "node_j": 1,
              "node_k": 2,
              "node_l": 3,
              "potential_gradient_x": 30000.0,
              "potential_gradient_y": 0.0,
              "stored_energy": 6.693765986476801e-9
            }
          ],
          "input": {
            "elements": [
              {
                "id": "dielectric_ptfe",
                "node_i": 0,
                "node_j": 1,
                "node_k": 2,
                "node_l": 3,
                "permittivity": 1.859379440688e-11,
                "thickness": 0.001
              }
            ],
            "nodes": [
              {
                "charge_density": 0.0,
                "fix_potential": true,
                "id": "ground_left_bottom",
                "potential": 0.0,
                "x": 0.0,
                "y": 0.0
              },
              {
                "charge_density": 0.0,
                "fix_potential": true,
                "id": "drive_right_bottom",
                "potential": 1200.0,
                "x": 0.04,
                "y": 0.0
              },
              {
                "charge_density": 0.0,
                "fix_potential": true,
                "id": "drive_right_top",
                "potential": 1200.0,
                "x": 0.04,
                "y": 0.02
              },
              {
                "charge_density": 0.0,
                "fix_potential": true,
                "id": "ground_left_top",
                "potential": 0.0,
                "x": 0.0,
                "y": 0.02
              }
            ]
          },
          "max_electric_energy_density": 0.008367207483096,
          "max_electric_field": 30000.0,
          "max_flux_density": 5.578138322064e-7,
          "max_potential": 1200.0,
          "nodes": [
            {
              "charge_density": 0.0,
              "id": "ground_left_bottom",
              "index": 0,
              "potential": 0.0,
              "x": 0.0,
              "y": 0.0
            },
            {
              "charge_density": 0.0,
              "id": "drive_right_bottom",
              "index": 1,
              "potential": 1200.0,
              "x": 0.04,
              "y": 0.0
            },
            {
              "charge_density": 0.0,
              "id": "drive_right_top",
              "index": 2,
              "potential": 1200.0,
              "x": 0.04,
              "y": 0.02
            },
            {
              "charge_density": 0.0,
              "id": "ground_left_top",
              "index": 3,
              "potential": 0.0,
              "x": 0.0,
              "y": 0.02
            }
          ],
          "total_stored_energy": 6.693765986476801e-9
        },
        "status": "completed"
      },
      "requires_confirmation": false
    }
  ]
}
