{
  "schema_version": "kyuubiki.headless-execution-run/v1",
  "workflow_id": "template.direct_thermal_truss_3d",
  "mode": "execute:service",
  "status": "ok",
  "executed_step_count": 3,
  "warning_count": 0,
  "blocked_by_confirmation": null,
  "validation": {
    "ok": true,
    "issue_count": 0,
    "issues": [],
    "warning_count": 0,
    "warnings": [],
    "summary": {
      "schema_version": "kyuubiki.headless-execution-batch/v1",
      "workflow_id": "template.direct_thermal_truss_3d",
      "template_id": "direct_thermal_truss_3d",
      "exported_at": "1970-01-01T00:00:00.000Z",
      "language": "en",
      "step_count": 3,
      "warning_count": 0,
      "actions": [
        "solve_thermal_truss_3d",
        "job_wait",
        "result_fetch"
      ]
    },
    "policy": {
      "required_engines": [
        "service"
      ],
      "engine_counts": {
        "service": 3,
        "browser": 0
      },
      "risk_counts": {
        "normal": 3,
        "sensitive": 0,
        "destructive": 0
      },
      "recommended_runtime": "service_only",
      "needs_desktop_browser": false,
      "safe_for_service_only": true,
      "notes": []
    }
  },
  "execution_summary": {
    "schema_version": "kyuubiki.headless-execution-summary/v1",
    "job_count": 1,
    "job_ids": [
      "7f906ff42cdb24cd"
    ],
    "jobs": [
      {
        "job_id": "7f906ff42cdb24cd",
        "status": "completed",
        "worker_id": "rust-agent-rpc@127.0.0.1:5002",
        "phase": "execution",
        "created_at": "2026-08-13T10:59:22.172633Z",
        "execution_started_at": "2026-08-13T10:59:22.185479Z",
        "updated_at": "2026-08-13T10:59:23.214596Z",
        "queue_wait_ms": 12,
        "execution_elapsed_ms": 1029,
        "total_elapsed_ms": 1041,
        "effective_timeout_ms": 120000,
        "effective_deadline": "2026-08-13T11:01:22.185479Z"
      }
    ],
    "failure": null
  },
  "steps": [
    {
      "index": 1,
      "action": "solve_thermal_truss_3d",
      "risk": "normal",
      "status": "executed",
      "payload": {
        "model": {
          "elements": [
            {
              "area": 0.01,
              "id": "tt3-0",
              "node_i": 0,
              "node_j": 1,
              "thermal_expansion": 0.000012,
              "youngs_modulus": 210000000000.0
            },
            {
              "area": 0.01,
              "id": "tt3-1",
              "node_i": 1,
              "node_j": 2,
              "thermal_expansion": 0.000012,
              "youngs_modulus": 210000000000.0
            },
            {
              "area": 0.01,
              "id": "tt3-2",
              "node_i": 2,
              "node_j": 0,
              "thermal_expansion": 0.000012,
              "youngs_modulus": 210000000000.0
            }
          ],
          "nodes": [
            {
              "fix_x": true,
              "fix_y": true,
              "fix_z": true,
              "id": "n0",
              "load_x": 0.0,
              "load_y": 0.0,
              "load_z": 0.0,
              "temperature_delta": 40.0,
              "x": 0.0,
              "y": 0.0,
              "z": 0.0
            },
            {
              "fix_x": true,
              "fix_y": true,
              "fix_z": true,
              "id": "n1",
              "load_x": 0.0,
              "load_y": 0.0,
              "load_z": 0.0,
              "temperature_delta": 40.0,
              "x": 1.0,
              "y": 0.0,
              "z": 0.0
            },
            {
              "fix_x": true,
              "fix_y": true,
              "fix_z": true,
              "id": "n2",
              "load_x": 0.0,
              "load_y": 0.0,
              "load_z": 0.0,
              "temperature_delta": 40.0,
              "x": 0.0,
              "y": 1.0,
              "z": 0.0
            }
          ]
        }
      },
      "result_preview": {
        "job": {
          "created_at": "2026-08-13T10:59:22.172633Z",
          "execution_started_at": null,
          "execution_timeout_ms": 120000,
          "has_result": false,
          "iteration": null,
          "job_id": "7f906ff42cdb24cd",
          "message": null,
          "model_version_id": null,
          "progress": 0.0,
          "project_id": "ac9889c450307a80",
          "queue_timeout_ms": 1800000,
          "residual": null,
          "simulation_case_id": "d2515b769e8d8573",
          "status": "queued",
          "status_detail": {
            "active": true,
            "failure_class": null,
            "lifecycle": "active",
            "recoverable": false,
            "terminal": false,
            "timing": {
              "effective_deadline": "2026-08-13T11:29:22.172633Z",
              "effective_timeout_ms": 1800000,
              "execution_elapsed_ms": null,
              "execution_started_at": null,
              "execution_timeout_ms": 120000,
              "job_submission_deadline": "2026-08-13T11:29:22.172633Z",
              "phase": "queue",
              "queue_timeout_ms": 1800000,
              "queue_wait_ms": 0,
              "total_elapsed_ms": 0
            }
          },
          "updated_at": "2026-08-13T10:59:22.172633Z",
          "worker_id": null
        },
        "job_id": "7f906ff42cdb24cd",
        "progress": 0.0,
        "raw": {
          "job": {
            "created_at": "2026-08-13T10:59:22.172633Z",
            "execution_started_at": null,
            "execution_timeout_ms": 120000,
            "has_result": false,
            "iteration": null,
            "job_id": "7f906ff42cdb24cd",
            "message": null,
            "model_version_id": null,
            "progress": 0.0,
            "project_id": "ac9889c450307a80",
            "queue_timeout_ms": 1800000,
            "residual": null,
            "simulation_case_id": "d2515b769e8d8573",
            "status": "queued",
            "status_detail": {
              "active": true,
              "failure_class": null,
              "lifecycle": "active",
              "recoverable": false,
              "terminal": false,
              "timing": {
                "effective_deadline": "2026-08-13T11:29:22.172633Z",
                "effective_timeout_ms": 1800000,
                "execution_elapsed_ms": null,
                "execution_started_at": null,
                "execution_timeout_ms": 120000,
                "job_submission_deadline": "2026-08-13T11:29:22.172633Z",
                "phase": "queue",
                "queue_timeout_ms": 1800000,
                "queue_wait_ms": 0,
                "total_elapsed_ms": 0
              }
            },
            "updated_at": "2026-08-13T10:59:22.172633Z",
            "worker_id": null
          }
        },
        "status": "queued"
      },
      "requires_confirmation": false
    },
    {
      "index": 2,
      "action": "job_wait",
      "risk": "normal",
      "status": "executed",
      "payload": {
        "interval_ms": 1000,
        "job_id": "7f906ff42cdb24cd",
        "timeout_ms": 60000
      },
      "result_preview": {
        "job": {
          "created_at": "2026-08-13T10:59:22.172633Z",
          "execution_started_at": "2026-08-13T10:59:22.185479Z",
          "execution_timeout_ms": 120000,
          "iteration": 4,
          "job_id": "7f906ff42cdb24cd",
          "message": "collecting nodal and elemental responses",
          "model_version_id": null,
          "progress": 1.0,
          "project_id": "ac9889c450307a80",
          "queue_timeout_ms": 1800000,
          "residual": 0.2,
          "simulation_case_id": "d2515b769e8d8573",
          "status": "completed",
          "status_detail": {
            "active": false,
            "failure_class": null,
            "lifecycle": "terminal",
            "recoverable": false,
            "terminal": true,
            "timing": {
              "effective_deadline": "2026-08-13T11:01:22.185479Z",
              "effective_timeout_ms": 120000,
              "execution_elapsed_ms": 1029,
              "execution_started_at": "2026-08-13T10:59:22.185479Z",
              "execution_timeout_ms": 120000,
              "job_submission_deadline": "2026-08-13T11:29:22.172633Z",
              "phase": "execution",
              "queue_timeout_ms": 1800000,
              "queue_wait_ms": 12,
              "total_elapsed_ms": 1041
            }
          },
          "updated_at": "2026-08-13T10:59:23.214596Z",
          "worker_id": "rust-agent-rpc@127.0.0.1:5002"
        },
        "job_id": "7f906ff42cdb24cd",
        "progress": 1.0,
        "raw": {
          "job": {
            "created_at": "2026-08-13T10:59:22.172633Z",
            "execution_started_at": "2026-08-13T10:59:22.185479Z",
            "execution_timeout_ms": 120000,
            "iteration": 4,
            "job_id": "7f906ff42cdb24cd",
            "message": "collecting nodal and elemental responses",
            "model_version_id": null,
            "progress": 1.0,
            "project_id": "ac9889c450307a80",
            "queue_timeout_ms": 1800000,
            "residual": 0.2,
            "simulation_case_id": "d2515b769e8d8573",
            "status": "completed",
            "status_detail": {
              "active": false,
              "failure_class": null,
              "lifecycle": "terminal",
              "recoverable": false,
              "terminal": true,
              "timing": {
                "effective_deadline": "2026-08-13T11:01:22.185479Z",
                "effective_timeout_ms": 120000,
                "execution_elapsed_ms": 1029,
                "execution_started_at": "2026-08-13T10:59:22.185479Z",
                "execution_timeout_ms": 120000,
                "job_submission_deadline": "2026-08-13T11:29:22.172633Z",
                "phase": "execution",
                "queue_timeout_ms": 1800000,
                "queue_wait_ms": 12,
                "total_elapsed_ms": 1041
              }
            },
            "updated_at": "2026-08-13T10:59:23.214596Z",
            "worker_id": "rust-agent-rpc@127.0.0.1:5002"
          }
        },
        "result": null,
        "status": "completed",
        "wait": {
          "elapsed_ms": 2053,
          "policy": "fixed",
          "poll_attempts": 3,
          "resume_count": 0
        }
      },
      "requires_confirmation": false
    },
    {
      "index": 3,
      "action": "result_fetch",
      "risk": "normal",
      "status": "executed",
      "payload": {
        "job_id": "7f906ff42cdb24cd"
      },
      "result_preview": {
        "job": {
          "created_at": "2026-08-13T10:59:22.172633Z",
          "execution_started_at": "2026-08-13T10:59:22.185479Z",
          "execution_timeout_ms": 120000,
          "has_result": true,
          "iteration": 4,
          "job_id": "7f906ff42cdb24cd",
          "message": "collecting nodal and elemental responses",
          "model_version_id": null,
          "progress": 1.0,
          "project_id": "ac9889c450307a80",
          "queue_timeout_ms": 1800000,
          "residual": 0.2,
          "simulation_case_id": "d2515b769e8d8573",
          "status": "completed",
          "status_detail": {
            "active": false,
            "failure_class": null,
            "lifecycle": "terminal",
            "recoverable": false,
            "terminal": true,
            "timing": {
              "effective_deadline": "2026-08-13T11:01:22.185479Z",
              "effective_timeout_ms": 120000,
              "execution_elapsed_ms": 1029,
              "execution_started_at": "2026-08-13T10:59:22.185479Z",
              "execution_timeout_ms": 120000,
              "job_submission_deadline": "2026-08-13T11:29:22.172633Z",
              "phase": "execution",
              "queue_timeout_ms": 1800000,
              "queue_wait_ms": 12,
              "total_elapsed_ms": 1041
            }
          },
          "updated_at": "2026-08-13T10:59:23.214596Z",
          "worker_id": "rust-agent-rpc@127.0.0.1:5002"
        },
        "job_id": "7f906ff42cdb24cd",
        "result": {
          "elements": [
            {
              "average_temperature_delta": 40.0,
              "axial_force": -1008000.0,
              "id": "tt3-0",
              "index": 0,
              "length": 1.0,
              "mechanical_strain": -0.00048,
              "node_i": 0,
              "node_j": 1,
              "strain_energy_density": 24192.0,
              "stress": -100800000.0,
              "thermal_strain": 0.00048,
              "total_strain": 0.0
            },
            {
              "average_temperature_delta": 40.0,
              "axial_force": -1008000.0,
              "id": "tt3-1",
              "index": 1,
              "length": 1.4142135623730951,
              "mechanical_strain": -0.00048,
              "node_i": 1,
              "node_j": 2,
              "strain_energy_density": 24192.0,
              "stress": -100800000.0,
              "thermal_strain": 0.00048,
              "total_strain": 0.0
            },
            {
              "average_temperature_delta": 40.0,
              "axial_force": -1008000.0,
              "id": "tt3-2",
              "index": 2,
              "length": 1.0,
              "mechanical_strain": -0.00048,
              "node_i": 2,
              "node_j": 0,
              "strain_energy_density": 24192.0,
              "stress": -100800000.0,
              "thermal_strain": 0.00048,
              "total_strain": 0.0
            }
          ],
          "input": {
            "elements": [
              {
                "area": 0.01,
                "id": "tt3-0",
                "node_i": 0,
                "node_j": 1,
                "thermal_expansion": 0.000012,
                "youngs_modulus": 210000000000.0
              },
              {
                "area": 0.01,
                "id": "tt3-1",
                "node_i": 1,
                "node_j": 2,
                "thermal_expansion": 0.000012,
                "youngs_modulus": 210000000000.0
              },
              {
                "area": 0.01,
                "id": "tt3-2",
                "node_i": 2,
                "node_j": 0,
                "thermal_expansion": 0.000012,
                "youngs_modulus": 210000000000.0
              }
            ],
            "nodes": [
              {
                "fix_x": true,
                "fix_y": true,
                "fix_z": true,
                "id": "n0",
                "load_x": 0.0,
                "load_y": 0.0,
                "load_z": 0.0,
                "temperature_delta": 40.0,
                "x": 0.0,
                "y": 0.0,
                "z": 0.0
              },
              {
                "fix_x": true,
                "fix_y": true,
                "fix_z": true,
                "id": "n1",
                "load_x": 0.0,
                "load_y": 0.0,
                "load_z": 0.0,
                "temperature_delta": 40.0,
                "x": 1.0,
                "y": 0.0,
                "z": 0.0
              },
              {
                "fix_x": true,
                "fix_y": true,
                "fix_z": true,
                "id": "n2",
                "load_x": 0.0,
                "load_y": 0.0,
                "load_z": 0.0,
                "temperature_delta": 40.0,
                "x": 0.0,
                "y": 1.0,
                "z": 0.0
              }
            ]
          },
          "max_axial_force": 1008000.0,
          "max_displacement": 0.0,
          "max_strain_energy_density": 24192.0,
          "max_stress": 100800000.0,
          "max_temperature_delta": 40.0,
          "nodes": [
            {
              "id": "n0",
              "index": 0,
              "temperature_delta": 40.0,
              "ux": 0.0,
              "uy": 0.0,
              "uz": 0.0,
              "x": 0.0,
              "y": 0.0,
              "z": 0.0
            },
            {
              "id": "n1",
              "index": 1,
              "temperature_delta": 40.0,
              "ux": 0.0,
              "uy": 0.0,
              "uz": 0.0,
              "x": 1.0,
              "y": 0.0,
              "z": 0.0
            },
            {
              "id": "n2",
              "index": 2,
              "temperature_delta": 40.0,
              "ux": 0.0,
              "uy": 0.0,
              "uz": 0.0,
              "x": 0.0,
              "y": 1.0,
              "z": 0.0
            }
          ],
          "total_strain_energy": 825.9665450092994
        },
        "status": "completed"
      },
      "requires_confirmation": false
    }
  ]
}
