{
  "schema_version": "kyuubiki.headless-execution-run/v1",
  "workflow_id": "template.direct_truss_3d",
  "mode": "dry_run",
  "status": "ok",
  "executed_step_count": 3,
  "warning_count": 0,
  "blocked_by_confirmation": null,
  "validation": {
    "ok": true,
    "issue_count": 0,
    "issues": [],
    "warning_count": 0,
    "warnings": [],
    "summary": {
      "schema_version": "kyuubiki.headless-execution-batch/v1",
      "workflow_id": "template.direct_truss_3d",
      "template_id": "direct_truss_3d",
      "exported_at": "1970-01-01T00:00:00.000Z",
      "language": "en",
      "step_count": 3,
      "warning_count": 0,
      "actions": [
        "solve_truss_3d",
        "job_wait",
        "result_fetch"
      ]
    },
    "policy": {
      "required_engines": [
        "service"
      ],
      "engine_counts": {
        "browser": 0,
        "service": 3
      },
      "risk_counts": {
        "normal": 3,
        "sensitive": 0,
        "destructive": 0
      },
      "recommended_runtime": "service_only",
      "needs_desktop_browser": false,
      "safe_for_service_only": true,
      "notes": []
    }
  },
  "execution_summary": {
    "schema_version": "kyuubiki.headless-execution-summary/v1",
    "job_count": 1,
    "job_ids": [
      "{{steps.1.result.job_id}}"
    ],
    "jobs": [
      {
        "job_id": "{{steps.1.result.job_id}}",
        "status": null,
        "worker_id": null,
        "phase": null,
        "created_at": null,
        "execution_started_at": null,
        "updated_at": null,
        "queue_wait_ms": null,
        "execution_elapsed_ms": null,
        "total_elapsed_ms": null,
        "effective_timeout_ms": null,
        "effective_deadline": null
      }
    ],
    "failure": null
  },
  "steps": [
    {
      "index": 1,
      "action": "solve_truss_3d",
      "risk": "normal",
      "status": "dry_run",
      "payload": {
        "model": {
          "elements": [
            {
              "area": 0.01,
              "id": "e0",
              "node_i": 0,
              "node_j": 1,
              "youngs_modulus": 70000000000.0
            },
            {
              "area": 0.01,
              "id": "e1",
              "node_i": 1,
              "node_j": 2,
              "youngs_modulus": 70000000000.0
            },
            {
              "area": 0.01,
              "id": "e2",
              "node_i": 2,
              "node_j": 0,
              "youngs_modulus": 70000000000.0
            },
            {
              "area": 0.01,
              "id": "e3",
              "node_i": 0,
              "node_j": 3,
              "youngs_modulus": 70000000000.0
            },
            {
              "area": 0.01,
              "id": "e4",
              "node_i": 1,
              "node_j": 3,
              "youngs_modulus": 70000000000.0
            },
            {
              "area": 0.01,
              "id": "e5",
              "node_i": 2,
              "node_j": 3,
              "youngs_modulus": 70000000000.0
            }
          ],
          "nodes": [
            {
              "fix_x": true,
              "fix_y": true,
              "fix_z": true,
              "id": "b0",
              "load_x": 0.0,
              "load_y": 0.0,
              "load_z": 0.0,
              "x": 0.0,
              "y": 0.0,
              "z": 0.0
            },
            {
              "fix_x": true,
              "fix_y": true,
              "fix_z": true,
              "id": "b1",
              "load_x": 0.0,
              "load_y": 0.0,
              "load_z": 0.0,
              "x": 1.2,
              "y": 0.0,
              "z": 0.0
            },
            {
              "fix_x": true,
              "fix_y": true,
              "fix_z": true,
              "id": "b2",
              "load_x": 0.0,
              "load_y": 0.0,
              "load_z": 0.0,
              "x": 0.0,
              "y": 1.2,
              "z": 0.0
            },
            {
              "fix_x": false,
              "fix_y": false,
              "fix_z": false,
              "id": "top",
              "load_x": 0.0,
              "load_y": 0.0,
              "load_z": -1600.0,
              "x": 0.35,
              "y": 0.35,
              "z": 1.0
            }
          ]
        }
      },
      "result_preview": {
        "action": "solve_truss_3d",
        "step_index": 1
      },
      "requires_confirmation": false
    },
    {
      "index": 2,
      "action": "job_wait",
      "risk": "normal",
      "status": "dry_run",
      "payload": {
        "interval_ms": 1000,
        "job_id": "{{steps.1.result.job_id}}",
        "timeout_ms": 60000
      },
      "result_preview": {
        "action": "job_wait",
        "job_id": "{{steps.1.result.job_id}}",
        "progress": 1.0,
        "status": "completed",
        "step_index": 2
      },
      "requires_confirmation": false
    },
    {
      "index": 3,
      "action": "result_fetch",
      "risk": "normal",
      "status": "dry_run",
      "payload": {
        "job_id": "{{steps.1.result.job_id}}"
      },
      "result_preview": {
        "action": "result_fetch",
        "job_id": "{{steps.1.result.job_id}}",
        "result": {
          "kind": "simulated_result"
        },
        "step_index": 3
      },
      "requires_confirmation": false
    }
  ]
}
