{
  "schema_version": "kyuubiki.headless-execution-run/v1",
  "workflow_id": "template.material_thermo_shield_screening",
  "mode": "execute:service",
  "status": "ok",
  "executed_step_count": 9,
  "warning_count": 0,
  "blocked_by_confirmation": null,
  "validation": {
    "ok": true,
    "issue_count": 0,
    "issues": [],
    "warning_count": 0,
    "warnings": [],
    "summary": {
      "schema_version": "kyuubiki.headless-execution-batch/v1",
      "workflow_id": "template.material_thermo_shield_screening",
      "template_id": "material_thermo_shield_screening",
      "exported_at": "1970-01-01T00:00:00.000Z",
      "language": "en",
      "step_count": 9,
      "warning_count": 0,
      "actions": [
        "solve_thermal_plane_quad_2d",
        "job_wait",
        "result_fetch",
        "solve_thermal_plane_quad_2d",
        "job_wait",
        "result_fetch",
        "solve_thermal_plane_quad_2d",
        "job_wait",
        "result_fetch"
      ]
    },
    "policy": {
      "required_engines": [
        "service"
      ],
      "engine_counts": {
        "browser": 0,
        "service": 9
      },
      "risk_counts": {
        "destructive": 0,
        "normal": 9,
        "sensitive": 0
      },
      "recommended_runtime": "service_only",
      "needs_desktop_browser": false,
      "safe_for_service_only": true,
      "notes": []
    }
  },
  "execution_summary": {
    "schema_version": "kyuubiki.headless-execution-summary/v1",
    "job_count": 3,
    "job_ids": [
      "7dc5badfdd3c4e92",
      "03769c61a5c4cf21",
      "324ec5b0d9405964"
    ],
    "jobs": [
      {
        "job_id": "7dc5badfdd3c4e92",
        "status": "completed",
        "worker_id": "rust-agent-rpc@127.0.0.1:5002",
        "phase": "execution",
        "created_at": "2026-08-13T10:49:56.221933Z",
        "execution_started_at": "2026-08-13T10:49:56.230232Z",
        "updated_at": "2026-08-13T10:49:57.276802Z",
        "queue_wait_ms": 8,
        "execution_elapsed_ms": 1046,
        "total_elapsed_ms": 1054,
        "effective_timeout_ms": 120000,
        "effective_deadline": "2026-08-13T10:51:56.230232Z"
      },
      {
        "job_id": "03769c61a5c4cf21",
        "status": "completed",
        "worker_id": "rust-agent-rpc@127.0.0.1:5001",
        "phase": "execution",
        "created_at": "2026-08-13T10:49:58.298522Z",
        "execution_started_at": "2026-08-13T10:49:58.305228Z",
        "updated_at": "2026-08-13T10:49:59.347229Z",
        "queue_wait_ms": 6,
        "execution_elapsed_ms": 1042,
        "total_elapsed_ms": 1048,
        "effective_timeout_ms": 120000,
        "effective_deadline": "2026-08-13T10:51:58.305228Z"
      },
      {
        "job_id": "324ec5b0d9405964",
        "status": "completed",
        "worker_id": "rust-agent-rpc@127.0.0.1:5002",
        "phase": "execution",
        "created_at": "2026-08-13T10:50:00.392080Z",
        "execution_started_at": "2026-08-13T10:50:00.396402Z",
        "updated_at": "2026-08-13T10:50:01.410536Z",
        "queue_wait_ms": 4,
        "execution_elapsed_ms": 1014,
        "total_elapsed_ms": 1018,
        "effective_timeout_ms": 120000,
        "effective_deadline": "2026-08-13T10:52:00.396402Z"
      }
    ],
    "failure": null
  },
  "steps": [
    {
      "index": 1,
      "action": "solve_thermal_plane_quad_2d",
      "risk": "normal",
      "status": "executed",
      "payload": {
        "model": {
          "elements": [
            {
              "id": "thermo_aluminum_6061_t6",
              "node_i": 0,
              "node_j": 1,
              "node_k": 2,
              "node_l": 3,
              "poisson_ratio": 0.33,
              "thermal_expansion": 0.0000236,
              "thickness": 0.002,
              "youngs_modulus": 68900000000.0
            }
          ],
          "nodes": [
            {
              "fix_x": true,
              "fix_y": true,
              "id": "fixed_left_bottom",
              "load_x": 0.0,
              "load_y": 0.0,
              "temperature_delta": 70.0,
              "x": 0.0,
              "y": 0.0
            },
            {
              "fix_x": true,
              "fix_y": true,
              "id": "fixed_right_bottom",
              "load_x": 0.0,
              "load_y": 0.0,
              "temperature_delta": 70.0,
              "x": 0.08,
              "y": 0.0
            },
            {
              "fix_x": false,
              "fix_y": false,
              "id": "free_right_top",
              "load_x": 0.0,
              "load_y": 0.0,
              "temperature_delta": 110.0,
              "x": 0.08,
              "y": 0.04
            },
            {
              "fix_x": false,
              "fix_y": false,
              "id": "free_left_top",
              "load_x": 0.0,
              "load_y": 0.0,
              "temperature_delta": 110.0,
              "x": 0.0,
              "y": 0.04
            }
          ]
        },
        "research": {
          "candidate_id": "aluminum_6061_t6",
          "candidate_label": "Aluminum 6061-T6",
          "density_kg_m3": 2700.0,
          "family": "metal",
          "note": "lightweight baseline with high thermal expansion",
          "objective": "minimize constrained thermal stress, displacement, and areal mass",
          "study": "material.thermo_shield_screening.v1",
          "thermal_expansion_1_k": 0.0000236,
          "youngs_modulus_pa": 68900000000.0
        }
      },
      "result_preview": {
        "job": {
          "created_at": "2026-08-13T10:49:56.221933Z",
          "execution_started_at": null,
          "execution_timeout_ms": 120000,
          "has_result": false,
          "iteration": null,
          "job_id": "7dc5badfdd3c4e92",
          "message": null,
          "model_version_id": null,
          "progress": 0.0,
          "project_id": "f099bf6633f3301d",
          "queue_timeout_ms": 1800000,
          "residual": null,
          "simulation_case_id": "6f1fefd6ebb7d902",
          "status": "queued",
          "status_detail": {
            "active": true,
            "failure_class": null,
            "lifecycle": "active",
            "recoverable": false,
            "terminal": false,
            "timing": {
              "effective_deadline": "2026-08-13T11:19:56.221933Z",
              "effective_timeout_ms": 1800000,
              "execution_elapsed_ms": null,
              "execution_started_at": null,
              "execution_timeout_ms": 120000,
              "job_submission_deadline": "2026-08-13T11:19:56.221933Z",
              "phase": "queue",
              "queue_timeout_ms": 1800000,
              "queue_wait_ms": 0,
              "total_elapsed_ms": 0
            }
          },
          "updated_at": "2026-08-13T10:49:56.221933Z",
          "worker_id": null
        },
        "job_id": "7dc5badfdd3c4e92",
        "progress": 0.0,
        "raw": {
          "job": {
            "created_at": "2026-08-13T10:49:56.221933Z",
            "execution_started_at": null,
            "execution_timeout_ms": 120000,
            "has_result": false,
            "iteration": null,
            "job_id": "7dc5badfdd3c4e92",
            "message": null,
            "model_version_id": null,
            "progress": 0.0,
            "project_id": "f099bf6633f3301d",
            "queue_timeout_ms": 1800000,
            "residual": null,
            "simulation_case_id": "6f1fefd6ebb7d902",
            "status": "queued",
            "status_detail": {
              "active": true,
              "failure_class": null,
              "lifecycle": "active",
              "recoverable": false,
              "terminal": false,
              "timing": {
                "effective_deadline": "2026-08-13T11:19:56.221933Z",
                "effective_timeout_ms": 1800000,
                "execution_elapsed_ms": null,
                "execution_started_at": null,
                "execution_timeout_ms": 120000,
                "job_submission_deadline": "2026-08-13T11:19:56.221933Z",
                "phase": "queue",
                "queue_timeout_ms": 1800000,
                "queue_wait_ms": 0,
                "total_elapsed_ms": 0
              }
            },
            "updated_at": "2026-08-13T10:49:56.221933Z",
            "worker_id": null
          }
        },
        "status": "queued"
      },
      "requires_confirmation": false
    },
    {
      "index": 2,
      "action": "job_wait",
      "risk": "normal",
      "status": "executed",
      "payload": {
        "interval_ms": 1000,
        "job_id": "7dc5badfdd3c4e92",
        "max_total_timeout_ms": 3600000,
        "resume_policy": "server_deadline",
        "timeout_ms": 60000
      },
      "result_preview": {
        "job": {
          "created_at": "2026-08-13T10:49:56.221933Z",
          "execution_started_at": "2026-08-13T10:49:56.230232Z",
          "execution_timeout_ms": 120000,
          "iteration": 4,
          "job_id": "7dc5badfdd3c4e92",
          "message": "collecting nodal and elemental responses",
          "model_version_id": null,
          "progress": 1.0,
          "project_id": "f099bf6633f3301d",
          "queue_timeout_ms": 1800000,
          "residual": 0.2,
          "simulation_case_id": "6f1fefd6ebb7d902",
          "status": "completed",
          "status_detail": {
            "active": false,
            "failure_class": null,
            "lifecycle": "terminal",
            "recoverable": false,
            "terminal": true,
            "timing": {
              "effective_deadline": "2026-08-13T10:51:56.230232Z",
              "effective_timeout_ms": 120000,
              "execution_elapsed_ms": 1046,
              "execution_started_at": "2026-08-13T10:49:56.230232Z",
              "execution_timeout_ms": 120000,
              "job_submission_deadline": "2026-08-13T11:19:56.221933Z",
              "phase": "execution",
              "queue_timeout_ms": 1800000,
              "queue_wait_ms": 8,
              "total_elapsed_ms": 1054
            }
          },
          "updated_at": "2026-08-13T10:49:57.276802Z",
          "worker_id": "rust-agent-rpc@127.0.0.1:5002"
        },
        "job_id": "7dc5badfdd3c4e92",
        "progress": 1.0,
        "raw": {
          "job": {
            "created_at": "2026-08-13T10:49:56.221933Z",
            "execution_started_at": "2026-08-13T10:49:56.230232Z",
            "execution_timeout_ms": 120000,
            "iteration": 4,
            "job_id": "7dc5badfdd3c4e92",
            "message": "collecting nodal and elemental responses",
            "model_version_id": null,
            "progress": 1.0,
            "project_id": "f099bf6633f3301d",
            "queue_timeout_ms": 1800000,
            "residual": 0.2,
            "simulation_case_id": "6f1fefd6ebb7d902",
            "status": "completed",
            "status_detail": {
              "active": false,
              "failure_class": null,
              "lifecycle": "terminal",
              "recoverable": false,
              "terminal": true,
              "timing": {
                "effective_deadline": "2026-08-13T10:51:56.230232Z",
                "effective_timeout_ms": 120000,
                "execution_elapsed_ms": 1046,
                "execution_started_at": "2026-08-13T10:49:56.230232Z",
                "execution_timeout_ms": 120000,
                "job_submission_deadline": "2026-08-13T11:19:56.221933Z",
                "phase": "execution",
                "queue_timeout_ms": 1800000,
                "queue_wait_ms": 8,
                "total_elapsed_ms": 1054
              }
            },
            "updated_at": "2026-08-13T10:49:57.276802Z",
            "worker_id": "rust-agent-rpc@127.0.0.1:5002"
          }
        },
        "result": null,
        "status": "completed",
        "wait": {
          "elapsed_ms": 2056,
          "policy": "server_deadline",
          "poll_attempts": 3,
          "resume_count": 0
        }
      },
      "requires_confirmation": false
    },
    {
      "index": 3,
      "action": "result_fetch",
      "risk": "normal",
      "status": "executed",
      "payload": {
        "job_id": "7dc5badfdd3c4e92"
      },
      "result_preview": {
        "job": {
          "created_at": "2026-08-13T10:49:56.221933Z",
          "execution_started_at": "2026-08-13T10:49:56.230232Z",
          "execution_timeout_ms": 120000,
          "has_result": true,
          "iteration": 4,
          "job_id": "7dc5badfdd3c4e92",
          "message": "collecting nodal and elemental responses",
          "model_version_id": null,
          "progress": 1.0,
          "project_id": "f099bf6633f3301d",
          "queue_timeout_ms": 1800000,
          "residual": 0.2,
          "simulation_case_id": "6f1fefd6ebb7d902",
          "status": "completed",
          "status_detail": {
            "active": false,
            "failure_class": null,
            "lifecycle": "terminal",
            "recoverable": false,
            "terminal": true,
            "timing": {
              "effective_deadline": "2026-08-13T10:51:56.230232Z",
              "effective_timeout_ms": 120000,
              "execution_elapsed_ms": 1046,
              "execution_started_at": "2026-08-13T10:49:56.230232Z",
              "execution_timeout_ms": 120000,
              "job_submission_deadline": "2026-08-13T11:19:56.221933Z",
              "phase": "execution",
              "queue_timeout_ms": 1800000,
              "queue_wait_ms": 8,
              "total_elapsed_ms": 1054
            }
          },
          "updated_at": "2026-08-13T10:49:57.276802Z",
          "worker_id": "rust-agent-rpc@127.0.0.1:5002"
        },
        "job_id": "7dc5badfdd3c4e92",
        "result": {
          "elements": [
            {
              "area": 0.003199999999999999,
              "average_temperature_delta": 89.99999999999999,
              "gamma_xy": 3.3087224502121117e-19,
              "id": "thermo_aluminum_6061_t6",
              "index": 0,
              "max_in_plane_shear": 29839762.232461646,
              "mechanical_strain_x": -0.0008661759719147069,
              "mechanical_strain_y": 0.00028583807073185316,
              "node_i": 0,
              "node_j": 1,
              "node_k": 2,
              "node_l": 3,
              "principal_stress_1": -7.450580596923828e-9,
              "principal_stress_2": -59679524.4649233,
              "strain_energy_density": 60840.89666021714,
              "stress_x": -59679524.4649233,
              "stress_y": -9.094947017729286e-9,
              "tau_xy": 9.094947017729286e-9,
              "thermal_strain": 0.002124,
              "total_strain_x": 0.001257824028085293,
              "total_strain_y": 0.0024098380707318536,
              "von_mises": 59679524.46492329
            }
          ],
          "input": {
            "elements": [
              {
                "id": "thermo_aluminum_6061_t6",
                "node_i": 0,
                "node_j": 1,
                "node_k": 2,
                "node_l": 3,
                "poisson_ratio": 0.33,
                "thermal_expansion": 0.0000236,
                "thickness": 0.002,
                "youngs_modulus": 68900000000.0
              }
            ],
            "nodes": [
              {
                "fix_x": true,
                "fix_y": true,
                "id": "fixed_left_bottom",
                "load_x": 0.0,
                "load_y": 0.0,
                "temperature_delta": 70.0,
                "x": 0.0,
                "y": 0.0
              },
              {
                "fix_x": true,
                "fix_y": true,
                "id": "fixed_right_bottom",
                "load_x": 0.0,
                "load_y": 0.0,
                "temperature_delta": 70.0,
                "x": 0.08,
                "y": 0.0
              },
              {
                "fix_x": false,
                "fix_y": false,
                "id": "free_right_top",
                "load_x": 0.0,
                "load_y": 0.0,
                "temperature_delta": 110.0,
                "x": 0.08,
                "y": 0.04
              },
              {
                "fix_x": false,
                "fix_y": false,
                "id": "free_left_top",
                "load_x": 0.0,
                "load_y": 0.0,
                "temperature_delta": 110.0,
                "x": 0.0,
                "y": 0.04
              }
            ]
          },
          "max_displacement": 0.00013934592735871952,
          "max_strain_energy_density": 60840.89666021714,
          "max_stress": 59679524.46492329,
          "max_temperature_delta": 110.0,
          "nodes": [
            {
              "displacement_magnitude": 0.0,
              "id": "fixed_left_bottom",
              "index": 0,
              "temperature_delta": 70.0,
              "ux": 0.0,
              "uy": 0.0,
              "x": 0.0,
              "y": 0.0
            },
            {
              "displacement_magnitude": 0.0,
              "id": "fixed_right_bottom",
              "index": 1,
              "temperature_delta": 70.0,
              "ux": 0.0,
              "uy": 0.0,
              "x": 0.08,
              "y": 0.0
            },
            {
              "displacement_magnitude": 0.00013934592735871952,
              "id": "free_right_top",
              "index": 2,
              "temperature_delta": 110.0,
              "ux": 0.00010062592224682342,
              "uy": 0.00009639352282927412,
              "x": 0.08,
              "y": 0.04
            },
            {
              "displacement_magnitude": 0.00013934592735871952,
              "id": "free_left_top",
              "index": 3,
              "temperature_delta": 110.0,
              "ux": -0.0001006259222468234,
              "uy": 0.00009639352282927412,
              "x": 0.0,
              "y": 0.04
            }
          ],
          "total_strain_energy": 0.3893817386253896
        },
        "status": "completed"
      },
      "requires_confirmation": false
    },
    {
      "index": 4,
      "action": "solve_thermal_plane_quad_2d",
      "risk": "normal",
      "status": "executed",
      "payload": {
        "model": {
          "elements": [
            {
              "id": "thermo_titanium_grade_5",
              "node_i": 0,
              "node_j": 1,
              "node_k": 2,
              "node_l": 3,
              "poisson_ratio": 0.342,
              "thermal_expansion": 8.6e-6,
              "thickness": 0.002,
              "youngs_modulus": 113800000000.0
            }
          ],
          "nodes": [
            {
              "fix_x": true,
              "fix_y": true,
              "id": "fixed_left_bottom",
              "load_x": 0.0,
              "load_y": 0.0,
              "temperature_delta": 70.0,
              "x": 0.0,
              "y": 0.0
            },
            {
              "fix_x": true,
              "fix_y": true,
              "id": "fixed_right_bottom",
              "load_x": 0.0,
              "load_y": 0.0,
              "temperature_delta": 70.0,
              "x": 0.08,
              "y": 0.0
            },
            {
              "fix_x": false,
              "fix_y": false,
              "id": "free_right_top",
              "load_x": 0.0,
              "load_y": 0.0,
              "temperature_delta": 110.0,
              "x": 0.08,
              "y": 0.04
            },
            {
              "fix_x": false,
              "fix_y": false,
              "id": "free_left_top",
              "load_x": 0.0,
              "load_y": 0.0,
              "temperature_delta": 110.0,
              "x": 0.0,
              "y": 0.04
            }
          ]
        },
        "research": {
          "candidate_id": "titanium_grade_5",
          "candidate_label": "Titanium Grade 5",
          "density_kg_m3": 4430.0,
          "family": "metal",
          "note": "lower thermal expansion with moderate mass penalty",
          "objective": "minimize constrained thermal stress, displacement, and areal mass",
          "study": "material.thermo_shield_screening.v1",
          "thermal_expansion_1_k": 8.6e-6,
          "youngs_modulus_pa": 113800000000.0
        }
      },
      "result_preview": {
        "job": {
          "created_at": "2026-08-13T10:49:58.298522Z",
          "execution_started_at": null,
          "execution_timeout_ms": 120000,
          "has_result": false,
          "iteration": null,
          "job_id": "03769c61a5c4cf21",
          "message": null,
          "model_version_id": null,
          "progress": 0.0,
          "project_id": "c1ecc6fce78a7807",
          "queue_timeout_ms": 1800000,
          "residual": null,
          "simulation_case_id": "1790a9576a094d7a",
          "status": "queued",
          "status_detail": {
            "active": true,
            "failure_class": null,
            "lifecycle": "active",
            "recoverable": false,
            "terminal": false,
            "timing": {
              "effective_deadline": "2026-08-13T11:19:58.298522Z",
              "effective_timeout_ms": 1800000,
              "execution_elapsed_ms": null,
              "execution_started_at": null,
              "execution_timeout_ms": 120000,
              "job_submission_deadline": "2026-08-13T11:19:58.298522Z",
              "phase": "queue",
              "queue_timeout_ms": 1800000,
              "queue_wait_ms": 0,
              "total_elapsed_ms": 0
            }
          },
          "updated_at": "2026-08-13T10:49:58.298522Z",
          "worker_id": null
        },
        "job_id": "03769c61a5c4cf21",
        "progress": 0.0,
        "raw": {
          "job": {
            "created_at": "2026-08-13T10:49:58.298522Z",
            "execution_started_at": null,
            "execution_timeout_ms": 120000,
            "has_result": false,
            "iteration": null,
            "job_id": "03769c61a5c4cf21",
            "message": null,
            "model_version_id": null,
            "progress": 0.0,
            "project_id": "c1ecc6fce78a7807",
            "queue_timeout_ms": 1800000,
            "residual": null,
            "simulation_case_id": "1790a9576a094d7a",
            "status": "queued",
            "status_detail": {
              "active": true,
              "failure_class": null,
              "lifecycle": "active",
              "recoverable": false,
              "terminal": false,
              "timing": {
                "effective_deadline": "2026-08-13T11:19:58.298522Z",
                "effective_timeout_ms": 1800000,
                "execution_elapsed_ms": null,
                "execution_started_at": null,
                "execution_timeout_ms": 120000,
                "job_submission_deadline": "2026-08-13T11:19:58.298522Z",
                "phase": "queue",
                "queue_timeout_ms": 1800000,
                "queue_wait_ms": 0,
                "total_elapsed_ms": 0
              }
            },
            "updated_at": "2026-08-13T10:49:58.298522Z",
            "worker_id": null
          }
        },
        "status": "queued"
      },
      "requires_confirmation": false
    },
    {
      "index": 5,
      "action": "job_wait",
      "risk": "normal",
      "status": "executed",
      "payload": {
        "interval_ms": 1000,
        "job_id": "03769c61a5c4cf21",
        "max_total_timeout_ms": 3600000,
        "resume_policy": "server_deadline",
        "timeout_ms": 60000
      },
      "result_preview": {
        "job": {
          "created_at": "2026-08-13T10:49:58.298522Z",
          "execution_started_at": "2026-08-13T10:49:58.305228Z",
          "execution_timeout_ms": 120000,
          "iteration": 4,
          "job_id": "03769c61a5c4cf21",
          "message": "collecting nodal and elemental responses",
          "model_version_id": null,
          "progress": 1.0,
          "project_id": "c1ecc6fce78a7807",
          "queue_timeout_ms": 1800000,
          "residual": 0.2,
          "simulation_case_id": "1790a9576a094d7a",
          "status": "completed",
          "status_detail": {
            "active": false,
            "failure_class": null,
            "lifecycle": "terminal",
            "recoverable": false,
            "terminal": true,
            "timing": {
              "effective_deadline": "2026-08-13T10:51:58.305228Z",
              "effective_timeout_ms": 120000,
              "execution_elapsed_ms": 1042,
              "execution_started_at": "2026-08-13T10:49:58.305228Z",
              "execution_timeout_ms": 120000,
              "job_submission_deadline": "2026-08-13T11:19:58.298522Z",
              "phase": "execution",
              "queue_timeout_ms": 1800000,
              "queue_wait_ms": 6,
              "total_elapsed_ms": 1048
            }
          },
          "updated_at": "2026-08-13T10:49:59.347229Z",
          "worker_id": "rust-agent-rpc@127.0.0.1:5001"
        },
        "job_id": "03769c61a5c4cf21",
        "progress": 1.0,
        "raw": {
          "job": {
            "created_at": "2026-08-13T10:49:58.298522Z",
            "execution_started_at": "2026-08-13T10:49:58.305228Z",
            "execution_timeout_ms": 120000,
            "iteration": 4,
            "job_id": "03769c61a5c4cf21",
            "message": "collecting nodal and elemental responses",
            "model_version_id": null,
            "progress": 1.0,
            "project_id": "c1ecc6fce78a7807",
            "queue_timeout_ms": 1800000,
            "residual": 0.2,
            "simulation_case_id": "1790a9576a094d7a",
            "status": "completed",
            "status_detail": {
              "active": false,
              "failure_class": null,
              "lifecycle": "terminal",
              "recoverable": false,
              "terminal": true,
              "timing": {
                "effective_deadline": "2026-08-13T10:51:58.305228Z",
                "effective_timeout_ms": 120000,
                "execution_elapsed_ms": 1042,
                "execution_started_at": "2026-08-13T10:49:58.305228Z",
                "execution_timeout_ms": 120000,
                "job_submission_deadline": "2026-08-13T11:19:58.298522Z",
                "phase": "execution",
                "queue_timeout_ms": 1800000,
                "queue_wait_ms": 6,
                "total_elapsed_ms": 1048
              }
            },
            "updated_at": "2026-08-13T10:49:59.347229Z",
            "worker_id": "rust-agent-rpc@127.0.0.1:5001"
          }
        },
        "result": null,
        "status": "completed",
        "wait": {
          "elapsed_ms": 2060,
          "policy": "server_deadline",
          "poll_attempts": 3,
          "resume_count": 0
        }
      },
      "requires_confirmation": false
    },
    {
      "index": 6,
      "action": "result_fetch",
      "risk": "normal",
      "status": "executed",
      "payload": {
        "job_id": "03769c61a5c4cf21"
      },
      "result_preview": {
        "job": {
          "created_at": "2026-08-13T10:49:58.298522Z",
          "execution_started_at": "2026-08-13T10:49:58.305228Z",
          "execution_timeout_ms": 120000,
          "has_result": true,
          "iteration": 4,
          "job_id": "03769c61a5c4cf21",
          "message": "collecting nodal and elemental responses",
          "model_version_id": null,
          "progress": 1.0,
          "project_id": "c1ecc6fce78a7807",
          "queue_timeout_ms": 1800000,
          "residual": 0.2,
          "simulation_case_id": "1790a9576a094d7a",
          "status": "completed",
          "status_detail": {
            "active": false,
            "failure_class": null,
            "lifecycle": "terminal",
            "recoverable": false,
            "terminal": true,
            "timing": {
              "effective_deadline": "2026-08-13T10:51:58.305228Z",
              "effective_timeout_ms": 120000,
              "execution_elapsed_ms": 1042,
              "execution_started_at": "2026-08-13T10:49:58.305228Z",
              "execution_timeout_ms": 120000,
              "job_submission_deadline": "2026-08-13T11:19:58.298522Z",
              "phase": "execution",
              "queue_timeout_ms": 1800000,
              "queue_wait_ms": 6,
              "total_elapsed_ms": 1048
            }
          },
          "updated_at": "2026-08-13T10:49:59.347229Z",
          "worker_id": "rust-agent-rpc@127.0.0.1:5001"
        },
        "job_id": "03769c61a5c4cf21",
        "result": {
          "elements": [
            {
              "area": 0.003199999999999999,
              "average_temperature_delta": 89.99999999999999,
              "gamma_xy": 0.0,
              "id": "thermo_titanium_grade_5",
              "index": 0,
              "max_in_plane_shear": 17897726.29316422,
              "mechanical_strain_x": -0.0003145470350292481,
              "mechanical_strain_y": 0.00010757508598000286,
              "node_i": 0,
              "node_j": 1,
              "node_k": 2,
              "node_l": 3,
              "principal_stress_1": 0.0,
              "principal_stress_2": -35795452.58632844,
              "strain_energy_density": 13280.441428732938,
              "stress_x": -35795452.58632844,
              "stress_y": 1.705302565824241e-9,
              "tau_xy": 0.0,
              "thermal_strain": 0.000774,
              "total_strain_x": 0.00045945296497075186,
              "total_strain_y": 0.000881575085980003,
              "von_mises": 35795452.58632844
            }
          ],
          "input": {
            "elements": [
              {
                "id": "thermo_titanium_grade_5",
                "node_i": 0,
                "node_j": 1,
                "node_k": 2,
                "node_l": 3,
                "poisson_ratio": 0.342,
                "thermal_expansion": 8.6e-6,
                "thickness": 0.002,
                "youngs_modulus": 113800000000.0
              }
            ],
            "nodes": [
              {
                "fix_x": true,
                "fix_y": true,
                "id": "fixed_left_bottom",
                "load_x": 0.0,
                "load_y": 0.0,
                "temperature_delta": 70.0,
                "x": 0.0,
                "y": 0.0
              },
              {
                "fix_x": true,
                "fix_y": true,
                "id": "fixed_right_bottom",
                "load_x": 0.0,
                "load_y": 0.0,
                "temperature_delta": 70.0,
                "x": 0.08,
                "y": 0.0
              },
              {
                "fix_x": false,
                "fix_y": false,
                "id": "free_right_top",
                "load_x": 0.0,
                "load_y": 0.0,
                "temperature_delta": 110.0,
                "x": 0.08,
                "y": 0.04
              },
              {
                "fix_x": false,
                "fix_y": false,
                "id": "free_left_top",
                "load_x": 0.0,
                "load_y": 0.0,
                "temperature_delta": 110.0,
                "x": 0.0,
                "y": 0.04
              }
            ]
          },
          "max_displacement": 0.000050936238421026874,
          "max_strain_energy_density": 13280.441428732938,
          "max_stress": 35795452.58632844,
          "max_temperature_delta": 110.0,
          "nodes": [
            {
              "displacement_magnitude": 0.0,
              "id": "fixed_left_bottom",
              "index": 0,
              "temperature_delta": 70.0,
              "ux": 0.0,
              "uy": 0.0,
              "x": 0.0,
              "y": 0.0
            },
            {
              "displacement_magnitude": 0.0,
              "id": "fixed_right_bottom",
              "index": 1,
              "temperature_delta": 70.0,
              "ux": 0.0,
              "uy": 0.0,
              "x": 0.08,
              "y": 0.0
            },
            {
              "displacement_magnitude": 0.000050936238421026874,
              "id": "free_right_top",
              "index": 2,
              "temperature_delta": 110.0,
              "ux": 0.00003675623719766015,
              "uy": 0.0000352630034392001,
              "x": 0.08,
              "y": 0.04
            },
            {
              "displacement_magnitude": 0.000050936238421026874,
              "id": "free_left_top",
              "index": 3,
              "temperature_delta": 110.0,
              "ux": -0.00003675623719766014,
              "uy": 0.00003526300343920012,
              "x": 0.0,
              "y": 0.04
            }
          ],
          "total_strain_energy": 0.08499482514389078
        },
        "status": "completed"
      },
      "requires_confirmation": false
    },
    {
      "index": 7,
      "action": "solve_thermal_plane_quad_2d",
      "risk": "normal",
      "status": "executed",
      "payload": {
        "model": {
          "elements": [
            {
              "id": "thermo_invar_36",
              "node_i": 0,
              "node_j": 1,
              "node_k": 2,
              "node_l": 3,
              "poisson_ratio": 0.29,
              "thermal_expansion": 1.2e-6,
              "thickness": 0.002,
              "youngs_modulus": 141000000000.0
            }
          ],
          "nodes": [
            {
              "fix_x": true,
              "fix_y": true,
              "id": "fixed_left_bottom",
              "load_x": 0.0,
              "load_y": 0.0,
              "temperature_delta": 70.0,
              "x": 0.0,
              "y": 0.0
            },
            {
              "fix_x": true,
              "fix_y": true,
              "id": "fixed_right_bottom",
              "load_x": 0.0,
              "load_y": 0.0,
              "temperature_delta": 70.0,
              "x": 0.08,
              "y": 0.0
            },
            {
              "fix_x": false,
              "fix_y": false,
              "id": "free_right_top",
              "load_x": 0.0,
              "load_y": 0.0,
              "temperature_delta": 110.0,
              "x": 0.08,
              "y": 0.04
            },
            {
              "fix_x": false,
              "fix_y": false,
              "id": "free_left_top",
              "load_x": 0.0,
              "load_y": 0.0,
              "temperature_delta": 110.0,
              "x": 0.0,
              "y": 0.04
            }
          ]
        },
        "research": {
          "candidate_id": "invar_36",
          "candidate_label": "Invar 36",
          "density_kg_m3": 8050.0,
          "family": "alloy",
          "note": "very low expansion but heavy",
          "objective": "minimize constrained thermal stress, displacement, and areal mass",
          "study": "material.thermo_shield_screening.v1",
          "thermal_expansion_1_k": 1.2e-6,
          "youngs_modulus_pa": 141000000000.0
        }
      },
      "result_preview": {
        "job": {
          "created_at": "2026-08-13T10:50:00.392080Z",
          "execution_started_at": null,
          "execution_timeout_ms": 120000,
          "has_result": false,
          "iteration": null,
          "job_id": "324ec5b0d9405964",
          "message": null,
          "model_version_id": null,
          "progress": 0.0,
          "project_id": "8b2483dc2ba1f851",
          "queue_timeout_ms": 1800000,
          "residual": null,
          "simulation_case_id": "b37785714723c584",
          "status": "queued",
          "status_detail": {
            "active": true,
            "failure_class": null,
            "lifecycle": "active",
            "recoverable": false,
            "terminal": false,
            "timing": {
              "effective_deadline": "2026-08-13T11:20:00.392080Z",
              "effective_timeout_ms": 1800000,
              "execution_elapsed_ms": null,
              "execution_started_at": null,
              "execution_timeout_ms": 120000,
              "job_submission_deadline": "2026-08-13T11:20:00.392080Z",
              "phase": "queue",
              "queue_timeout_ms": 1800000,
              "queue_wait_ms": 0,
              "total_elapsed_ms": 0
            }
          },
          "updated_at": "2026-08-13T10:50:00.392080Z",
          "worker_id": null
        },
        "job_id": "324ec5b0d9405964",
        "progress": 0.0,
        "raw": {
          "job": {
            "created_at": "2026-08-13T10:50:00.392080Z",
            "execution_started_at": null,
            "execution_timeout_ms": 120000,
            "has_result": false,
            "iteration": null,
            "job_id": "324ec5b0d9405964",
            "message": null,
            "model_version_id": null,
            "progress": 0.0,
            "project_id": "8b2483dc2ba1f851",
            "queue_timeout_ms": 1800000,
            "residual": null,
            "simulation_case_id": "b37785714723c584",
            "status": "queued",
            "status_detail": {
              "active": true,
              "failure_class": null,
              "lifecycle": "active",
              "recoverable": false,
              "terminal": false,
              "timing": {
                "effective_deadline": "2026-08-13T11:20:00.392080Z",
                "effective_timeout_ms": 1800000,
                "execution_elapsed_ms": null,
                "execution_started_at": null,
                "execution_timeout_ms": 120000,
                "job_submission_deadline": "2026-08-13T11:20:00.392080Z",
                "phase": "queue",
                "queue_timeout_ms": 1800000,
                "queue_wait_ms": 0,
                "total_elapsed_ms": 0
              }
            },
            "updated_at": "2026-08-13T10:50:00.392080Z",
            "worker_id": null
          }
        },
        "status": "queued"
      },
      "requires_confirmation": false
    },
    {
      "index": 8,
      "action": "job_wait",
      "risk": "normal",
      "status": "executed",
      "payload": {
        "interval_ms": 1000,
        "job_id": "324ec5b0d9405964",
        "max_total_timeout_ms": 3600000,
        "resume_policy": "server_deadline",
        "timeout_ms": 60000
      },
      "result_preview": {
        "job": {
          "created_at": "2026-08-13T10:50:00.392080Z",
          "execution_started_at": "2026-08-13T10:50:00.396402Z",
          "execution_timeout_ms": 120000,
          "iteration": 4,
          "job_id": "324ec5b0d9405964",
          "message": "collecting nodal and elemental responses",
          "model_version_id": null,
          "progress": 1.0,
          "project_id": "8b2483dc2ba1f851",
          "queue_timeout_ms": 1800000,
          "residual": 0.2,
          "simulation_case_id": "b37785714723c584",
          "status": "completed",
          "status_detail": {
            "active": false,
            "failure_class": null,
            "lifecycle": "terminal",
            "recoverable": false,
            "terminal": true,
            "timing": {
              "effective_deadline": "2026-08-13T10:52:00.396402Z",
              "effective_timeout_ms": 120000,
              "execution_elapsed_ms": 1014,
              "execution_started_at": "2026-08-13T10:50:00.396402Z",
              "execution_timeout_ms": 120000,
              "job_submission_deadline": "2026-08-13T11:20:00.392080Z",
              "phase": "execution",
              "queue_timeout_ms": 1800000,
              "queue_wait_ms": 4,
              "total_elapsed_ms": 1018
            }
          },
          "updated_at": "2026-08-13T10:50:01.410536Z",
          "worker_id": "rust-agent-rpc@127.0.0.1:5002"
        },
        "job_id": "324ec5b0d9405964",
        "progress": 1.0,
        "raw": {
          "job": {
            "created_at": "2026-08-13T10:50:00.392080Z",
            "execution_started_at": "2026-08-13T10:50:00.396402Z",
            "execution_timeout_ms": 120000,
            "iteration": 4,
            "job_id": "324ec5b0d9405964",
            "message": "collecting nodal and elemental responses",
            "model_version_id": null,
            "progress": 1.0,
            "project_id": "8b2483dc2ba1f851",
            "queue_timeout_ms": 1800000,
            "residual": 0.2,
            "simulation_case_id": "b37785714723c584",
            "status": "completed",
            "status_detail": {
              "active": false,
              "failure_class": null,
              "lifecycle": "terminal",
              "recoverable": false,
              "terminal": true,
              "timing": {
                "effective_deadline": "2026-08-13T10:52:00.396402Z",
                "effective_timeout_ms": 120000,
                "execution_elapsed_ms": 1014,
                "execution_started_at": "2026-08-13T10:50:00.396402Z",
                "execution_timeout_ms": 120000,
                "job_submission_deadline": "2026-08-13T11:20:00.392080Z",
                "phase": "execution",
                "queue_timeout_ms": 1800000,
                "queue_wait_ms": 4,
                "total_elapsed_ms": 1018
              }
            },
            "updated_at": "2026-08-13T10:50:01.410536Z",
            "worker_id": "rust-agent-rpc@127.0.0.1:5002"
          }
        },
        "result": null,
        "status": "completed",
        "wait": {
          "elapsed_ms": 1019,
          "policy": "server_deadline",
          "poll_attempts": 2,
          "resume_count": 0
        }
      },
      "requires_confirmation": false
    },
    {
      "index": 9,
      "action": "result_fetch",
      "risk": "normal",
      "status": "executed",
      "payload": {
        "job_id": "324ec5b0d9405964"
      },
      "result_preview": {
        "job": {
          "created_at": "2026-08-13T10:50:00.392080Z",
          "execution_started_at": "2026-08-13T10:50:00.396402Z",
          "execution_timeout_ms": 120000,
          "has_result": true,
          "iteration": 4,
          "job_id": "324ec5b0d9405964",
          "message": "collecting nodal and elemental responses",
          "model_version_id": null,
          "progress": 1.0,
          "project_id": "8b2483dc2ba1f851",
          "queue_timeout_ms": 1800000,
          "residual": 0.2,
          "simulation_case_id": "b37785714723c584",
          "status": "completed",
          "status_detail": {
            "active": false,
            "failure_class": null,
            "lifecycle": "terminal",
            "recoverable": false,
            "terminal": true,
            "timing": {
              "effective_deadline": "2026-08-13T10:52:00.396402Z",
              "effective_timeout_ms": 120000,
              "execution_elapsed_ms": 1014,
              "execution_started_at": "2026-08-13T10:50:00.396402Z",
              "execution_timeout_ms": 120000,
              "job_submission_deadline": "2026-08-13T11:20:00.392080Z",
              "phase": "execution",
              "queue_timeout_ms": 1800000,
              "queue_wait_ms": 4,
              "total_elapsed_ms": 1018
            }
          },
          "updated_at": "2026-08-13T10:50:01.410536Z",
          "worker_id": "rust-agent-rpc@127.0.0.1:5002"
        },
        "job_id": "324ec5b0d9405964",
        "result": {
          "elements": [
            {
              "area": 0.003199999999999999,
              "average_temperature_delta": 89.99999999999999,
              "gamma_xy": 1.447566071967799e-20,
              "id": "thermo_invar_36",
              "index": 0,
              "max_in_plane_shear": 3143216.517986726,
              "mechanical_strain_x": -0.00004458463146080461,
              "mechanical_strain_y": 0.000012929543123633354,
              "node_i": 0,
              "node_j": 1,
              "node_k": 2,
              "node_l": 3,
              "principal_stress_1": 2.7939677238464355e-9,
              "principal_stress_2": -6286433.035973449,
              "strain_energy_density": 327.22193625790965,
              "stress_x": -6286433.035973449,
              "stress_y": 2.7000623958883815e-9,
              "tau_xy": 8.526512829121204e-10,
              "thermal_strain": 0.00010799999999999998,
              "total_strain_x": 0.00006341536853919537,
              "total_strain_y": 0.00012092954312363331,
              "von_mises": 6286433.03597345
            }
          ],
          "input": {
            "elements": [
              {
                "id": "thermo_invar_36",
                "node_i": 0,
                "node_j": 1,
                "node_k": 2,
                "node_l": 3,
                "poisson_ratio": 0.29,
                "thermal_expansion": 1.2e-6,
                "thickness": 0.002,
                "youngs_modulus": 141000000000.0
              }
            ],
            "nodes": [
              {
                "fix_x": true,
                "fix_y": true,
                "id": "fixed_left_bottom",
                "load_x": 0.0,
                "load_y": 0.0,
                "temperature_delta": 70.0,
                "x": 0.0,
                "y": 0.0
              },
              {
                "fix_x": true,
                "fix_y": true,
                "id": "fixed_right_bottom",
                "load_x": 0.0,
                "load_y": 0.0,
                "temperature_delta": 70.0,
                "x": 0.08,
                "y": 0.0
              },
              {
                "fix_x": false,
                "fix_y": false,
                "id": "free_right_top",
                "load_x": 0.0,
                "load_y": 0.0,
                "temperature_delta": 110.0,
                "x": 0.08,
                "y": 0.04
              },
              {
                "fix_x": false,
                "fix_y": false,
                "id": "free_left_top",
                "load_x": 0.0,
                "load_y": 0.0,
                "temperature_delta": 110.0,
                "x": 0.0,
                "y": 0.04
              }
            ]
          },
          "max_displacement": 7.009706443832132e-6,
          "max_strain_energy_density": 327.22193625790965,
          "max_stress": 6286433.03597345,
          "max_temperature_delta": 110.0,
          "nodes": [
            {
              "displacement_magnitude": 0.0,
              "id": "fixed_left_bottom",
              "index": 0,
              "temperature_delta": 70.0,
              "ux": 0.0,
              "uy": 0.0,
              "x": 0.0,
              "y": 0.0
            },
            {
              "displacement_magnitude": 0.0,
              "id": "fixed_right_bottom",
              "index": 1,
              "temperature_delta": 70.0,
              "ux": 0.0,
              "uy": 0.0,
              "x": 0.08,
              "y": 0.0
            },
            {
              "displacement_magnitude": 7.009706443832131e-6,
              "id": "free_right_top",
              "index": 2,
              "temperature_delta": 110.0,
              "ux": 5.07322948313563e-6,
              "uy": 4.837181724945331e-6,
              "x": 0.08,
              "y": 0.04
            },
            {
              "displacement_magnitude": 7.009706443832132e-6,
              "id": "free_left_top",
              "index": 3,
              "temperature_delta": 110.0,
              "ux": -5.073229483135627e-6,
              "uy": 4.837181724945335e-6,
              "x": 0.0,
              "y": 0.04
            }
          ],
          "total_strain_energy": 0.002094220392050621
        },
        "status": "completed"
      },
      "requires_confirmation": false
    }
  ]
}
