{
  "schema_version": "kyuubiki.headless-execution-run/v1",
  "workflow_id": "template.material_heat_spreader_screening",
  "mode": "execute:mock",
  "status": "ok",
  "executed_step_count": 9,
  "warning_count": 0,
  "blocked_by_confirmation": null,
  "validation": {
    "ok": true,
    "issue_count": 0,
    "issues": [],
    "warning_count": 0,
    "warnings": [],
    "summary": {
      "schema_version": "kyuubiki.headless-execution-batch/v1",
      "workflow_id": "template.material_heat_spreader_screening",
      "template_id": "material_heat_spreader_screening",
      "exported_at": "1970-01-01T00:00:00.000Z",
      "language": "en",
      "step_count": 9,
      "warning_count": 0,
      "actions": [
        "solve_heat_plane_quad_2d",
        "job_wait",
        "result_fetch",
        "solve_heat_plane_quad_2d",
        "job_wait",
        "result_fetch",
        "solve_heat_plane_quad_2d",
        "job_wait",
        "result_fetch"
      ]
    },
    "policy": {
      "required_engines": [
        "service"
      ],
      "engine_counts": {
        "browser": 0,
        "service": 9
      },
      "risk_counts": {
        "sensitive": 0,
        "destructive": 0,
        "normal": 9
      },
      "recommended_runtime": "service_only",
      "needs_desktop_browser": false,
      "safe_for_service_only": true,
      "notes": []
    }
  },
  "execution_summary": {
    "schema_version": "kyuubiki.headless-execution-summary/v1",
    "job_count": 3,
    "job_ids": [
      "{{steps.1.result.job_id}}",
      "{{steps.4.result.job_id}}",
      "{{steps.7.result.job_id}}"
    ],
    "jobs": [
      {
        "job_id": "{{steps.1.result.job_id}}",
        "status": null,
        "worker_id": null,
        "phase": null,
        "created_at": null,
        "execution_started_at": null,
        "updated_at": null,
        "queue_wait_ms": null,
        "execution_elapsed_ms": null,
        "total_elapsed_ms": null,
        "effective_timeout_ms": null,
        "effective_deadline": null
      },
      {
        "job_id": "{{steps.4.result.job_id}}",
        "status": null,
        "worker_id": null,
        "phase": null,
        "created_at": null,
        "execution_started_at": null,
        "updated_at": null,
        "queue_wait_ms": null,
        "execution_elapsed_ms": null,
        "total_elapsed_ms": null,
        "effective_timeout_ms": null,
        "effective_deadline": null
      },
      {
        "job_id": "{{steps.7.result.job_id}}",
        "status": null,
        "worker_id": null,
        "phase": null,
        "created_at": null,
        "execution_started_at": null,
        "updated_at": null,
        "queue_wait_ms": null,
        "execution_elapsed_ms": null,
        "total_elapsed_ms": null,
        "effective_timeout_ms": null,
        "effective_deadline": null
      }
    ],
    "failure": null
  },
  "steps": [
    {
      "index": 1,
      "action": "solve_heat_plane_quad_2d",
      "risk": "normal",
      "status": "executed",
      "payload": {
        "model": {
          "elements": [
            {
              "conductivity": 167.0,
              "id": "spread_aluminum_6061",
              "node_i": 0,
              "node_j": 1,
              "node_k": 2,
              "node_l": 3,
              "thickness": 0.0015
            }
          ],
          "nodes": [
            {
              "fix_temperature": true,
              "heat_load": 0.0,
              "id": "hot_left_bottom",
              "temperature": 95.0,
              "x": 0.0,
              "y": 0.0
            },
            {
              "fix_temperature": false,
              "heat_load": 5.0,
              "id": "mid_bottom",
              "temperature": 0.0,
              "x": 0.05,
              "y": 0.0
            },
            {
              "fix_temperature": true,
              "heat_load": 0.0,
              "id": "cold_right_top",
              "temperature": 35.0,
              "x": 0.05,
              "y": 0.03
            },
            {
              "fix_temperature": true,
              "heat_load": 0.0,
              "id": "cold_left_top",
              "temperature": 35.0,
              "x": 0.0,
              "y": 0.03
            }
          ]
        },
        "research": {
          "candidate_id": "aluminum_6061",
          "candidate_label": "Aluminum 6061",
          "density_kg_m3": 2700.0,
          "family": "metal",
          "material_card_id": "kyuubiki.material_card.aluminum_6061.v1",
          "note": "balanced lightweight baseline",
          "objective": "minimize peak temperature and mass pressure for a thin heat spreader patch",
          "parameter_scope": "room-temperature scalar conductivity and density screening values",
          "study": "material.heat_spreader_screening.v1",
          "thermal_conductivity_w_mk": 167.0,
          "unit_system": "SI"
        }
      },
      "result_preview": {
        "action": "solve_heat_plane_quad_2d",
        "step_index": 1
      },
      "requires_confirmation": false
    },
    {
      "index": 2,
      "action": "job_wait",
      "risk": "normal",
      "status": "executed",
      "payload": {
        "interval_ms": 1000,
        "job_id": "{{steps.1.result.job_id}}",
        "max_total_timeout_ms": 3600000,
        "resume_policy": "server_deadline",
        "timeout_ms": 60000
      },
      "result_preview": {
        "action": "job_wait",
        "job_id": "{{steps.1.result.job_id}}",
        "progress": 1.0,
        "status": "completed",
        "step_index": 2
      },
      "requires_confirmation": false
    },
    {
      "index": 3,
      "action": "result_fetch",
      "risk": "normal",
      "status": "executed",
      "payload": {
        "job_id": "{{steps.1.result.job_id}}"
      },
      "result_preview": {
        "action": "result_fetch",
        "job_id": "{{steps.1.result.job_id}}",
        "result": {
          "kind": "simulated_result"
        },
        "step_index": 3
      },
      "requires_confirmation": false
    },
    {
      "index": 4,
      "action": "solve_heat_plane_quad_2d",
      "risk": "normal",
      "status": "executed",
      "payload": {
        "model": {
          "elements": [
            {
              "conductivity": 385.0,
              "id": "spread_copper_c110",
              "node_i": 0,
              "node_j": 1,
              "node_k": 2,
              "node_l": 3,
              "thickness": 0.0015
            }
          ],
          "nodes": [
            {
              "fix_temperature": true,
              "heat_load": 0.0,
              "id": "hot_left_bottom",
              "temperature": 95.0,
              "x": 0.0,
              "y": 0.0
            },
            {
              "fix_temperature": false,
              "heat_load": 5.0,
              "id": "mid_bottom",
              "temperature": 0.0,
              "x": 0.05,
              "y": 0.0
            },
            {
              "fix_temperature": true,
              "heat_load": 0.0,
              "id": "cold_right_top",
              "temperature": 35.0,
              "x": 0.05,
              "y": 0.03
            },
            {
              "fix_temperature": true,
              "heat_load": 0.0,
              "id": "cold_left_top",
              "temperature": 35.0,
              "x": 0.0,
              "y": 0.03
            }
          ]
        },
        "research": {
          "candidate_id": "copper_c110",
          "candidate_label": "Copper C110",
          "density_kg_m3": 8960.0,
          "family": "metal",
          "material_card_id": "kyuubiki.material_card.copper_c110.v1",
          "note": "high-conductivity heavy baseline",
          "objective": "minimize peak temperature and mass pressure for a thin heat spreader patch",
          "parameter_scope": "room-temperature scalar conductivity and density screening values",
          "study": "material.heat_spreader_screening.v1",
          "thermal_conductivity_w_mk": 385.0,
          "unit_system": "SI"
        }
      },
      "result_preview": {
        "action": "solve_heat_plane_quad_2d",
        "step_index": 4
      },
      "requires_confirmation": false
    },
    {
      "index": 5,
      "action": "job_wait",
      "risk": "normal",
      "status": "executed",
      "payload": {
        "interval_ms": 1000,
        "job_id": "{{steps.4.result.job_id}}",
        "max_total_timeout_ms": 3600000,
        "resume_policy": "server_deadline",
        "timeout_ms": 60000
      },
      "result_preview": {
        "action": "job_wait",
        "job_id": "{{steps.4.result.job_id}}",
        "progress": 1.0,
        "status": "completed",
        "step_index": 5
      },
      "requires_confirmation": false
    },
    {
      "index": 6,
      "action": "result_fetch",
      "risk": "normal",
      "status": "executed",
      "payload": {
        "job_id": "{{steps.4.result.job_id}}"
      },
      "result_preview": {
        "action": "result_fetch",
        "job_id": "{{steps.4.result.job_id}}",
        "result": {
          "kind": "simulated_result"
        },
        "step_index": 6
      },
      "requires_confirmation": false
    },
    {
      "index": 7,
      "action": "solve_heat_plane_quad_2d",
      "risk": "normal",
      "status": "executed",
      "payload": {
        "model": {
          "elements": [
            {
              "conductivity": 1500.0,
              "id": "spread_pyrolytic_graphite_in_plane",
              "node_i": 0,
              "node_j": 1,
              "node_k": 2,
              "node_l": 3,
              "thickness": 0.0015
            }
          ],
          "nodes": [
            {
              "fix_temperature": true,
              "heat_load": 0.0,
              "id": "hot_left_bottom",
              "temperature": 95.0,
              "x": 0.0,
              "y": 0.0
            },
            {
              "fix_temperature": false,
              "heat_load": 5.0,
              "id": "mid_bottom",
              "temperature": 0.0,
              "x": 0.05,
              "y": 0.0
            },
            {
              "fix_temperature": true,
              "heat_load": 0.0,
              "id": "cold_right_top",
              "temperature": 35.0,
              "x": 0.05,
              "y": 0.03
            },
            {
              "fix_temperature": true,
              "heat_load": 0.0,
              "id": "cold_left_top",
              "temperature": 35.0,
              "x": 0.0,
              "y": 0.03
            }
          ]
        },
        "research": {
          "candidate_id": "pyrolytic_graphite_in_plane",
          "candidate_label": "Pyrolytic graphite, in-plane",
          "density_kg_m3": 2200.0,
          "family": "carbon",
          "material_card_id": "kyuubiki.material_card.pyrolytic_graphite_in_plane.v1",
          "note": "anisotropic high-spreading candidate",
          "objective": "minimize peak temperature and mass pressure for a thin heat spreader patch",
          "parameter_scope": "room-temperature scalar conductivity and density screening values",
          "study": "material.heat_spreader_screening.v1",
          "thermal_conductivity_w_mk": 1500.0,
          "unit_system": "SI"
        }
      },
      "result_preview": {
        "action": "solve_heat_plane_quad_2d",
        "step_index": 7
      },
      "requires_confirmation": false
    },
    {
      "index": 8,
      "action": "job_wait",
      "risk": "normal",
      "status": "executed",
      "payload": {
        "interval_ms": 1000,
        "job_id": "{{steps.7.result.job_id}}",
        "max_total_timeout_ms": 3600000,
        "resume_policy": "server_deadline",
        "timeout_ms": 60000
      },
      "result_preview": {
        "action": "job_wait",
        "job_id": "{{steps.7.result.job_id}}",
        "progress": 1.0,
        "status": "completed",
        "step_index": 8
      },
      "requires_confirmation": false
    },
    {
      "index": 9,
      "action": "result_fetch",
      "risk": "normal",
      "status": "executed",
      "payload": {
        "job_id": "{{steps.7.result.job_id}}"
      },
      "result_preview": {
        "action": "result_fetch",
        "job_id": "{{steps.7.result.job_id}}",
        "result": {
          "kind": "simulated_result"
        },
        "step_index": 9
      },
      "requires_confirmation": false
    }
  ]
}
